C:\Users\dengr6\Desktop\project\frdmk66f_freertos_hello\drivers/fsl_clock.h:725:20:CLOCK_EnableClock	24	static
C:\Users\dengr6\Desktop\project\frdmk66f_freertos_hello\drivers/fsl_port.h:374:20:PORT_SetPinMux	24	static
C:\Users\dengr6\Desktop\project\frdmk66f_freertos_hello\drivers/fsl_ftm.h:731:20:FTM_StartTimer	24	static
C:\Users\dengr6\Desktop\project\frdmk66f_freertos_hello\drivers/fsl_ftm.h:1027:20:FTM_SetSoftwareTrigger	16	static
../source/LED_Component.c:5:6:setupLEDComponent	16	static
../source/LED_Component.c:26:6:setupLEDPins	8	static
../source/LED_Component.c:40:6:setupLEDs	72	static
../source/LED_Component.c:72:6:ledTask	32	static
