C:\Users\dengr6\Desktop\project\frdmk66f_freertos_hello\CMSIS/core_cm4.h:1679:22:__NVIC_EnableIRQ	16	static
C:\Users\dengr6\Desktop\project\frdmk66f_freertos_hello\CMSIS/core_cm4.h:1809:22:__NVIC_SetPriority	16	static
C:\Users\dengr6\Desktop\project\frdmk66f_freertos_hello\drivers/fsl_clock.h:725:20:CLOCK_EnableClock	24	static
C:\Users\dengr6\Desktop\project\frdmk66f_freertos_hello\drivers/fsl_common_arm.h:499:24:EnableIRQ	24	static
C:\Users\dengr6\Desktop\project\frdmk66f_freertos_hello\drivers/fsl_port.h:374:20:PORT_SetPinMux	24	static
C:\Users\dengr6\Desktop\project\frdmk66f_freertos_hello\drivers/fsl_uart.h:667:23:UART_ReadByte	16	static
../source/Terminal_Component.c:6:6:timerCallbackFunction	40	static
../source/Terminal_Component.c:24:6:setupTerminalComponent	24	static
../source/Terminal_Component.c:60:6:setupTerminalPins	8	static
../source/Terminal_Component.c:71:6:sendMessage	16	static
../source/Terminal_Component.c:89:6:setupUART	24	static
../source/Terminal_Component.c:109:6:uartTask	40	static
../source/Terminal_Component.c:130:6:UART4_RX_TX_IRQHandler	16	static
../source/Terminal_Component.c:154:6:terminalControlTask	64	static
