Archive member included to satisfy reference by file (symbol)

c:/nxp/mcuxpressoide_11.6.1_8255/ide/plugins/com.nxp.mcuxpresso.tools.win32_11.6.1.202207200623/tools/bin/../lib/gcc/arm-none-eabi/10.3.1/../../../../arm-none-eabi/lib/thumb/v7e-m+fp/hard\libcr_semihost_nf.a(_cr__main.o)
                              ./startup/startup_mk66f18.o (__main)
c:/nxp/mcuxpressoide_11.6.1_8255/ide/plugins/com.nxp.mcuxpresso.tools.win32_11.6.1.202207200623/tools/bin/../lib/gcc/arm-none-eabi/10.3.1/../../../../arm-none-eabi/lib/thumb/v7e-m+fp/hard\libcr_c.a(memcpy.o)
                              ./source/hello_world.o (memcpy)
c:/nxp/mcuxpressoide_11.6.1_8255/ide/plugins/com.nxp.mcuxpresso.tools.win32_11.6.1.202207200623/tools/bin/../lib/gcc/arm-none-eabi/10.3.1/../../../../arm-none-eabi/lib/thumb/v7e-m+fp/hard\libcr_c.a(memset.o)
                              ./drivers/fsl_dspi.o (memset)
c:/nxp/mcuxpressoide_11.6.1_8255/ide/plugins/com.nxp.mcuxpresso.tools.win32_11.6.1.202207200623/tools/bin/../lib/gcc/arm-none-eabi/10.3.1/../../../../arm-none-eabi/lib/thumb/v7e-m+fp/hard\libcr_c.a(alloc.o)
                              ./source/hello_world.o (malloc)
c:/nxp/mcuxpressoide_11.6.1_8255/ide/plugins/com.nxp.mcuxpresso.tools.win32_11.6.1.202207200623/tools/bin/../lib/gcc/arm-none-eabi/10.3.1/../../../../arm-none-eabi/lib/thumb/v7e-m+fp/hard\libcr_c.a(initio.o)
                              c:/nxp/mcuxpressoide_11.6.1_8255/ide/plugins/com.nxp.mcuxpresso.tools.win32_11.6.1.202207200623/tools/bin/../lib/gcc/arm-none-eabi/10.3.1/../../../../arm-none-eabi/lib/thumb/v7e-m+fp/hard\libcr_semihost_nf.a(_cr__main.o) (_initio)
c:/nxp/mcuxpressoide_11.6.1_8255/ide/plugins/com.nxp.mcuxpresso.tools.win32_11.6.1.202207200623/tools/bin/../lib/gcc/arm-none-eabi/10.3.1/../../../../arm-none-eabi/lib/thumb/v7e-m+fp/hard\libcr_c.a(printf.o)
                              ./utilities/fsl_assert.o (_printf)
c:/nxp/mcuxpressoide_11.6.1_8255/ide/plugins/com.nxp.mcuxpresso.tools.win32_11.6.1.202207200623/tools/bin/../lib/gcc/arm-none-eabi/10.3.1/../../../../arm-none-eabi/lib/thumb/v7e-m+fp/hard\libcr_c.a(setvbuf.o)
                              c:/nxp/mcuxpressoide_11.6.1_8255/ide/plugins/com.nxp.mcuxpresso.tools.win32_11.6.1.202207200623/tools/bin/../lib/gcc/arm-none-eabi/10.3.1/../../../../arm-none-eabi/lib/thumb/v7e-m+fp/hard\libcr_c.a(initio.o) (setvbuf)
c:/nxp/mcuxpressoide_11.6.1_8255/ide/plugins/com.nxp.mcuxpresso.tools.win32_11.6.1.202207200623/tools/bin/../lib/gcc/arm-none-eabi/10.3.1/../../../../arm-none-eabi/lib/thumb/v7e-m+fp/hard\libcr_c.a(strlen.o)
                              c:/nxp/mcuxpressoide_11.6.1_8255/ide/plugins/com.nxp.mcuxpresso.tools.win32_11.6.1.202207200623/tools/bin/../lib/gcc/arm-none-eabi/10.3.1/../../../../arm-none-eabi/lib/thumb/v7e-m+fp/hard\libcr_c.a(printf.o) (strlen)
c:/nxp/mcuxpressoide_11.6.1_8255/ide/plugins/com.nxp.mcuxpresso.tools.win32_11.6.1.202207200623/tools/bin/../lib/gcc/arm-none-eabi/10.3.1/../../../../arm-none-eabi/lib/thumb/v7e-m+fp/hard\libcr_c.a(__init_alloc.o)
                              c:/nxp/mcuxpressoide_11.6.1_8255/ide/plugins/com.nxp.mcuxpresso.tools.win32_11.6.1.202207200623/tools/bin/../lib/gcc/arm-none-eabi/10.3.1/../../../../arm-none-eabi/lib/thumb/v7e-m+fp/hard\libcr_c.a(alloc.o) (__heaps)
c:/nxp/mcuxpressoide_11.6.1_8255/ide/plugins/com.nxp.mcuxpresso.tools.win32_11.6.1.202207200623/tools/bin/../lib/gcc/arm-none-eabi/10.3.1/../../../../arm-none-eabi/lib/thumb/v7e-m+fp/hard\libcr_c.a(_cr_sbrk.o)
                              c:/nxp/mcuxpressoide_11.6.1_8255/ide/plugins/com.nxp.mcuxpresso.tools.win32_11.6.1.202207200623/tools/bin/../lib/gcc/arm-none-eabi/10.3.1/../../../../arm-none-eabi/lib/thumb/v7e-m+fp/hard\libcr_c.a(alloc.o) (_sbrk)
c:/nxp/mcuxpressoide_11.6.1_8255/ide/plugins/com.nxp.mcuxpresso.tools.win32_11.6.1.202207200623/tools/bin/../lib/gcc/arm-none-eabi/10.3.1/../../../../arm-none-eabi/lib/thumb/v7e-m+fp/hard\libcr_c.a(_deferredlazyseek.o)
                              c:/nxp/mcuxpressoide_11.6.1_8255/ide/plugins/com.nxp.mcuxpresso.tools.win32_11.6.1.202207200623/tools/bin/../lib/gcc/arm-none-eabi/10.3.1/../../../../arm-none-eabi/lib/thumb/v7e-m+fp/hard\libcr_c.a(printf.o) (__flsbuf)
c:/nxp/mcuxpressoide_11.6.1_8255/ide/plugins/com.nxp.mcuxpresso.tools.win32_11.6.1.202207200623/tools/bin/../lib/gcc/arm-none-eabi/10.3.1/../../../../arm-none-eabi/lib/thumb/v7e-m+fp/hard\libcr_c.a(_fdopen.o)
                              c:/nxp/mcuxpressoide_11.6.1_8255/ide/plugins/com.nxp.mcuxpresso.tools.win32_11.6.1.202207200623/tools/bin/../lib/gcc/arm-none-eabi/10.3.1/../../../../arm-none-eabi/lib/thumb/v7e-m+fp/hard\libcr_c.a(initio.o) (_fdopen)
c:/nxp/mcuxpressoide_11.6.1_8255/ide/plugins/com.nxp.mcuxpresso.tools.win32_11.6.1.202207200623/tools/bin/../lib/gcc/arm-none-eabi/10.3.1/../../../../arm-none-eabi/lib/thumb/v7e-m+fp/hard\libcr_c.a(_fflush.o)
[...]
Memory Configuration

Name             Origin             Length             Attributes
PROGRAM_FLASH    0x00000000         0x00200000         xr
SRAM_UPPER       0x20000000         0x00030000         xrw
SRAM_LOWER       0x1fff0000         0x00010000         xrw
FLEX_RAM         0x14000000         0x00001000         xrw
*default*        0x00000000         0xffffffff

Linker script and memory map

LOAD ./utilities/fsl_assert.o
LOAD ./utilities/fsl_debug_console.o
LOAD ./startup/startup_mk66f18.o
LOAD ./source/hello_world.o
LOAD ./source/semihost_hardfault.o
LOAD ./drivers/fsl_clock.o
LOAD ./drivers/fsl_common.o
LOAD ./drivers/fsl_common_arm.o
LOAD ./drivers/fsl_dspi.o
LOAD ./drivers/fsl_ftfx_cache.o
LOAD ./drivers/fsl_ftfx_controller.o
LOAD ./drivers/fsl_ftfx_flash.o
LOAD ./drivers/fsl_ftfx_flexnvm.o
LOAD ./drivers/fsl_gpio.o
LOAD ./drivers/fsl_i2c.o
LOAD ./drivers/fsl_lpuart.o
LOAD ./drivers/fsl_rtc.o
LOAD ./drivers/fsl_smc.o
LOAD ./drivers/fsl_uart.o
LOAD ./device/system_MK66F18.o
LOAD ./component/uart/fsl_adapter_uart.o
LOAD ./component/lists/fsl_component_generic_list.o
LOAD ./board/board.o
LOAD ./board/clock_config.o
LOAD ./board/pin_mux.o
START GROUP
LOAD c:/nxp/mcuxpressoide_11.6.1_8255/ide/plugins/com.nxp.mcuxpresso.tools.win32_11.6.1.202207200623/tools/bin/../lib/gcc/arm-none-eabi/10.3.1/../../../../arm-none-eabi/lib/thumb/v7e-m+fp/hard\libcr_semihost_nf.a
LOAD c:/nxp/mcuxpressoide_11.6.1_8255/ide/plugins/com.nxp.mcuxpresso.tools.win32_11.6.1.202207200623/tools/bin/../lib/gcc/arm-none-eabi/10.3.1/../../../../arm-none-eabi/lib/thumb/v7e-m+fp/hard\libcr_c.a
LOAD c:/nxp/mcuxpressoide_11.6.1_8255/ide/plugins/com.nxp.mcuxpresso.tools.win32_11.6.1.202207200623/tools/bin/../lib/gcc/arm-none-eabi/10.3.1/thumb/v7e-m+fp/hard\libcr_eabihelpers.a
LOAD c:/nxp/mcuxpressoide_11.6.1_8255/ide/plugins/com.nxp.mcuxpresso.tools.win32_11.6.1.202207200623/tools/bin/../lib/gcc/arm-none-eabi/10.3.1/thumb/v7e-m+fp/hard\libgcc.a
END GROUP
                0x00000000                __base_PROGRAM_FLASH = 0x0
                0x00000000                __base_Flash = 0x0
                0x00200000                __top_PROGRAM_FLASH = 0x200000
                0x00200000                __top_Flash = 0x200000
                0x20000000                __base_SRAM_UPPER = 0x20000000
                0x20000000                __base_RAM = 0x20000000
                0x20030000                __top_SRAM_UPPER = 0x20030000
                0x20030000                __top_RAM = 0x20030000
                0x1fff0000                __base_SRAM_LOWER = 0x1fff0000
                0x1fff0000                __base_RAM2 = 0x1fff0000
                0x20000000                __top_SRAM_LOWER = 0x20000000
                0x20000000                __top_RAM2 = 0x20000000
                0x14000000                __base_FLEX_RAM = 0x14000000
                0x14000000                __base_RAM3 = 0x14000000
                0x14001000                __top_FLEX_RAM = 0x14001000
                0x14001000                __top_RAM3 = 0x14001000

.text           0x00000000     0x3988
 FILL mask 0xff
                0x00000000                __vectors_start__ = ABSOLUTE (.)
 *(SORT_BY_ALIGNMENT(.isr_vector))
 .isr_vector    0x00000000      0x1d0 ./startup/startup_mk66f18.o
                0x00000000                g_pfnVectors
                0x00000000                __Vectors
                0x000001d0                . = ALIGN (0x4)
                0x000001d0                __section_table_start = .
                0x000001d0                __data_section_table = .
                0x000001d0        0x4 LONG 0x3988 LOADADDR (.data)
                0x000001d4        0x4 LONG 0x20000000 ADDR (.data)
                0x000001d8        0x4 LONG 0x10 SIZEOF (.data)
                0x000001dc        0x4 LONG 0x3988 LOADADDR (.data_RAM2)
                0x000001e0        0x4 LONG 0x1fff0000 ADDR (.data_RAM2)
                0x000001e4        0x4 LONG 0x0 SIZEOF (.data_RAM2)
                0x000001e8        0x4 LONG 0x3988 LOADADDR (.data_RAM3)
                0x000001ec        0x4 LONG 0x14000000 ADDR (.data_RAM3)
                0x000001f0        0x4 LONG 0x0 SIZEOF (.data_RAM3)
                0x000001f4                __data_section_table_end = .
                0x000001f4                __bss_section_table = .
                0x000001f4        0x4 LONG 0x20000010 ADDR (.bss)
                0x000001f8        0x4 LONG 0x120 SIZEOF (.bss)
                0x000001fc        0x4 LONG 0x1fff0000 ADDR (.bss_RAM2)
                0x00000200        0x4 LONG 0x0 SIZEOF (.bss_RAM2)
                0x00000204        0x4 LONG 0x14000000 ADDR (.bss_RAM3)
                0x00000208        0x4 LONG 0x0 SIZEOF (.bss_RAM3)
                0x0000020c                __bss_section_table_end = .
                0x0000020c                __section_table_end = .
 *(SORT_BY_ALIGNMENT(.after_vectors*))
 .after_vectors.reset
                0x0000020c       0x4c ./startup/startup_mk66f18.o
                0x0000020c                ResetISR
 .after_vectors.init_data
                0x00000258       0x1e ./startup/startup_mk66f18.o
                0x00000258                data_init
 .after_vectors.init_bss
                0x00000276       0x12 ./startup/startup_mk66f18.o
                0x00000276                bss_init
 .after_vectors
                0x00000288       0x14 ./startup/startup_mk66f18.o
                0x00000288                NMI_Handler
                0x0000028c                MemManage_Handler
                0x0000028e                BusFault_Handler
                0x00000290                UsageFault_Handler
                0x00000292                SVC_Handler
                0x00000294                DebugMon_Handler
                0x00000296                PendSV_Handler
                0x00000298                SysTick_Handler
                0x0000029a                FTM1_DriverIRQHandler
                0x0000029a                FTM2_DriverIRQHandler
                0x0000029a                PIT2_DriverIRQHandler
                0x0000029a                TPM2_DriverIRQHandler
                0x0000029a                SDHC_DriverIRQHandler
                0x0000029a                DMA7_DMA23_DriverIRQHandler
                0x0000029a                I2S0_Tx_DriverIRQHandler
                0x0000029a                TSI0_DriverIRQHandler
                0x0000029a                RTC_Seconds_DriverIRQHandler
                0x0000029a                CMP3_DriverIRQHandler
                0x0000029a                LLWU_DriverIRQHandler
                0x0000029a                MCM_DriverIRQHandler
                0x0000029a                DMA14_DMA30_DriverIRQHandler
                0x0000029a                MCG_DriverIRQHandler
                0x0000029a                ENET_1588_Timer_DriverIRQHandler
                0x0000029a                DAC1_DriverIRQHandler
                0x0000029a                DMA_Error_DriverIRQHandler
                0x0000029a                CMP1_DriverIRQHandler
                0x0000029a                USBHSDCD_DriverIRQHandler
                0x0000029a                DMA0_DMA16_DriverIRQHandler
                0x0000029a                FTM0_DriverIRQHandler
                0x0000029a                IntDefaultHandler
                0x0000029a                USB0_DriverIRQHandler
                0x0000029a                PORTC_DriverIRQHandler
                0x0000029a                DMA2_DMA18_DriverIRQHandler
                0x0000029a                DAC0_DriverIRQHandler
                0x0000029a                CMP2_DriverIRQHandler
                0x0000029a                UART2_ERR_DriverIRQHandler
                0x0000029a                LVD_LVW_DriverIRQHandler
                0x0000029a                Reserved84_DriverIRQHandler
                0x0000029a                PIT0_DriverIRQHandler
                0x0000029a                LPTMR0_DriverIRQHandler
                0x0000029a                USBDCD_DriverIRQHandler
                0x0000029a                UART3_ERR_DriverIRQHandler
                0x0000029a                DMA12_DMA28_DriverIRQHandler
                0x0000029a                DMA10_DMA26_DriverIRQHandler
                0x0000029a                UART0_ERR_DriverIRQHandler
                0x0000029a                CMT_DriverIRQHandler
                0x0000029a                Reserved71_DriverIRQHandler
                0x0000029a                ADC1_DriverIRQHandler
                0x0000029a                PORTA_DriverIRQHandler
                0x0000029a                DMA1_DMA17_DriverIRQHandler
                0x0000029a                PIT3_DriverIRQHandler
                0x0000029a                PIT1_DriverIRQHandler
                0x0000029a                TPM1_DriverIRQHandler
                0x0000029a                WDOG_EWM_DriverIRQHandler
                0x0000029a                PDB0_DriverIRQHandler
                0x0000029a                DMA8_DMA24_DriverIRQHandler
                0x0000029a                DMA6_DMA22_DriverIRQHandler
                0x0000029a                RTC_DriverIRQHandler
                0x0000029a                I2S0_Rx_DriverIRQHandler
                0x0000029a                Read_Collision_DriverIRQHandler
                0x0000029a                SWI_DriverIRQHandler
                0x0000029a                UART4_ERR_DriverIRQHandler
                0x0000029a                PORTB_DriverIRQHandler
                0x0000029a                DMA13_DMA29_DriverIRQHandler
                0x0000029a                DMA11_DMA27_DriverIRQHandler
                0x0000029a                DMA4_DMA20_DriverIRQHandler
                0x0000029a                DMA9_DMA25_DriverIRQHandler
                0x0000029a                ENET_Receive_DriverIRQHandler
                0x0000029a                DMA3_DMA19_DriverIRQHandler
                0x0000029a                ENET_Error_DriverIRQHandler
                0x0000029a                Reserved85_DriverIRQHandler
                0x0000029a                ADC0_DriverIRQHandler
                0x0000029a                USBHS_DriverIRQHandler
                0x0000029a                CMP0_DriverIRQHandler
                0x0000029a                CAN0_DriverIRQHandler
                0x0000029a                FTM3_DriverIRQHandler
                0x0000029a                DMA5_DMA21_DriverIRQHandler
                0x0000029a                RNG_DriverIRQHandler
                0x0000029a                DMA15_DMA31_DriverIRQHandler
                0x0000029a                UART1_ERR_DriverIRQHandler
                0x0000029a                ENET_Transmit_DriverIRQHandler
                0x0000029a                PORTD_DriverIRQHandler
                0x0000029a                Reserved46_DriverIRQHandler
                0x0000029a                PORTE_DriverIRQHandler
                0x0000029a                FTFE_DriverIRQHandler
                0x0000029a                CAN1_DriverIRQHandler
                0x00000400                . = 0x400
 *fill*         0x0000029c      0x164 ff
                0x00000400                PROVIDE (__FLASH_CONFIG_START__ = .)
 *(SORT_BY_ALIGNMENT(.FlashConfig))
 .FlashConfig   0x00000400       0x10 ./startup/startup_mk66f18.o
                0x00000400                Flash_Config
                0x00000410                PROVIDE (__FLASH_CONFIG_END__ = .)
                0x00000001                ASSERT (! ((__FLASH_CONFIG_START__ == __FLASH_CONFIG_END__)), Linker Flash Config Support Enabled, but no .FlashConfig section provided within application)
 *(SORT_BY_ALIGNMENT(.text*))
 .text.__assertion_failed
                0x00000410       0x18 ./utilities/fsl_assert.o
                0x00000410                __assertion_failed
 .text.setupSPI
                0x00000428       0x70 ./source/hello_world.o
                0x00000428                setupSPI
 .text.voltageRegulatorEnable
                0x00000498       0x30 ./source/hello_world.o
                0x00000498                voltageRegulatorEnable
 .text.accelerometerEnable
                0x000004c8       0x30 ./source/hello_world.o
                0x000004c8                accelerometerEnable
 .text.SPI_read
                0x000004f8       0x8c ./source/hello_world.o
                0x000004f8                SPI_read
 .text.SPI_write
                0x00000584       0x70 ./source/hello_world.o
                0x00000584                SPI_write
 .text.main     0x000005f4       0x7c ./source/hello_world.o
                0x000005f4                main
 .text.CLOCK_SetEr32kClock
                0x00000670       0x30 ./drivers/fsl_clock.o
 .text.CLOCK_SetPllFllSelClock
                0x000006a0       0x54 ./drivers/fsl_clock.o
 .text.CLOCK_GetMcgExtClkFreq
                0x000006f4       0x7c ./drivers/fsl_clock.o
 .text.CLOCK_GetFllExtRefClkFreq
                0x00000770       0xb0 ./drivers/fsl_clock.o
 .text.CLOCK_GetInternalRefClkSelectFreq
                0x00000820       0x4c ./drivers/fsl_clock.o
 .text.CLOCK_GetFllRefClkFreq
                0x0000086c       0x34 ./drivers/fsl_clock.o
 .text.CLOCK_GetCoreSysClkFreq
                0x000008a0       0x28 ./drivers/fsl_clock.o
                0x000008a0                CLOCK_GetCoreSysClkFreq
 .text.CLOCK_SetSimConfig
                0x000008c8       0x40 ./drivers/fsl_clock.o
                0x000008c8                CLOCK_SetSimConfig
 .text.CLOCK_GetOutClkFreq
                0x00000908       0x90 ./drivers/fsl_clock.o
                0x00000908                CLOCK_GetOutClkFreq
 .text.CLOCK_GetFllFreq
                0x00000998       0x84 ./drivers/fsl_clock.o
                0x00000998                CLOCK_GetFllFreq
 .text.CLOCK_GetPll0Freq
                0x00000a1c       0x7c ./drivers/fsl_clock.o
                0x00000a1c                CLOCK_GetPll0Freq
 .text.CLOCK_GetExtPllFreq
                0x00000a98       0x18 ./drivers/fsl_clock.o
                0x00000a98                CLOCK_GetExtPllFreq
 .text.CLOCK_SetExternalRefClkConfig
                0x00000ab0       0x6c ./drivers/fsl_clock.o
                0x00000ab0                CLOCK_SetExternalRefClkConfig
 .text.CLOCK_SetInternalRefClkConfig
                0x00000b1c      0x104 ./drivers/fsl_clock.o
                0x00000b1c                CLOCK_SetInternalRefClkConfig
 .text.DSPI_GetInstance
                0x00000c20       0x4c ./drivers/fsl_dspi.o
                0x00000c20                DSPI_GetInstance
 .text.DSPI_GetDummyDataInstance
                0x00000c6c       0x24 ./drivers/fsl_dspi.o
                0x00000c6c                DSPI_GetDummyDataInstance
 .text.DSPI_SetDummyData
                0x00000c90       0x2c ./drivers/fsl_dspi.o
                0x00000c90                DSPI_SetDummyData
 .text.DSPI_MasterInit
                0x00000cbc      0x16c ./drivers/fsl_dspi.o
                0x00000cbc                DSPI_MasterInit
 .text.DSPI_MasterSetBaudRate
                0x00000e28      0x12c ./drivers/fsl_dspi.o
                0x00000e28                DSPI_MasterSetBaudRate
 .text.DSPI_MasterSetDelayScaler
                0x00000f54       0xe8 ./drivers/fsl_dspi.o
                0x00000f54                DSPI_MasterSetDelayScaler
 .text.DSPI_MasterSetDelayTimes
                0x0000103c      0x130 ./drivers/fsl_dspi.o
                0x0000103c                DSPI_MasterSetDelayTimes
 .text.DSPI_MasterTransferBlocking
                0x0000116c      0x488 ./drivers/fsl_dspi.o
                0x0000116c                DSPI_MasterTransferBlocking
 .text.DSPI_CommonIRQHandler
                0x000015f4       0x44 ./drivers/fsl_dspi.o
 .text.SPI0_DriverIRQHandler
                0x00001638       0x30 ./drivers/fsl_dspi.o
                0x00001638                SPI0_DriverIRQHandler
 .text.SPI1_DriverIRQHandler
                0x00001668       0x30 ./drivers/fsl_dspi.o
                0x00001668                SPI1_DriverIRQHandler
 .text.SPI2_DriverIRQHandler
                0x00001698       0x30 ./drivers/fsl_dspi.o
                0x00001698                SPI2_DriverIRQHandler
 .text.GPIO_PinInit
                0x000016c8       0x64 ./drivers/fsl_gpio.o
                0x000016c8                GPIO_PinInit
 .text.I2C_TransferCommonIRQHandler
                0x0000172c       0x58 ./drivers/fsl_i2c.o
 .text.I2C0_DriverIRQHandler
                0x00001784       0x1c ./drivers/fsl_i2c.o
                0x00001784                I2C0_DriverIRQHandler
 .text.I2C1_DriverIRQHandler
                0x000017a0       0x1c ./drivers/fsl_i2c.o
                0x000017a0                I2C1_DriverIRQHandler
 .text.I2C2_DriverIRQHandler
                0x000017bc       0x1c ./drivers/fsl_i2c.o
                0x000017bc                I2C2_DriverIRQHandler
 .text.I2C3_DriverIRQHandler
                0x000017d8       0x1c ./drivers/fsl_i2c.o
                0x000017d8                I2C3_DriverIRQHandler
 .text.LPUART0_DriverIRQHandler
                0x000017f4       0x28 ./drivers/fsl_lpuart.o
                0x000017f4                LPUART0_DriverIRQHandler
 .text.UART0_DriverIRQHandler
                0x0000181c       0x28 ./drivers/fsl_uart.o
                0x0000181c                UART0_DriverIRQHandler
 .text.UART1_DriverIRQHandler
                0x00001844       0x28 ./drivers/fsl_uart.o
                0x00001844                UART1_DriverIRQHandler
 .text.UART2_DriverIRQHandler
                0x0000186c       0x28 ./drivers/fsl_uart.o
                0x0000186c                UART2_DriverIRQHandler
 .text.UART3_DriverIRQHandler
                0x00001894       0x28 ./drivers/fsl_uart.o
                0x00001894                UART3_DriverIRQHandler
 .text.UART4_DriverIRQHandler
                0x000018bc       0x28 ./drivers/fsl_uart.o
                0x000018bc                UART4_DriverIRQHandler
 .text.SystemInit
                0x000018e4       0x3c ./device/system_MK66F18.o
                0x000018e4                SystemInit
 .text.CLOCK_SetSimSafeDivs
                0x00001920       0x24 ./board/clock_config.o
 .text.CLOCK_CONFIG_SetFllExtRefDiv
                0x00001944       0x3c ./board/clock_config.o
 .text.BOARD_BootClockRUN
                0x00001980       0x3c ./board/clock_config.o
                0x00001980                BOARD_BootClockRUN
 .text.BOARD_InitPins
                0x000019bc       0x6c ./board/pin_mux.o
                0x000019bc                BOARD_InitPins
 .text.malloc   0x00001a28       0xc8 c:/nxp/mcuxpressoide_11.6.1_8255/ide/plugins/com.nxp.mcuxpresso.tools.win32_11.6.1.202207200623/tools/bin/../lib/gcc/arm-none-eabi/10.3.1/../../../../arm-none-eabi/lib/thumb/v7e-m+fp/hard\libcr_c.a(alloc.o)
                0x00001a28                malloc
 .text._Csys_alloc
                0x00001af0       0x20 c:/nxp/mcuxpressoide_11.6.1_8255/ide/plugins/com.nxp.mcuxpresso.tools.win32_11.6.1.202207200623/tools/bin/../lib/gcc/arm-none-eabi/10.3.1/../../../../arm-none-eabi/lib/thumb/v7e-m+fp/hard\libcr_c.a(alloc.o)
                0x00001af0                _Csys_alloc
 .text._initio  0x00001b10       0x78 c:/nxp/mcuxpressoide_11.6.1_8255/ide/plugins/com.nxp.mcuxpresso.tools.win32_11.6.1.202207200623/tools/bin/../lib/gcc/arm-none-eabi/10.3.1/../../../../arm-none-eabi/lib/thumb/v7e-m+fp/hard\libcr_c.a(initio.o)
                0x00001b10                _initio
 .text.__vfprintf
                0x00001b88      0xbf8 c:/nxp/mcuxpressoide_11.6.1_8255/ide/plugins/com.nxp.mcuxpresso.tools.win32_11.6.1.202207200623/tools/bin/../lib/gcc/arm-none-eabi/10.3.1/../../../../arm-none-eabi/lib/thumb/v7e-m+fp/hard\libcr_c.a(printf.o)
                0x00001b88                __vfprintf
 .text._vsnprintf
                0x00002780       0x68 c:/nxp/mcuxpressoide_11.6.1_8255/ide/plugins/com.nxp.mcuxpresso.tools.win32_11.6.1.202207200623/tools/bin/../lib/gcc/arm-none-eabi/10.3.1/../../../../arm-none-eabi/lib/thumb/v7e-m+fp/hard\libcr_c.a(printf.o)
                0x00002780                _vsnprintf
 .text._printf  0x000027e8       0x54 c:/nxp/mcuxpressoide_11.6.1_8255/ide/plugins/com.nxp.mcuxpresso.tools.win32_11.6.1.202207200623/tools/bin/../lib/gcc/arm-none-eabi/10.3.1/../../../../arm-none-eabi/lib/thumb/v7e-m+fp/hard\libcr_c.a(printf.o)
                0x000027e8                _printf
 .text._sbrk    0x0000283c       0x3c c:/nxp/mcuxpressoide_11.6.1_8255/ide/plugins/com.nxp.mcuxpresso.tools.win32_11.6.1.202207200623/tools/bin/../lib/gcc/arm-none-eabi/10.3.1/../../../../arm-none-eabi/lib/thumb/v7e-m+fp/hard\libcr_c.a(_cr_sbrk.o)
                0x0000283c                _sbrk
 .text._Cwritebuf
                0x00002878       0x6c c:/nxp/mcuxpressoide_11.6.1_8255/ide/plugins/com.nxp.mcuxpresso.tools.win32_11.6.1.202207200623/tools/bin/../lib/gcc/arm-none-eabi/10.3.1/../../../../arm-none-eabi/lib/thumb/v7e-m+fp/hard\libcr_c.a(_writebuf.o)
                0x00002878                _Cwritebuf
 .text.fflush   0x000028e4       0x3c c:/nxp/mcuxpressoide_11.6.1_8255/ide/plugins/com.nxp.mcuxpresso.tools.win32_11.6.1.202207200623/tools/bin/../lib/gcc/arm-none-eabi/10.3.1/../../../../arm-none-eabi/lib/thumb/v7e-m+fp/hard\libcr_c.a(fflush.o)
                0x000028e4                fflush
 .text.fseek    0x00002920       0xfc c:/nxp/mcuxpressoide_11.6.1_8255/ide/plugins/com.nxp.mcuxpresso.tools.win32_11.6.1.202207200623/tools/bin/../lib/gcc/arm-none-eabi/10.3.1/../../../../arm-none-eabi/lib/thumb/v7e-m+fp/hard\libcr_c.a(fseek.o)
                0x00002920                fseek
 .text.ftell    0x00002a1c       0x44 c:/nxp/mcuxpressoide_11.6.1_8255/ide/plugins/com.nxp.mcuxpresso.tools.win32_11.6.1.202207200623/tools/bin/../lib/gcc/arm-none-eabi/10.3.1/../../../../arm-none-eabi/lib/thumb/v7e-m+fp/hard\libcr_c.a(ftell.o)
                0x00002a1c                ftell
 .text.__check_heap_overflow
                0x00002a60       0x18 c:/nxp/mcuxpressoide_11.6.1_8255/ide/plugins/com.nxp.mcuxpresso.tools.win32_11.6.1.202207200623/tools/bin/../lib/gcc/arm-none-eabi/10.3.1/../../../../arm-none-eabi/lib/thumb/v7e-m+fp/hard\libcr_c.a(_cr_check_heap.o)
                0x00002a60                __check_heap_overflow
 .text.__sys_appexit
                0x00002a78        0xc c:/nxp/mcuxpressoide_11.6.1_8255/ide/plugins/com.nxp.mcuxpresso.tools.win32_11.6.1.202207200623/tools/bin/../lib/gcc/arm-none-eabi/10.3.1/../../../../arm-none-eabi/lib/thumb/v7e-m+fp/hard\libcr_semihost_nf.a(__sys_appexit.o)
                0x00002a78                __sys_appexit
                0x00002a78                __exit
 .text.DMA0_DMA16_IRQHandler
                0x00002a84        0x8 ./startup/startup_mk66f18.o
                0x00002a84                DMA0_DMA16_IRQHandler
 .text.DMA1_DMA17_IRQHandler
                0x00002a8c        0x8 ./startup/startup_mk66f18.o
                0x00002a8c                DMA1_DMA17_IRQHandler
 .text.DMA2_DMA18_IRQHandler
                0x00002a94        0x8 ./startup/startup_mk66f18.o
                0x00002a94                DMA2_DMA18_IRQHandler
 .text.DMA3_DMA19_IRQHandler
                0x00002a9c        0x8 ./startup/startup_mk66f18.o
                0x00002a9c                DMA3_DMA19_IRQHandler
 .text.DMA4_DMA20_IRQHandler
                0x00002aa4        0x8 ./startup/startup_mk66f18.o
                0x00002aa4                DMA4_DMA20_IRQHandler
 .text.DMA5_DMA21_IRQHandler
                0x00002aac        0x8 ./startup/startup_mk66f18.o
                0x00002aac                DMA5_DMA21_IRQHandler
 .text.DMA6_DMA22_IRQHandler
                0x00002ab4        0x8 ./startup/startup_mk66f18.o
                0x00002ab4                DMA6_DMA22_IRQHandler
 .text.DMA7_DMA23_IRQHandler
                0x00002abc        0x8 ./startup/startup_mk66f18.o
                0x00002abc                DMA7_DMA23_IRQHandler
 .text.DMA8_DMA24_IRQHandler
                0x00002ac4        0x8 ./startup/startup_mk66f18.o
                0x00002ac4                DMA8_DMA24_IRQHandler
 .text.DMA9_DMA25_IRQHandler
                0x00002acc        0x8 ./startup/startup_mk66f18.o
                0x00002acc                DMA9_DMA25_IRQHandler
 .text.DMA10_DMA26_IRQHandler
                0x00002ad4        0x8 ./startup/startup_mk66f18.o
                0x00002ad4                DMA10_DMA26_IRQHandler
 .text.DMA11_DMA27_IRQHandler
                0x00002adc        0x8 ./startup/startup_mk66f18.o
                0x00002adc                DMA11_DMA27_IRQHandler
 .text.DMA12_DMA28_IRQHandler
                0x00002ae4        0x8 ./startup/startup_mk66f18.o
                0x00002ae4                DMA12_DMA28_IRQHandler
 .text.DMA13_DMA29_IRQHandler
                0x00002aec        0x8 ./startup/startup_mk66f18.o
                0x00002aec                DMA13_DMA29_IRQHandler
 .text.DMA14_DMA30_IRQHandler
                0x00002af4        0x8 ./startup/startup_mk66f18.o
                0x00002af4                DMA14_DMA30_IRQHandler
 .text.DMA15_DMA31_IRQHandler
                0x00002afc        0x8 ./startup/startup_mk66f18.o
                0x00002afc                DMA15_DMA31_IRQHandler
 .text.DMA_Error_IRQHandler
                0x00002b04        0x8 ./startup/startup_mk66f18.o
                0x00002b04                DMA_Error_IRQHandler
 .text.MCM_IRQHandler
                0x00002b0c        0x8 ./startup/startup_mk66f18.o
                0x00002b0c                MCM_IRQHandler
 .text.FTFE_IRQHandler
                0x00002b14        0x8 ./startup/startup_mk66f18.o
                0x00002b14                FTFE_IRQHandler
 .text.Read_Collision_IRQHandler
                0x00002b1c        0x8 ./startup/startup_mk66f18.o
                0x00002b1c                Read_Collision_IRQHandler
 .text.LVD_LVW_IRQHandler
                0x00002b24        0x8 ./startup/startup_mk66f18.o
                0x00002b24                LVD_LVW_IRQHandler
 .text.LLWU_IRQHandler
                0x00002b2c        0x8 ./startup/startup_mk66f18.o
                0x00002b2c                LLWU_IRQHandler
 .text.WDOG_EWM_IRQHandler
                0x00002b34        0x8 ./startup/startup_mk66f18.o
                0x00002b34                WDOG_EWM_IRQHandler
 .text.RNG_IRQHandler
                0x00002b3c        0x8 ./startup/startup_mk66f18.o
                0x00002b3c                RNG_IRQHandler
 .text.I2C0_IRQHandler
                0x00002b44        0x8 ./startup/startup_mk66f18.o
                0x00002b44                I2C0_IRQHandler
 .text.I2C1_IRQHandler
                0x00002b4c        0x8 ./startup/startup_mk66f18.o
                0x00002b4c                I2C1_IRQHandler
 .text.SPI0_IRQHandler
                0x00002b54        0x8 ./startup/startup_mk66f18.o
                0x00002b54                SPI0_IRQHandler
 .text.SPI1_IRQHandler
                0x00002b5c        0x8 ./startup/startup_mk66f18.o
                0x00002b5c                SPI1_IRQHandler
 .text.I2S0_Tx_IRQHandler
                0x00002b64        0x8 ./startup/startup_mk66f18.o
                0x00002b64                I2S0_Tx_IRQHandler
 .text.I2S0_Rx_IRQHandler
                0x00002b6c        0x8 ./startup/startup_mk66f18.o
                0x00002b6c                I2S0_Rx_IRQHandler
 .text.Reserved46_IRQHandler
                0x00002b74        0x8 ./startup/startup_mk66f18.o
                0x00002b74                Reserved46_IRQHandler
 .text.UART0_RX_TX_IRQHandler
                0x00002b7c        0x8 ./startup/startup_mk66f18.o
                0x00002b7c                UART0_RX_TX_IRQHandler
 .text.UART0_ERR_IRQHandler
                0x00002b84        0x8 ./startup/startup_mk66f18.o
                0x00002b84                UART0_ERR_IRQHandler
 .text.UART1_RX_TX_IRQHandler
                0x00002b8c        0x8 ./startup/startup_mk66f18.o
                0x00002b8c                UART1_RX_TX_IRQHandler
 .text.UART1_ERR_IRQHandler
                0x00002b94        0x8 ./startup/startup_mk66f18.o
                0x00002b94                UART1_ERR_IRQHandler
 .text.UART2_RX_TX_IRQHandler
                0x00002b9c        0x8 ./startup/startup_mk66f18.o
                0x00002b9c                UART2_RX_TX_IRQHandler
 .text.UART2_ERR_IRQHandler
                0x00002ba4        0x8 ./startup/startup_mk66f18.o
                0x00002ba4                UART2_ERR_IRQHandler
 .text.UART3_RX_TX_IRQHandler
                0x00002bac        0x8 ./startup/startup_mk66f18.o
                0x00002bac                UART3_RX_TX_IRQHandler
 .text.UART3_ERR_IRQHandler
                0x00002bb4        0x8 ./startup/startup_mk66f18.o
                0x00002bb4                UART3_ERR_IRQHandler
 .text.ADC0_IRQHandler
                0x00002bbc        0x8 ./startup/startup_mk66f18.o
                0x00002bbc                ADC0_IRQHandler
 .text.CMP0_IRQHandler
                0x00002bc4        0x8 ./startup/startup_mk66f18.o
                0x00002bc4                CMP0_IRQHandler
 .text.CMP1_IRQHandler
                0x00002bcc        0x8 ./startup/startup_mk66f18.o
                0x00002bcc                CMP1_IRQHandler
 .text.FTM0_IRQHandler
                0x00002bd4        0x8 ./startup/startup_mk66f18.o
                0x00002bd4                FTM0_IRQHandler
 .text.FTM1_IRQHandler
                0x00002bdc        0x8 ./startup/startup_mk66f18.o
                0x00002bdc                FTM1_IRQHandler
 .text.FTM2_IRQHandler
                0x00002be4        0x8 ./startup/startup_mk66f18.o
                0x00002be4                FTM2_IRQHandler
 .text.CMT_IRQHandler
                0x00002bec        0x8 ./startup/startup_mk66f18.o
                0x00002bec                CMT_IRQHandler
 .text.RTC_IRQHandler
                0x00002bf4        0x8 ./startup/startup_mk66f18.o
                0x00002bf4                RTC_IRQHandler
 .text.RTC_Seconds_IRQHandler
                0x00002bfc        0x8 ./startup/startup_mk66f18.o
                0x00002bfc                RTC_Seconds_IRQHandler
 .text.PIT0_IRQHandler
                0x00002c04        0x8 ./startup/startup_mk66f18.o
                0x00002c04                PIT0_IRQHandler
 .text.PIT1_IRQHandler
                0x00002c0c        0x8 ./startup/startup_mk66f18.o
                0x00002c0c                PIT1_IRQHandler
 .text.PIT2_IRQHandler
                0x00002c14        0x8 ./startup/startup_mk66f18.o
                0x00002c14                PIT2_IRQHandler
 .text.PIT3_IRQHandler
                0x00002c1c        0x8 ./startup/startup_mk66f18.o
                0x00002c1c                PIT3_IRQHandler
 .text.PDB0_IRQHandler
                0x00002c24        0x8 ./startup/startup_mk66f18.o
                0x00002c24                PDB0_IRQHandler
 .text.USB0_IRQHandler
                0x00002c2c        0x8 ./startup/startup_mk66f18.o
                0x00002c2c                USB0_IRQHandler
 .text.USBDCD_IRQHandler
                0x00002c34        0x8 ./startup/startup_mk66f18.o
                0x00002c34                USBDCD_IRQHandler
 .text.Reserved71_IRQHandler
                0x00002c3c        0x8 ./startup/startup_mk66f18.o
                0x00002c3c                Reserved71_IRQHandler
 .text.DAC0_IRQHandler
                0x00002c44        0x8 ./startup/startup_mk66f18.o
                0x00002c44                DAC0_IRQHandler
 .text.MCG_IRQHandler
                0x00002c4c        0x8 ./startup/startup_mk66f18.o
                0x00002c4c                MCG_IRQHandler
 .text.LPTMR0_IRQHandler
                0x00002c54        0x8 ./startup/startup_mk66f18.o
                0x00002c54                LPTMR0_IRQHandler
 .text.PORTA_IRQHandler
                0x00002c5c        0x8 ./startup/startup_mk66f18.o
                0x00002c5c                PORTA_IRQHandler
 .text.PORTB_IRQHandler
                0x00002c64        0x8 ./startup/startup_mk66f18.o
                0x00002c64                PORTB_IRQHandler
 .text.PORTC_IRQHandler
                0x00002c6c        0x8 ./startup/startup_mk66f18.o
                0x00002c6c                PORTC_IRQHandler
 .text.PORTD_IRQHandler
                0x00002c74        0x8 ./startup/startup_mk66f18.o
                0x00002c74                PORTD_IRQHandler
 .text.PORTE_IRQHandler
                0x00002c7c        0x8 ./startup/startup_mk66f18.o
                0x00002c7c                PORTE_IRQHandler
 .text.SWI_IRQHandler
                0x00002c84        0x8 ./startup/startup_mk66f18.o
                0x00002c84                SWI_IRQHandler
 .text.SPI2_IRQHandler
                0x00002c8c        0x8 ./startup/startup_mk66f18.o
                0x00002c8c                SPI2_IRQHandler
 .text.UART4_RX_TX_IRQHandler
                0x00002c94        0x8 ./startup/startup_mk66f18.o
                0x00002c94                UART4_RX_TX_IRQHandler
 .text.UART4_ERR_IRQHandler
                0x00002c9c        0x8 ./startup/startup_mk66f18.o
                0x00002c9c                UART4_ERR_IRQHandler
 .text.Reserved84_IRQHandler
                0x00002ca4        0x8 ./startup/startup_mk66f18.o
                0x00002ca4                Reserved84_IRQHandler
 .text.Reserved85_IRQHandler
                0x00002cac        0x8 ./startup/startup_mk66f18.o
                0x00002cac                Reserved85_IRQHandler
 .text.CMP2_IRQHandler
                0x00002cb4        0x8 ./startup/startup_mk66f18.o
                0x00002cb4                CMP2_IRQHandler
 .text.FTM3_IRQHandler
                0x00002cbc        0x8 ./startup/startup_mk66f18.o
                0x00002cbc                FTM3_IRQHandler
 .text.DAC1_IRQHandler
                0x00002cc4        0x8 ./startup/startup_mk66f18.o
                0x00002cc4                DAC1_IRQHandler
 .text.ADC1_IRQHandler
                0x00002ccc        0x8 ./startup/startup_mk66f18.o
                0x00002ccc                ADC1_IRQHandler
 .text.I2C2_IRQHandler
                0x00002cd4        0x8 ./startup/startup_mk66f18.o
                0x00002cd4                I2C2_IRQHandler
 .text.CAN0_ORed_Message_buffer_IRQHandler
                0x00002cdc        0x8 ./startup/startup_mk66f18.o
                0x00002cdc                CAN0_ORed_Message_buffer_IRQHandler
 .text.CAN0_Bus_Off_IRQHandler
                0x00002ce4        0x8 ./startup/startup_mk66f18.o
                0x00002ce4                CAN0_Bus_Off_IRQHandler
 .text.CAN0_Error_IRQHandler
                0x00002cec        0x8 ./startup/startup_mk66f18.o
                0x00002cec                CAN0_Error_IRQHandler
 .text.CAN0_Tx_Warning_IRQHandler
                0x00002cf4        0x8 ./startup/startup_mk66f18.o
                0x00002cf4                CAN0_Tx_Warning_IRQHandler
 .text.CAN0_Rx_Warning_IRQHandler
                0x00002cfc        0x8 ./startup/startup_mk66f18.o
                0x00002cfc                CAN0_Rx_Warning_IRQHandler
 .text.CAN0_Wake_Up_IRQHandler
                0x00002d04        0x8 ./startup/startup_mk66f18.o
                0x00002d04                CAN0_Wake_Up_IRQHandler
 .text.SDHC_IRQHandler
                0x00002d0c        0x8 ./startup/startup_mk66f18.o
                0x00002d0c                SDHC_IRQHandler
 .text.ENET_1588_Timer_IRQHandler
                0x00002d14        0x8 ./startup/startup_mk66f18.o
                0x00002d14                ENET_1588_Timer_IRQHandler
 .text.ENET_Transmit_IRQHandler
                0x00002d1c        0x8 ./startup/startup_mk66f18.o
                0x00002d1c                ENET_Transmit_IRQHandler
 .text.ENET_Receive_IRQHandler
                0x00002d24        0x8 ./startup/startup_mk66f18.o
                0x00002d24                ENET_Receive_IRQHandler
 .text.ENET_Error_IRQHandler
                0x00002d2c        0x8 ./startup/startup_mk66f18.o
                0x00002d2c                ENET_Error_IRQHandler
 .text.LPUART0_IRQHandler
                0x00002d34        0x8 ./startup/startup_mk66f18.o
                0x00002d34                LPUART0_IRQHandler
 .text.TSI0_IRQHandler
                0x00002d3c        0x8 ./startup/startup_mk66f18.o
                0x00002d3c                TSI0_IRQHandler
 .text.TPM1_IRQHandler
                0x00002d44        0x8 ./startup/startup_mk66f18.o
                0x00002d44                TPM1_IRQHandler
 .text.TPM2_IRQHandler
                0x00002d4c        0x8 ./startup/startup_mk66f18.o
                0x00002d4c                TPM2_IRQHandler
 .text.USBHSDCD_IRQHandler
                0x00002d54        0x8 ./startup/startup_mk66f18.o
                0x00002d54                USBHSDCD_IRQHandler
 .text.I2C3_IRQHandler
                0x00002d5c        0x8 ./startup/startup_mk66f18.o
                0x00002d5c                I2C3_IRQHandler
 .text.CMP3_IRQHandler
                0x00002d64        0x8 ./startup/startup_mk66f18.o
                0x00002d64                CMP3_IRQHandler
 .text.USBHS_IRQHandler
                0x00002d6c        0x8 ./startup/startup_mk66f18.o
                0x00002d6c                USBHS_IRQHandler
 .text.CAN1_ORed_Message_buffer_IRQHandler
                0x00002d74        0x8 ./startup/startup_mk66f18.o
                0x00002d74                CAN1_ORed_Message_buffer_IRQHandler
 .text.CAN1_Bus_Off_IRQHandler
                0x00002d7c        0x8 ./startup/startup_mk66f18.o
                0x00002d7c                CAN1_Bus_Off_IRQHandler
 .text.CAN1_Error_IRQHandler
                0x00002d84        0x8 ./startup/startup_mk66f18.o
                0x00002d84                CAN1_Error_IRQHandler
 .text.CAN1_Tx_Warning_IRQHandler
                0x00002d8c        0x8 ./startup/startup_mk66f18.o
                0x00002d8c                CAN1_Tx_Warning_IRQHandler
 .text.CAN1_Rx_Warning_IRQHandler
                0x00002d94        0x8 ./startup/startup_mk66f18.o
                0x00002d94                CAN1_Rx_Warning_IRQHandler
 .text.CAN1_Wake_Up_IRQHandler
                0x00002d9c        0x8 ./startup/startup_mk66f18.o
                0x00002d9c                CAN1_Wake_Up_IRQHandler
 .text.GPIO_PinWrite
                0x00002da4       0x36 ./source/hello_world.o
 .text.HardFault_Handler
                0x00002dda       0x2c ./source/semihost_hardfault.o
                0x00002dda                HardFault_Handler
 .text.CLOCK_GetPll0RefFreq
                0x00002e06        0xe ./drivers/fsl_clock.o
 .text.CLOCK_EnableClock
                0x00002e14       0x34 ./drivers/fsl_dspi.o
 .text.DSPI_Enable
                0x00002e48       0x38 ./drivers/fsl_dspi.o
 .text.DSPI_GetStatusFlags
                0x00002e80       0x18 ./drivers/fsl_dspi.o
 .text.DSPI_ClearStatusFlags
                0x00002e98       0x1c ./drivers/fsl_dspi.o
 .text.DSPI_DisableInterrupts
                0x00002eb4       0x24 ./drivers/fsl_dspi.o
 .text.DSPI_SetMasterSlaveMode
                0x00002ed8       0x2a ./drivers/fsl_dspi.o
 .text.DSPI_IsMaster
                0x00002f02       0x26 ./drivers/fsl_dspi.o
 .text.DSPI_StartTransfer
                0x00002f28       0x20 ./drivers/fsl_dspi.o
 .text.DSPI_StopTransfer
                0x00002f48       0x20 ./drivers/fsl_dspi.o
 .text.DSPI_FlushFifo
                0x00002f68       0x48 ./drivers/fsl_dspi.o
 .text.DSPI_MasterGetFormattedCommand
                0x00002fb0       0x4a ./drivers/fsl_dspi.o
 .text.DSPI_ReadData
                0x00002ffa       0x18 ./drivers/fsl_dspi.o
 .text.DSPI_SetOnePcsPolarity
                0x00003012       0x4e ./drivers/fsl_dspi.o
 .text.GPIO_PinWrite
                0x00003060       0x36 ./drivers/fsl_gpio.o
 .text.UART0_RX_TX_DriverIRQHandler
                0x00003096       0x12 ./drivers/fsl_uart.o
                0x00003096                UART0_RX_TX_DriverIRQHandler
 .text.UART1_RX_TX_DriverIRQHandler
                0x000030a8       0x12 ./drivers/fsl_uart.o
                0x000030a8                UART1_RX_TX_DriverIRQHandler
 .text.UART2_RX_TX_DriverIRQHandler
                0x000030ba       0x12 ./drivers/fsl_uart.o
                0x000030ba                UART2_RX_TX_DriverIRQHandler
 .text.UART3_RX_TX_DriverIRQHandler
                0x000030cc       0x12 ./drivers/fsl_uart.o
                0x000030cc                UART3_RX_TX_DriverIRQHandler
 .text.UART4_RX_TX_DriverIRQHandler
                0x000030de       0x12 ./drivers/fsl_uart.o
                0x000030de                UART4_RX_TX_DriverIRQHandler
 .text.SystemInitHook
                0x000030f0        0xe ./device/system_MK66F18.o
                0x000030f0                SystemInitHook
 .text.DbgConsole_Init
                0x000030fe       0x20 ./board/board.o
 .text.BOARD_InitDebugConsole
                0x0000311e       0x22 ./board/board.o
                0x0000311e                BOARD_InitDebugConsole
 .text.BOARD_InitBootClocks
                0x00003140        0xc ./board/clock_config.o
                0x00003140                BOARD_InitBootClocks
 .text.CLOCK_EnableClock
                0x0000314c       0x34 ./board/pin_mux.o
 .text.PORT_SetPinMux
                0x00003180       0x3a ./board/pin_mux.o
 .text.BOARD_InitBootPins
                0x000031ba        0xc ./board/pin_mux.o
                0x000031ba                BOARD_InitBootPins
 .text.__main   0x000031c6        0xe c:/nxp/mcuxpressoide_11.6.1_8255/ide/plugins/com.nxp.mcuxpresso.tools.win32_11.6.1.202207200623/tools/bin/../lib/gcc/arm-none-eabi/10.3.1/../../../../arm-none-eabi/lib/thumb/v7e-m+fp/hard\libcr_semihost_nf.a(_cr__main.o)
                0x000031c6                __CR_SEMIHOST
                0x000031c6                __main
 .text.memcpy   0x000031d4        0x4 c:/nxp/mcuxpressoide_11.6.1_8255/ide/plugins/com.nxp.mcuxpresso.tools.win32_11.6.1.202207200623/tools/bin/../lib/gcc/arm-none-eabi/10.3.1/../../../../arm-none-eabi/lib/thumb/v7e-m+fp/hard\libcr_c.a(memcpy.o)
                0x000031d4                memcpy
 .text.memset   0x000031d8        0x4 c:/nxp/mcuxpressoide_11.6.1_8255/ide/plugins/com.nxp.mcuxpresso.tools.win32_11.6.1.202207200623/tools/bin/../lib/gcc/arm-none-eabi/10.3.1/../../../../arm-none-eabi/lib/thumb/v7e-m+fp/hard\libcr_c.a(memset.o)
                0x000031d8                memset
 .text.free     0x000031dc       0x30 c:/nxp/mcuxpressoide_11.6.1_8255/ide/plugins/com.nxp.mcuxpresso.tools.win32_11.6.1.202207200623/tools/bin/../lib/gcc/arm-none-eabi/10.3.1/../../../../arm-none-eabi/lib/thumb/v7e-m+fp/hard\libcr_c.a(alloc.o)
                0x000031dc                free
 .text.no_fp_display
                0x0000320c        0x4 c:/nxp/mcuxpressoide_11.6.1_8255/ide/plugins/com.nxp.mcuxpresso.tools.win32_11.6.1.202207200623/tools/bin/../lib/gcc/arm-none-eabi/10.3.1/../../../../arm-none-eabi/lib/thumb/v7e-m+fp/hard\libcr_c.a(printf.o)
 .text.setvbuf  0x00003210       0x3e c:/nxp/mcuxpressoide_11.6.1_8255/ide/plugins/com.nxp.mcuxpresso.tools.win32_11.6.1.202207200623/tools/bin/../lib/gcc/arm-none-eabi/10.3.1/../../../../arm-none-eabi/lib/thumb/v7e-m+fp/hard\libcr_c.a(setvbuf.o)
                0x00003210                setvbuf
 .text.strlen   0x0000324e       0x48 c:/nxp/mcuxpressoide_11.6.1_8255/ide/plugins/com.nxp.mcuxpresso.tools.win32_11.6.1.202207200623/tools/bin/../lib/gcc/arm-none-eabi/10.3.1/../../../../arm-none-eabi/lib/thumb/v7e-m+fp/hard\libcr_c.a(strlen.o)
                0x0000324e                strlen
 .text._deferredlazyseek
                0x00003296       0x40 c:/nxp/mcuxpressoide_11.6.1_8255/ide/plugins/com.nxp.mcuxpresso.tools.win32_11.6.1.202207200623/tools/bin/../lib/gcc/arm-none-eabi/10.3.1/../../../../arm-none-eabi/lib/thumb/v7e-m+fp/hard\libcr_c.a(_deferredlazyseek.o)
                0x00003296                _deferredlazyseek
 .text.__flsbuf
                0x000032d6      0x140 c:/nxp/mcuxpressoide_11.6.1_8255/ide/plugins/com.nxp.mcuxpresso.tools.win32_11.6.1.202207200623/tools/bin/../lib/gcc/arm-none-eabi/10.3.1/../../../../arm-none-eabi/lib/thumb/v7e-m+fp/hard\libcr_c.a(_deferredlazyseek.o)
                0x000032d6                __flsbuf
 .text._fdopen  0x00003416       0x68 c:/nxp/mcuxpressoide_11.6.1_8255/ide/plugins/com.nxp.mcuxpresso.tools.win32_11.6.1.202207200623/tools/bin/../lib/gcc/arm-none-eabi/10.3.1/../../../../arm-none-eabi/lib/thumb/v7e-m+fp/hard\libcr_c.a(_fdopen.o)
                0x00003416                _fdopen
 .text._fflush  0x0000347e       0x52 c:/nxp/mcuxpressoide_11.6.1_8255/ide/plugins/com.nxp.mcuxpresso.tools.win32_11.6.1.202207200623/tools/bin/../lib/gcc/arm-none-eabi/10.3.1/../../../../arm-none-eabi/lib/thumb/v7e-m+fp/hard\libcr_c.a(_fflush.o)
                0x0000347e                _fflush
 .text.fclose   0x000034d0       0x58 c:/nxp/mcuxpressoide_11.6.1_8255/ide/plugins/com.nxp.mcuxpresso.tools.win32_11.6.1.202207200623/tools/bin/../lib/gcc/arm-none-eabi/10.3.1/../../../../arm-none-eabi/lib/thumb/v7e-m+fp/hard\libcr_c.a(fclose.o)
                0x000034d0                fclose
 .text.remove   0x00003528       0x14 c:/nxp/mcuxpressoide_11.6.1_8255/ide/plugins/com.nxp.mcuxpresso.tools.win32_11.6.1.202207200623/tools/bin/../lib/gcc/arm-none-eabi/10.3.1/../../../../arm-none-eabi/lib/thumb/v7e-m+fp/hard\libcr_c.a(remove.o)
                0x00003528                remove
 .text._do_fflush
                0x0000353c       0x40 c:/nxp/mcuxpressoide_11.6.1_8255/ide/plugins/com.nxp.mcuxpresso.tools.win32_11.6.1.202207200623/tools/bin/../lib/gcc/arm-none-eabi/10.3.1/../../../../arm-none-eabi/lib/thumb/v7e-m+fp/hard\libcr_c.a(_do_fflush.o)
                0x0000353c                _do_fflush
 .text.__aeabi_memcpy
                0x0000357c       0x34 c:/nxp/mcuxpressoide_11.6.1_8255/ide/plugins/com.nxp.mcuxpresso.tools.win32_11.6.1.202207200623/tools/bin/../lib/gcc/arm-none-eabi/10.3.1/thumb/v7e-m+fp/hard\libcr_eabihelpers.a(memcpy.o)
                0x0000357c                __aeabi_memcpy
                0x00003586                __aeabi_memcpy8
                0x00003586                __aeabi_memcpy4
 .text.__aeabi_memset_lowlevel
                0x000035b0       0x32 c:/nxp/mcuxpressoide_11.6.1_8255/ide/plugins/com.nxp.mcuxpresso.tools.win32_11.6.1.202207200623/tools/bin/../lib/gcc/arm-none-eabi/10.3.1/thumb/v7e-m+fp/hard\libcr_eabihelpers.a(memcpy.o)
                0x000035b0                __aeabi_lowlevel_memset
 .text.__sys_close
                0x000035e2        0xc c:/nxp/mcuxpressoide_11.6.1_8255/ide/plugins/com.nxp.mcuxpresso.tools.win32_11.6.1.202207200623/tools/bin/../lib/gcc/arm-none-eabi/10.3.1/../../../../arm-none-eabi/lib/thumb/v7e-m+fp/hard\libcr_semihost_nf.a(__sys_close.o)
                0x000035e2                __sys_close
 .text.__sys_flen
                0x000035ee        0xc c:/nxp/mcuxpressoide_11.6.1_8255/ide/plugins/com.nxp.mcuxpresso.tools.win32_11.6.1.202207200623/tools/bin/../lib/gcc/arm-none-eabi/10.3.1/../../../../arm-none-eabi/lib/thumb/v7e-m+fp/hard\libcr_semihost_nf.a(__sys_flen.o)
                0x000035ee                __sys_flen
 .text.__sys_istty
                0x000035fa        0xc c:/nxp/mcuxpressoide_11.6.1_8255/ide/plugins/com.nxp.mcuxpresso.tools.win32_11.6.1.202207200623/tools/bin/../lib/gcc/arm-none-eabi/10.3.1/../../../../arm-none-eabi/lib/thumb/v7e-m+fp/hard\libcr_semihost_nf.a(__sys_istty.o)
                0x000035fa                __sys_istty
 .text.__sys_remove
                0x00003606        0xc c:/nxp/mcuxpressoide_11.6.1_8255/ide/plugins/com.nxp.mcuxpresso.tools.win32_11.6.1.202207200623/tools/bin/../lib/gcc/arm-none-eabi/10.3.1/../../../../arm-none-eabi/lib/thumb/v7e-m+fp/hard\libcr_semihost_nf.a(__sys_remove.o)
                0x00003606                __sys_remove
 .text.__sys_seek
                0x00003612        0xc c:/nxp/mcuxpressoide_11.6.1_8255/ide/plugins/com.nxp.mcuxpresso.tools.win32_11.6.1.202207200623/tools/bin/../lib/gcc/arm-none-eabi/10.3.1/../../../../arm-none-eabi/lib/thumb/v7e-m+fp/hard\libcr_semihost_nf.a(__sys_seek.o)
                0x00003612                __sys_seek
 .text.__sys_tmpnam
                0x0000361e        0xc c:/nxp/mcuxpressoide_11.6.1_8255/ide/plugins/com.nxp.mcuxpresso.tools.win32_11.6.1.202207200623/tools/bin/../lib/gcc/arm-none-eabi/10.3.1/../../../../arm-none-eabi/lib/thumb/v7e-m+fp/hard\libcr_semihost_nf.a(__sys_tmpnam.o)
                0x0000361e                __sys_tmpnam
 .text.__sys_write
                0x0000362a        0xc c:/nxp/mcuxpressoide_11.6.1_8255/ide/plugins/com.nxp.mcuxpresso.tools.win32_11.6.1.202207200623/tools/bin/../lib/gcc/arm-none-eabi/10.3.1/../../../../arm-none-eabi/lib/thumb/v7e-m+fp/hard\libcr_semihost_nf.a(__sys_write.o)
                0x0000362a                __sys_write
 *(SORT_BY_ALIGNMENT(.rodata) SORT_BY_ALIGNMENT(.rodata.*) SORT_BY_ALIGNMENT(.constdata) SORT_BY_ALIGNMENT(.constdata.*))
 *fill*         0x00003636        0x2 ff
 .rodata.__assertion_failed.str1.4
                0x00003638       0x14 ./utilities/fsl_assert.o
 .rodata.main.str1.4
                0x0000364c       0x50 ./source/hello_world.o
 .rodata.CLOCK_GetMcgExtClkFreq.str1.4
                0x0000369c       0x49 ./drivers/fsl_clock.o
 *fill*         0x000036e5        0x3 ff
 .rodata.CLOCK_GetPll0Freq.str1.4
                0x000036e8       0x1d ./drivers/fsl_clock.o
 *fill*         0x00003705        0x3 ff
 .rodata.fllFactorTable.1
                0x00003708       0x10 ./drivers/fsl_clock.o
 .rodata.s_baudratePrescaler
                0x00003718       0x10 ./drivers/fsl_dspi.o
 .rodata.s_baudrateScaler
                0x00003728       0x40 ./drivers/fsl_dspi.o
 .rodata.s_delayPrescaler
                0x00003768       0x10 ./drivers/fsl_dspi.o
 .rodata.s_delayScaler
                0x00003778       0x40 ./drivers/fsl_dspi.o
 .rodata.s_dspiBases
                0x000037b8        0xc ./drivers/fsl_dspi.o
 .rodata.s_dspiClock
                0x000037c4        0xc ./drivers/fsl_dspi.o
 .rodata.DSPI_GetInstance.str1.4
                0x000037d0       0x34 ./drivers/fsl_dspi.o
 .rodata.DSPI_MasterInit.str1.4
                0x00003804       0x3f ./drivers/fsl_dspi.o
 *fill*         0x00003843        0x1 ff
 .rodata.DSPI_MasterSetDelayScaler.str1.4
                0x00003844       0x17 ./drivers/fsl_dspi.o
 *fill*         0x0000385b        0x1 ff
 .rodata.DSPI_MasterTransferBlocking.str1.4
                0x0000385c       0x22 ./drivers/fsl_dspi.o
 *fill*         0x0000387e        0x2 ff
 .rodata.SPI0_DriverIRQHandler.str1.4
                0x00003880       0x2a ./drivers/fsl_dspi.o
 *fill*         0x000038aa        0x2 ff
 .rodata.SPI1_DriverIRQHandler.str1.4
                0x000038ac       0x2a ./drivers/fsl_dspi.o
 *fill*         0x000038d6        0x2 ff
 .rodata.SPI2_DriverIRQHandler.str1.4
                0x000038d8       0x2a ./drivers/fsl_dspi.o
 *fill*         0x00003902        0x2 ff
 .rodata.GPIO_PinInit.str1.4
                0x00003904       0x20 ./drivers/fsl_gpio.o
 .rodata.simConfig_BOARD_BootClockRUN
                0x00003924        0x8 ./board/clock_config.o
                0x00003924                simConfig_BOARD_BootClockRUN
 .rodata.__num_Ciob_streams
                0x0000392c        0x4 c:/nxp/mcuxpressoide_11.6.1_8255/ide/plugins/com.nxp.mcuxpresso.tools.win32_11.6.1.202207200623/tools/bin/../lib/gcc/arm-none-eabi/10.3.1/../../../../arm-none-eabi/lib/thumb/v7e-m+fp/hard\libcr_semihost_nf.a(__ciob.o)
                0x0000392c                __num_Ciob_streams
 .rodata._Csys_alloc.str1.1
                0x00003930       0x18 c:/nxp/mcuxpressoide_11.6.1_8255/ide/plugins/com.nxp.mcuxpresso.tools.win32_11.6.1.202207200623/tools/bin/../lib/gcc/arm-none-eabi/10.3.1/../../../../arm-none-eabi/lib/thumb/v7e-m+fp/hard\libcr_c.a(alloc.o)
 .rodata._initio.str1.1
                0x00003948        0x4 c:/nxp/mcuxpressoide_11.6.1_8255/ide/plugins/com.nxp.mcuxpresso.tools.win32_11.6.1.202207200623/tools/bin/../lib/gcc/arm-none-eabi/10.3.1/../../../../arm-none-eabi/lib/thumb/v7e-m+fp/hard\libcr_c.a(initio.o)
 .rodata.__vfprintf.str1.1
                0x0000394c       0x37 c:/nxp/mcuxpressoide_11.6.1_8255/ide/plugins/com.nxp.mcuxpresso.tools.win32_11.6.1.202207200623/tools/bin/../lib/gcc/arm-none-eabi/10.3.1/../../../../arm-none-eabi/lib/thumb/v7e-m+fp/hard\libcr_c.a(printf.o)
                                 0x38 (size before relaxing)
                0x00003988                . = ALIGN (0x8)
 *fill*         0x00003983        0x5 ff
                0x00003988                _etext = .

.glue_7         0x00003988        0x0
 .glue_7        0x00003988        0x0 linker stubs

.glue_7t        0x00003988        0x0
 .glue_7t       0x00003988        0x0 linker stubs

.vfp11_veneer   0x00003988        0x0
 .vfp11_veneer  0x00003988        0x0 linker stubs

.v4_bx          0x00003988        0x0
 .v4_bx         0x00003988        0x0 linker stubs

.iplt           0x00003988        0x0
 .iplt          0x00003988        0x0 ./utilities/fsl_assert.o

.rel.dyn        0x00003988        0x0
 .rel.iplt      0x00003988        0x0 ./utilities/fsl_assert.o

.m_usb_data
 *(SORT_BY_ALIGNMENT(m_usb_bdt))

.data_RAM2      0x1fff0000        0x0 load address 0x00003988
 FILL mask 0xff
                [!provide]                PROVIDE (__start_data_RAM2 = .)
                [!provide]                PROVIDE (__start_data_SRAM_LOWER = .)
 *(SORT_BY_ALIGNMENT(.ramfunc.$RAM2))
 *(SORT_BY_ALIGNMENT(.ramfunc.$SRAM_LOWER))
 *(SORT_BY_ALIGNMENT(NonCacheable.init))
 *(SORT_BY_ALIGNMENT(.data.$RAM2))
 *(SORT_BY_ALIGNMENT(.data.$SRAM_LOWER))
 *(SORT_BY_ALIGNMENT(.data.$RAM2.*))
 *(SORT_BY_ALIGNMENT(.data.$SRAM_LOWER.*))
                0x1fff0000                . = ALIGN (0x8)
                [!provide]                PROVIDE (__end_data_RAM2 = .)
                [!provide]                PROVIDE (__end_data_SRAM_LOWER = .)

.data_RAM3      0x14000000        0x0 load address 0x00003988
 FILL mask 0xff
                [!provide]                PROVIDE (__start_data_RAM3 = .)
                [!provide]                PROVIDE (__start_data_FLEX_RAM = .)
 *(SORT_BY_ALIGNMENT(.ramfunc.$RAM3))
 *(SORT_BY_ALIGNMENT(.ramfunc.$FLEX_RAM))
 *(SORT_BY_ALIGNMENT(.data.$RAM3))
 *(SORT_BY_ALIGNMENT(.data.$FLEX_RAM))
 *(SORT_BY_ALIGNMENT(.data.$RAM3.*))
 *(SORT_BY_ALIGNMENT(.data.$FLEX_RAM.*))
                0x14000000                . = ALIGN (0x8)
                [!provide]                PROVIDE (__end_data_RAM3 = .)
                [!provide]                PROVIDE (__end_data_FLEX_RAM = .)

.uninit_RESERVED
                0x20000000        0x0
                0x20000000                _start_uninit_RESERVED = .
 *(SORT_BY_ALIGNMENT(.bss.$RESERVED*))
                0x20000000                . = ALIGN (0x8)
                0x20000000                _end_uninit_RESERVED = .

.data           0x20000000       0x10 load address 0x00003988
 FILL mask 0xff
                0x20000000                _data = .
                [!provide]                PROVIDE (__start_data_RAM = .)
                [!provide]                PROVIDE (__start_data_SRAM_UPPER = .)
 *(SORT_BY_ALIGNMENT(vtable))
 *(SORT_BY_ALIGNMENT(.ramfunc*))
 *(SORT_BY_ALIGNMENT(CodeQuickAccess))
 *(SORT_BY_ALIGNMENT(DataQuickAccess))
 *(SORT_BY_ALIGNMENT(RamFunction))
 *(SORT_BY_ALIGNMENT(.data*))
 .data.s_slowIrcFreq
                0x20000000        0x4 ./drivers/fsl_clock.o
 .data.s_fastIrcFreq
                0x20000004        0x4 ./drivers/fsl_clock.o
 .data.SystemCoreClock
                0x20000008        0x4 ./device/system_MK66F18.o
                0x20000008                SystemCoreClock
                0x20000010                . = ALIGN (0x8)
 *fill*         0x2000000c        0x4 ff
                0x20000010                _edata = .
                [!provide]                PROVIDE (__end_data_RAM = .)
                [!provide]                PROVIDE (__end_data_SRAM_UPPER = .)

.igot.plt       0x20000010        0x0 load address 0x00003998
 .igot.plt      0x20000010        0x0 ./utilities/fsl_assert.o

.bss_RAM2       0x1fff0000        0x0
                [!provide]                PROVIDE (__start_bss_RAM2 = .)
                [!provide]                PROVIDE (__start_bss_SRAM_LOWER = .)
 *(SORT_BY_ALIGNMENT(NonCacheable))
 *(SORT_BY_ALIGNMENT(.bss.$RAM2))
 *(SORT_BY_ALIGNMENT(.bss.$SRAM_LOWER))
 *(SORT_BY_ALIGNMENT(.bss.$RAM2.*))
 *(SORT_BY_ALIGNMENT(.bss.$SRAM_LOWER.*))
                0x1fff0000                . = ALIGN ((. != 0x0)?0x8:0x1)
                [!provide]                PROVIDE (__end_bss_RAM2 = .)
                [!provide]                PROVIDE (__end_bss_SRAM_LOWER = .)

.bss_RAM3       0x14000000        0x0
                [!provide]                PROVIDE (__start_bss_RAM3 = .)
                [!provide]                PROVIDE (__start_bss_FLEX_RAM = .)
 *(SORT_BY_ALIGNMENT(.bss.$RAM3))
 *(SORT_BY_ALIGNMENT(.bss.$FLEX_RAM))
 *(SORT_BY_ALIGNMENT(.bss.$RAM3.*))
 *(SORT_BY_ALIGNMENT(.bss.$FLEX_RAM.*))
                0x14000000                . = ALIGN ((. != 0x0)?0x8:0x1)
                [!provide]                PROVIDE (__end_bss_RAM3 = .)
                [!provide]                PROVIDE (__end_bss_FLEX_RAM = .)

.bss            0x20000010      0x120
                0x20000010                _bss = .
                [!provide]                PROVIDE (__start_bss_RAM = .)
                [!provide]                PROVIDE (__start_bss_SRAM_UPPER = .)
 *(SORT_BY_ALIGNMENT(.bss*))
 .bss.s_extPllFreq
                0x20000010        0x4 ./drivers/fsl_clock.o
 .bss.g_xtal0Freq
                0x20000014        0x4 ./drivers/fsl_clock.o
                0x20000014                g_xtal0Freq
 .bss.g_xtal32Freq
                0x20000018        0x4 ./drivers/fsl_clock.o
                0x20000018                g_xtal32Freq
 .bss.g_dspiHandle
                0x2000001c        0xc ./drivers/fsl_dspi.o
 .bss.s_dspiMasterIsr
                0x20000028        0x4 ./drivers/fsl_dspi.o
 .bss.s_dspiSlaveIsr
                0x2000002c        0x4 ./drivers/fsl_dspi.o
 .bss.g_dspiDummyData
                0x20000030        0x3 ./drivers/fsl_dspi.o
                0x20000030                g_dspiDummyData
 *fill*         0x20000033        0x1 
 .bss.s_i2cHandle
                0x20000034       0x10 ./drivers/fsl_i2c.o
 .bss.s_i2cMasterIsr
                0x20000044        0x4 ./drivers/fsl_i2c.o
 .bss.s_i2cSlaveIsr
                0x20000048        0x4 ./drivers/fsl_i2c.o
 .bss.s_lpuartHandle
                0x2000004c        0x4 ./drivers/fsl_lpuart.o
                0x2000004c                s_lpuartHandle
 .bss.s_lpuartIsr
                0x20000050        0x4 ./drivers/fsl_lpuart.o
                0x20000050                s_lpuartIsr
 .bss.s_uartHandle
                0x20000054       0x14 ./drivers/fsl_uart.o
                0x20000054                s_uartHandle
 .bss.s_uartIsr
                0x20000068        0x4 ./drivers/fsl_uart.o
                0x20000068                s_uartIsr
 .bss.__end_of_heap
                0x2000006c        0x4 c:/nxp/mcuxpressoide_11.6.1_8255/ide/plugins/com.nxp.mcuxpresso.tools.win32_11.6.1.202207200623/tools/bin/../lib/gcc/arm-none-eabi/10.3.1/../../../../arm-none-eabi/lib/thumb/v7e-m+fp/hard\libcr_c.a(__init_alloc.o)
                0x2000006c                __end_of_heap
 .bss.__heaps   0x20000070        0x4 c:/nxp/mcuxpressoide_11.6.1_8255/ide/plugins/com.nxp.mcuxpresso.tools.win32_11.6.1.202207200623/tools/bin/../lib/gcc/arm-none-eabi/10.3.1/../../../../arm-none-eabi/lib/thumb/v7e-m+fp/hard\libcr_c.a(__init_alloc.o)
                0x20000070                __heaps
 .bss.errno     0x20000074        0x4 c:/nxp/mcuxpressoide_11.6.1_8255/ide/plugins/com.nxp.mcuxpresso.tools.win32_11.6.1.202207200623/tools/bin/../lib/gcc/arm-none-eabi/10.3.1/../../../../arm-none-eabi/lib/thumb/v7e-m+fp/hard\libcr_c.a(errno.o)
                0x20000074                errno
 .bss.__Ciob    0x20000078       0xb4 c:/nxp/mcuxpressoide_11.6.1_8255/ide/plugins/com.nxp.mcuxpresso.tools.win32_11.6.1.202207200623/tools/bin/../lib/gcc/arm-none-eabi/10.3.1/../../../../arm-none-eabi/lib/thumb/v7e-m+fp/hard\libcr_semihost_nf.a(__ciob.o)
                0x20000078                __Ciob
 *(SORT_BY_ALIGNMENT(COMMON))
                0x20000130                . = ALIGN (0x8)
 *fill*         0x2000012c        0x4 
                0x20000130                _ebss = .
                [!provide]                PROVIDE (__end_bss_RAM = .)
                [!provide]                PROVIDE (__end_bss_SRAM_UPPER = .)
                [!provide]                PROVIDE (end = .)

.noinit_RAM2    0x1fff0000        0x0
                [!provide]                PROVIDE (__start_noinit_RAM2 = .)
                [!provide]                PROVIDE (__start_noinit_SRAM_LOWER = .)
 *(SORT_BY_ALIGNMENT(.noinit.$RAM2))
 *(SORT_BY_ALIGNMENT(.noinit.$SRAM_LOWER))
 *(SORT_BY_ALIGNMENT(.noinit.$RAM2.*))
 *(SORT_BY_ALIGNMENT(.noinit.$SRAM_LOWER.*))
                0x1fff0000                . = ALIGN (0x8)
                [!provide]                PROVIDE (__end_noinit_RAM2 = .)
                [!provide]                PROVIDE (__end_noinit_SRAM_LOWER = .)

.noinit_RAM3    0x14000000        0x0
                [!provide]                PROVIDE (__start_noinit_RAM3 = .)
                [!provide]                PROVIDE (__start_noinit_FLEX_RAM = .)
 *(SORT_BY_ALIGNMENT(.noinit.$RAM3))
 *(SORT_BY_ALIGNMENT(.noinit.$FLEX_RAM))
 *(SORT_BY_ALIGNMENT(.noinit.$RAM3.*))
 *(SORT_BY_ALIGNMENT(.noinit.$FLEX_RAM.*))
                0x14000000                . = ALIGN (0x8)
                [!provide]                PROVIDE (__end_noinit_RAM3 = .)
                [!provide]                PROVIDE (__end_noinit_FLEX_RAM = .)

.noinit         0x20000130        0x0
                0x20000130                _noinit = .
                [!provide]                PROVIDE (__start_noinit_RAM = .)
                [!provide]                PROVIDE (__start_noinit_SRAM_UPPER = .)
 *(SORT_BY_ALIGNMENT(.noinit*))
                0x20000130                . = ALIGN (0x8)
                0x20000130                _end_noinit = .
                [!provide]                PROVIDE (__end_noinit_RAM = .)
                [!provide]                PROVIDE (__end_noinit_SRAM_UPPER = .)

.ARM.extab
 *(SORT_BY_ALIGNMENT(.ARM.extab*) SORT_BY_ALIGNMENT(.gnu.linkonce.armextab.*))

.ARM.exidx      0x00003998        0x0
                0x00003998                __exidx_start = .
 *(SORT_BY_ALIGNMENT(.ARM.exidx*) SORT_BY_ALIGNMENT(.gnu.linkonce.armexidx.*))
                0x00003998                __exidx_end = .
                0x00001000                _HeapSize = 0x1000

.heap           0x20000130     0x1000
                0x20000130                _pvHeapStart = .
                0x20001130                . = (. + _HeapSize)
 *fill*         0x20000130     0x1000 
                0x20001130                . = ALIGN (0x8)
                0x20001130                _pvHeapLimit = .
                0x00001000                _StackSize = 0x1000

.heap2stackfill
                0x20001130     0x1000
                0x20002130                . = (. + _StackSize)
 *fill*         0x20001130     0x1000 

.stack          0x2002f000        0x0
                0x2002f000                _vStackBase = .
                0x2002f000                . = ALIGN (0x8)
                0x20030000                _vStackTop = (. + _StackSize)
                0x00000000                _image_start = LOADADDR (.text)
                0x00003998                _image_end = (LOADADDR (.data) + SIZEOF (.data))
                0x00003998                _image_size = (_image_end - _image_start)
OUTPUT(frdmk66f_hello_world.axf elf32-littlearm)
LOAD linker stubs

.debug_info     0x00000000     0xe66c
 .debug_info    0x00000000       0xaa ./utilities/fsl_assert.o
 .debug_info    0x000000aa      0xa44 ./startup/startup_mk66f18.o
 .debug_info    0x00000aee      0x90f ./source/hello_world.o
 .debug_info    0x000013fd       0x3c ./source/semihost_hardfault.o
 .debug_info    0x00001439     0x2950 ./drivers/fsl_clock.o
 .debug_info    0x00003d89     0x2685 ./drivers/fsl_dspi.o
 .debug_info    0x0000640e      0x69c ./drivers/fsl_gpio.o
 .debug_info    0x00006aaa     0x1f53 ./drivers/fsl_i2c.o
 .debug_info    0x000089fd     0x1e47 ./drivers/fsl_lpuart.o
 .debug_info    0x0000a844     0x209e ./drivers/fsl_uart.o
 .debug_info    0x0000c8e2      0xa4e ./device/system_MK66F18.o
 .debug_info    0x0000d330      0x190 ./board/board.o
 .debug_info    0x0000d4c0      0xcfe ./board/clock_config.o
 .debug_info    0x0000e1be      0x4ae ./board/pin_mux.o

.debug_abbrev   0x00000000     0x1d7a
 .debug_abbrev  0x00000000       0x66 ./utilities/fsl_assert.o
 .debug_abbrev  0x00000066      0x185 ./startup/startup_mk66f18.o
 .debug_abbrev  0x000001eb      0x1da ./source/hello_world.o
 .debug_abbrev  0x000003c5       0x31 ./source/semihost_hardfault.o
 .debug_abbrev  0x000003f6      0x362 ./drivers/fsl_clock.o
 .debug_abbrev  0x00000758      0x381 ./drivers/fsl_dspi.o
 .debug_abbrev  0x00000ad9      0x186 ./drivers/fsl_gpio.o
 .debug_abbrev  0x00000c5f      0x363 ./drivers/fsl_i2c.o
 .debug_abbrev  0x00000fc2      0x410 ./drivers/fsl_lpuart.o
 .debug_abbrev  0x000013d2      0x42e ./drivers/fsl_uart.o
 .debug_abbrev  0x00001800      0x148 ./device/system_MK66F18.o
 .debug_abbrev  0x00001948       0xc5 ./board/board.o
 .debug_abbrev  0x00001a0d      0x214 ./board/clock_config.o
 .debug_abbrev  0x00001c21      0x159 ./board/pin_mux.o

.debug_aranges  0x00000000      0xdf8
 .debug_aranges
                0x00000000       0x20 ./utilities/fsl_assert.o
 .debug_aranges
                0x00000020      0x3a0 ./startup/startup_mk66f18.o
 .debug_aranges
                0x000003c0       0x50 ./source/hello_world.o
 .debug_aranges
                0x00000410       0x20 ./source/semihost_hardfault.o
 .debug_aranges
                0x00000430      0x258 ./drivers/fsl_clock.o
 .debug_aranges
                0x00000688      0x1d8 ./drivers/fsl_dspi.o
 .debug_aranges
                0x00000860       0x40 ./drivers/fsl_gpio.o
 .debug_aranges
                0x000008a0      0x188 ./drivers/fsl_i2c.o
 .debug_aranges
                0x00000a28      0x138 ./drivers/fsl_lpuart.o
 .debug_aranges
                0x00000b60      0x1a8 ./drivers/fsl_uart.o
 .debug_aranges
                0x00000d08       0x30 ./device/system_MK66F18.o
 .debug_aranges
                0x00000d38       0x28 ./board/board.o
 .debug_aranges
                0x00000d60       0x60 ./board/clock_config.o
 .debug_aranges
                0x00000dc0       0x38 ./board/pin_mux.o

.debug_ranges   0x00000000      0xd18
 .debug_ranges  0x00000000       0x10 ./utilities/fsl_assert.o
 .debug_ranges  0x00000010      0x390 ./startup/startup_mk66f18.o
 .debug_ranges  0x000003a0       0x40 ./source/hello_world.o
 .debug_ranges  0x000003e0       0x10 ./source/semihost_hardfault.o
 .debug_ranges  0x000003f0      0x248 ./drivers/fsl_clock.o
 .debug_ranges  0x00000638      0x1c8 ./drivers/fsl_dspi.o
 .debug_ranges  0x00000800       0x30 ./drivers/fsl_gpio.o
 .debug_ranges  0x00000830      0x178 ./drivers/fsl_i2c.o
 .debug_ranges  0x000009a8      0x128 ./drivers/fsl_lpuart.o
 .debug_ranges  0x00000ad0      0x198 ./drivers/fsl_uart.o
 .debug_ranges  0x00000c68       0x20 ./device/system_MK66F18.o
 .debug_ranges  0x00000c88       0x18 ./board/board.o
 .debug_ranges  0x00000ca0       0x50 ./board/clock_config.o
 .debug_ranges  0x00000cf0       0x28 ./board/pin_mux.o

.debug_macro    0x00000000    0x1b069
 .debug_macro   0x00000000      0x12d ./utilities/fsl_assert.o
 .debug_macro   0x0000012d      0xacc ./utilities/fsl_assert.o
 .debug_macro   0x00000bf9       0x10 ./utilities/fsl_assert.o
 .debug_macro   0x00000c09       0x1c ./utilities/fsl_assert.o
 .debug_macro   0x00000c25       0x22 ./utilities/fsl_assert.o
 .debug_macro   0x00000c47      0x12e ./utilities/fsl_assert.o
 .debug_macro   0x00000d75      0x5b3 ./utilities/fsl_assert.o
 .debug_macro   0x00001328       0x22 ./utilities/fsl_assert.o
 .debug_macro   0x0000134a       0x10 ./utilities/fsl_assert.o
 .debug_macro   0x0000135a       0x56 ./utilities/fsl_assert.o
 .debug_macro   0x000013b0       0x1c ./utilities/fsl_assert.o
 .debug_macro   0x000013cc       0x22 ./utilities/fsl_assert.o
 .debug_macro   0x000013ee       0xfb ./utilities/fsl_assert.o
 .debug_macro   0x000014e9      0xeeb ./utilities/fsl_assert.o
 .debug_macro   0x000023d4       0x40 ./utilities/fsl_assert.o
 .debug_macro   0x00002414    0x1626f ./utilities/fsl_assert.o
 .debug_macro   0x00018683     0x14b0 ./utilities/fsl_assert.o
 .debug_macro   0x00019b33       0x7a ./utilities/fsl_assert.o
 .debug_macro   0x00019bad       0xaf ./utilities/fsl_assert.o
 .debug_macro   0x00019c5c      0x190 ./utilities/fsl_assert.o
 .debug_macro   0x00019dec       0x1c ./utilities/fsl_assert.o
 .debug_macro   0x00019e08       0xd2 ./utilities/fsl_assert.o
 .debug_macro   0x00019eda       0x1c ./utilities/fsl_assert.o
 .debug_macro   0x00019ef6       0x29 ./startup/startup_mk66f18.o
 .debug_macro   0x00019f1f      0x179 ./source/hello_world.o
 .debug_macro   0x0001a098       0x46 ./source/hello_world.o
 .debug_macro   0x0001a0de       0x22 ./source/hello_world.o
 .debug_macro   0x0001a100       0x16 ./source/hello_world.o
 .debug_macro   0x0001a116       0x16 ./source/hello_world.o
 .debug_macro   0x0001a12c      0x24f ./source/hello_world.o
 .debug_macro   0x0001a37b       0x40 ./source/hello_world.o
 .debug_macro   0x0001a3bb       0x11 ./source/semihost_hardfault.o
 .debug_macro   0x0001a3cc      0x1e4 ./drivers/fsl_clock.o
 .debug_macro   0x0001a5b0      0x121 ./drivers/fsl_dspi.o
 .debug_macro   0x0001a6d1       0x3a ./drivers/fsl_dspi.o
 .debug_macro   0x0001a70b      0x121 ./drivers/fsl_gpio.o
 .debug_macro   0x0001a82c       0x10 ./drivers/fsl_gpio.o
 .debug_macro   0x0001a83c      0x121 ./drivers/fsl_i2c.o
 .debug_macro   0x0001a95d       0x1c ./drivers/fsl_i2c.o
 .debug_macro   0x0001a979      0x121 ./drivers/fsl_lpuart.o
 .debug_macro   0x0001aa9a       0x10 ./drivers/fsl_lpuart.o
 .debug_macro   0x0001aaaa      0x127 ./drivers/fsl_uart.o
 .debug_macro   0x0001abd1       0x10 ./drivers/fsl_uart.o
 .debug_macro   0x0001abe1       0x98 ./device/system_MK66F18.o
 .debug_macro   0x0001ac79      0x163 ./board/board.o
 .debug_macro   0x0001addc       0x1c ./board/board.o
 .debug_macro   0x0001adf8      0x153 ./board/clock_config.o
 .debug_macro   0x0001af4b      0x11e ./board/pin_mux.o

.debug_line     0x00000000     0x9027
 .debug_line    0x00000000      0x372 ./utilities/fsl_assert.o
 .debug_line    0x00000372      0xa61 ./startup/startup_mk66f18.o
 .debug_line    0x00000dd3      0x5b1 ./source/hello_world.o
 .debug_line    0x00001384       0x59 ./source/semihost_hardfault.o
 .debug_line    0x000013dd     0x1826 ./drivers/fsl_clock.o
 .debug_line    0x00002c03     0x17d1 ./drivers/fsl_dspi.o
 .debug_line    0x000043d4      0x3f2 ./drivers/fsl_gpio.o
 .debug_line    0x000047c6     0x13cf ./drivers/fsl_i2c.o
 .debug_line    0x00005b95      0xfc5 ./drivers/fsl_lpuart.o
 .debug_line    0x00006b5a     0x1452 ./drivers/fsl_uart.o
 .debug_line    0x00007fac      0x422 ./device/system_MK66F18.o
 .debug_line    0x000083ce      0x400 ./board/board.o
 .debug_line    0x000087ce      0x489 ./board/clock_config.o
 .debug_line    0x00008c57      0x3d0 ./board/pin_mux.o

.debug_str      0x00000000    0xbe38d
 .debug_str     0x00000000    0xb50be ./utilities/fsl_assert.o
                              0xb515b (size before relaxing)
 .debug_str     0x000b50be      0x959 ./startup/startup_mk66f18.o
                               0x380e (size before relaxing)
 .debug_str     0x000b5a17     0x1b37 ./source/hello_world.o
                              0xb6c98 (size before relaxing)
 .debug_str     0x000b754e       0x1f ./source/semihost_hardfault.o
                               0x2e2a (size before relaxing)
 .debug_str     0x000b756d     0x2ced ./drivers/fsl_clock.o
                              0xb7cd6 (size before relaxing)
 .debug_str     0x000ba25a     0x131a ./drivers/fsl_dspi.o
                              0xb762e (size before relaxing)
 .debug_str     0x000bb574       0xe0 ./drivers/fsl_gpio.o
                              0xb58cd (size before relaxing)
 .debug_str     0x000bb654      0xc92 ./drivers/fsl_i2c.o
                              0xb6ec3 (size before relaxing)
 .debug_str     0x000bc2e6      0xf93 ./drivers/fsl_lpuart.o
                              0xb71b7 (size before relaxing)
 .debug_str     0x000bd279      0x9cf ./drivers/fsl_uart.o
                              0xb7128 (size before relaxing)
 .debug_str     0x000bdc48      0x127 ./device/system_MK66F18.o
                              0xb35d6 (size before relaxing)
 .debug_str     0x000bdd6f       0x8f ./board/board.o
                              0xb6236 (size before relaxing)
 .debug_str     0x000bddfe      0x442 ./board/clock_config.o
                              0xb6080 (size before relaxing)
 .debug_str     0x000be240      0x14d ./board/pin_mux.o
                              0xb543d (size before relaxing)

.comment        0x00000000       0x49
 .comment       0x00000000       0x49 ./utilities/fsl_assert.o
                                 0x4a (size before relaxing)
 .comment       0x00000049       0x4a ./startup/startup_mk66f18.o
 .comment       0x00000049       0x4a ./source/hello_world.o
 .comment       0x00000049       0x4a ./source/semihost_hardfault.o
 .comment       0x00000049       0x4a ./drivers/fsl_clock.o
 .comment       0x00000049       0x4a ./drivers/fsl_dspi.o
 .comment       0x00000049       0x4a ./drivers/fsl_gpio.o
 .comment       0x00000049       0x4a ./drivers/fsl_i2c.o
 .comment       0x00000049       0x4a ./drivers/fsl_lpuart.o
 .comment       0x00000049       0x4a ./drivers/fsl_uart.o
 .comment       0x00000049       0x4a ./device/system_MK66F18.o
 .comment       0x00000049       0x4a ./board/board.o
 .comment       0x00000049       0x4a ./board/clock_config.o
 .comment       0x00000049       0x4a ./board/pin_mux.o
 .comment       0x00000049       0x4a c:/nxp/mcuxpressoide_11.6.1_8255/ide/plugins/com.nxp.mcuxpresso.tools.win32_11.6.1.202207200623/tools/bin/../lib/gcc/arm-none-eabi/10.3.1/../../../../arm-none-eabi/lib/thumb/v7e-m+fp/hard\libcr_semihost_nf.a(_cr__main.o)
 .comment       0x00000049       0x4a c:/nxp/mcuxpressoide_11.6.1_8255/ide/plugins/com.nxp.mcuxpresso.tools.win32_11.6.1.202207200623/tools/bin/../lib/gcc/arm-none-eabi/10.3.1/../../../../arm-none-eabi/lib/thumb/v7e-m+fp/hard\libcr_c.a(memcpy.o)
 .comment       0x00000049       0x4a c:/nxp/mcuxpressoide_11.6.1_8255/ide/plugins/com.nxp.mcuxpresso.tools.win32_11.6.1.202207200623/tools/bin/../lib/gcc/arm-none-eabi/10.3.1/../../../../arm-none-eabi/lib/thumb/v7e-m+fp/hard\libcr_c.a(memset.o)
 .comment       0x00000049       0x4a c:/nxp/mcuxpressoide_11.6.1_8255/ide/plugins/com.nxp.mcuxpresso.tools.win32_11.6.1.202207200623/tools/bin/../lib/gcc/arm-none-eabi/10.3.1/../../../../arm-none-eabi/lib/thumb/v7e-m+fp/hard\libcr_c.a(alloc.o)
 .comment       0x00000049       0x4a c:/nxp/mcuxpressoide_11.6.1_8255/ide/plugins/com.nxp.mcuxpresso.tools.win32_11.6.1.202207200623/tools/bin/../lib/gcc/arm-none-eabi/10.3.1/../../../../arm-none-eabi/lib/thumb/v7e-m+fp/hard\libcr_c.a(initio.o)
 .comment       0x00000049       0x4a c:/nxp/mcuxpressoide_11.6.1_8255/ide/plugins/com.nxp.mcuxpresso.tools.win32_11.6.1.202207200623/tools/bin/../lib/gcc/arm-none-eabi/10.3.1/../../../../arm-none-eabi/lib/thumb/v7e-m+fp/hard\libcr_c.a(printf.o)
 .comment       0x00000049       0x4a c:/nxp/mcuxpressoide_11.6.1_8255/ide/plugins/com.nxp.mcuxpresso.tools.win32_11.6.1.202207200623/tools/bin/../lib/gcc/arm-none-eabi/10.3.1/../../../../arm-none-eabi/lib/thumb/v7e-m+fp/hard\libcr_c.a(setvbuf.o)
 .comment       0x00000049       0x4a c:/nxp/mcuxpressoide_11.6.1_8255/ide/plugins/com.nxp.mcuxpresso.tools.win32_11.6.1.202207200623/tools/bin/../lib/gcc/arm-none-eabi/10.3.1/../../../../arm-none-eabi/lib/thumb/v7e-m+fp/hard\libcr_c.a(strlen.o)
 .comment       0x00000049       0x4a c:/nxp/mcuxpressoide_11.6.1_8255/ide/plugins/com.nxp.mcuxpresso.tools.win32_11.6.1.202207200623/tools/bin/../lib/gcc/arm-none-eabi/10.3.1/../../../../arm-none-eabi/lib/thumb/v7e-m+fp/hard\libcr_c.a(__init_alloc.o)
 .comment       0x00000049       0x4a c:/nxp/mcuxpressoide_11.6.1_8255/ide/plugins/com.nxp.mcuxpresso.tools.win32_11.6.1.202207200623/tools/bin/../lib/gcc/arm-none-eabi/10.3.1/../../../../arm-none-eabi/lib/thumb/v7e-m+fp/hard\libcr_c.a(_cr_sbrk.o)
 .comment       0x00000049       0x4a c:/nxp/mcuxpressoide_11.6.1_8255/ide/plugins/com.nxp.mcuxpresso.tools.win32_11.6.1.202207200623/tools/bin/../lib/gcc/arm-none-eabi/10.3.1/../../../../arm-none-eabi/lib/thumb/v7e-m+fp/hard\libcr_c.a(_deferredlazyseek.o)
 .comment       0x00000049       0x4a c:/nxp/mcuxpressoide_11.6.1_8255/ide/plugins/com.nxp.mcuxpresso.tools.win32_11.6.1.202207200623/tools/bin/../lib/gcc/arm-none-eabi/10.3.1/../../../../arm-none-eabi/lib/thumb/v7e-m+fp/hard\libcr_c.a(_fdopen.o)
 .comment       0x00000049       0x4a c:/nxp/mcuxpressoide_11.6.1_8255/ide/plugins/com.nxp.mcuxpresso.tools.win32_11.6.1.202207200623/tools/bin/../lib/gcc/arm-none-eabi/10.3.1/../../../../arm-none-eabi/lib/thumb/v7e-m+fp/hard\libcr_c.a(_fflush.o)
 .comment       0x00000049       0x4a c:/nxp/mcuxpressoide_11.6.1_8255/ide/plugins/com.nxp.mcuxpresso.tools.win32_11.6.1.202207200623/tools/bin/../lib/gcc/arm-none-eabi/10.3.1/../../../../arm-none-eabi/lib/thumb/v7e-m+fp/hard\libcr_c.a(_writebuf.o)
 .comment       0x00000049       0x4a c:/nxp/mcuxpressoide_11.6.1_8255/ide/plugins/com.nxp.mcuxpresso.tools.win32_11.6.1.202207200623/tools/bin/../lib/gcc/arm-none-eabi/10.3.1/../../../../arm-none-eabi/lib/thumb/v7e-m+fp/hard\libcr_c.a(errno.o)
 .comment       0x00000049       0x4a c:/nxp/mcuxpressoide_11.6.1_8255/ide/plugins/com.nxp.mcuxpresso.tools.win32_11.6.1.202207200623/tools/bin/../lib/gcc/arm-none-eabi/10.3.1/../../../../arm-none-eabi/lib/thumb/v7e-m+fp/hard\libcr_c.a(fclose.o)
 .comment       0x00000049       0x4a c:/nxp/mcuxpressoide_11.6.1_8255/ide/plugins/com.nxp.mcuxpresso.tools.win32_11.6.1.202207200623/tools/bin/../lib/gcc/arm-none-eabi/10.3.1/../../../../arm-none-eabi/lib/thumb/v7e-m+fp/hard\libcr_c.a(fflush.o)
 .comment       0x00000049       0x4a c:/nxp/mcuxpressoide_11.6.1_8255/ide/plugins/com.nxp.mcuxpresso.tools.win32_11.6.1.202207200623/tools/bin/../lib/gcc/arm-none-eabi/10.3.1/../../../../arm-none-eabi/lib/thumb/v7e-m+fp/hard\libcr_c.a(fseek.o)
 .comment       0x00000049       0x4a c:/nxp/mcuxpressoide_11.6.1_8255/ide/plugins/com.nxp.mcuxpresso.tools.win32_11.6.1.202207200623/tools/bin/../lib/gcc/arm-none-eabi/10.3.1/../../../../arm-none-eabi/lib/thumb/v7e-m+fp/hard\libcr_c.a(ftell.o)
 .comment       0x00000049       0x4a c:/nxp/mcuxpressoide_11.6.1_8255/ide/plugins/com.nxp.mcuxpresso.tools.win32_11.6.1.202207200623/tools/bin/../lib/gcc/arm-none-eabi/10.3.1/../../../../arm-none-eabi/lib/thumb/v7e-m+fp/hard\libcr_c.a(remove.o)
 .comment       0x00000049       0x4a c:/nxp/mcuxpressoide_11.6.1_8255/ide/plugins/com.nxp.mcuxpresso.tools.win32_11.6.1.202207200623/tools/bin/../lib/gcc/arm-none-eabi/10.3.1/../../../../arm-none-eabi/lib/thumb/v7e-m+fp/hard\libcr_c.a(_cr_check_heap.o)
 .comment       0x00000049       0x4a c:/nxp/mcuxpressoide_11.6.1_8255/ide/plugins/com.nxp.mcuxpresso.tools.win32_11.6.1.202207200623/tools/bin/../lib/gcc/arm-none-eabi/10.3.1/../../../../arm-none-eabi/lib/thumb/v7e-m+fp/hard\libcr_c.a(_do_fflush.o)
 .comment       0x00000049       0x4a c:/nxp/mcuxpressoide_11.6.1_8255/ide/plugins/com.nxp.mcuxpresso.tools.win32_11.6.1.202207200623/tools/bin/../lib/gcc/arm-none-eabi/10.3.1/../../../../arm-none-eabi/lib/thumb/v7e-m+fp/hard\libcr_semihost_nf.a(__ciob.o)

.ARM.attributes
                0x00000000       0x32
 .ARM.attributes
                0x00000000       0x34 ./utilities/fsl_assert.o
 .ARM.attributes
                0x00000034       0x34 ./startup/startup_mk66f18.o
 .ARM.attributes
                0x00000068       0x34 ./source/hello_world.o
 .ARM.attributes
                0x0000009c       0x34 ./source/semihost_hardfault.o
 .ARM.attributes
                0x000000d0       0x34 ./drivers/fsl_clock.o
 .ARM.attributes
                0x00000104       0x34 ./drivers/fsl_dspi.o
 .ARM.attributes
                0x00000138       0x34 ./drivers/fsl_gpio.o
 .ARM.attributes
                0x0000016c       0x34 ./drivers/fsl_i2c.o
 .ARM.attributes
                0x000001a0       0x34 ./drivers/fsl_lpuart.o
 .ARM.attributes
                0x000001d4       0x34 ./drivers/fsl_uart.o
 .ARM.attributes
                0x00000208       0x34 ./device/system_MK66F18.o
 .ARM.attributes
                0x0000023c       0x34 ./board/board.o
 .ARM.attributes
                0x00000270       0x34 ./board/clock_config.o
 .ARM.attributes
                0x000002a4       0x34 ./board/pin_mux.o
 .ARM.attributes
                0x000002d8       0x34 c:/nxp/mcuxpressoide_11.6.1_8255/ide/plugins/com.nxp.mcuxpresso.tools.win32_11.6.1.202207200623/tools/bin/../lib/gcc/arm-none-eabi/10.3.1/../../../../arm-none-eabi/lib/thumb/v7e-m+fp/hard\libcr_semihost_nf.a(_cr__main.o)
 .ARM.attributes
                0x0000030c       0x34 c:/nxp/mcuxpressoide_11.6.1_8255/ide/plugins/com.nxp.mcuxpresso.tools.win32_11.6.1.202207200623/tools/bin/../lib/gcc/arm-none-eabi/10.3.1/../../../../arm-none-eabi/lib/thumb/v7e-m+fp/hard\libcr_c.a(memcpy.o)
 .ARM.attributes
                0x00000340       0x34 c:/nxp/mcuxpressoide_11.6.1_8255/ide/plugins/com.nxp.mcuxpresso.tools.win32_11.6.1.202207200623/tools/bin/../lib/gcc/arm-none-eabi/10.3.1/../../../../arm-none-eabi/lib/thumb/v7e-m+fp/hard\libcr_c.a(memset.o)
 .ARM.attributes
                0x00000374       0x34 c:/nxp/mcuxpressoide_11.6.1_8255/ide/plugins/com.nxp.mcuxpresso.tools.win32_11.6.1.202207200623/tools/bin/../lib/gcc/arm-none-eabi/10.3.1/../../../../arm-none-eabi/lib/thumb/v7e-m+fp/hard\libcr_c.a(alloc.o)
 .ARM.attributes
                0x000003a8       0x34 c:/nxp/mcuxpressoide_11.6.1_8255/ide/plugins/com.nxp.mcuxpresso.tools.win32_11.6.1.202207200623/tools/bin/../lib/gcc/arm-none-eabi/10.3.1/../../../../arm-none-eabi/lib/thumb/v7e-m+fp/hard\libcr_c.a(initio.o)
 .ARM.attributes
                0x000003dc       0x34 c:/nxp/mcuxpressoide_11.6.1_8255/ide/plugins/com.nxp.mcuxpresso.tools.win32_11.6.1.202207200623/tools/bin/../lib/gcc/arm-none-eabi/10.3.1/../../../../arm-none-eabi/lib/thumb/v7e-m+fp/hard\libcr_c.a(printf.o)
 .ARM.attributes
                0x00000410       0x34 c:/nxp/mcuxpressoide_11.6.1_8255/ide/plugins/com.nxp.mcuxpresso.tools.win32_11.6.1.202207200623/tools/bin/../lib/gcc/arm-none-eabi/10.3.1/../../../../arm-none-eabi/lib/thumb/v7e-m+fp/hard\libcr_c.a(setvbuf.o)
 .ARM.attributes
                0x00000444       0x34 c:/nxp/mcuxpressoide_11.6.1_8255/ide/plugins/com.nxp.mcuxpresso.tools.win32_11.6.1.202207200623/tools/bin/../lib/gcc/arm-none-eabi/10.3.1/../../../../arm-none-eabi/lib/thumb/v7e-m+fp/hard\libcr_c.a(strlen.o)
 .ARM.attributes
                0x00000478       0x34 c:/nxp/mcuxpressoide_11.6.1_8255/ide/plugins/com.nxp.mcuxpresso.tools.win32_11.6.1.202207200623/tools/bin/../lib/gcc/arm-none-eabi/10.3.1/../../../../arm-none-eabi/lib/thumb/v7e-m+fp/hard\libcr_c.a(__init_alloc.o)
 .ARM.attributes
                0x000004ac       0x34 c:/nxp/mcuxpressoide_11.6.1_8255/ide/plugins/com.nxp.mcuxpresso.tools.win32_11.6.1.202207200623/tools/bin/../lib/gcc/arm-none-eabi/10.3.1/../../../../arm-none-eabi/lib/thumb/v7e-m+fp/hard\libcr_c.a(_cr_sbrk.o)
 .ARM.attributes
                0x000004e0       0x34 c:/nxp/mcuxpressoide_11.6.1_8255/ide/plugins/com.nxp.mcuxpresso.tools.win32_11.6.1.202207200623/tools/bin/../lib/gcc/arm-none-eabi/10.3.1/../../../../arm-none-eabi/lib/thumb/v7e-m+fp/hard\libcr_c.a(_deferredlazyseek.o)
 .ARM.attributes
                0x00000514       0x34 c:/nxp/mcuxpressoide_11.6.1_8255/ide/plugins/com.nxp.mcuxpresso.tools.win32_11.6.1.202207200623/tools/bin/../lib/gcc/arm-none-eabi/10.3.1/../../../../arm-none-eabi/lib/thumb/v7e-m+fp/hard\libcr_c.a(_fdopen.o)
 .ARM.attributes
                0x00000548       0x34 c:/nxp/mcuxpressoide_11.6.1_8255/ide/plugins/com.nxp.mcuxpresso.tools.win32_11.6.1.202207200623/tools/bin/../lib/gcc/arm-none-eabi/10.3.1/../../../../arm-none-eabi/lib/thumb/v7e-m+fp/hard\libcr_c.a(_fflush.o)
 .ARM.attributes
                0x0000057c       0x34 c:/nxp/mcuxpressoide_11.6.1_8255/ide/plugins/com.nxp.mcuxpresso.tools.win32_11.6.1.202207200623/tools/bin/../lib/gcc/arm-none-eabi/10.3.1/../../../../arm-none-eabi/lib/thumb/v7e-m+fp/hard\libcr_c.a(_writebuf.o)
 .ARM.attributes
                0x000005b0       0x34 c:/nxp/mcuxpressoide_11.6.1_8255/ide/plugins/com.nxp.mcuxpresso.tools.win32_11.6.1.202207200623/tools/bin/../lib/gcc/arm-none-eabi/10.3.1/../../../../arm-none-eabi/lib/thumb/v7e-m+fp/hard\libcr_c.a(errno.o)
 .ARM.attributes
                0x000005e4       0x34 c:/nxp/mcuxpressoide_11.6.1_8255/ide/plugins/com.nxp.mcuxpresso.tools.win32_11.6.1.202207200623/tools/bin/../lib/gcc/arm-none-eabi/10.3.1/../../../../arm-none-eabi/lib/thumb/v7e-m+fp/hard\libcr_c.a(fclose.o)
 .ARM.attributes
                0x00000618       0x34 c:/nxp/mcuxpressoide_11.6.1_8255/ide/plugins/com.nxp.mcuxpresso.tools.win32_11.6.1.202207200623/tools/bin/../lib/gcc/arm-none-eabi/10.3.1/../../../../arm-none-eabi/lib/thumb/v7e-m+fp/hard\libcr_c.a(fflush.o)
 .ARM.attributes
                0x0000064c       0x34 c:/nxp/mcuxpressoide_11.6.1_8255/ide/plugins/com.nxp.mcuxpresso.tools.win32_11.6.1.202207200623/tools/bin/../lib/gcc/arm-none-eabi/10.3.1/../../../../arm-none-eabi/lib/thumb/v7e-m+fp/hard\libcr_c.a(fseek.o)
 .ARM.attributes
                0x00000680       0x34 c:/nxp/mcuxpressoide_11.6.1_8255/ide/plugins/com.nxp.mcuxpresso.tools.win32_11.6.1.202207200623/tools/bin/../lib/gcc/arm-none-eabi/10.3.1/../../../../arm-none-eabi/lib/thumb/v7e-m+fp/hard\libcr_c.a(ftell.o)
 .ARM.attributes
                0x000006b4       0x34 c:/nxp/mcuxpressoide_11.6.1_8255/ide/plugins/com.nxp.mcuxpresso.tools.win32_11.6.1.202207200623/tools/bin/../lib/gcc/arm-none-eabi/10.3.1/../../../../arm-none-eabi/lib/thumb/v7e-m+fp/hard\libcr_c.a(remove.o)
 .ARM.attributes
                0x000006e8       0x34 c:/nxp/mcuxpressoide_11.6.1_8255/ide/plugins/com.nxp.mcuxpresso.tools.win32_11.6.1.202207200623/tools/bin/../lib/gcc/arm-none-eabi/10.3.1/../../../../arm-none-eabi/lib/thumb/v7e-m+fp/hard\libcr_c.a(_cr_check_heap.o)
 .ARM.attributes
                0x0000071c       0x34 c:/nxp/mcuxpressoide_11.6.1_8255/ide/plugins/com.nxp.mcuxpresso.tools.win32_11.6.1.202207200623/tools/bin/../lib/gcc/arm-none-eabi/10.3.1/../../../../arm-none-eabi/lib/thumb/v7e-m+fp/hard\libcr_c.a(_do_fflush.o)
 .ARM.attributes
                0x00000750       0x20 c:/nxp/mcuxpressoide_11.6.1_8255/ide/plugins/com.nxp.mcuxpresso.tools.win32_11.6.1.202207200623/tools/bin/../lib/gcc/arm-none-eabi/10.3.1/thumb/v7e-m+fp/hard\libcr_eabihelpers.a(memcpy.o)
 .ARM.attributes
                0x00000770       0x34 c:/nxp/mcuxpressoide_11.6.1_8255/ide/plugins/com.nxp.mcuxpresso.tools.win32_11.6.1.202207200623/tools/bin/../lib/gcc/arm-none-eabi/10.3.1/../../../../arm-none-eabi/lib/thumb/v7e-m+fp/hard\libcr_semihost_nf.a(__ciob.o)
 .ARM.attributes
                0x000007a4       0x20 c:/nxp/mcuxpressoide_11.6.1_8255/ide/plugins/com.nxp.mcuxpresso.tools.win32_11.6.1.202207200623/tools/bin/../lib/gcc/arm-none-eabi/10.3.1/../../../../arm-none-eabi/lib/thumb/v7e-m+fp/hard\libcr_semihost_nf.a(__sys_appexit.o)
 .ARM.attributes
                0x000007c4       0x20 c:/nxp/mcuxpressoide_11.6.1_8255/ide/plugins/com.nxp.mcuxpresso.tools.win32_11.6.1.202207200623/tools/bin/../lib/gcc/arm-none-eabi/10.3.1/../../../../arm-none-eabi/lib/thumb/v7e-m+fp/hard\libcr_semihost_nf.a(__sys_close.o)
 .ARM.attributes
                0x000007e4       0x20 c:/nxp/mcuxpressoide_11.6.1_8255/ide/plugins/com.nxp.mcuxpresso.tools.win32_11.6.1.202207200623/tools/bin/../lib/gcc/arm-none-eabi/10.3.1/../../../../arm-none-eabi/lib/thumb/v7e-m+fp/hard\libcr_semihost_nf.a(__sys_flen.o)
 .ARM.attributes
                0x00000804       0x20 c:/nxp/mcuxpressoide_11.6.1_8255/ide/plugins/com.nxp.mcuxpresso.tools.win32_11.6.1.202207200623/tools/bin/../lib/gcc/arm-none-eabi/10.3.1/../../../../arm-none-eabi/lib/thumb/v7e-m+fp/hard\libcr_semihost_nf.a(__sys_istty.o)
 .ARM.attributes
                0x00000824       0x20 c:/nxp/mcuxpressoide_11.6.1_8255/ide/plugins/com.nxp.mcuxpresso.tools.win32_11.6.1.202207200623/tools/bin/../lib/gcc/arm-none-eabi/10.3.1/../../../../arm-none-eabi/lib/thumb/v7e-m+fp/hard\libcr_semihost_nf.a(__sys_remove.o)
 .ARM.attributes
                0x00000844       0x20 c:/nxp/mcuxpressoide_11.6.1_8255/ide/plugins/com.nxp.mcuxpresso.tools.win32_11.6.1.202207200623/tools/bin/../lib/gcc/arm-none-eabi/10.3.1/../../../../arm-none-eabi/lib/thumb/v7e-m+fp/hard\libcr_semihost_nf.a(__sys_seek.o)
 .ARM.attributes
                0x00000864       0x20 c:/nxp/mcuxpressoide_11.6.1_8255/ide/plugins/com.nxp.mcuxpresso.tools.win32_11.6.1.202207200623/tools/bin/../lib/gcc/arm-none-eabi/10.3.1/../../../../arm-none-eabi/lib/thumb/v7e-m+fp/hard\libcr_semihost_nf.a(__sys_tmpnam.o)
 .ARM.attributes
                0x00000884       0x20 c:/nxp/mcuxpressoide_11.6.1_8255/ide/plugins/com.nxp.mcuxpresso.tools.win32_11.6.1.202207200623/tools/bin/../lib/gcc/arm-none-eabi/10.3.1/../../../../arm-none-eabi/lib/thumb/v7e-m+fp/hard\libcr_semihost_nf.a(__sys_write.o)

.debug_frame    0x00000000     0x3494
 .debug_frame   0x00000000       0x30 ./utilities/fsl_assert.o
 .debug_frame   0x00000030      0xa4c ./startup/startup_mk66f18.o
 .debug_frame   0x00000a7c      0x10c ./source/hello_world.o
 .debug_frame   0x00000b88       0x20 ./source/semihost_hardfault.o
 .debug_frame   0x00000ba8      0xa38 ./drivers/fsl_clock.o
 .debug_frame   0x000015e0      0x834 ./drivers/fsl_dspi.o
 .debug_frame   0x00001e14       0xc8 ./drivers/fsl_gpio.o
 .debug_frame   0x00001edc      0x6b0 ./drivers/fsl_i2c.o
 .debug_frame   0x0000258c      0x54c ./drivers/fsl_lpuart.o
 .debug_frame   0x00002ad8      0x714 ./drivers/fsl_uart.o
 .debug_frame   0x000031ec       0x74 ./device/system_MK66F18.o
 .debug_frame   0x00003260       0x5c ./board/board.o
 .debug_frame   0x000032bc      0x140 ./board/clock_config.o
 .debug_frame   0x000033fc       0x98 ./board/pin_mux.o

Cross Reference Table

Symbol                                            File
ADC0_DriverIRQHandler                             ./startup/startup_mk66f18.o
ADC0_IRQHandler                                   ./startup/startup_mk66f18.o
ADC1_DriverIRQHandler                             ./startup/startup_mk66f18.o
ADC1_IRQHandler                                   ./startup/startup_mk66f18.o
BOARD_BootClockHSRUN                              ./board/clock_config.o
BOARD_BootClockRUN                                ./board/clock_config.o
BOARD_BootClockVLPR                               ./board/clock_config.o
BOARD_InitBootClocks                              ./board/clock_config.o
                                                  ./source/hello_world.o
BOARD_InitBootPins                                ./board/pin_mux.o
                                                  ./source/hello_world.o
BOARD_InitDebugConsole                            ./board/board.o
                                                  ./source/hello_world.o
BOARD_InitPins                                    ./board/pin_mux.o
BusFault_Handler                                  ./startup/startup_mk66f18.o
CAN0_Bus_Off_IRQHandler                           ./startup/startup_mk66f18.o
CAN0_DriverIRQHandler                             ./startup/startup_mk66f18.o
CAN0_Error_IRQHandler                             ./startup/startup_mk66f18.o
CAN0_ORed_Message_buffer_IRQHandler               ./startup/startup_mk66f18.o
CAN0_Rx_Warning_IRQHandler                        ./startup/startup_mk66f18.o
CAN0_Tx_Warning_IRQHandler                        ./startup/startup_mk66f18.o
CAN0_Wake_Up_IRQHandler                           ./startup/startup_mk66f18.o
CAN1_Bus_Off_IRQHandler                           ./startup/startup_mk66f18.o
CAN1_DriverIRQHandler                             ./startup/startup_mk66f18.o
CAN1_Error_IRQHandler                             ./startup/startup_mk66f18.o
CAN1_ORed_Message_buffer_IRQHandler               ./startup/startup_mk66f18.o
CAN1_Rx_Warning_IRQHandler                        ./startup/startup_mk66f18.o
CAN1_Tx_Warning_IRQHandler                        ./startup/startup_mk66f18.o
CAN1_Wake_Up_IRQHandler                           ./startup/startup_mk66f18.o
CLOCK_BootToBlpeMode                              ./drivers/fsl_clock.o
CLOCK_BootToBlpiMode                              ./drivers/fsl_clock.o
                                                  ./board/clock_config.o
CLOCK_BootToFeeMode                               ./drivers/fsl_clock.o
CLOCK_BootToFeiMode                               ./drivers/fsl_clock.o
CLOCK_BootToPeeMode                               ./drivers/fsl_clock.o
                                                  ./board/clock_config.o
CLOCK_CalcPllDiv                                  ./drivers/fsl_clock.o
CLOCK_ClearStatusFlags                            ./drivers/fsl_clock.o
CLOCK_DeinitOsc0                                  ./drivers/fsl_clock.o
CLOCK_DisableUsbhs0Clock                          ./drivers/fsl_clock.o
CLOCK_DisableUsbhs0PfdClock                       ./drivers/fsl_clock.o
CLOCK_DisableUsbhs0PhyPllClock                    ./drivers/fsl_clock.o
CLOCK_EnablePll0                                  ./drivers/fsl_clock.o
CLOCK_EnableUsbfs0Clock                           ./drivers/fsl_clock.o
CLOCK_EnableUsbhs0Clock                           ./drivers/fsl_clock.o
CLOCK_EnableUsbhs0PfdClock                        ./drivers/fsl_clock.o
CLOCK_EnableUsbhs0PhyPllClock                     ./drivers/fsl_clock.o
CLOCK_ExternalModeToFbeModeQuick                  ./drivers/fsl_clock.o
CLOCK_GetBusClkFreq                               ./drivers/fsl_clock.o
CLOCK_GetCoreSysClkFreq                           ./drivers/fsl_clock.o
                                                  ./board/board.o
CLOCK_GetEr32kClkFreq                             ./drivers/fsl_clock.o
CLOCK_GetExtPllFreq                               ./drivers/fsl_clock.o
CLOCK_GetFixedFreqClkFreq                         ./drivers/fsl_clock.o
CLOCK_GetFlashClkFreq                             ./drivers/fsl_clock.o
CLOCK_GetFlexBusClkFreq                           ./drivers/fsl_clock.o
CLOCK_GetFllFreq                                  ./drivers/fsl_clock.o
CLOCK_GetFreq                                     ./drivers/fsl_clock.o
CLOCK_GetInternalRefClkFreq                       ./drivers/fsl_clock.o
CLOCK_GetMode                                     ./drivers/fsl_clock.o
CLOCK_GetOsc0ErClkDivFreq                         ./drivers/fsl_clock.o
CLOCK_GetOsc0ErClkFreq                            ./drivers/fsl_clock.o