12:14:14 **** Build of configuration Debug for project frdmk66f_ecompass_peripheral ****
make -r -j4 all 
Building file: ../utilities/fsl_assert.c
Building file: ../utilities/fsl_debug_console.c
Building file: ../startup/startup_mk66f18.c
Building file: ../source/ecompass_peripheral.c
Invoking: MCU C Compiler
Invoking: MCU C Compiler
Invoking: MCU C Compiler
arm-none-eabi-gcc -std=gnu99 -D__REDLIB__ -DCPU_MK66FN2M0VMD18 -DCPU_MK66FN2M0VMD18_cm4 -DPRINTF_FLOAT_ENABLE=1 -DPRINTF_ADVANCED_ENABLE=1 -DSDK_I2C_BASED_COMPONENT_USED=1 -DFRDM_K66F -DFREEDOM -DMCUXPRESSO_SDK -DSDK_DEBUGCONSOLE=0 -D__MCUXPRESSO -D__USE_CMSIS -DDEBUG -I"C:\Users\wuz147\Desktop\lab1-problem5\frdmk66f_ecompass_peripheral\source" -I"C:\Users\wuz147\Desktop\lab1-problem5\frdmk66f_ecompass_peripheral\utilities" -I"C:\Users\wuz147\Desktop\lab1-problem5\frdmk66f_ecompass_peripheral\drivers" -I"C:\Users\wuz147\Desktop\lab1-problem5\frdmk66f_ecompass_peripheral\accel" -I"C:\Users\wuz147\Desktop\lab1-problem5\frdmk66f_ecompass_peripheral\device" -I"C:\Users\wuz147\Desktop\lab1-problem5\frdmk66f_ecompass_peripheral\component\uart" -I"C:\Users\wuz147\Desktop\lab1-problem5\frdmk66f_ecompass_peripheral\component\lists" -I"C:\Users\wuz147\Desktop\lab1-problem5\frdmk66f_ecompass_peripheral\CMSIS" -I"C:\Users\wuz147\Desktop\lab1-problem5\frdmk66f_ecompass_peripheral\board" -I"C:\Users\wuz147\Desktop\lab1-problem5\frdmk66f_ecompass_peripheral\frdmk66f\demo_apps\ecompass_peripheral" -O0 -fno-common -g3 -c -ffunction-sections -fdata-sections -ffreestanding -fno-builtin -fmerge-constants -fmacro-prefix-map="../utilities/"= -mcpu=cortex-m4 -mfpu=fpv4-sp-d16 -mfloat-abi=hard -mthumb -D__REDLIB__ -fstack-usage -specs=redlib.specs -MMD -MP -MF"utilities/fsl_assert.d" -MT"utilities/fsl_assert.o" -MT"utilities/fsl_assert.d" -o "utilities/fsl_assert.o" "../utilities/fsl_assert.c"
arm-none-eabi-gcc -std=gnu99 -D__REDLIB__ -DCPU_MK66FN2M0VMD18 -DCPU_MK66FN2M0VMD18_cm4 -DPRINTF_FLOAT_ENABLE=1 -DPRINTF_ADVANCED_ENABLE=1 -DSDK_I2C_BASED_COMPONENT_USED=1 -DFRDM_K66F -DFREEDOM -DMCUXPRESSO_SDK -DSDK_DEBUGCONSOLE=0 -D__MCUXPRESSO -D__USE_CMSIS -DDEBUG -I"C:\Users\wuz147\Desktop\lab1-problem5\frdmk66f_ecompass_peripheral\source" -I"C:\Users\wuz147\Desktop\lab1-problem5\frdmk66f_ecompass_peripheral\utilities" -I"C:\Users\wuz147\Desktop\lab1-problem5\frdmk66f_ecompass_peripheral\drivers" -I"C:\Users\wuz147\Desktop\lab1-problem5\frdmk66f_ecompass_peripheral\accel" -I"C:\Users\wuz147\Desktop\lab1-problem5\frdmk66f_ecompass_peripheral\device" -I"C:\Users\wuz147\Desktop\lab1-problem5\frdmk66f_ecompass_peripheral\component\uart" -I"C:\Users\wuz147\Desktop\lab1-problem5\frdmk66f_ecompass_peripheral\component\lists" -I"C:\Users\wuz147\Desktop\lab1-problem5\frdmk66f_ecompass_peripheral\CMSIS" -I"C:\Users\wuz147\Desktop\lab1-problem5\frdmk66f_ecompass_peripheral\board" -I"C:\Users\wuz147\Desktop\lab1-problem5\frdmk66f_ecompass_peripheral\frdmk66f\demo_apps\ecompass_peripheral" -O0 -fno-common -g3 -c -ffunction-sections -fdata-sections -ffreestanding -fno-builtin -fmerge-constants -fmacro-prefix-map="../utilities/"= -mcpu=cortex-m4 -mfpu=fpv4-sp-d16 -mfloat-abi=hard -mthumb -D__REDLIB__ -fstack-usage -specs=redlib.specs -MMD -MP -MF"utilities/fsl_debug_console.d" -MT"utilities/fsl_debug_console.o" -MT"utilities/fsl_debug_console.d" -o "utilities/fsl_debug_console.o" "../utilities/fsl_debug_console.c"
arm-none-eabi-gcc -std=gnu99 -D__REDLIB__ -DCPU_MK66FN2M0VMD18 -DCPU_MK66FN2M0VMD18_cm4 -DPRINTF_FLOAT_ENABLE=1 -DPRINTF_ADVANCED_ENABLE=1 -DSDK_I2C_BASED_COMPONENT_USED=1 -DFRDM_K66F -DFREEDOM -DMCUXPRESSO_SDK -DSDK_DEBUGCONSOLE=0 -D__MCUXPRESSO -D__USE_CMSIS -DDEBUG -I"C:\Users\wuz147\Desktop\lab1-problem5\frdmk66f_ecompass_peripheral\source" -I"C:\Users\wuz147\Desktop\lab1-problem5\frdmk66f_ecompass_peripheral\utilities" -I"C:\Users\wuz147\Desktop\lab1-problem5\frdmk66f_ecompass_peripheral\drivers" -I"C:\Users\wuz147\Desktop\lab1-problem5\frdmk66f_ecompass_peripheral\accel" -I"C:\Users\wuz147\Desktop\lab1-problem5\frdmk66f_ecompass_peripheral\device" -I"C:\Users\wuz147\Desktop\lab1-problem5\frdmk66f_ecompass_peripheral\component\uart" -I"C:\Users\wuz147\Desktop\lab1-problem5\frdmk66f_ecompass_peripheral\component\lists" -I"C:\Users\wuz147\Desktop\lab1-problem5\frdmk66f_ecompass_peripheral\CMSIS" -I"C:\Users\wuz147\Desktop\lab1-problem5\frdmk66f_ecompass_peripheral\board" -I"C:\Users\wuz147\Desktop\lab1-problem5\frdmk66f_ecompass_peripheral\frdmk66f\demo_apps\ecompass_peripheral" -O0 -fno-common -g3 -c -ffunction-sections -fdata-sections -ffreestanding -fno-builtin -fmerge-constants -fmacro-prefix-map="../startup/"= -mcpu=cortex-m4 -mfpu=fpv4-sp-d16 -mfloat-abi=hard -mthumb -D__REDLIB__ -fstack-usage -specs=redlib.specs -MMD -MP -MF"startup/startup_mk66f18.d" -MT"startup/startup_mk66f18.o" -MT"startup/startup_mk66f18.d" -o "startup/startup_mk66f18.o" "../startup/startup_mk66f18.c"
Invoking: MCU C Compiler
arm-none-eabi-gcc -std=gnu99 -D__REDLIB__ -DCPU_MK66FN2M0VMD18 -DCPU_MK66FN2M0VMD18_cm4 -DPRINTF_FLOAT_ENABLE=1 -DPRINTF_ADVANCED_ENABLE=1 -DSDK_I2C_BASED_COMPONENT_USED=1 -DFRDM_K66F -DFREEDOM -DMCUXPRESSO_SDK -DSDK_DEBUGCONSOLE=0 -D__MCUXPRESSO -D__USE_CMSIS -DDEBUG -I"C:\Users\wuz147\Desktop\lab1-problem5\frdmk66f_ecompass_peripheral\source" -I"C:\Users\wuz147\Desktop\lab1-problem5\frdmk66f_ecompass_peripheral\utilities" -I"C:\Users\wuz147\Desktop\lab1-problem5\frdmk66f_ecompass_peripheral\drivers" -I"C:\Users\wuz147\Desktop\lab1-problem5\frdmk66f_ecompass_peripheral\accel" -I"C:\Users\wuz147\Desktop\lab1-problem5\frdmk66f_ecompass_peripheral\device" -I"C:\Users\wuz147\Desktop\lab1-problem5\frdmk66f_ecompass_peripheral\component\uart" -I"C:\Users\wuz147\Desktop\lab1-problem5\frdmk66f_ecompass_peripheral\component\lists" -I"C:\Users\wuz147\Desktop\lab1-problem5\frdmk66f_ecompass_peripheral\CMSIS" -I"C:\Users\wuz147\Desktop\lab1-problem5\frdmk66f_ecompass_peripheral\board" -I"C:\Users\wuz147\Desktop\lab1-problem5\frdmk66f_ecompass_peripheral\frdmk66f\demo_apps\ecompass_peripheral" -O0 -fno-common -g3 -c -ffunction-sections -fdata-sections -ffreestanding -fno-builtin -fmerge-constants -fmacro-prefix-map="../source/"= -mcpu=cortex-m4 -mfpu=fpv4-sp-d16 -mfloat-abi=hard -mthumb -D__REDLIB__ -fstack-usage -specs=redlib.specs -MMD -MP -MF"source/ecompass_peripheral.d" -MT"source/ecompass_peripheral.o" -MT"source/ecompass_peripheral.d" -o "source/ecompass_peripheral.o" "../source/ecompass_peripheral.c"
../source/ecompass_peripheral.c: In function 'setupSPI':
../source/ecompass_peripheral.c:201:2: error: unknown type name 'dspi_master_config_t'; did you mean 'i2c_master_config_t'?
  201 |  dspi_master_config_t masterConfig;
      |  ^~~~~~~~~~~~~~~~~~~~
      |  i2c_master_config_t
../source/ecompass_peripheral.c:203:14: error: request for member 'whichCtar' in something not a structure or union
  203 |  masterConfig.whichCtar = kDSPI_Ctar0;
      |              ^
../source/ecompass_peripheral.c:203:27: error: 'kDSPI_Ctar0' undeclared (first use in this function)
  203 |  masterConfig.whichCtar = kDSPI_Ctar0;
      |                           ^~~~~~~~~~~
../source/ecompass_peripheral.c:203:27: note: each undeclared identifier is reported only once for each function it appears in
../source/ecompass_peripheral.c:204:14: error: request for member 'ctarConfig' in something not a structure or union
  204 |  masterConfig.ctarConfig.baudRate = 500000;
      |              ^
../source/ecompass_peripheral.c:205:14: error: request for member 'ctarConfig' in something not a structure or union
  205 |  masterConfig.ctarConfig.bitsPerFrame = 8U;
      |              ^
../source/ecompass_peripheral.c:206:14: error: request for member 'ctarConfig' in something not a structure or union
  206 |  masterConfig.ctarConfig.cpol =
      |              ^
../source/ecompass_peripheral.c:207:2: error: 'kDSPI_ClockPolarityActiveHigh' undeclared (first use in this function)
  207 |  kDSPI_ClockPolarityActiveHigh;
      |  ^~~~~~~~~~~~~~~~~~~~~~~~~~~~~
../source/ecompass_peripheral.c:208:14: error: request for member 'ctarConfig' in something not a structure or union
  208 |  masterConfig.ctarConfig.cpha = kDSPI_ClockPhaseFirstEdge;
      |              ^
../source/ecompass_peripheral.c:208:33: error: 'kDSPI_ClockPhaseFirstEdge' undeclared (first use in this function)
  208 |  masterConfig.ctarConfig.cpha = kDSPI_ClockPhaseFirstEdge;
      |                                 ^~~~~~~~~~~~~~~~~~~~~~~~~
../source/ecompass_peripheral.c:209:14: error: request for member 'ctarConfig' in something not a structure or union
  209 |  masterConfig.ctarConfig.direction = kDSPI_MsbFirst;
      |              ^
../source/ecompass_peripheral.c:209:38: error: 'kDSPI_MsbFirst' undeclared (first use in this function)
  209 |  masterConfig.ctarConfig.direction = kDSPI_MsbFirst;
      |                                      ^~~~~~~~~~~~~~
../source/ecompass_peripheral.c:210:14: error: request for member 'ctarConfig' in something not a structure or union
  210 |  masterConfig.ctarConfig.pcsToSckDelayInNanoSec = 1000000000U / 500000;
      |              ^
../source/ecompass_peripheral.c:211:14: error: request for member 'ctarConfig' in something not a structure or union
  211 |  masterConfig.ctarConfig.lastSckToPcsDelayInNanoSec = 1000000000U / 500000;
      |              ^
../source/ecompass_peripheral.c:212:14: error: request for member 'ctarConfig' in something not a structure or union
  212 |  masterConfig.ctarConfig.betweenTransferDelayInNanoSec = 1000000000U / 500000;
      |              ^
../source/ecompass_peripheral.c:213:14: error: request for member 'whichPcs' in something not a structure or union
  213 |  masterConfig.whichPcs = kDSPI_Pcs0;
      |              ^
../source/ecompass_peripheral.c:213:26: error: 'kDSPI_Pcs0' undeclared (first use in this function)
  213 |  masterConfig.whichPcs = kDSPI_Pcs0;
      |                          ^~~~~~~~~~
../source/ecompass_peripheral.c:214:14: error: request for member 'pcsActiveHighOrLow' in something not a structure or union
  214 |  masterConfig.pcsActiveHighOrLow = kDSPI_PcsActiveLow;
      |              ^
../source/ecompass_peripheral.c:214:36: error: 'kDSPI_PcsActiveLow' undeclared (first use in this function)
  214 |  masterConfig.pcsActiveHighOrLow = kDSPI_PcsActiveLow;
      |                                    ^~~~~~~~~~~~~~~~~~
../source/ecompass_peripheral.c:215:14: error: request for member 'enableContinuousSCK' in something not a structure or union
  215 |  masterConfig.enableContinuousSCK = false;
      |              ^
../source/ecompass_peripheral.c:216:14: error: request for member 'enableRxFifoOverWrite' in something not a structure or union
  216 |  masterConfig.enableRxFifoOverWrite = false;
      |              ^
../source/ecompass_peripheral.c:217:14: error: request for member 'enableModifiedTimingFormat' in something not a structure or union
  217 |  masterConfig.enableModifiedTimingFormat = false;
      |              ^
../source/ecompass_peripheral.c:218:14: error: request for member 'samplePoint' in something not a structure or union
  218 |  masterConfig.samplePoint = kDSPI_SckToSin0Clock;
      |              ^
../source/ecompass_peripheral.c:218:29: error: 'kDSPI_SckToSin0Clock' undeclared (first use in this function)
  218 |  masterConfig.samplePoint = kDSPI_SckToSin0Clock;
      |                             ^~~~~~~~~~~~~~~~~~~~
../source/ecompass_peripheral.c:219:2: warning: implicit declaration of function 'DSPI_MasterInit'; did you mean 'I2C_MasterInit'? [-Wimplicit-function-declaration]
  219 |  DSPI_MasterInit(SPI1, &masterConfig, BUS_CLK);
      |  ^~~~~~~~~~~~~~~
      |  I2C_MasterInit
../source/ecompass_peripheral.c: In function 'SPI_read':
../source/ecompass_peripheral.c:241:2: error: unknown type name 'dspi_transfer_t'
  241 |  dspi_transfer_t masterXfer;
      |  ^~~~~~~~~~~~~~~
../source/ecompass_peripheral.c:248:12: error: request for member 'txData' in something not a structure or union
  248 |  masterXfer.txData = masterTxData;
      |            ^
../source/ecompass_peripheral.c:249:12: error: request for member 'rxData' in something not a structure or union
  249 |  masterXfer.rxData = masterRxData;
      |            ^
../source/ecompass_peripheral.c:250:12: error: request for member 'dataSize' in something not a structure or union
  250 |  masterXfer.dataSize = rxBuffSize + 2;
      |            ^
../source/ecompass_peripheral.c:251:12: error: request for member 'configFlags' in something not a structure or union
  251 |  masterXfer.configFlags = kDSPI_MasterCtar0 | kDSPI_MasterPcs0 |
      |            ^
../source/ecompass_peripheral.c:251:27: error: 'kDSPI_MasterCtar0' undeclared (first use in this function)
  251 |  masterXfer.configFlags = kDSPI_MasterCtar0 | kDSPI_MasterPcs0 |
      |                           ^~~~~~~~~~~~~~~~~
Finished building: ../startup/startup_mk66f18.c
../source/ecompass_peripheral.c:251:47: error: 'kDSPI_MasterPcs0' undeclared (first use in this function)
  251 |  masterXfer.configFlags = kDSPI_MasterCtar0 | kDSPI_MasterPcs0 |
      |                                               ^~~~~~~~~~~~~~~~
 
../source/ecompass_peripheral.c:252:2: error: 'kDSPI_MasterPcsContinuous' undeclared (first use in this function)
  252 |  kDSPI_MasterPcsContinuous;
      |  ^~~~~~~~~~~~~~~~~~~~~~~~~
Building file: ../source/semihost_hardfault.c
../source/ecompass_peripheral.c:254:17: warning: implicit declaration of function 'DSPI_MasterTransferBlocking'; did you mean 'I2C_MasterTransferBlocking'? [-Wimplicit-function-declaration]
  254 |  status_t ret = DSPI_MasterTransferBlocking(SPI1, &masterXfer);
      |                 ^~~~~~~~~~~~~~~~~~~~~~~~~~~
      |                 I2C_MasterTransferBlocking
Invoking: MCU C Compiler
../source/ecompass_peripheral.c: In function 'SPI_write':
../source/ecompass_peripheral.c:264:2: error: unknown type name 'dspi_transfer_t'
  264 |  dspi_transfer_t masterXfer;
      |  ^~~~~~~~~~~~~~~
../source/ecompass_peripheral.c:271:12: error: request for member 'txData' in something not a structure or union
  271 |  masterXfer.txData = masterTxData;
      |            ^
../source/ecompass_peripheral.c:272:12: error: request for member 'rxData' in something not a structure or union
  272 |  masterXfer.rxData = NULL;
      |            ^
../source/ecompass_peripheral.c:273:12: error: request for member 'dataSize' in something not a structure or union
  273 |  masterXfer.dataSize = 3;
      |            ^
../source/ecompass_peripheral.c:274:12: error: request for member 'configFlags' in something not a structure or union
  274 |  masterXfer.configFlags = kDSPI_MasterCtar0 | kDSPI_MasterPcs0 |
      |            ^
arm-none-eabi-gcc -std=gnu99 -D__REDLIB__ -DCPU_MK66FN2M0VMD18 -DCPU_MK66FN2M0VMD18_cm4 -DPRINTF_FLOAT_ENABLE=1 -DPRINTF_ADVANCED_ENABLE=1 -DSDK_I2C_BASED_COMPONENT_USED=1 -DFRDM_K66F -DFREEDOM -DMCUXPRESSO_SDK -DSDK_DEBUGCONSOLE=0 -D__MCUXPRESSO -D__USE_CMSIS -DDEBUG -I"C:\Users\wuz147\Desktop\lab1-problem5\frdmk66f_ecompass_peripheral\source" -I"C:\Users\wuz147\Desktop\lab1-problem5\frdmk66f_ecompass_peripheral\utilities" -I"C:\Users\wuz147\Desktop\lab1-problem5\frdmk66f_ecompass_peripheral\drivers" -I"C:\Users\wuz147\Desktop\lab1-problem5\frdmk66f_ecompass_peripheral\accel" -I"C:\Users\wuz147\Desktop\lab1-problem5\frdmk66f_ecompass_peripheral\device" -I"C:\Users\wuz147\Desktop\lab1-problem5\frdmk66f_ecompass_peripheral\component\uart" -I"C:\Users\wuz147\Desktop\lab1-problem5\frdmk66f_ecompass_peripheral\component\lists" -I"C:\Users\wuz147\Desktop\lab1-problem5\frdmk66f_ecompass_peripheral\CMSIS" -I"C:\Users\wuz147\Desktop\lab1-problem5\frdmk66f_ecompass_peripheral\board" -I"C:\Users\wuz147\Desktop\lab1-problem5\frdmk66f_ecompass_peripheral\frdmk66f\demo_apps\ecompass_peripheral" -O0 -fno-common -g3 -c -ffunction-sections -fdata-sections -ffreestanding -fno-builtin -fmerge-constants -fmacro-prefix-map="../source/"= -mcpu=cortex-m4 -mfpu=fpv4-sp-d16 -mfloat-abi=hard -mthumb -D__REDLIB__ -fstack-usage -specs=redlib.specs -MMD -MP -MF"source/semihost_hardfault.d" -MT"source/semihost_hardfault.o" -MT"source/semihost_hardfault.d" -o "source/semihost_hardfault.o" "../source/semihost_hardfault.c"
Finished building: ../utilities/fsl_debug_console.c
Finished building: ../utilities/fsl_assert.c
../source/ecompass_peripheral.c:274:27: error: 'kDSPI_MasterCtar0' undeclared (first use in this function)
  274 |  masterXfer.configFlags = kDSPI_MasterCtar0 | kDSPI_MasterPcs0 |
      |                           ^~~~~~~~~~~~~~~~~
 
 
../source/ecompass_peripheral.c:274:47: error: 'kDSPI_MasterPcs0' undeclared (first use in this function)
  274 |  masterXfer.configFlags = kDSPI_MasterCtar0 | kDSPI_MasterPcs0 |
      |                                               ^~~~~~~~~~~~~~~~
Building file: ../drivers/fsl_clock.c
Building file: ../drivers/fsl_common.c
Invoking: MCU C Compiler
Invoking: MCU C Compiler
arm-none-eabi-gcc -std=gnu99 -D__REDLIB__ -DCPU_MK66FN2M0VMD18 -DCPU_MK66FN2M0VMD18_cm4 -DPRINTF_FLOAT_ENABLE=1 -DPRINTF_ADVANCED_ENABLE=1 -DSDK_I2C_BASED_COMPONENT_USED=1 -DFRDM_K66F -DFREEDOM -DMCUXPRESSO_SDK -DSDK_DEBUGCONSOLE=0 -D__MCUXPRESSO -D__USE_CMSIS -DDEBUG -I"C:\Users\wuz147\Desktop\lab1-problem5\frdmk66f_ecompass_peripheral\source" -I"C:\Users\wuz147\Desktop\lab1-problem5\frdmk66f_ecompass_peripheral\utilities" -I"C:\Users\wuz147\Desktop\lab1-problem5\frdmk66f_ecompass_peripheral\drivers" -I"C:\Users\wuz147\Desktop\lab1-problem5\frdmk66f_ecompass_peripheral\accel" -I"C:\Users\wuz147\Desktop\lab1-problem5\frdmk66f_ecompass_peripheral\device" -I"C:\Users\wuz147\Desktop\lab1-problem5\frdmk66f_ecompass_peripheral\component\uart" -I"C:\Users\wuz147\Desktop\lab1-problem5\frdmk66f_ecompass_peripheral\component\lists" -I"C:\Users\wuz147\Desktop\lab1-problem5\frdmk66f_ecompass_peripheral\CMSIS" -I"C:\Users\wuz147\Desktop\lab1-problem5\frdmk66f_ecompass_peripheral\board" -I"C:\Users\wuz147\Desktop\lab1-problem5\frdmk66f_ecompass_peripheral\frdmk66f\demo_apps\ecompass_peripheral" -O0 -fno-common -g3 -c -ffunction-sections -fdata-sections -ffreestanding -fno-builtin -fmerge-constants -fmacro-prefix-map="../drivers/"= -mcpu=cortex-m4 -mfpu=fpv4-sp-d16 -mfloat-abi=hard -mthumb -D__REDLIB__ -fstack-usage -specs=redlib.specs -MMD -MP -MF"drivers/fsl_clock.d" -MT"drivers/fsl_clock.o" -MT"drivers/fsl_clock.d" -o "drivers/fsl_clock.o" "../drivers/fsl_clock.c"
arm-none-eabi-gcc -std=gnu99 -D__REDLIB__ -DCPU_MK66FN2M0VMD18 -DCPU_MK66FN2M0VMD18_cm4 -DPRINTF_FLOAT_ENABLE=1 -DPRINTF_ADVANCED_ENABLE=1 -DSDK_I2C_BASED_COMPONENT_USED=1 -DFRDM_K66F -DFREEDOM -DMCUXPRESSO_SDK -DSDK_DEBUGCONSOLE=0 -D__MCUXPRESSO -D__USE_CMSIS -DDEBUG -I"C:\Users\wuz147\Desktop\lab1-problem5\frdmk66f_ecompass_peripheral\source" -I"C:\Users\wuz147\Desktop\lab1-problem5\frdmk66f_ecompass_peripheral\utilities" -I"C:\Users\wuz147\Desktop\lab1-problem5\frdmk66f_ecompass_peripheral\drivers" -I"C:\Users\wuz147\Desktop\lab1-problem5\frdmk66f_ecompass_peripheral\accel" -I"C:\Users\wuz147\Desktop\lab1-problem5\frdmk66f_ecompass_peripheral\device" -I"C:\Users\wuz147\Desktop\lab1-problem5\frdmk66f_ecompass_peripheral\component\uart" -I"C:\Users\wuz147\Desktop\lab1-problem5\frdmk66f_ecompass_peripheral\component\lists" -I"C:\Users\wuz147\Desktop\lab1-problem5\frdmk66f_ecompass_peripheral\CMSIS" -I"C:\Users\wuz147\Desktop\lab1-problem5\frdmk66f_ecompass_peripheral\board" -I"C:\Users\wuz147\Desktop\lab1-problem5\frdmk66f_ecompass_peripheral\frdmk66f\demo_apps\ecompass_peripheral" -O0 -fno-common -g3 -c -ffunction-sections -fdata-sections -ffreestanding -fno-builtin -fmerge-constants -fmacro-prefix-map="../drivers/"= -mcpu=cortex-m4 -mfpu=fpv4-sp-d16 -mfloat-abi=hard -mthumb -D__REDLIB__ -fstack-usage -specs=redlib.specs -MMD -MP -MF"drivers/fsl_common.d" -MT"drivers/fsl_common.o" -MT"drivers/fsl_common.d" -o "drivers/fsl_common.o" "../drivers/fsl_common.c"
../source/ecompass_peripheral.c:275:3: error: 'kDSPI_MasterPcsContinuous' undeclared (first use in this function)
  275 |   kDSPI_MasterPcsContinuous;
      |   ^~~~~~~~~~~~~~~~~~~~~~~~~
make[1]: *** [source/subdir.mk:23: source/ecompass_peripheral.o] Error 1
make[1]: *** Waiting for unfinished jobs....
Finished building: ../source/semihost_hardfault.c
 
Finished building: ../drivers/fsl_common.c
 
Finished building: ../drivers/fsl_clock.c
 
make: *** [makefile:45: all] Error 2
"make -r -j4 all" terminated with exit code 2. Build might be incomplete.
12:15:28 **** Incremental Build of configuration Debug for project frdmk66f_ecompass_peripheral ****
make -r -j4 all 
Building file: ../utilities/fsl_assert.c
Building file: ../utilities/fsl_debug_console.c
Building file: ../startup/startup_mk66f18.c
Building file: ../source/ecompass_peripheral.c
Invoking: MCU C Compiler
Invoking: MCU C Compiler
arm-none-eabi-gcc -std=gnu99 -D__REDLIB__ -DCPU_MK66FN2M0VMD18 -DCPU_MK66FN2M0VMD18_cm4 -DPRINTF_FLOAT_ENABLE=1 -DPRINTF_ADVANCED_ENABLE=1 -DSDK_I2C_BASED_COMPONENT_USED=1 -DFRDM_K66F -DFREEDOM -DMCUXPRESSO_SDK -DSDK_DEBUGCONSOLE=0 -D__MCUXPRESSO -D__USE_CMSIS -DDEBUG -DSDK_OS_BAREMETAL -I"C:\Users\wuz147\Desktop\lab1-problem5\frdmk66f_ecompass_peripheral\utilities" -I"C:\Users\wuz147\Desktop\lab1-problem5\frdmk66f_ecompass_peripheral\drivers" -I"C:\Users\wuz147\Desktop\lab1-problem5\frdmk66f_ecompass_peripheral\accel" -I"C:\Users\wuz147\Desktop\lab1-problem5\frdmk66f_ecompass_peripheral\device" -I"C:\Users\wuz147\Desktop\lab1-problem5\frdmk66f_ecompass_peripheral\component\uart" -I"C:\Users\wuz147\Desktop\lab1-problem5\frdmk66f_ecompass_peripheral\component\lists" -I"C:\Users\wuz147\Desktop\lab1-problem5\frdmk66f_ecompass_peripheral\CMSIS" -I"C:\Users\wuz147\Desktop\lab1-problem5\frdmk66f_ecompass_peripheral\board" -I"C:\Users\wuz147\Desktop\lab1-problem5\frdmk66f_ecompass_peripheral\source" -I"C:\Users\wuz147\Desktop\lab1-problem5\frdmk66f_ecompass_peripheral\utilities" -I"C:\Users\wuz147\Desktop\lab1-problem5\frdmk66f_ecompass_peripheral\drivers" -I"C:\Users\wuz147\Desktop\lab1-problem5\frdmk66f_ecompass_peripheral\accel" -I"C:\Users\wuz147\Desktop\lab1-problem5\frdmk66f_ecompass_peripheral\device" -I"C:\Users\wuz147\Desktop\lab1-problem5\frdmk66f_ecompass_peripheral\component\uart" -I"C:\Users\wuz147\Desktop\lab1-problem5\frdmk66f_ecompass_peripheral\component\lists" -I"C:\Users\wuz147\Desktop\lab1-problem5\frdmk66f_ecompass_peripheral\CMSIS" -I"C:\Users\wuz147\Desktop\lab1-problem5\frdmk66f_ecompass_peripheral\board" -I"C:\Users\wuz147\Desktop\lab1-problem5\frdmk66f_ecompass_peripheral\frdmk66f\demo_apps\ecompass_peripheral" -O0 -fno-common -g3 -c -ffunction-sections -fdata-sections -ffreestanding -fno-builtin -fmerge-constants -fmacro-prefix-map="../utilities/"= -mcpu=cortex-m4 -mfpu=fpv4-sp-d16 -mfloat-abi=hard -mthumb -D__REDLIB__ -fstack-usage -specs=redlib.specs -MMD -MP -MF"utilities/fsl_assert.d" -MT"utilities/fsl_assert.o" -MT"utilities/fsl_assert.d" -o "utilities/fsl_assert.o" "../utilities/fsl_assert.c"
Invoking: MCU C Compiler
Invoking: MCU C Compiler
arm-none-eabi-gcc -std=gnu99 -D__REDLIB__ -DCPU_MK66FN2M0VMD18 -DCPU_MK66FN2M0VMD18_cm4 -DPRINTF_FLOAT_ENABLE=1 -DPRINTF_ADVANCED_ENABLE=1 -DSDK_I2C_BASED_COMPONENT_USED=1 -DFRDM_K66F -DFREEDOM -DMCUXPRESSO_SDK -DSDK_DEBUGCONSOLE=0 -D__MCUXPRESSO -D__USE_CMSIS -DDEBUG -DSDK_OS_BAREMETAL -I"C:\Users\wuz147\Desktop\lab1-problem5\frdmk66f_ecompass_peripheral\utilities" -I"C:\Users\wuz147\Desktop\lab1-problem5\frdmk66f_ecompass_peripheral\drivers" -I"C:\Users\wuz147\Desktop\lab1-problem5\frdmk66f_ecompass_peripheral\accel" -I"C:\Users\wuz147\Desktop\lab1-problem5\frdmk66f_ecompass_peripheral\device" -I"C:\Users\wuz147\Desktop\lab1-problem5\frdmk66f_ecompass_peripheral\component\uart" -I"C:\Users\wuz147\Desktop\lab1-problem5\frdmk66f_ecompass_peripheral\component\lists" -I"C:\Users\wuz147\Desktop\lab1-problem5\frdmk66f_ecompass_peripheral\CMSIS" -I"C:\Users\wuz147\Desktop\lab1-problem5\frdmk66f_ecompass_peripheral\board" -I"C:\Users\wuz147\Desktop\lab1-problem5\frdmk66f_ecompass_peripheral\source" -I"C:\Users\wuz147\Desktop\lab1-problem5\frdmk66f_ecompass_peripheral\utilities" -I"C:\Users\wuz147\Desktop\lab1-problem5\frdmk66f_ecompass_peripheral\drivers" -I"C:\Users\wuz147\Desktop\lab1-problem5\frdmk66f_ecompass_peripheral\accel" -I"C:\Users\wuz147\Desktop\lab1-problem5\frdmk66f_ecompass_peripheral\device" -I"C:\Users\wuz147\Desktop\lab1-problem5\frdmk66f_ecompass_peripheral\component\uart" -I"C:\Users\wuz147\Desktop\lab1-problem5\frdmk66f_ecompass_peripheral\component\lists" -I"C:\Users\wuz147\Desktop\lab1-problem5\frdmk66f_ecompass_peripheral\CMSIS" -I"C:\Users\wuz147\Desktop\lab1-problem5\frdmk66f_ecompass_peripheral\board" -I"C:\Users\wuz147\Desktop\lab1-problem5\frdmk66f_ecompass_peripheral\frdmk66f\demo_apps\ecompass_peripheral" -O0 -fno-common -g3 -c -ffunction-sections -fdata-sections -ffreestanding -fno-builtin -fmerge-constants -fmacro-prefix-map="../utilities/"= -mcpu=cortex-m4 -mfpu=fpv4-sp-d16 -mfloat-abi=hard -mthumb -D__REDLIB__ -fstack-usage -specs=redlib.specs -MMD -MP -MF"utilities/fsl_debug_console.d" -MT"utilities/fsl_debug_console.o" -MT"utilities/fsl_debug_console.d" -o "utilities/fsl_debug_console.o" "../utilities/fsl_debug_console.c"
arm-none-eabi-gcc -std=gnu99 -D__REDLIB__ -DCPU_MK66FN2M0VMD18 -DCPU_MK66FN2M0VMD18_cm4 -DPRINTF_FLOAT_ENABLE=1 -DPRINTF_ADVANCED_ENABLE=1 -DSDK_I2C_BASED_COMPONENT_USED=1 -DFRDM_K66F -DFREEDOM -DMCUXPRESSO_SDK -DSDK_DEBUGCONSOLE=0 -D__MCUXPRESSO -D__USE_CMSIS -DDEBUG -DSDK_OS_BAREMETAL -I"C:\Users\wuz147\Desktop\lab1-problem5\frdmk66f_ecompass_peripheral\utilities" -I"C:\Users\wuz147\Desktop\lab1-problem5\frdmk66f_ecompass_peripheral\drivers" -I"C:\Users\wuz147\Desktop\lab1-problem5\frdmk66f_ecompass_peripheral\accel" -I"C:\Users\wuz147\Desktop\lab1-problem5\frdmk66f_ecompass_peripheral\device" -I"C:\Users\wuz147\Desktop\lab1-problem5\frdmk66f_ecompass_peripheral\component\uart" -I"C:\Users\wuz147\Desktop\lab1-problem5\frdmk66f_ecompass_peripheral\component\lists" -I"C:\Users\wuz147\Desktop\lab1-problem5\frdmk66f_ecompass_peripheral\CMSIS" -I"C:\Users\wuz147\Desktop\lab1-problem5\frdmk66f_ecompass_peripheral\board" -I"C:\Users\wuz147\Desktop\lab1-problem5\frdmk66f_ecompass_peripheral\source" -I"C:\Users\wuz147\Desktop\lab1-problem5\frdmk66f_ecompass_peripheral\utilities" -I"C:\Users\wuz147\Desktop\lab1-problem5\frdmk66f_ecompass_peripheral\drivers" -I"C:\Users\wuz147\Desktop\lab1-problem5\frdmk66f_ecompass_peripheral\accel" -I"C:\Users\wuz147\Desktop\lab1-problem5\frdmk66f_ecompass_peripheral\device" -I"C:\Users\wuz147\Desktop\lab1-problem5\frdmk66f_ecompass_peripheral\component\uart" -I"C:\Users\wuz147\Desktop\lab1-problem5\frdmk66f_ecompass_peripheral\component\lists" -I"C:\Users\wuz147\Desktop\lab1-problem5\frdmk66f_ecompass_peripheral\CMSIS" -I"C:\Users\wuz147\Desktop\lab1-problem5\frdmk66f_ecompass_peripheral\board" -I"C:\Users\wuz147\Desktop\lab1-problem5\frdmk66f_ecompass_peripheral\frdmk66f\demo_apps\ecompass_peripheral" -O0 -fno-common -g3 -c -ffunction-sections -fdata-sections -ffreestanding -fno-builtin -fmerge-constants -fmacro-prefix-map="../startup/"= -mcpu=cortex-m4 -mfpu=fpv4-sp-d16 -mfloat-abi=hard -mthumb -D__REDLIB__ -fstack-usage -specs=redlib.specs -MMD -MP -MF"startup/startup_mk66f18.d" -MT"startup/startup_mk66f18.o" -MT"startup/startup_mk66f18.d" -o "startup/startup_mk66f18.o" "../startup/startup_mk66f18.c"
arm-none-eabi-gcc -std=gnu99 -D__REDLIB__ -DCPU_MK66FN2M0VMD18 -DCPU_MK66FN2M0VMD18_cm4 -DPRINTF_FLOAT_ENABLE=1 -DPRINTF_ADVANCED_ENABLE=1 -DSDK_I2C_BASED_COMPONENT_USED=1 -DFRDM_K66F -DFREEDOM -DMCUXPRESSO_SDK -DSDK_DEBUGCONSOLE=0 -D__MCUXPRESSO -D__USE_CMSIS -DDEBUG -DSDK_OS_BAREMETAL -I"C:\Users\wuz147\Desktop\lab1-problem5\frdmk66f_ecompass_peripheral\utilities" -I"C:\Users\wuz147\Desktop\lab1-problem5\frdmk66f_ecompass_peripheral\drivers" -I"C:\Users\wuz147\Desktop\lab1-problem5\frdmk66f_ecompass_peripheral\accel" -I"C:\Users\wuz147\Desktop\lab1-problem5\frdmk66f_ecompass_peripheral\device" -I"C:\Users\wuz147\Desktop\lab1-problem5\frdmk66f_ecompass_peripheral\component\uart" -I"C:\Users\wuz147\Desktop\lab1-problem5\frdmk66f_ecompass_peripheral\component\lists" -I"C:\Users\wuz147\Desktop\lab1-problem5\frdmk66f_ecompass_peripheral\CMSIS" -I"C:\Users\wuz147\Desktop\lab1-problem5\frdmk66f_ecompass_peripheral\board" -I"C:\Users\wuz147\Desktop\lab1-problem5\frdmk66f_ecompass_peripheral\source" -I"C:\Users\wuz147\Desktop\lab1-problem5\frdmk66f_ecompass_peripheral\utilities" -I"C:\Users\wuz147\Desktop\lab1-problem5\frdmk66f_ecompass_peripheral\drivers" -I"C:\Users\wuz147\Desktop\lab1-problem5\frdmk66f_ecompass_peripheral\accel" -I"C:\Users\wuz147\Desktop\lab1-problem5\frdmk66f_ecompass_peripheral\device" -I"C:\Users\wuz147\Desktop\lab1-problem5\frdmk66f_ecompass_peripheral\component\uart" -I"C:\Users\wuz147\Desktop\lab1-problem5\frdmk66f_ecompass_peripheral\component\lists" -I"C:\Users\wuz147\Desktop\lab1-problem5\frdmk66f_ecompass_peripheral\CMSIS" -I"C:\Users\wuz147\Desktop\lab1-problem5\frdmk66f_ecompass_peripheral\board" -I"C:\Users\wuz147\Desktop\lab1-problem5\frdmk66f_ecompass_peripheral\frdmk66f\demo_apps\ecompass_peripheral" -O0 -fno-common -g3 -c -ffunction-sections -fdata-sections -ffreestanding -fno-builtin -fmerge-constants -fmacro-prefix-map="../source/"= -mcpu=cortex-m4 -mfpu=fpv4-sp-d16 -mfloat-abi=hard -mthumb -D__REDLIB__ -fstack-usage -specs=redlib.specs -MMD -MP -MF"source/ecompass_peripheral.d" -MT"source/ecompass_peripheral.o" -MT"source/ecompass_peripheral.d" -o "source/ecompass_peripheral.o" "../source/ecompass_peripheral.c"
Finished building: ../startup/startup_mk66f18.c
 
Building file: ../source/semihost_hardfault.c
Invoking: MCU C Compiler
arm-none-eabi-gcc -std=gnu99 -D__REDLIB__ -DCPU_MK66FN2M0VMD18 -DCPU_MK66FN2M0VMD18_cm4 -DPRINTF_FLOAT_ENABLE=1 -DPRINTF_ADVANCED_ENABLE=1 -DSDK_I2C_BASED_COMPONENT_USED=1 -DFRDM_K66F -DFREEDOM -DMCUXPRESSO_SDK -DSDK_DEBUGCONSOLE=0 -D__MCUXPRESSO -D__USE_CMSIS -DDEBUG -DSDK_OS_BAREMETAL -I"C:\Users\wuz147\Desktop\lab1-problem5\frdmk66f_ecompass_peripheral\utilities" -I"C:\Users\wuz147\Desktop\lab1-problem5\frdmk66f_ecompass_peripheral\drivers" -I"C:\Users\wuz147\Desktop\lab1-problem5\frdmk66f_ecompass_peripheral\accel" -I"C:\Users\wuz147\Desktop\lab1-problem5\frdmk66f_ecompass_peripheral\device" -I"C:\Users\wuz147\Desktop\lab1-problem5\frdmk66f_ecompass_peripheral\component\uart" -I"C:\Users\wuz147\Desktop\lab1-problem5\frdmk66f_ecompass_peripheral\component\lists" -I"C:\Users\wuz147\Desktop\lab1-problem5\frdmk66f_ecompass_peripheral\CMSIS" -I"C:\Users\wuz147\Desktop\lab1-problem5\frdmk66f_ecompass_peripheral\board" -I"C:\Users\wuz147\Desktop\lab1-problem5\frdmk66f_ecompass_peripheral\source" -I"C:\Users\wuz147\Desktop\lab1-problem5\frdmk66f_ecompass_peripheral\utilities" -I"C:\Users\wuz147\Desktop\lab1-problem5\frdmk66f_ecompass_peripheral\drivers" -I"C:\Users\wuz147\Desktop\lab1-problem5\frdmk66f_ecompass_peripheral\accel" -I"C:\Users\wuz147\Desktop\lab1-problem5\frdmk66f_ecompass_peripheral\device" -I"C:\Users\wuz147\Desktop\lab1-problem5\frdmk66f_ecompass_peripheral\component\uart" -I"C:\Users\wuz147\Desktop\lab1-problem5\frdmk66f_ecompass_peripheral\component\lists" -I"C:\Users\wuz147\Desktop\lab1-problem5\frdmk66f_ecompass_peripheral\CMSIS" -I"C:\Users\wuz147\Desktop\lab1-problem5\frdmk66f_ecompass_peripheral\board" -I"C:\Users\wuz147\Desktop\lab1-problem5\frdmk66f_ecompass_peripheral\frdmk66f\demo_apps\ecompass_peripheral" -O0 -fno-common -g3 -c -ffunction-sections -fdata-sections -ffreestanding -fno-builtin -fmerge-constants -fmacro-prefix-map="../source/"= -mcpu=cortex-m4 -mfpu=fpv4-sp-d16 -mfloat-abi=hard -mthumb -D__REDLIB__ -fstack-usage -specs=redlib.specs -MMD -MP -MF"source/semihost_hardfault.d" -MT"source/semihost_hardfault.o" -MT"source/semihost_hardfault.d" -o "source/semihost_hardfault.o" "../source/semihost_hardfault.c"
Finished building: ../utilities/fsl_debug_console.c
 
Finished building: ../utilities/fsl_assert.c
Building file: ../drivers/fsl_clock.c
 
Invoking: MCU C Compiler
arm-none-eabi-gcc -std=gnu99 -D__REDLIB__ -DCPU_MK66FN2M0VMD18 -DCPU_MK66FN2M0VMD18_cm4 -DPRINTF_FLOAT_ENABLE=1 -DPRINTF_ADVANCED_ENABLE=1 -DSDK_I2C_BASED_COMPONENT_USED=1 -DFRDM_K66F -DFREEDOM -DMCUXPRESSO_SDK -DSDK_DEBUGCONSOLE=0 -D__MCUXPRESSO -D__USE_CMSIS -DDEBUG -DSDK_OS_BAREMETAL -I"C:\Users\wuz147\Desktop\lab1-problem5\frdmk66f_ecompass_peripheral\utilities" -I"C:\Users\wuz147\Desktop\lab1-problem5\frdmk66f_ecompass_peripheral\drivers" -I"C:\Users\wuz147\Desktop\lab1-problem5\frdmk66f_ecompass_peripheral\accel" -I"C:\Users\wuz147\Desktop\lab1-problem5\frdmk66f_ecompass_peripheral\device" -I"C:\Users\wuz147\Desktop\lab1-problem5\frdmk66f_ecompass_peripheral\component\uart" -I"C:\Users\wuz147\Desktop\lab1-problem5\frdmk66f_ecompass_peripheral\component\lists" -I"C:\Users\wuz147\Desktop\lab1-problem5\frdmk66f_ecompass_peripheral\CMSIS" -I"C:\Users\wuz147\Desktop\lab1-problem5\frdmk66f_ecompass_peripheral\board" -I"C:\Users\wuz147\Desktop\lab1-problem5\frdmk66f_ecompass_peripheral\source" -I"C:\Users\wuz147\Desktop\lab1-problem5\frdmk66f_ecompass_peripheral\utilities" -I"C:\Users\wuz147\Desktop\lab1-problem5\frdmk66f_ecompass_peripheral\drivers" -I"C:\Users\wuz147\Desktop\lab1-problem5\frdmk66f_ecompass_peripheral\accel" -I"C:\Users\wuz147\Desktop\lab1-problem5\frdmk66f_ecompass_peripheral\device" -I"C:\Users\wuz147\Desktop\lab1-problem5\frdmk66f_ecompass_peripheral\component\uart" -I"C:\Users\wuz147\Desktop\lab1-problem5\frdmk66f_ecompass_peripheral\component\lists" -I"C:\Users\wuz147\Desktop\lab1-problem5\frdmk66f_ecompass_peripheral\CMSIS" -I"C:\Users\wuz147\Desktop\lab1-problem5\frdmk66f_ecompass_peripheral\board" -I"C:\Users\wuz147\Desktop\lab1-problem5\frdmk66f_ecompass_peripheral\frdmk66f\demo_apps\ecompass_peripheral" -O0 -fno-common -g3 -c -ffunction-sections -fdata-sections -ffreestanding -fno-builtin -fmerge-constants -fmacro-prefix-map="../drivers/"= -mcpu=cortex-m4 -mfpu=fpv4-sp-d16 -mfloat-abi=hard -mthumb -D__REDLIB__ -fstack-usage -specs=redlib.specs -MMD -MP -MF"drivers/fsl_clock.d" -MT"drivers/fsl_clock.o" -MT"drivers/fsl_clock.d" -o "drivers/fsl_clock.o" "../drivers/fsl_clock.c"
Building file: ../drivers/fsl_common.c
Invoking: MCU C Compiler
arm-none-eabi-gcc -std=gnu99 -D__REDLIB__ -DCPU_MK66FN2M0VMD18 -DCPU_MK66FN2M0VMD18_cm4 -DPRINTF_FLOAT_ENABLE=1 -DPRINTF_ADVANCED_ENABLE=1 -DSDK_I2C_BASED_COMPONENT_USED=1 -DFRDM_K66F -DFREEDOM -DMCUXPRESSO_SDK -DSDK_DEBUGCONSOLE=0 -D__MCUXPRESSO -D__USE_CMSIS -DDEBUG -DSDK_OS_BAREMETAL -I"C:\Users\wuz147\Desktop\lab1-problem5\frdmk66f_ecompass_peripheral\utilities" -I"C:\Users\wuz147\Desktop\lab1-problem5\frdmk66f_ecompass_peripheral\drivers" -I"C:\Users\wuz147\Desktop\lab1-problem5\frdmk66f_ecompass_peripheral\accel" -I"C:\Users\wuz147\Desktop\lab1-problem5\frdmk66f_ecompass_peripheral\device" -I"C:\Users\wuz147\Desktop\lab1-problem5\frdmk66f_ecompass_peripheral\component\uart" -I"C:\Users\wuz147\Desktop\lab1-problem5\frdmk66f_ecompass_peripheral\component\lists" -I"C:\Users\wuz147\Desktop\lab1-problem5\frdmk66f_ecompass_peripheral\CMSIS" -I"C:\Users\wuz147\Desktop\lab1-problem5\frdmk66f_ecompass_peripheral\board" -I"C:\Users\wuz147\Desktop\lab1-problem5\frdmk66f_ecompass_peripheral\source" -I"C:\Users\wuz147\Desktop\lab1-problem5\frdmk66f_ecompass_peripheral\utilities" -I"C:\Users\wuz147\Desktop\lab1-problem5\frdmk66f_ecompass_peripheral\drivers" -I"C:\Users\wuz147\Desktop\lab1-problem5\frdmk66f_ecompass_peripheral\accel" -I"C:\Users\wuz147\Desktop\lab1-problem5\frdmk66f_ecompass_peripheral\device" -I"C:\Users\wuz147\Desktop\lab1-problem5\frdmk66f_ecompass_peripheral\component\uart" -I"C:\Users\wuz147\Desktop\lab1-problem5\frdmk66f_ecompass_peripheral\component\lists" -I"C:\Users\wuz147\Desktop\lab1-problem5\frdmk66f_ecompass_peripheral\CMSIS" -I"C:\Users\wuz147\Desktop\lab1-problem5\frdmk66f_ecompass_peripheral\board" -I"C:\Users\wuz147\Desktop\lab1-problem5\frdmk66f_ecompass_peripheral\frdmk66f\demo_apps\ecompass_peripheral" -O0 -fno-common -g3 -c -ffunction-sections -fdata-sections -ffreestanding -fno-builtin -fmerge-constants -fmacro-prefix-map="../drivers/"= -mcpu=cortex-m4 -mfpu=fpv4-sp-d16 -mfloat-abi=hard -mthumb -D__REDLIB__ -fstack-usage -specs=redlib.specs -MMD -MP -MF"drivers/fsl_common.d" -MT"drivers/fsl_common.o" -MT"drivers/fsl_common.d" -o "drivers/fsl_common.o" "../drivers/fsl_common.c"
Finished building: ../source/ecompass_peripheral.c
 
Finished building: ../source/semihost_hardfault.c
 
Building file: ../drivers/fsl_common_arm.c
Building file: ../drivers/fsl_dspi.c
Invoking: MCU C Compiler
Invoking: MCU C Compiler
arm-none-eabi-gcc -std=gnu99 -D__REDLIB__ -DCPU_MK66FN2M0VMD18 -DCPU_MK66FN2M0VMD18_cm4 -DPRINTF_FLOAT_ENABLE=1 -DPRINTF_ADVANCED_ENABLE=1 -DSDK_I2C_BASED_COMPONENT_USED=1 -DFRDM_K66F -DFREEDOM -DMCUXPRESSO_SDK -DSDK_DEBUGCONSOLE=0 -D__MCUXPRESSO -D__USE_CMSIS -DDEBUG -DSDK_OS_BAREMETAL -I"C:\Users\wuz147\Desktop\lab1-problem5\frdmk66f_ecompass_peripheral\utilities" -I"C:\Users\wuz147\Desktop\lab1-problem5\frdmk66f_ecompass_peripheral\drivers" -I"C:\Users\wuz147\Desktop\lab1-problem5\frdmk66f_ecompass_peripheral\accel" -I"C:\Users\wuz147\Desktop\lab1-problem5\frdmk66f_ecompass_peripheral\device" -I"C:\Users\wuz147\Desktop\lab1-problem5\frdmk66f_ecompass_peripheral\component\uart" -I"C:\Users\wuz147\Desktop\lab1-problem5\frdmk66f_ecompass_peripheral\component\lists" -I"C:\Users\wuz147\Desktop\lab1-problem5\frdmk66f_ecompass_peripheral\CMSIS" -I"C:\Users\wuz147\Desktop\lab1-problem5\frdmk66f_ecompass_peripheral\board" -I"C:\Users\wuz147\Desktop\lab1-problem5\frdmk66f_ecompass_peripheral\source" -I"C:\Users\wuz147\Desktop\lab1-problem5\frdmk66f_ecompass_peripheral\utilities" -I"C:\Users\wuz147\Desktop\lab1-problem5\frdmk66f_ecompass_peripheral\drivers" -I"C:\Users\wuz147\Desktop\lab1-problem5\frdmk66f_ecompass_peripheral\accel" -I"C:\Users\wuz147\Desktop\lab1-problem5\frdmk66f_ecompass_peripheral\device" -I"C:\Users\wuz147\Desktop\lab1-problem5\frdmk66f_ecompass_peripheral\component\uart" -I"C:\Users\wuz147\Desktop\lab1-problem5\frdmk66f_ecompass_peripheral\component\lists" -I"C:\Users\wuz147\Desktop\lab1-problem5\frdmk66f_ecompass_peripheral\CMSIS" -I"C:\Users\wuz147\Desktop\lab1-problem5\frdmk66f_ecompass_peripheral\board" -I"C:\Users\wuz147\Desktop\lab1-problem5\frdmk66f_ecompass_peripheral\frdmk66f\demo_apps\ecompass_peripheral" -O0 -fno-common -g3 -c -ffunction-sections -fdata-sections -ffreestanding -fno-builtin -fmerge-constants -fmacro-prefix-map="../drivers/"= -mcpu=cortex-m4 -mfpu=fpv4-sp-d16 -mfloat-abi=hard -mthumb -D__REDLIB__ -fstack-usage -specs=redlib.specs -MMD -MP -MF"drivers/fsl_dspi.d" -MT"drivers/fsl_dspi.o" -MT"drivers/fsl_dspi.d" -o "drivers/fsl_dspi.o" "../drivers/fsl_dspi.c"
arm-none-eabi-gcc -std=gnu99 -D__REDLIB__ -DCPU_MK66FN2M0VMD18 -DCPU_MK66FN2M0VMD18_cm4 -DPRINTF_FLOAT_ENABLE=1 -DPRINTF_ADVANCED_ENABLE=1 -DSDK_I2C_BASED_COMPONENT_USED=1 -DFRDM_K66F -DFREEDOM -DMCUXPRESSO_SDK -DSDK_DEBUGCONSOLE=0 -D__MCUXPRESSO -D__USE_CMSIS -DDEBUG -DSDK_OS_BAREMETAL -I"C:\Users\wuz147\Desktop\lab1-problem5\frdmk66f_ecompass_peripheral\utilities" -I"C:\Users\wuz147\Desktop\lab1-problem5\frdmk66f_ecompass_peripheral\drivers" -I"C:\Users\wuz147\Desktop\lab1-problem5\frdmk66f_ecompass_peripheral\accel" -I"C:\Users\wuz147\Desktop\lab1-problem5\frdmk66f_ecompass_peripheral\device" -I"C:\Users\wuz147\Desktop\lab1-problem5\frdmk66f_ecompass_peripheral\component\uart" -I"C:\Users\wuz147\Desktop\lab1-problem5\frdmk66f_ecompass_peripheral\component\lists" -I"C:\Users\wuz147\Desktop\lab1-problem5\frdmk66f_ecompass_peripheral\CMSIS" -I"C:\Users\wuz147\Desktop\lab1-problem5\frdmk66f_ecompass_peripheral\board" -I"C:\Users\wuz147\Desktop\lab1-problem5\frdmk66f_ecompass_peripheral\source" -I"C:\Users\wuz147\Desktop\lab1-problem5\frdmk66f_ecompass_peripheral\utilities" -I"C:\Users\wuz147\Desktop\lab1-problem5\frdmk66f_ecompass_peripheral\drivers" -I"C:\Users\wuz147\Desktop\lab1-problem5\frdmk66f_ecompass_peripheral\accel" -I"C:\Users\wuz147\Desktop\lab1-problem5\frdmk66f_ecompass_peripheral\device" -I"C:\Users\wuz147\Desktop\lab1-problem5\frdmk66f_ecompass_peripheral\component\uart" -I"C:\Users\wuz147\Desktop\lab1-problem5\frdmk66f_ecompass_peripheral\component\lists" -I"C:\Users\wuz147\Desktop\lab1-problem5\frdmk66f_ecompass_peripheral\CMSIS" -I"C:\Users\wuz147\Desktop\lab1-problem5\frdmk66f_ecompass_peripheral\board" -I"C:\Users\wuz147\Desktop\lab1-problem5\frdmk66f_ecompass_peripheral\frdmk66f\demo_apps\ecompass_peripheral" -O0 -fno-common -g3 -c -ffunction-sections -fdata-sections -ffreestanding -fno-builtin -fmerge-constants -fmacro-prefix-map="../drivers/"= -mcpu=cortex-m4 -mfpu=fpv4-sp-d16 -mfloat-abi=hard -mthumb -D__REDLIB__ -fstack-usage -specs=redlib.specs -MMD -MP -MF"drivers/fsl_common_arm.d" -MT"drivers/fsl_common_arm.o" -MT"drivers/fsl_common_arm.d" -o "drivers/fsl_common_arm.o" "../drivers/fsl_common_arm.c"
Finished building: ../drivers/fsl_common.c
 
Finished building: ../drivers/fsl_common_arm.c
Building file: ../drivers/fsl_ftfx_cache.c
Finished building: ../drivers/fsl_clock.c
 
Invoking: MCU C Compiler
 
arm-none-eabi-gcc -std=gnu99 -D__REDLIB__ -DCPU_MK66FN2M0VMD18 -DCPU_MK66FN2M0VMD18_cm4 -DPRINTF_FLOAT_ENABLE=1 -DPRINTF_ADVANCED_ENABLE=1 -DSDK_I2C_BASED_COMPONENT_USED=1 -DFRDM_K66F -DFREEDOM -DMCUXPRESSO_SDK -DSDK_DEBUGCONSOLE=0 -D__MCUXPRESSO -D__USE_CMSIS -DDEBUG -DSDK_OS_BAREMETAL -I"C:\Users\wuz147\Desktop\lab1-problem5\frdmk66f_ecompass_peripheral\utilities" -I"C:\Users\wuz147\Desktop\lab1-problem5\frdmk66f_ecompass_peripheral\drivers" -I"C:\Users\wuz147\Desktop\lab1-problem5\frdmk66f_ecompass_peripheral\accel" -I"C:\Users\wuz147\Desktop\lab1-problem5\frdmk66f_ecompass_peripheral\device" -I"C:\Users\wuz147\Desktop\lab1-problem5\frdmk66f_ecompass_peripheral\component\uart" -I"C:\Users\wuz147\Desktop\lab1-problem5\frdmk66f_ecompass_peripheral\component\lists" -I"C:\Users\wuz147\Desktop\lab1-problem5\frdmk66f_ecompass_peripheral\CMSIS" -I"C:\Users\wuz147\Desktop\lab1-problem5\frdmk66f_ecompass_peripheral\board" -I"C:\Users\wuz147\Desktop\lab1-problem5\frdmk66f_ecompass_peripheral\source" -I"C:\Users\wuz147\Desktop\lab1-problem5\frdmk66f_ecompass_peripheral\utilities" -I"C:\Users\wuz147\Desktop\lab1-problem5\frdmk66f_ecompass_peripheral\drivers" -I"C:\Users\wuz147\Desktop\lab1-problem5\frdmk66f_ecompass_peripheral\accel" -I"C:\Users\wuz147\Desktop\lab1-problem5\frdmk66f_ecompass_peripheral\device" -I"C:\Users\wuz147\Desktop\lab1-problem5\frdmk66f_ecompass_peripheral\component\uart" -I"C:\Users\wuz147\Desktop\lab1-problem5\frdmk66f_ecompass_peripheral\component\lists" -I"C:\Users\wuz147\Desktop\lab1-problem5\frdmk66f_ecompass_peripheral\CMSIS" -I"C:\Users\wuz147\Desktop\lab1-problem5\frdmk66f_ecompass_peripheral\board" -I"C:\Users\wuz147\Desktop\lab1-problem5\frdmk66f_ecompass_peripheral\frdmk66f\demo_apps\ecompass_peripheral" -O0 -fno-common -g3 -c -ffunction-sections -fdata-sections -ffreestanding -fno-builtin -fmerge-constants -fmacro-prefix-map="../drivers/"= -mcpu=cortex-m4 -mfpu=fpv4-sp-d16 -mfloat-abi=hard -mthumb -D__REDLIB__ -fstack-usage -specs=redlib.specs -MMD -MP -MF"drivers/fsl_ftfx_cache.d" -MT"drivers/fsl_ftfx_cache.o" -MT"drivers/fsl_ftfx_cache.d" -o "drivers/fsl_ftfx_cache.o" "../drivers/fsl_ftfx_cache.c"
Building file: ../drivers/fsl_ftfx_controller.c
Building file: ../drivers/fsl_ftfx_flash.c
Invoking: MCU C Compiler
arm-none-eabi-gcc -std=gnu99 -D__REDLIB__ -DCPU_MK66FN2M0VMD18 -DCPU_MK66FN2M0VMD18_cm4 -DPRINTF_FLOAT_ENABLE=1 -DPRINTF_ADVANCED_ENABLE=1 -DSDK_I2C_BASED_COMPONENT_USED=1 -DFRDM_K66F -DFREEDOM -DMCUXPRESSO_SDK -DSDK_DEBUGCONSOLE=0 -D__MCUXPRESSO -D__USE_CMSIS -DDEBUG -DSDK_OS_BAREMETAL -I"C:\Users\wuz147\Desktop\lab1-problem5\frdmk66f_ecompass_peripheral\utilities" -I"C:\Users\wuz147\Desktop\lab1-problem5\frdmk66f_ecompass_peripheral\drivers" -I"C:\Users\wuz147\Desktop\lab1-problem5\frdmk66f_ecompass_peripheral\accel" -I"C:\Users\wuz147\Desktop\lab1-problem5\frdmk66f_ecompass_peripheral\device" -I"C:\Users\wuz147\Desktop\lab1-problem5\frdmk66f_ecompass_peripheral\component\uart" -I"C:\Users\wuz147\Desktop\lab1-problem5\frdmk66f_ecompass_peripheral\component\lists" -I"C:\Users\wuz147\Desktop\lab1-problem5\frdmk66f_ecompass_peripheral\CMSIS" -I"C:\Users\wuz147\Desktop\lab1-problem5\frdmk66f_ecompass_peripheral\board" -I"C:\Users\wuz147\Desktop\lab1-problem5\frdmk66f_ecompass_peripheral\source" -I"C:\Users\wuz147\Desktop\lab1-problem5\frdmk66f_ecompass_peripheral\utilities" -I"C:\Users\wuz147\Desktop\lab1-problem5\frdmk66f_ecompass_peripheral\drivers" -I"C:\Users\wuz147\Desktop\lab1-problem5\frdmk66f_ecompass_peripheral\accel" -I"C:\Users\wuz147\Desktop\lab1-problem5\frdmk66f_ecompass_peripheral\device" -I"C:\Users\wuz147\Desktop\lab1-problem5\frdmk66f_ecompass_peripheral\component\uart" -I"C:\Users\wuz147\Desktop\lab1-problem5\frdmk66f_ecompass_peripheral\component\lists" -I"C:\Users\wuz147\Desktop\lab1-problem5\frdmk66f_ecompass_peripheral\CMSIS" -I"C:\Users\wuz147\Desktop\lab1-problem5\frdmk66f_ecompass_peripheral\board" -I"C:\Users\wuz147\Desktop\lab1-problem5\frdmk66f_ecompass_peripheral\frdmk66f\demo_apps\ecompass_peripheral" -O0 -fno-common -g3 -c -ffunction-sections -fdata-sections -ffreestanding -fno-builtin -fmerge-constants -fmacro-prefix-map="../drivers/"= -mcpu=cortex-m4 -mfpu=fpv4-sp-d16 -mfloat-abi=hard -mthumb -D__REDLIB__ -fstack-usage -specs=redlib.specs -MMD -MP -MF"drivers/fsl_ftfx_controller.d" -MT"drivers/fsl_ftfx_controller.o" -MT"drivers/fsl_ftfx_controller.d" -o "drivers/fsl_ftfx_controller.o" "../drivers/fsl_ftfx_controller.c"
Invoking: MCU C Compiler
arm-none-eabi-gcc -std=gnu99 -D__REDLIB__ -DCPU_MK66FN2M0VMD18 -DCPU_MK66FN2M0VMD18_cm4 -DPRINTF_FLOAT_ENABLE=1 -DPRINTF_ADVANCED_ENABLE=1 -DSDK_I2C_BASED_COMPONENT_USED=1 -DFRDM_K66F -DFREEDOM -DMCUXPRESSO_SDK -DSDK_DEBUGCONSOLE=0 -D__MCUXPRESSO -D__USE_CMSIS -DDEBUG -DSDK_OS_BAREMETAL -I"C:\Users\wuz147\Desktop\lab1-problem5\frdmk66f_ecompass_peripheral\utilities" -I"C:\Users\wuz147\Desktop\lab1-problem5\frdmk66f_ecompass_peripheral\drivers" -I"C:\Users\wuz147\Desktop\lab1-problem5\frdmk66f_ecompass_peripheral\accel" -I"C:\Users\wuz147\Desktop\lab1-problem5\frdmk66f_ecompass_peripheral\device" -I"C:\Users\wuz147\Desktop\lab1-problem5\frdmk66f_ecompass_peripheral\component\uart" -I"C:\Users\wuz147\Desktop\lab1-problem5\frdmk66f_ecompass_peripheral\component\lists" -I"C:\Users\wuz147\Desktop\lab1-problem5\frdmk66f_ecompass_peripheral\CMSIS" -I"C:\Users\wuz147\Desktop\lab1-problem5\frdmk66f_ecompass_peripheral\board" -I"C:\Users\wuz147\Desktop\lab1-problem5\frdmk66f_ecompass_peripheral\source" -I"C:\Users\wuz147\Desktop\lab1-problem5\frdmk66f_ecompass_peripheral\utilities" -I"C:\Users\wuz147\Desktop\lab1-problem5\frdmk66f_ecompass_peripheral\drivers" -I"C:\Users\wuz147\Desktop\lab1-problem5\frdmk66f_ecompass_peripheral\accel" -I"C:\Users\wuz147\Desktop\lab1-problem5\frdmk66f_ecompass_peripheral\device" -I"C:\Users\wuz147\Desktop\lab1-problem5\frdmk66f_ecompass_peripheral\component\uart" -I"C:\Users\wuz147\Desktop\lab1-problem5\frdmk66f_ecompass_peripheral\component\lists" -I"C:\Users\wuz147\Desktop\lab1-problem5\frdmk66f_ecompass_peripheral\CMSIS" -I"C:\Users\wuz147\Desktop\lab1-problem5\frdmk66f_ecompass_peripheral\board" -I"C:\Users\wuz147\Desktop\lab1-problem5\frdmk66f_ecompass_peripheral\frdmk66f\demo_apps\ecompass_peripheral" -O0 -fno-common -g3 -c -ffunction-sections -fdata-sections -ffreestanding -fno-builtin -fmerge-constants -fmacro-prefix-map="../drivers/"= -mcpu=cortex-m4 -mfpu=fpv4-sp-d16 -mfloat-abi=hard -mthumb -D__REDLIB__ -fstack-usage -specs=redlib.specs -MMD -MP -MF"drivers/fsl_ftfx_flash.d" -MT"drivers/fsl_ftfx_flash.o" -MT"drivers/fsl_ftfx_flash.d" -o "drivers/fsl_ftfx_flash.o" "../drivers/fsl_ftfx_flash.c"
Finished building: ../drivers/fsl_dspi.c
 
Building file: ../drivers/fsl_ftfx_flexnvm.c
Invoking: MCU C Compiler
arm-none-eabi-gcc -std=gnu99 -D__REDLIB__ -DCPU_MK66FN2M0VMD18 -DCPU_MK66FN2M0VMD18_cm4 -DPRINTF_FLOAT_ENABLE=1 -DPRINTF_ADVANCED_ENABLE=1 -DSDK_I2C_BASED_COMPONENT_USED=1 -DFRDM_K66F -DFREEDOM -DMCUXPRESSO_SDK -DSDK_DEBUGCONSOLE=0 -D__MCUXPRESSO -D__USE_CMSIS -DDEBUG -DSDK_OS_BAREMETAL -I"C:\Users\wuz147\Desktop\lab1-problem5\frdmk66f_ecompass_peripheral\utilities" -I"C:\Users\wuz147\Desktop\lab1-problem5\frdmk66f_ecompass_peripheral\drivers" -I"C:\Users\wuz147\Desktop\lab1-problem5\frdmk66f_ecompass_peripheral\accel" -I"C:\Users\wuz147\Desktop\lab1-problem5\frdmk66f_ecompass_peripheral\device" -I"C:\Users\wuz147\Desktop\lab1-problem5\frdmk66f_ecompass_peripheral\component\uart" -I"C:\Users\wuz147\Desktop\lab1-problem5\frdmk66f_ecompass_peripheral\component\lists" -I"C:\Users\wuz147\Desktop\lab1-problem5\frdmk66f_ecompass_peripheral\CMSIS" -I"C:\Users\wuz147\Desktop\lab1-problem5\frdmk66f_ecompass_peripheral\board" -I"C:\Users\wuz147\Desktop\lab1-problem5\frdmk66f_ecompass_peripheral\source" -I"C:\Users\wuz147\Desktop\lab1-problem5\frdmk66f_ecompass_peripheral\utilities" -I"C:\Users\wuz147\Desktop\lab1-problem5\frdmk66f_ecompass_peripheral\drivers" -I"C:\Users\wuz147\Desktop\lab1-problem5\frdmk66f_ecompass_peripheral\accel" -I"C:\Users\wuz147\Desktop\lab1-problem5\frdmk66f_ecompass_peripheral\device" -I"C:\Users\wuz147\Desktop\lab1-problem5\frdmk66f_ecompass_peripheral\component\uart" -I"C:\Users\wuz147\Desktop\lab1-problem5\frdmk66f_ecompass_peripheral\component\lists" -I"C:\Users\wuz147\Desktop\lab1-problem5\frdmk66f_ecompass_peripheral\CMSIS" -I"C:\Users\wuz147\Desktop\lab1-problem5\frdmk66f_ecompass_peripheral\board" -I"C:\Users\wuz147\Desktop\lab1-problem5\frdmk66f_ecompass_peripheral\frdmk66f\demo_apps\ecompass_peripheral" -O0 -fno-common -g3 -c -ffunction-sections -fdata-sections -ffreestanding -fno-builtin -fmerge-constants -fmacro-prefix-map="../drivers/"= -mcpu=cortex-m4 -mfpu=fpv4-sp-d16 -mfloat-abi=hard -mthumb -D__REDLIB__ -fstack-usage -specs=redlib.specs -MMD -MP -MF"drivers/fsl_ftfx_flexnvm.d" -MT"drivers/fsl_ftfx_flexnvm.o" -MT"drivers/fsl_ftfx_flexnvm.d" -o "drivers/fsl_ftfx_flexnvm.o" "../drivers/fsl_ftfx_flexnvm.c"
Finished building: ../drivers/fsl_ftfx_cache.c
 
Building file: ../drivers/fsl_gpio.c
Invoking: MCU C Compiler
arm-none-eabi-gcc -std=gnu99 -D__REDLIB__ -DCPU_MK66FN2M0VMD18 -DCPU_MK66FN2M0VMD18_cm4 -DPRINTF_FLOAT_ENABLE=1 -DPRINTF_ADVANCED_ENABLE=1 -DSDK_I2C_BASED_COMPONENT_USED=1 -DFRDM_K66F -DFREEDOM -DMCUXPRESSO_SDK -DSDK_DEBUGCONSOLE=0 -D__MCUXPRESSO -D__USE_CMSIS -DDEBUG -DSDK_OS_BAREMETAL -I"C:\Users\wuz147\Desktop\lab1-problem5\frdmk66f_ecompass_peripheral\utilities" -I"C:\Users\wuz147\Desktop\lab1-problem5\frdmk66f_ecompass_peripheral\drivers" -I"C:\Users\wuz147\Desktop\lab1-problem5\frdmk66f_ecompass_peripheral\accel" -I"C:\Users\wuz147\Desktop\lab1-problem5\frdmk66f_ecompass_peripheral\device" -I"C:\Users\wuz147\Desktop\lab1-problem5\frdmk66f_ecompass_peripheral\component\uart" -I"C:\Users\wuz147\Desktop\lab1-problem5\frdmk66f_ecompass_peripheral\component\lists" -I"C:\Users\wuz147\Desktop\lab1-problem5\frdmk66f_ecompass_peripheral\CMSIS" -I"C:\Users\wuz147\Desktop\lab1-problem5\frdmk66f_ecompass_peripheral\board" -I"C:\Users\wuz147\Desktop\lab1-problem5\frdmk66f_ecompass_peripheral\source" -I"C:\Users\wuz147\Desktop\lab1-problem5\frdmk66f_ecompass_peripheral\utilities" -I"C:\Users\wuz147\Desktop\lab1-problem5\frdmk66f_ecompass_peripheral\drivers" -I"C:\Users\wuz147\Desktop\lab1-problem5\frdmk66f_ecompass_peripheral\accel" -I"C:\Users\wuz147\Desktop\lab1-problem5\frdmk66f_ecompass_peripheral\device" -I"C:\Users\wuz147\Desktop\lab1-problem5\frdmk66f_ecompass_peripheral\component\uart" -I"C:\Users\wuz147\Desktop\lab1-problem5\frdmk66f_ecompass_peripheral\component\lists" -I"C:\Users\wuz147\Desktop\lab1-problem5\frdmk66f_ecompass_peripheral\CMSIS" -I"C:\Users\wuz147\Desktop\lab1-problem5\frdmk66f_ecompass_peripheral\board" -I"C:\Users\wuz147\Desktop\lab1-problem5\frdmk66f_ecompass_peripheral\frdmk66f\demo_apps\ecompass_peripheral" -O0 -fno-common -g3 -c -ffunction-sections -fdata-sections -ffreestanding -fno-builtin -fmerge-constants -fmacro-prefix-map="../drivers/"= -mcpu=cortex-m4 -mfpu=fpv4-sp-d16 -mfloat-abi=hard -mthumb -D__REDLIB__ -fstack-usage -specs=redlib.specs -MMD -MP -MF"drivers/fsl_gpio.d" -MT"drivers/fsl_gpio.o" -MT"drivers/fsl_gpio.d" -o "drivers/fsl_gpio.o" "../drivers/fsl_gpio.c"
Finished building: ../drivers/fsl_ftfx_flash.c
Finished building: ../drivers/fsl_ftfx_controller.c
 
 
Building file: ../drivers/fsl_i2c.c
Building file: ../drivers/fsl_lpuart.c
Invoking: MCU C Compiler
arm-none-eabi-gcc -std=gnu99 -D__REDLIB__ -DCPU_MK66FN2M0VMD18 -DCPU_MK66FN2M0VMD18_cm4 -DPRINTF_FLOAT_ENABLE=1 -DPRINTF_ADVANCED_ENABLE=1 -DSDK_I2C_BASED_COMPONENT_USED=1 -DFRDM_K66F -DFREEDOM -DMCUXPRESSO_SDK -DSDK_DEBUGCONSOLE=0 -D__MCUXPRESSO -D__USE_CMSIS -DDEBUG -DSDK_OS_BAREMETAL -I"C:\Users\wuz147\Desktop\lab1-problem5\frdmk66f_ecompass_peripheral\utilities" -I"C:\Users\wuz147\Desktop\lab1-problem5\frdmk66f_ecompass_peripheral\drivers" -I"C:\Users\wuz147\Desktop\lab1-problem5\frdmk66f_ecompass_peripheral\accel" -I"C:\Users\wuz147\Desktop\lab1-problem5\frdmk66f_ecompass_peripheral\device" -I"C:\Users\wuz147\Desktop\lab1-problem5\frdmk66f_ecompass_peripheral\component\uart" -I"C:\Users\wuz147\Desktop\lab1-problem5\frdmk66f_ecompass_peripheral\component\lists" -I"C:\Users\wuz147\Desktop\lab1-problem5\frdmk66f_ecompass_peripheral\CMSIS" -I"C:\Users\wuz147\Desktop\lab1-problem5\frdmk66f_ecompass_peripheral\board" -I"C:\Users\wuz147\Desktop\lab1-problem5\frdmk66f_ecompass_peripheral\source" -I"C:\Users\wuz147\Desktop\lab1-problem5\frdmk66f_ecompass_peripheral\utilities" -I"C:\Users\wuz147\Desktop\lab1-problem5\frdmk66f_ecompass_peripheral\drivers" -I"C:\Users\wuz147\Desktop\lab1-problem5\frdmk66f_ecompass_peripheral\accel" -I"C:\Users\wuz147\Desktop\lab1-problem5\frdmk66f_ecompass_peripheral\device" -I"C:\Users\wuz147\Desktop\lab1-problem5\frdmk66f_ecompass_peripheral\component\uart" -I"C:\Users\wuz147\Desktop\lab1-problem5\frdmk66f_ecompass_peripheral\component\lists" -I"C:\Users\wuz147\Desktop\lab1-problem5\frdmk66f_ecompass_peripheral\CMSIS" -I"C:\Users\wuz147\Desktop\lab1-problem5\frdmk66f_ecompass_peripheral\board" -I"C:\Users\wuz147\Desktop\lab1-problem5\frdmk66f_ecompass_peripheral\frdmk66f\demo_apps\ecompass_peripheral" -O0 -fno-common -g3 -c -ffunction-sections -fdata-sections -ffreestanding -fno-builtin -fmerge-constants -fmacro-prefix-map="../drivers/"= -mcpu=cortex-m4 -mfpu=fpv4-sp-d16 -mfloat-abi=hard -mthumb -D__REDLIB__ -fstack-usage -specs=redlib.specs -MMD -MP -MF"drivers/fsl_i2c.d" -MT"drivers/fsl_i2c.o" -MT"drivers/fsl_i2c.d" -o "drivers/fsl_i2c.o" "../drivers/fsl_i2c.c"
Invoking: MCU C Compiler
arm-none-eabi-gcc -std=gnu99 -D__REDLIB__ -DCPU_MK66FN2M0VMD18 -DCPU_MK66FN2M0VMD18_cm4 -DPRINTF_FLOAT_ENABLE=1 -DPRINTF_ADVANCED_ENABLE=1 -DSDK_I2C_BASED_COMPONENT_USED=1 -DFRDM_K66F -DFREEDOM -DMCUXPRESSO_SDK -DSDK_DEBUGCONSOLE=0 -D__MCUXPRESSO -D__USE_CMSIS -DDEBUG -DSDK_OS_BAREMETAL -I"C:\Users\wuz147\Desktop\lab1-problem5\frdmk66f_ecompass_peripheral\utilities" -I"C:\Users\wuz147\Desktop\lab1-problem5\frdmk66f_ecompass_peripheral\drivers" -I"C:\Users\wuz147\Desktop\lab1-problem5\frdmk66f_ecompass_peripheral\accel" -I"C:\Users\wuz147\Desktop\lab1-problem5\frdmk66f_ecompass_peripheral\device" -I"C:\Users\wuz147\Desktop\lab1-problem5\frdmk66f_ecompass_peripheral\component\uart" -I"C:\Users\wuz147\Desktop\lab1-problem5\frdmk66f_ecompass_peripheral\component\lists" -I"C:\Users\wuz147\Desktop\lab1-problem5\frdmk66f_ecompass_peripheral\CMSIS" -I"C:\Users\wuz147\Desktop\lab1-problem5\frdmk66f_ecompass_peripheral\board" -I"C:\Users\wuz147\Desktop\lab1-problem5\frdmk66f_ecompass_peripheral\source" -I"C:\Users\wuz147\Desktop\lab1-problem5\frdmk66f_ecompass_peripheral\utilities" -I"C:\Users\wuz147\Desktop\lab1-problem5\frdmk66f_ecompass_peripheral\drivers" -I"C:\Users\wuz147\Desktop\lab1-problem5\frdmk66f_ecompass_peripheral\accel" -I"C:\Users\wuz147\Desktop\lab1-problem5\frdmk66f_ecompass_peripheral\device" -I"C:\Users\wuz147\Desktop\lab1-problem5\frdmk66f_ecompass_peripheral\component\uart" -I"C:\Users\wuz147\Desktop\lab1-problem5\frdmk66f_ecompass_peripheral\component\lists" -I"C:\Users\wuz147\Desktop\lab1-problem5\frdmk66f_ecompass_peripheral\CMSIS" -I"C:\Users\wuz147\Desktop\lab1-problem5\frdmk66f_ecompass_peripheral\board" -I"C:\Users\wuz147\Desktop\lab1-problem5\frdmk66f_ecompass_peripheral\frdmk66f\demo_apps\ecompass_peripheral" -O0 -fno-common -g3 -c -ffunction-sections -fdata-sections -ffreestanding -fno-builtin -fmerge-constants -fmacro-prefix-map="../drivers/"= -mcpu=cortex-m4 -mfpu=fpv4-sp-d16 -mfloat-abi=hard -mthumb -D__REDLIB__ -fstack-usage -specs=redlib.specs -MMD -MP -MF"drivers/fsl_lpuart.d" -MT"drivers/fsl_lpuart.o" -MT"drivers/fsl_lpuart.d" -o "drivers/fsl_lpuart.o" "../drivers/fsl_lpuart.c"
Finished building: ../drivers/fsl_ftfx_flexnvm.c
 
Building file: ../drivers/fsl_rtc.c
Invoking: MCU C Compiler
arm-none-eabi-gcc -std=gnu99 -D__REDLIB__ -DCPU_MK66FN2M0VMD18 -DCPU_MK66FN2M0VMD18_cm4 -DPRINTF_FLOAT_ENABLE=1 -DPRINTF_ADVANCED_ENABLE=1 -DSDK_I2C_BASED_COMPONENT_USED=1 -DFRDM_K66F -DFREEDOM -DMCUXPRESSO_SDK -DSDK_DEBUGCONSOLE=0 -D__MCUXPRESSO -D__USE_CMSIS -DDEBUG -DSDK_OS_BAREMETAL -I"C:\Users\wuz147\Desktop\lab1-problem5\frdmk66f_ecompass_peripheral\utilities" -I"C:\Users\wuz147\Desktop\lab1-problem5\frdmk66f_ecompass_peripheral\drivers" -I"C:\Users\wuz147\Desktop\lab1-problem5\frdmk66f_ecompass_peripheral\accel" -I"C:\Users\wuz147\Desktop\lab1-problem5\frdmk66f_ecompass_peripheral\device" -I"C:\Users\wuz147\Desktop\lab1-problem5\frdmk66f_ecompass_peripheral\component\uart" -I"C:\Users\wuz147\Desktop\lab1-problem5\frdmk66f_ecompass_peripheral\component\lists" -I"C:\Users\wuz147\Desktop\lab1-problem5\frdmk66f_ecompass_peripheral\CMSIS" -I"C:\Users\wuz147\Desktop\lab1-problem5\frdmk66f_ecompass_peripheral\board" -I"C:\Users\wuz147\Desktop\lab1-problem5\frdmk66f_ecompass_peripheral\source" -I"C:\Users\wuz147\Desktop\lab1-problem5\frdmk66f_ecompass_peripheral\utilities" -I"C:\Users\wuz147\Desktop\lab1-problem5\frdmk66f_ecompass_peripheral\drivers" -I"C:\Users\wuz147\Desktop\lab1-problem5\frdmk66f_ecompass_peripheral\accel" -I"C:\Users\wuz147\Desktop\lab1-problem5\frdmk66f_ecompass_peripheral\device" -I"C:\Users\wuz147\Desktop\lab1-problem5\frdmk66f_ecompass_peripheral\component\uart" -I"C:\Users\wuz147\Desktop\lab1-problem5\frdmk66f_ecompass_peripheral\component\lists" -I"C:\Users\wuz147\Desktop\lab1-problem5\frdmk66f_ecompass_peripheral\CMSIS" -I"C:\Users\wuz147\Desktop\lab1-problem5\frdmk66f_ecompass_peripheral\board" -I"C:\Users\wuz147\Desktop\lab1-problem5\frdmk66f_ecompass_peripheral\frdmk66f\demo_apps\ecompass_peripheral" -O0 -fno-common -g3 -c -ffunction-sections -fdata-sections -ffreestanding -fno-builtin -fmerge-constants -fmacro-prefix-map="../drivers/"= -mcpu=cortex-m4 -mfpu=fpv4-sp-d16 -mfloat-abi=hard -mthumb -D__REDLIB__ -fstack-usage -specs=redlib.specs -MMD -MP -MF"drivers/fsl_rtc.d" -MT"drivers/fsl_rtc.o" -MT"drivers/fsl_rtc.d" -o "drivers/fsl_rtc.o" "../drivers/fsl_rtc.c"
Finished building: ../drivers/fsl_gpio.c
 
Building file: ../drivers/fsl_smc.c
Invoking: MCU C Compiler
arm-none-eabi-gcc -std=gnu99 -D__REDLIB__ -DCPU_MK66FN2M0VMD18 -DCPU_MK66FN2M0VMD18_cm4 -DPRINTF_FLOAT_ENABLE=1 -DPRINTF_ADVANCED_ENABLE=1 -DSDK_I2C_BASED_COMPONENT_USED=1 -DFRDM_K66F -DFREEDOM -DMCUXPRESSO_SDK -DSDK_DEBUGCONSOLE=0 -D__MCUXPRESSO -D__USE_CMSIS -DDEBUG -DSDK_OS_BAREMETAL -I"C:\Users\wuz147\Desktop\lab1-problem5\frdmk66f_ecompass_peripheral\utilities" -I"C:\Users\wuz147\Desktop\lab1-problem5\frdmk66f_ecompass_peripheral\drivers" -I"C:\Users\wuz147\Desktop\lab1-problem5\frdmk66f_ecompass_peripheral\accel" -I"C:\Users\wuz147\Desktop\lab1-problem5\frdmk66f_ecompass_peripheral\device" -I"C:\Users\wuz147\Desktop\lab1-problem5\frdmk66f_ecompass_peripheral\component\uart" -I"C:\Users\wuz147\Desktop\lab1-problem5\frdmk66f_ecompass_peripheral\component\lists" -I"C:\Users\wuz147\Desktop\lab1-problem5\frdmk66f_ecompass_peripheral\CMSIS" -I"C:\Users\wuz147\Desktop\lab1-problem5\frdmk66f_ecompass_peripheral\board" -I"C:\Users\wuz147\Desktop\lab1-problem5\frdmk66f_ecompass_peripheral\source" -I"C:\Users\wuz147\Desktop\lab1-problem5\frdmk66f_ecompass_peripheral\utilities" -I"C:\Users\wuz147\Desktop\lab1-problem5\frdmk66f_ecompass_peripheral\drivers" -I"C:\Users\wuz147\Desktop\lab1-problem5\frdmk66f_ecompass_peripheral\accel" -I"C:\Users\wuz147\Desktop\lab1-problem5\frdmk66f_ecompass_peripheral\device" -I"C:\Users\wuz147\Desktop\lab1-problem5\frdmk66f_ecompass_peripheral\component\uart" -I"C:\Users\wuz147\Desktop\lab1-problem5\frdmk66f_ecompass_peripheral\component\lists" -I"C:\Users\wuz147\Desktop\lab1-problem5\frdmk66f_ecompass_peripheral\CMSIS" -I"C:\Users\wuz147\Desktop\lab1-problem5\frdmk66f_ecompass_peripheral\board" -I"C:\Users\wuz147\Desktop\lab1-problem5\frdmk66f_ecompass_peripheral\frdmk66f\demo_apps\ecompass_peripheral" -O0 -fno-common -g3 -c -ffunction-sections -fdata-sections -ffreestanding -fno-builtin -fmerge-constants -fmacro-prefix-map="../drivers/"= -mcpu=cortex-m4 -mfpu=fpv4-sp-d16 -mfloat-abi=hard -mthumb -D__REDLIB__ -fstack-usage -specs=redlib.specs -MMD -MP -MF"drivers/fsl_smc.d" -MT"drivers/fsl_smc.o" -MT"drivers/fsl_smc.d" -o "drivers/fsl_smc.o" "../drivers/fsl_smc.c"
Finished building: ../drivers/fsl_lpuart.c
Finished building: ../drivers/fsl_i2c.c
 
 
Building file: ../drivers/fsl_uart.c
Building file: ../device/system_MK66F18.c
Invoking: MCU C Compiler
arm-none-eabi-gcc -std=gnu99 -D__REDLIB__ -DCPU_MK66FN2M0VMD18 -DCPU_MK66FN2M0VMD18_cm4 -DPRINTF_FLOAT_ENABLE=1 -DPRINTF_ADVANCED_ENABLE=1 -DSDK_I2C_BASED_COMPONENT_USED=1 -DFRDM_K66F -DFREEDOM -DMCUXPRESSO_SDK -DSDK_DEBUGCONSOLE=0 -D__MCUXPRESSO -D__USE_CMSIS -DDEBUG -DSDK_OS_BAREMETAL -I"C:\Users\wuz147\Desktop\lab1-problem5\frdmk66f_ecompass_peripheral\utilities" -I"C:\Users\wuz147\Desktop\lab1-problem5\frdmk66f_ecompass_peripheral\drivers" -I"C:\Users\wuz147\Desktop\lab1-problem5\frdmk66f_ecompass_peripheral\accel" -I"C:\Users\wuz147\Desktop\lab1-problem5\frdmk66f_ecompass_peripheral\device" -I"C:\Users\wuz147\Desktop\lab1-problem5\frdmk66f_ecompass_peripheral\component\uart" -I"C:\Users\wuz147\Desktop\lab1-problem5\frdmk66f_ecompass_peripheral\component\lists" -I"C:\Users\wuz147\Desktop\lab1-problem5\frdmk66f_ecompass_peripheral\CMSIS" -I"C:\Users\wuz147\Desktop\lab1-problem5\frdmk66f_ecompass_peripheral\board" -I"C:\Users\wuz147\Desktop\lab1-problem5\frdmk66f_ecompass_peripheral\source" -I"C:\Users\wuz147\Desktop\lab1-problem5\frdmk66f_ecompass_peripheral\utilities" -I"C:\Users\wuz147\Desktop\lab1-problem5\frdmk66f_ecompass_peripheral\drivers" -I"C:\Users\wuz147\Desktop\lab1-problem5\frdmk66f_ecompass_peripheral\accel" -I"C:\Users\wuz147\Desktop\lab1-problem5\frdmk66f_ecompass_peripheral\device" -I"C:\Users\wuz147\Desktop\lab1-problem5\frdmk66f_ecompass_peripheral\component\uart" -I"C:\Users\wuz147\Desktop\lab1-problem5\frdmk66f_ecompass_peripheral\component\lists" -I"C:\Users\wuz147\Desktop\lab1-problem5\frdmk66f_ecompass_peripheral\CMSIS" -I"C:\Users\wuz147\Desktop\lab1-problem5\frdmk66f_ecompass_peripheral\board" -I"C:\Users\wuz147\Desktop\lab1-problem5\frdmk66f_ecompass_peripheral\frdmk66f\demo_apps\ecompass_peripheral" -O0 -fno-common -g3 -c -ffunction-sections -fdata-sections -ffreestanding -fno-builtin -fmerge-constants -fmacro-prefix-map="../drivers/"= -mcpu=cortex-m4 -mfpu=fpv4-sp-d16 -mfloat-abi=hard -mthumb -D__REDLIB__ -fstack-usage -specs=redlib.specs -MMD -MP -MF"drivers/fsl_uart.d" -MT"drivers/fsl_uart.o" -MT"drivers/fsl_uart.d" -o "drivers/fsl_uart.o" "../drivers/fsl_uart.c"
Invoking: MCU C Compiler
arm-none-eabi-gcc -std=gnu99 -D__REDLIB__ -DCPU_MK66FN2M0VMD18 -DCPU_MK66FN2M0VMD18_cm4 -DPRINTF_FLOAT_ENABLE=1 -DPRINTF_ADVANCED_ENABLE=1 -DSDK_I2C_BASED_COMPONENT_USED=1 -DFRDM_K66F -DFREEDOM -DMCUXPRESSO_SDK -DSDK_DEBUGCONSOLE=0 -D__MCUXPRESSO -D__USE_CMSIS -DDEBUG -DSDK_OS_BAREMETAL -I"C:\Users\wuz147\Desktop\lab1-problem5\frdmk66f_ecompass_peripheral\utilities" -I"C:\Users\wuz147\Desktop\lab1-problem5\frdmk66f_ecompass_peripheral\drivers" -I"C:\Users\wuz147\Desktop\lab1-problem5\frdmk66f_ecompass_peripheral\accel" -I"C:\Users\wuz147\Desktop\lab1-problem5\frdmk66f_ecompass_peripheral\device" -I"C:\Users\wuz147\Desktop\lab1-problem5\frdmk66f_ecompass_peripheral\component\uart" -I"C:\Users\wuz147\Desktop\lab1-problem5\frdmk66f_ecompass_peripheral\component\lists" -I"C:\Users\wuz147\Desktop\lab1-problem5\frdmk66f_ecompass_peripheral\CMSIS" -I"C:\Users\wuz147\Desktop\lab1-problem5\frdmk66f_ecompass_peripheral\board" -I"C:\Users\wuz147\Desktop\lab1-problem5\frdmk66f_ecompass_peripheral\source" -I"C:\Users\wuz147\Desktop\lab1-problem5\frdmk66f_ecompass_peripheral\utilities" -I"C:\Users\wuz147\Desktop\lab1-problem5\frdmk66f_ecompass_peripheral\drivers" -I"C:\Users\wuz147\Desktop\lab1-problem5\frdmk66f_ecompass_peripheral\accel" -I"C:\Users\wuz147\Desktop\lab1-problem5\frdmk66f_ecompass_peripheral\device" -I"C:\Users\wuz147\Desktop\lab1-problem5\frdmk66f_ecompass_peripheral\component\uart" -I"C:\Users\wuz147\Desktop\lab1-problem5\frdmk66f_ecompass_peripheral\component\lists" -I"C:\Users\wuz147\Desktop\lab1-problem5\frdmk66f_ecompass_peripheral\CMSIS" -I"C:\Users\wuz147\Desktop\lab1-problem5\frdmk66f_ecompass_peripheral\board" -I"C:\Users\wuz147\Desktop\lab1-problem5\frdmk66f_ecompass_peripheral\frdmk66f\demo_apps\ecompass_peripheral" -O0 -fno-common -g3 -c -ffunction-sections -fdata-sections -ffreestanding -fno-builtin -fmerge-constants -fmacro-prefix-map="../device/"= -mcpu=cortex-m4 -mfpu=fpv4-sp-d16 -mfloat-abi=hard -mthumb -D__REDLIB__ -fstack-usage -specs=redlib.specs -MMD -MP -MF"device/system_MK66F18.d" -MT"device/system_MK66F18.o" -MT"device/system_MK66F18.d" -o "device/system_MK66F18.o" "../device/system_MK66F18.c"
Finished building: ../drivers/fsl_rtc.c
 
Building file: ../component/uart/fsl_adapter_uart.c
Invoking: MCU C Compiler
arm-none-eabi-gcc -std=gnu99 -D__REDLIB__ -DCPU_MK66FN2M0VMD18 -DCPU_MK66FN2M0VMD18_cm4 -DPRINTF_FLOAT_ENABLE=1 -DPRINTF_ADVANCED_ENABLE=1 -DSDK_I2C_BASED_COMPONENT_USED=1 -DFRDM_K66F -DFREEDOM -DMCUXPRESSO_SDK -DSDK_DEBUGCONSOLE=0 -D__MCUXPRESSO -D__USE_CMSIS -DDEBUG -DSDK_OS_BAREMETAL -I"C:\Users\wuz147\Desktop\lab1-problem5\frdmk66f_ecompass_peripheral\utilities" -I"C:\Users\wuz147\Desktop\lab1-problem5\frdmk66f_ecompass_peripheral\drivers" -I"C:\Users\wuz147\Desktop\lab1-problem5\frdmk66f_ecompass_peripheral\accel" -I"C:\Users\wuz147\Desktop\lab1-problem5\frdmk66f_ecompass_peripheral\device" -I"C:\Users\wuz147\Desktop\lab1-problem5\frdmk66f_ecompass_peripheral\component\uart" -I"C:\Users\wuz147\Desktop\lab1-problem5\frdmk66f_ecompass_peripheral\component\lists" -I"C:\Users\wuz147\Desktop\lab1-problem5\frdmk66f_ecompass_peripheral\CMSIS" -I"C:\Users\wuz147\Desktop\lab1-problem5\frdmk66f_ecompass_peripheral\board" -I"C:\Users\wuz147\Desktop\lab1-problem5\frdmk66f_ecompass_peripheral\source" -I"C:\Users\wuz147\Desktop\lab1-problem5\frdmk66f_ecompass_peripheral\utilities" -I"C:\Users\wuz147\Desktop\lab1-problem5\frdmk66f_ecompass_peripheral\drivers" -I"C:\Users\wuz147\Desktop\lab1-problem5\frdmk66f_ecompass_peripheral\accel" -I"C:\Users\wuz147\Desktop\lab1-problem5\frdmk66f_ecompass_peripheral\device" -I"C:\Users\wuz147\Desktop\lab1-problem5\frdmk66f_ecompass_peripheral\component\uart" -I"C:\Users\wuz147\Desktop\lab1-problem5\frdmk66f_ecompass_peripheral\component\lists" -I"C:\Users\wuz147\Desktop\lab1-problem5\frdmk66f_ecompass_peripheral\CMSIS" -I"C:\Users\wuz147\Desktop\lab1-problem5\frdmk66f_ecompass_peripheral\board" -I"C:\Users\wuz147\Desktop\lab1-problem5\frdmk66f_ecompass_peripheral\frdmk66f\demo_apps\ecompass_peripheral" -O0 -fno-common -g3 -c -ffunction-sections -fdata-sections -ffreestanding -fno-builtin -fmerge-constants -fmacro-prefix-map="../component/uart/"= -mcpu=cortex-m4 -mfpu=fpv4-sp-d16 -mfloat-abi=hard -mthumb -D__REDLIB__ -fstack-usage -specs=redlib.specs -MMD -MP -MF"component/uart/fsl_adapter_uart.d" -MT"component/uart/fsl_adapter_uart.o" -MT"component/uart/fsl_adapter_uart.d" -o "component/uart/fsl_adapter_uart.o" "../component/uart/fsl_adapter_uart.c"
Finished building: ../drivers/fsl_smc.c
 
Building file: ../component/lists/fsl_component_generic_list.c
Invoking: MCU C Compiler
arm-none-eabi-gcc -std=gnu99 -D__REDLIB__ -DCPU_MK66FN2M0VMD18 -DCPU_MK66FN2M0VMD18_cm4 -DPRINTF_FLOAT_ENABLE=1 -DPRINTF_ADVANCED_ENABLE=1 -DSDK_I2C_BASED_COMPONENT_USED=1 -DFRDM_K66F -DFREEDOM -DMCUXPRESSO_SDK -DSDK_DEBUGCONSOLE=0 -D__MCUXPRESSO -D__USE_CMSIS -DDEBUG -DSDK_OS_BAREMETAL -I"C:\Users\wuz147\Desktop\lab1-problem5\frdmk66f_ecompass_peripheral\utilities" -I"C:\Users\wuz147\Desktop\lab1-problem5\frdmk66f_ecompass_peripheral\drivers" -I"C:\Users\wuz147\Desktop\lab1-problem5\frdmk66f_ecompass_peripheral\accel" -I"C:\Users\wuz147\Desktop\lab1-problem5\frdmk66f_ecompass_peripheral\device" -I"C:\Users\wuz147\Desktop\lab1-problem5\frdmk66f_ecompass_peripheral\component\uart" -I"C:\Users\wuz147\Desktop\lab1-problem5\frdmk66f_ecompass_peripheral\component\lists" -I"C:\Users\wuz147\Desktop\lab1-problem5\frdmk66f_ecompass_peripheral\CMSIS" -I"C:\Users\wuz147\Desktop\lab1-problem5\frdmk66f_ecompass_peripheral\board" -I"C:\Users\wuz147\Desktop\lab1-problem5\frdmk66f_ecompass_peripheral\source" -I"C:\Users\wuz147\Desktop\lab1-problem5\frdmk66f_ecompass_peripheral\utilities" -I"C:\Users\wuz147\Desktop\lab1-problem5\frdmk66f_ecompass_peripheral\drivers" -I"C:\Users\wuz147\Desktop\lab1-problem5\frdmk66f_ecompass_peripheral\accel" -I"C:\Users\wuz147\Desktop\lab1-problem5\frdmk66f_ecompass_peripheral\device" -I"C:\Users\wuz147\Desktop\lab1-problem5\frdmk66f_ecompass_peripheral\component\uart" -I"C:\Users\wuz147\Desktop\lab1-problem5\frdmk66f_ecompass_peripheral\component\lists" -I"C:\Users\wuz147\Desktop\lab1-problem5\frdmk66f_ecompass_peripheral\CMSIS" -I"C:\Users\wuz147\Desktop\lab1-problem5\frdmk66f_ecompass_peripheral\board" -I"C:\Users\wuz147\Desktop\lab1-problem5\frdmk66f_ecompass_peripheral\frdmk66f\demo_apps\ecompass_peripheral" -O0 -fno-common -g3 -c -ffunction-sections -fdata-sections -ffreestanding -fno-builtin -fmerge-constants -fmacro-prefix-map="../component/lists/"= -mcpu=cortex-m4 -mfpu=fpv4-sp-d16 -mfloat-abi=hard -mthumb -D__REDLIB__ -fstack-usage -specs=redlib.specs -MMD -MP -MF"component/lists/fsl_component_generic_list.d" -MT"component/lists/fsl_component_generic_list.o" -MT"component/lists/fsl_component_generic_list.d" -o "component/lists/fsl_component_generic_list.o" "../component/lists/fsl_component_generic_list.c"
Finished building: ../device/system_MK66F18.c
 
Building file: ../board/board.c
Invoking: MCU C Compiler
arm-none-eabi-gcc -std=gnu99 -D__REDLIB__ -DCPU_MK66FN2M0VMD18 -DCPU_MK66FN2M0VMD18_cm4 -DPRINTF_FLOAT_ENABLE=1 -DPRINTF_ADVANCED_ENABLE=1 -DSDK_I2C_BASED_COMPONENT_USED=1 -DFRDM_K66F -DFREEDOM -DMCUXPRESSO_SDK -DSDK_DEBUGCONSOLE=0 -D__MCUXPRESSO -D__USE_CMSIS -DDEBUG -DSDK_OS_BAREMETAL -I"C:\Users\wuz147\Desktop\lab1-problem5\frdmk66f_ecompass_peripheral\utilities" -I"C:\Users\wuz147\Desktop\lab1-problem5\frdmk66f_ecompass_peripheral\drivers" -I"C:\Users\wuz147\Desktop\lab1-problem5\frdmk66f_ecompass_peripheral\accel" -I"C:\Users\wuz147\Desktop\lab1-problem5\frdmk66f_ecompass_peripheral\device" -I"C:\Users\wuz147\Desktop\lab1-problem5\frdmk66f_ecompass_peripheral\component\uart" -I"C:\Users\wuz147\Desktop\lab1-problem5\frdmk66f_ecompass_peripheral\component\lists" -I"C:\Users\wuz147\Desktop\lab1-problem5\frdmk66f_ecompass_peripheral\CMSIS" -I"C:\Users\wuz147\Desktop\lab1-problem5\frdmk66f_ecompass_peripheral\board" -I"C:\Users\wuz147\Desktop\lab1-problem5\frdmk66f_ecompass_peripheral\source" -I"C:\Users\wuz147\Desktop\lab1-problem5\frdmk66f_ecompass_peripheral\utilities" -I"C:\Users\wuz147\Desktop\lab1-problem5\frdmk66f_ecompass_peripheral\drivers" -I"C:\Users\wuz147\Desktop\lab1-problem5\frdmk66f_ecompass_peripheral\accel" -I"C:\Users\wuz147\Desktop\lab1-problem5\frdmk66f_ecompass_peripheral\device" -I"C:\Users\wuz147\Desktop\lab1-problem5\frdmk66f_ecompass_peripheral\component\uart" -I"C:\Users\wuz147\Desktop\lab1-problem5\frdmk66f_ecompass_peripheral\component\lists" -I"C:\Users\wuz147\Desktop\lab1-problem5\frdmk66f_ecompass_peripheral\CMSIS" -I"C:\Users\wuz147\Desktop\lab1-problem5\frdmk66f_ecompass_peripheral\board" -I"C:\Users\wuz147\Desktop\lab1-problem5\frdmk66f_ecompass_peripheral\frdmk66f\demo_apps\ecompass_peripheral" -O0 -fno-common -g3 -c -ffunction-sections -fdata-sections -ffreestanding -fno-builtin -fmerge-constants -fmacro-prefix-map="../board/"= -mcpu=cortex-m4 -mfpu=fpv4-sp-d16 -mfloat-abi=hard -mthumb -D__REDLIB__ -fstack-usage -specs=redlib.specs -MMD -MP -MF"board/board.d" -MT"board/board.o" -MT"board/board.d" -o "board/board.o" "../board/board.c"
Finished building: ../drivers/fsl_uart.c
 
Building file: ../board/clock_config.c
Invoking: MCU C Compiler
arm-none-eabi-gcc -std=gnu99 -D__REDLIB__ -DCPU_MK66FN2M0VMD18 -DCPU_MK66FN2M0VMD18_cm4 -DPRINTF_FLOAT_ENABLE=1 -DPRINTF_ADVANCED_ENABLE=1 -DSDK_I2C_BASED_COMPONENT_USED=1 -DFRDM_K66F -DFREEDOM -DMCUXPRESSO_SDK -DSDK_DEBUGCONSOLE=0 -D__MCUXPRESSO -D__USE_CMSIS -DDEBUG -DSDK_OS_BAREMETAL -I"C:\Users\wuz147\Desktop\lab1-problem5\frdmk66f_ecompass_peripheral\utilities" -I"C:\Users\wuz147\Desktop\lab1-problem5\frdmk66f_ecompass_peripheral\drivers" -I"C:\Users\wuz147\Desktop\lab1-problem5\frdmk66f_ecompass_peripheral\accel" -I"C:\Users\wuz147\Desktop\lab1-problem5\frdmk66f_ecompass_peripheral\device" -I"C:\Users\wuz147\Desktop\lab1-problem5\frdmk66f_ecompass_peripheral\component\uart" -I"C:\Users\wuz147\Desktop\lab1-problem5\frdmk66f_ecompass_peripheral\component\lists" -I"C:\Users\wuz147\Desktop\lab1-problem5\frdmk66f_ecompass_peripheral\CMSIS" -I"C:\Users\wuz147\Desktop\lab1-problem5\frdmk66f_ecompass_peripheral\board" -I"C:\Users\wuz147\Desktop\lab1-problem5\frdmk66f_ecompass_peripheral\source" -I"C:\Users\wuz147\Desktop\lab1-problem5\frdmk66f_ecompass_peripheral\utilities" -I"C:\Users\wuz147\Desktop\lab1-problem5\frdmk66f_ecompass_peripheral\drivers" -I"C:\Users\wuz147\Desktop\lab1-problem5\frdmk66f_ecompass_peripheral\accel" -I"C:\Users\wuz147\Desktop\lab1-problem5\frdmk66f_ecompass_peripheral\device" -I"C:\Users\wuz147\Desktop\lab1-problem5\frdmk66f_ecompass_peripheral\component\uart" -I"C:\Users\wuz147\Desktop\lab1-problem5\frdmk66f_ecompass_peripheral\component\lists" -I"C:\Users\wuz147\Desktop\lab1-problem5\frdmk66f_ecompass_peripheral\CMSIS" -I"C:\Users\wuz147\Desktop\lab1-problem5\frdmk66f_ecompass_peripheral\board" -I"C:\Users\wuz147\Desktop\lab1-problem5\frdmk66f_ecompass_peripheral\frdmk66f\demo_apps\ecompass_peripheral" -O0 -fno-common -g3 -c -ffunction-sections -fdata-sections -ffreestanding -fno-builtin -fmerge-constants -fmacro-prefix-map="../board/"= -mcpu=cortex-m4 -mfpu=fpv4-sp-d16 -mfloat-abi=hard -mthumb -D__REDLIB__ -fstack-usage -specs=redlib.specs -MMD -MP -MF"board/clock_config.d" -MT"board/clock_config.o" -MT"board/clock_config.d" -o "board/clock_config.o" "../board/clock_config.c"
Finished building: ../component/uart/fsl_adapter_uart.c
 
Building file: ../board/peripherals.c
Invoking: MCU C Compiler
arm-none-eabi-gcc -std=gnu99 -D__REDLIB__ -DCPU_MK66FN2M0VMD18 -DCPU_MK66FN2M0VMD18_cm4 -DPRINTF_FLOAT_ENABLE=1 -DPRINTF_ADVANCED_ENABLE=1 -DSDK_I2C_BASED_COMPONENT_USED=1 -DFRDM_K66F -DFREEDOM -DMCUXPRESSO_SDK -DSDK_DEBUGCONSOLE=0 -D__MCUXPRESSO -D__USE_CMSIS -DDEBUG -DSDK_OS_BAREMETAL -I"C:\Users\wuz147\Desktop\lab1-problem5\frdmk66f_ecompass_peripheral\utilities" -I"C:\Users\wuz147\Desktop\lab1-problem5\frdmk66f_ecompass_peripheral\drivers" -I"C:\Users\wuz147\Desktop\lab1-problem5\frdmk66f_ecompass_peripheral\accel" -I"C:\Users\wuz147\Desktop\lab1-problem5\frdmk66f_ecompass_peripheral\device" -I"C:\Users\wuz147\Desktop\lab1-problem5\frdmk66f_ecompass_peripheral\component\uart" -I"C:\Users\wuz147\Desktop\lab1-problem5\frdmk66f_ecompass_peripheral\component\lists" -I"C:\Users\wuz147\Desktop\lab1-problem5\frdmk66f_ecompass_peripheral\CMSIS" -I"C:\Users\wuz147\Desktop\lab1-problem5\frdmk66f_ecompass_peripheral\board" -I"C:\Users\wuz147\Desktop\lab1-problem5\frdmk66f_ecompass_peripheral\source" -I"C:\Users\wuz147\Desktop\lab1-problem5\frdmk66f_ecompass_peripheral\utilities" -I"C:\Users\wuz147\Desktop\lab1-problem5\frdmk66f_ecompass_peripheral\drivers" -I"C:\Users\wuz147\Desktop\lab1-problem5\frdmk66f_ecompass_peripheral\accel" -I"C:\Users\wuz147\Desktop\lab1-problem5\frdmk66f_ecompass_peripheral\device" -I"C:\Users\wuz147\Desktop\lab1-problem5\frdmk66f_ecompass_peripheral\component\uart" -I"C:\Users\wuz147\Desktop\lab1-problem5\frdmk66f_ecompass_peripheral\component\lists" -I"C:\Users\wuz147\Desktop\lab1-problem5\frdmk66f_ecompass_peripheral\CMSIS" -I"C:\Users\wuz147\Desktop\lab1-problem5\frdmk66f_ecompass_peripheral\board" -I"C:\Users\wuz147\Desktop\lab1-problem5\frdmk66f_ecompass_peripheral\frdmk66f\demo_apps\ecompass_peripheral" -O0 -fno-common -g3 -c -ffunction-sections -fdata-sections -ffreestanding -fno-builtin -fmerge-constants -fmacro-prefix-map="../board/"= -mcpu=cortex-m4 -mfpu=fpv4-sp-d16 -mfloat-abi=hard -mthumb -D__REDLIB__ -fstack-usage -specs=redlib.specs -MMD -MP -MF"board/peripherals.d" -MT"board/peripherals.o" -MT"board/peripherals.d" -o "board/peripherals.o" "../board/peripherals.c"
Finished building: ../component/lists/fsl_component_generic_list.c
 
Building file: ../board/pin_mux.c
Invoking: MCU C Compiler
arm-none-eabi-gcc -std=gnu99 -D__REDLIB__ -DCPU_MK66FN2M0VMD18 -DCPU_MK66FN2M0VMD18_cm4 -DPRINTF_FLOAT_ENABLE=1 -DPRINTF_ADVANCED_ENABLE=1 -DSDK_I2C_BASED_COMPONENT_USED=1 -DFRDM_K66F -DFREEDOM -DMCUXPRESSO_SDK -DSDK_DEBUGCONSOLE=0 -D__MCUXPRESSO -D__USE_CMSIS -DDEBUG -DSDK_OS_BAREMETAL -I"C:\Users\wuz147\Desktop\lab1-problem5\frdmk66f_ecompass_peripheral\utilities" -I"C:\Users\wuz147\Desktop\lab1-problem5\frdmk66f_ecompass_peripheral\drivers" -I"C:\Users\wuz147\Desktop\lab1-problem5\frdmk66f_ecompass_peripheral\accel" -I"C:\Users\wuz147\Desktop\lab1-problem5\frdmk66f_ecompass_peripheral\device" -I"C:\Users\wuz147\Desktop\lab1-problem5\frdmk66f_ecompass_peripheral\component\uart" -I"C:\Users\wuz147\Desktop\lab1-problem5\frdmk66f_ecompass_peripheral\component\lists" -I"C:\Users\wuz147\Desktop\lab1-problem5\frdmk66f_ecompass_peripheral\CMSIS" -I"C:\Users\wuz147\Desktop\lab1-problem5\frdmk66f_ecompass_peripheral\board" -I"C:\Users\wuz147\Desktop\lab1-problem5\frdmk66f_ecompass_peripheral\source" -I"C:\Users\wuz147\Desktop\lab1-problem5\frdmk66f_ecompass_peripheral\utilities" -I"C:\Users\wuz147\Desktop\lab1-problem5\frdmk66f_ecompass_peripheral\drivers" -I"C:\Users\wuz147\Desktop\lab1-problem5\frdmk66f_ecompass_peripheral\accel" -I"C:\Users\wuz147\Desktop\lab1-problem5\frdmk66f_ecompass_peripheral\device" -I"C:\Users\wuz147\Desktop\lab1-problem5\frdmk66f_ecompass_peripheral\component\uart" -I"C:\Users\wuz147\Desktop\lab1-problem5\frdmk66f_ecompass_peripheral\component\lists" -I"C:\Users\wuz147\Desktop\lab1-problem5\frdmk66f_ecompass_peripheral\CMSIS" -I"C:\Users\wuz147\Desktop\lab1-problem5\frdmk66f_ecompass_peripheral\board" -I"C:\Users\wuz147\Desktop\lab1-problem5\frdmk66f_ecompass_peripheral\frdmk66f\demo_apps\ecompass_peripheral" -O0 -fno-common -g3 -c -ffunction-sections -fdata-sections -ffreestanding -fno-builtin -fmerge-constants -fmacro-prefix-map="../board/"= -mcpu=cortex-m4 -mfpu=fpv4-sp-d16 -mfloat-abi=hard -mthumb -D__REDLIB__ -fstack-usage -specs=redlib.specs -MMD -MP -MF"board/pin_mux.d" -MT"board/pin_mux.o" -MT"board/pin_mux.d" -o "board/pin_mux.o" "../board/pin_mux.c"
Finished building: ../board/board.c
../board/pin_mux.c:171:6: error: redefinition of 'BOARD_InitPins'
  171 | void BOARD_InitPins(void)
      |      ^~~~~~~~~~~~~~
../board/pin_mux.c:64:6: note: previous definition of 'BOARD_InitPins' was here
   64 | void BOARD_InitPins(void)
      |      ^~~~~~~~~~~~~~
 
make[1]: *** [board/subdir.mk:27: board/pin_mux.o] Error 1
make[1]: *** Waiting for unfinished jobs....
Building file: ../accel/fsl_fxos.c
Invoking: MCU C Compiler
arm-none-eabi-gcc -std=gnu99 -D__REDLIB__ -DCPU_MK66FN2M0VMD18 -DCPU_MK66FN2M0VMD18_cm4 -DPRINTF_FLOAT_ENABLE=1 -DPRINTF_ADVANCED_ENABLE=1 -DSDK_I2C_BASED_COMPONENT_USED=1 -DFRDM_K66F -DFREEDOM -DMCUXPRESSO_SDK -DSDK_DEBUGCONSOLE=0 -D__MCUXPRESSO -D__USE_CMSIS -DDEBUG -DSDK_OS_BAREMETAL -I"C:\Users\wuz147\Desktop\lab1-problem5\frdmk66f_ecompass_peripheral\utilities" -I"C:\Users\wuz147\Desktop\lab1-problem5\frdmk66f_ecompass_peripheral\drivers" -I"C:\Users\wuz147\Desktop\lab1-problem5\frdmk66f_ecompass_peripheral\accel" -I"C:\Users\wuz147\Desktop\lab1-problem5\frdmk66f_ecompass_peripheral\device" -I"C:\Users\wuz147\Desktop\lab1-problem5\frdmk66f_ecompass_peripheral\component\uart" -I"C:\Users\wuz147\Desktop\lab1-problem5\frdmk66f_ecompass_peripheral\component\lists" -I"C:\Users\wuz147\Desktop\lab1-problem5\frdmk66f_ecompass_peripheral\CMSIS" -I"C:\Users\wuz147\Desktop\lab1-problem5\frdmk66f_ecompass_peripheral\board" -I"C:\Users\wuz147\Desktop\lab1-problem5\frdmk66f_ecompass_peripheral\source" -I"C:\Users\wuz147\Desktop\lab1-problem5\frdmk66f_ecompass_peripheral\utilities" -I"C:\Users\wuz147\Desktop\lab1-problem5\frdmk66f_ecompass_peripheral\drivers" -I"C:\Users\wuz147\Desktop\lab1-problem5\frdmk66f_ecompass_peripheral\accel" -I"C:\Users\wuz147\Desktop\lab1-problem5\frdmk66f_ecompass_peripheral\device" -I"C:\Users\wuz147\Desktop\lab1-problem5\frdmk66f_ecompass_peripheral\component\uart" -I"C:\Users\wuz147\Desktop\lab1-problem5\frdmk66f_ecompass_peripheral\component\lists" -I"C:\Users\wuz147\Desktop\lab1-problem5\frdmk66f_ecompass_peripheral\CMSIS" -I"C:\Users\wuz147\Desktop\lab1-problem5\frdmk66f_ecompass_peripheral\board" -I"C:\Users\wuz147\Desktop\lab1-problem5\frdmk66f_ecompass_peripheral\frdmk66f\demo_apps\ecompass_peripheral" -O0 -fno-common -g3 -c -ffunction-sections -fdata-sections -ffreestanding -fno-builtin -fmerge-constants -fmacro-prefix-map="../accel/"= -mcpu=cortex-m4 -mfpu=fpv4-sp-d16 -mfloat-abi=hard -mthumb -D__REDLIB__ -fstack-usage -specs=redlib.specs -MMD -MP -MF"accel/fsl_fxos.d" -MT"accel/fsl_fxos.o" -MT"accel/fsl_fxos.d" -o "accel/fsl_fxos.o" "../accel/fsl_fxos.c"
Finished building: ../board/clock_config.c
 
Finished building: ../board/peripherals.c
 
Finished building: ../accel/fsl_fxos.c
 
make: *** [makefile:45: all] Error 2
"make -r -j4 all" terminated with exit code 2. Build might be incomplete.
12:16:27 **** Incremental Build of configuration Debug for project frdmk66f_ecompass_peripheral ****
make -r -j4 all 
Building file: ../board/pin_mux.c
Invoking: MCU C Compiler
arm-none-eabi-gcc -std=gnu99 -D__REDLIB__ -DCPU_MK66FN2M0VMD18 -DCPU_MK66FN2M0VMD18_cm4 -DPRINTF_FLOAT_ENABLE=1 -DPRINTF_ADVANCED_ENABLE=1 -DSDK_I2C_BASED_COMPONENT_USED=1 -DFRDM_K66F -DFREEDOM -DMCUXPRESSO_SDK -DSDK_DEBUGCONSOLE=0 -D__MCUXPRESSO -D__USE_CMSIS -DDEBUG -DSDK_OS_BAREMETAL -I"C:\Users\wuz147\Desktop\lab1-problem5\frdmk66f_ecompass_peripheral\utilities" -I"C:\Users\wuz147\Desktop\lab1-problem5\frdmk66f_ecompass_peripheral\drivers" -I"C:\Users\wuz147\Desktop\lab1-problem5\frdmk66f_ecompass_peripheral\accel" -I"C:\Users\wuz147\Desktop\lab1-problem5\frdmk66f_ecompass_peripheral\device" -I"C:\Users\wuz147\Desktop\lab1-problem5\frdmk66f_ecompass_peripheral\component\uart" -I"C:\Users\wuz147\Desktop\lab1-problem5\frdmk66f_ecompass_peripheral\component\lists" -I"C:\Users\wuz147\Desktop\lab1-problem5\frdmk66f_ecompass_peripheral\CMSIS" -I"C:\Users\wuz147\Desktop\lab1-problem5\frdmk66f_ecompass_peripheral\board" -I"C:\Users\wuz147\Desktop\lab1-problem5\frdmk66f_ecompass_peripheral\source" -I"C:\Users\wuz147\Desktop\lab1-problem5\frdmk66f_ecompass_peripheral\utilities" -I"C:\Users\wuz147\Desktop\lab1-problem5\frdmk66f_ecompass_peripheral\drivers" -I"C:\Users\wuz147\Desktop\lab1-problem5\frdmk66f_ecompass_peripheral\accel" -I"C:\Users\wuz147\Desktop\lab1-problem5\frdmk66f_ecompass_peripheral\device" -I"C:\Users\wuz147\Desktop\lab1-problem5\frdmk66f_ecompass_peripheral\component\uart" -I"C:\Users\wuz147\Desktop\lab1-problem5\frdmk66f_ecompass_peripheral\component\lists" -I"C:\Users\wuz147\Desktop\lab1-problem5\frdmk66f_ecompass_peripheral\CMSIS" -I"C:\Users\wuz147\Desktop\lab1-problem5\frdmk66f_ecompass_peripheral\board" -I"C:\Users\wuz147\Desktop\lab1-problem5\frdmk66f_ecompass_peripheral\frdmk66f\demo_apps\ecompass_peripheral" -O0 -fno-common -g3 -c -ffunction-sections -fdata-sections -ffreestanding -fno-builtin -fmerge-constants -fmacro-prefix-map="../board/"= -mcpu=cortex-m4 -mfpu=fpv4-sp-d16 -mfloat-abi=hard -mthumb -D__REDLIB__ -fstack-usage -specs=redlib.specs -MMD -MP -MF"board/pin_mux.d" -MT"board/pin_mux.o" -MT"board/pin_mux.d" -o "board/pin_mux.o" "../board/pin_mux.c"
Finished building: ../board/pin_mux.c
 
Building target: frdmk66f_ecompass_peripheral.axf
Invoking: MCU Linker
arm-none-eabi-gcc -nostdlib -Xlinker -Map="frdmk66f_ecompass_peripheral.map" -Xlinker --gc-sections -Xlinker -print-memory-usage -Xlinker --sort-section=alignment -Xlinker --cref -mcpu=cortex-m4 -mfpu=fpv4-sp-d16 -mfloat-abi=hard -mthumb -T frdmk66f_ecompass_peripheral_Debug.ld -o "frdmk66f_ecompass_peripheral.axf" ./utilities/fsl_assert.o ./utilities/fsl_debug_console.o  ./startup/startup_mk66f18.o  ./source/ecompass_peripheral.o ./source/semihost_hardfault.o  ./drivers/fsl_clock.o ./drivers/fsl_common.o ./drivers/fsl_common_arm.o ./drivers/fsl_dspi.o ./drivers/fsl_ftfx_cache.o ./drivers/fsl_ftfx_controller.o ./drivers/fsl_ftfx_flash.o ./drivers/fsl_ftfx_flexnvm.o ./drivers/fsl_gpio.o ./drivers/fsl_i2c.o ./drivers/fsl_lpuart.o ./drivers/fsl_rtc.o ./drivers/fsl_smc.o ./drivers/fsl_uart.o  ./device/system_MK66F18.o  ./component/uart/fsl_adapter_uart.o  ./component/lists/fsl_component_generic_list.o  ./board/board.o ./board/clock_config.o ./board/peripherals.o ./board/pin_mux.o  ./accel/fsl_fxos.o   
c:/nxp/mcuxpressoide_11.6.1_8255/ide/plugins/com.nxp.mcuxpresso.tools.win32_11.6.1.202207200623/tools/bin/../lib/gcc/arm-none-eabi/10.3.1/../../../../arm-none-eabi/bin/ld.exe: ./source/ecompass_peripheral.o: in function `main':
C:\Users\wuz147\Desktop\lab1-problem5\frdmk66f_ecompass_peripheral\Debug/../source/ecompass_peripheral.c:299: undefined reference to `BOARD_I2C_ReleaseBus'
Memory region         Used Size  Region Size  %age Used
   PROGRAM_FLASH:       28208 B         2 MB      1.35%
      SRAM_UPPER:        8808 B       192 KB      4.48%
      SRAM_LOWER:          0 GB        64 KB      0.00%
        FLEX_RAM:          0 GB         4 KB      0.00%
collect2.exe: error: ld returned 1 exit status
make[1]: *** [makefile:54: frdmk66f_ecompass_peripheral.axf] Error 1
make: *** [makefile:45: all] Error 2
"make -r -j4 all" terminated with exit code 2. Build might be incomplete.
12:16:58 **** Incremental Build of configuration Debug for project frdmk66f_ecompass_peripheral ****
make -r -j4 all 
Building file: ../source/ecompass_peripheral.c
Invoking: MCU C Compiler
arm-none-eabi-gcc -std=gnu99 -D__REDLIB__ -DCPU_MK66FN2M0VMD18 -DCPU_MK66FN2M0VMD18_cm4 -DPRINTF_FLOAT_ENABLE=1 -DPRINTF_ADVANCED_ENABLE=1 -DSDK_I2C_BASED_COMPONENT_USED=1 -DFRDM_K66F -DFREEDOM -DMCUXPRESSO_SDK -DSDK_DEBUGCONSOLE=0 -D__MCUXPRESSO -D__USE_CMSIS -DDEBUG -DSDK_OS_BAREMETAL -I"C:\Users\wuz147\Desktop\lab1-problem5\frdmk66f_ecompass_peripheral\utilities" -I"C:\Users\wuz147\Desktop\lab1-problem5\frdmk66f_ecompass_peripheral\drivers" -I"C:\Users\wuz147\Desktop\lab1-problem5\frdmk66f_ecompass_peripheral\accel" -I"C:\Users\wuz147\Desktop\lab1-problem5\frdmk66f_ecompass_peripheral\device" -I"C:\Users\wuz147\Desktop\lab1-problem5\frdmk66f_ecompass_peripheral\component\uart" -I"C:\Users\wuz147\Desktop\lab1-problem5\frdmk66f_ecompass_peripheral\component\lists" -I"C:\Users\wuz147\Desktop\lab1-problem5\frdmk66f_ecompass_peripheral\CMSIS" -I"C:\Users\wuz147\Desktop\lab1-problem5\frdmk66f_ecompass_peripheral\board" -I"C:\Users\wuz147\Desktop\lab1-problem5\frdmk66f_ecompass_peripheral\source" -I"C:\Users\wuz147\Desktop\lab1-problem5\frdmk66f_ecompass_peripheral\utilities" -I"C:\Users\wuz147\Desktop\lab1-problem5\frdmk66f_ecompass_peripheral\drivers" -I"C:\Users\wuz147\Desktop\lab1-problem5\frdmk66f_ecompass_peripheral\accel" -I"C:\Users\wuz147\Desktop\lab1-problem5\frdmk66f_ecompass_peripheral\device" -I"C:\Users\wuz147\Desktop\lab1-problem5\frdmk66f_ecompass_peripheral\component\uart" -I"C:\Users\wuz147\Desktop\lab1-problem5\frdmk66f_ecompass_peripheral\component\lists" -I"C:\Users\wuz147\Desktop\lab1-problem5\frdmk66f_ecompass_peripheral\CMSIS" -I"C:\Users\wuz147\Desktop\lab1-problem5\frdmk66f_ecompass_peripheral\board" -I"C:\Users\wuz147\Desktop\lab1-problem5\frdmk66f_ecompass_peripheral\frdmk66f\demo_apps\ecompass_peripheral" -O0 -fno-common -g3 -c -ffunction-sections -fdata-sections -ffreestanding -fno-builtin -fmerge-constants -fmacro-prefix-map="../source/"= -mcpu=cortex-m4 -mfpu=fpv4-sp-d16 -mfloat-abi=hard -mthumb -D__REDLIB__ -fstack-usage -specs=redlib.specs -MMD -MP -MF"source/ecompass_peripheral.d" -MT"source/ecompass_peripheral.o" -MT"source/ecompass_peripheral.d" -o "source/ecompass_peripheral.o" "../source/ecompass_peripheral.c"
Finished building: ../source/ecompass_peripheral.c
 
Building target: frdmk66f_ecompass_peripheral.axf
Invoking: MCU Linker
arm-none-eabi-gcc -nostdlib -Xlinker -Map="frdmk66f_ecompass_peripheral.map" -Xlinker --gc-sections -Xlinker -print-memory-usage -Xlinker --sort-section=alignment -Xlinker --cref -mcpu=cortex-m4 -mfpu=fpv4-sp-d16 -mfloat-abi=hard -mthumb -T frdmk66f_ecompass_peripheral_Debug.ld -o "frdmk66f_ecompass_peripheral.axf" ./utilities/fsl_assert.o ./utilities/fsl_debug_console.o  ./startup/startup_mk66f18.o  ./source/ecompass_peripheral.o ./source/semihost_hardfault.o  ./drivers/fsl_clock.o ./drivers/fsl_common.o ./drivers/fsl_common_arm.o ./drivers/fsl_dspi.o ./drivers/fsl_ftfx_cache.o ./drivers/fsl_ftfx_controller.o ./drivers/fsl_ftfx_flash.o ./drivers/fsl_ftfx_flexnvm.o ./drivers/fsl_gpio.o ./drivers/fsl_i2c.o ./drivers/fsl_lpuart.o ./drivers/fsl_rtc.o ./drivers/fsl_smc.o ./drivers/fsl_uart.o  ./device/system_MK66F18.o  ./component/uart/fsl_adapter_uart.o  ./component/lists/fsl_component_generic_list.o  ./board/board.o ./board/clock_config.o ./board/peripherals.o ./board/pin_mux.o  ./accel/fsl_fxos.o   
Memory region         Used Size  Region Size  %age Used
   PROGRAM_FLASH:       27848 B         2 MB      1.33%
      SRAM_UPPER:        8808 B       192 KB      4.48%
      SRAM_LOWER:          0 GB        64 KB      0.00%
        FLEX_RAM:          0 GB         4 KB      0.00%
Finished building target: frdmk66f_ecompass_peripheral.axf
 
Performing post-build steps
arm-none-eabi-size "frdmk66f_ecompass_peripheral.axf"; # arm-none-eabi-objcopy -v -O binary "frdmk66f_ecompass_peripheral.axf" "frdmk66f_ecompass_peripheral.bin" ; # checksum -p MK66FN2M0xxx18 -d "frdmk66f_ecompass_peripheral.bin";
   text	   data	    bss	    dec	    hex	filename
  27824	     24	   8784	  36632	   8f18	frdmk66f_ecompass_peripheral.axf
 
12:19:17 **** Incremental Build of configuration Debug for project frdmk66f_ecompass_peripheral ****
make -r -j4 all 
Building file: ../board/pin_mux.c
Invoking: MCU C Compiler
arm-none-eabi-gcc -std=gnu99 -D__REDLIB__ -DCPU_MK66FN2M0VMD18 -DCPU_MK66FN2M0VMD18_cm4 -DPRINTF_FLOAT_ENABLE=1 -DPRINTF_ADVANCED_ENABLE=1 -DSDK_I2C_BASED_COMPONENT_USED=1 -DFRDM_K66F -DFREEDOM -DMCUXPRESSO_SDK -DSDK_DEBUGCONSOLE=0 -D__MCUXPRESSO -D__USE_CMSIS -DDEBUG -DSDK_OS_BAREMETAL -I"C:\Users\wuz147\Desktop\lab1-problem5\frdmk66f_ecompass_peripheral\utilities" -I"C:\Users\wuz147\Desktop\lab1-problem5\frdmk66f_ecompass_peripheral\drivers" -I"C:\Users\wuz147\Desktop\lab1-problem5\frdmk66f_ecompass_peripheral\accel" -I"C:\Users\wuz147\Desktop\lab1-problem5\frdmk66f_ecompass_peripheral\device" -I"C:\Users\wuz147\Desktop\lab1-problem5\frdmk66f_ecompass_peripheral\component\uart" -I"C:\Users\wuz147\Desktop\lab1-problem5\frdmk66f_ecompass_peripheral\component\lists" -I"C:\Users\wuz147\Desktop\lab1-problem5\frdmk66f_ecompass_peripheral\CMSIS" -I"C:\Users\wuz147\Desktop\lab1-problem5\frdmk66f_ecompass_peripheral\board" -I"C:\Users\wuz147\Desktop\lab1-problem5\frdmk66f_ecompass_peripheral\source" -I"C:\Users\wuz147\Desktop\lab1-problem5\frdmk66f_ecompass_peripheral\utilities" -I"C:\Users\wuz147\Desktop\lab1-problem5\frdmk66f_ecompass_peripheral\drivers" -I"C:\Users\wuz147\Desktop\lab1-problem5\frdmk66f_ecompass_peripheral\accel" -I"C:\Users\wuz147\Desktop\lab1-problem5\frdmk66f_ecompass_peripheral\device" -I"C:\Users\wuz147\Desktop\lab1-problem5\frdmk66f_ecompass_peripheral\component\uart" -I"C:\Users\wuz147\Desktop\lab1-problem5\frdmk66f_ecompass_peripheral\component\lists" -I"C:\Users\wuz147\Desktop\lab1-problem5\frdmk66f_ecompass_peripheral\CMSIS" -I"C:\Users\wuz147\Desktop\lab1-problem5\frdmk66f_ecompass_peripheral\board" -I"C:\Users\wuz147\Desktop\lab1-problem5\frdmk66f_ecompass_peripheral\frdmk66f\demo_apps\ecompass_peripheral" -O0 -fno-common -g3 -c -ffunction-sections -fdata-sections -ffreestanding -fno-builtin -fmerge-constants -fmacro-prefix-map="../board/"= -mcpu=cortex-m4 -mfpu=fpv4-sp-d16 -mfloat-abi=hard -mthumb -D__REDLIB__ -fstack-usage -specs=redlib.specs -MMD -MP -MF"board/pin_mux.d" -MT"board/pin_mux.o" -MT"board/pin_mux.d" -o "board/pin_mux.o" "../board/pin_mux.c"
Finished building: ../board/pin_mux.c
 
Building target: frdmk66f_ecompass_peripheral.axf
Invoking: MCU Linker
arm-none-eabi-gcc -nostdlib -Xlinker -Map="frdmk66f_ecompass_peripheral.map" -Xlinker --gc-sections -Xlinker -print-memory-usage -Xlinker --sort-section=alignment -Xlinker --cref -mcpu=cortex-m4 -mfpu=fpv4-sp-d16 -mfloat-abi=hard -mthumb -T frdmk66f_ecompass_peripheral_Debug.ld -o "frdmk66f_ecompass_peripheral.axf" ./utilities/fsl_assert.o ./utilities/fsl_debug_console.o  ./startup/startup_mk66f18.o  ./source/ecompass_peripheral.o ./source/semihost_hardfault.o  ./drivers/fsl_clock.o ./drivers/fsl_common.o ./drivers/fsl_common_arm.o ./drivers/fsl_dspi.o ./drivers/fsl_ftfx_cache.o ./drivers/fsl_ftfx_controller.o ./drivers/fsl_ftfx_flash.o ./drivers/fsl_ftfx_flexnvm.o ./drivers/fsl_gpio.o ./drivers/fsl_i2c.o ./drivers/fsl_lpuart.o ./drivers/fsl_rtc.o ./drivers/fsl_smc.o ./drivers/fsl_uart.o  ./device/system_MK66F18.o  ./component/uart/fsl_adapter_uart.o  ./component/lists/fsl_component_generic_list.o  ./board/board.o ./board/clock_config.o ./board/peripherals.o ./board/pin_mux.o  ./accel/fsl_fxos.o   
Memory region         Used Size  Region Size  %age Used
   PROGRAM_FLASH:       27848 B         2 MB      1.33%
      SRAM_UPPER:        8808 B       192 KB      4.48%
      SRAM_LOWER:          0 GB        64 KB      0.00%
        FLEX_RAM:          0 GB         4 KB      0.00%
Finished building target: frdmk66f_ecompass_peripheral.axf
 
Performing post-build steps
arm-none-eabi-size "frdmk66f_ecompass_peripheral.axf"; # arm-none-eabi-objcopy -v -O binary "frdmk66f_ecompass_peripheral.axf" "frdmk66f_ecompass_peripheral.bin" ; # checksum -p MK66FN2M0xxx18 -d "frdmk66f_ecompass_peripheral.bin";
   text	   data	    bss	    dec	    hex	filename
  27824	     24	   8784	  36632	   8f18	frdmk66f_ecompass_peripheral.axf
 
12:31:00 **** Incremental Build of configuration Debug for project frdmk66f_ecompass_peripheral ****
make -r -j4 all 
Building target: frdmk66f_ecompass_peripheral.axf
Invoking: MCU Linker
arm-none-eabi-gcc -nostdlib -Xlinker -Map="frdmk66f_ecompass_peripheral.map" -Xlinker --gc-sections -Xlinker -print-memory-usage -Xlinker --sort-section=alignment -Xlinker --cref -mcpu=cortex-m4 -mfpu=fpv4-sp-d16 -mfloat-abi=hard -mthumb -T frdmk66f_ecompass_peripheral_Debug.ld -o "frdmk66f_ecompass_peripheral.axf" ./utilities/fsl_assert.o ./utilities/fsl_debug_console.o  ./startup/startup_mk66f18.o  ./source/ecompass_peripheral.o ./source/semihost_hardfault.o  ./drivers/fsl_clock.o ./drivers/fsl_common.o ./drivers/fsl_common_arm.o ./drivers/fsl_dspi.o ./drivers/fsl_ftfx_cache.o ./drivers/fsl_ftfx_controller.o ./drivers/fsl_ftfx_flash.o ./drivers/fsl_ftfx_flexnvm.o ./drivers/fsl_gpio.o ./drivers/fsl_i2c.o ./drivers/fsl_lpuart.o ./drivers/fsl_rtc.o ./drivers/fsl_smc.o ./drivers/fsl_uart.o  ./device/system_MK66F18.o  ./component/uart/fsl_adapter_uart.o  ./component/lists/fsl_component_generic_list.o  ./board/board.o ./board/clock_config.o ./board/peripherals.o ./board/pin_mux.o  ./accel/fsl_fxos.o   
Memory region         Used Size  Region Size  %age Used
   PROGRAM_FLASH:       27848 B         2 MB      1.33%
      SRAM_UPPER:        8808 B       192 KB      4.48%
      SRAM_LOWER:          0 GB        64 KB      0.00%
        FLEX_RAM:          0 GB         4 KB      0.00%
Finished building target: frdmk66f_ecompass_peripheral.axf
 
Performing post-build steps
arm-none-eabi-size "frdmk66f_ecompass_peripheral.axf"; # arm-none-eabi-objcopy -v -O binary "frdmk66f_ecompass_peripheral.axf" "frdmk66f_ecompass_peripheral.bin" ; # checksum -p MK66FN2M0xxx18 -d "frdmk66f_ecompass_peripheral.bin";
   text	   data	    bss	    dec	    hex	filename
  27824	     24	   8784	  36632	   8f18	frdmk66f_ecompass_peripheral.axf
 
17:09:33 **** Build of configuration Debug for project frdmk66f_ecompass_peripheral ****
make -r -j4 all 
Building target: frdmk66f_ecompass_peripheral.axf
Invoking: MCU Linker
arm-none-eabi-gcc -nostdlib -Xlinker -Map="frdmk66f_ecompass_peripheral.map" -Xlinker --gc-sections -Xlinker -print-memory-usage -Xlinker --sort-section=alignment -Xlinker --cref -mcpu=cortex-m4 -mfpu=fpv4-sp-d16 -mfloat-abi=hard -mthumb -T frdmk66f_ecompass_peripheral_Debug.ld -o "frdmk66f_ecompass_peripheral.axf" ./utilities/fsl_assert.o ./utilities/fsl_debug_console.o  ./startup/startup_mk66f18.o  ./source/ecompass_peripheral.o ./source/semihost_hardfault.o  ./drivers/fsl_clock.o ./drivers/fsl_common.o ./drivers/fsl_common_arm.o ./drivers/fsl_dspi.o ./drivers/fsl_ftfx_cache.o ./drivers/fsl_ftfx_controller.o ./drivers/fsl_ftfx_flash.o ./drivers/fsl_ftfx_flexnvm.o ./drivers/fsl_gpio.o ./drivers/fsl_i2c.o ./drivers/fsl_lpuart.o ./drivers/fsl_rtc.o ./drivers/fsl_smc.o ./drivers/fsl_uart.o  ./device/system_MK66F18.o  ./component/uart/fsl_adapter_uart.o  ./component/lists/fsl_component_generic_list.o  ./board/board.o ./board/clock_config.o ./board/peripherals.o ./board/pin_mux.o  ./accel/fsl_fxos.o   
Memory region         Used Size  Region Size  %age Used
   PROGRAM_FLASH:       27848 B         2 MB      1.33%
      SRAM_UPPER:        8808 B       192 KB      4.48%
      SRAM_LOWER:          0 GB        64 KB      0.00%
        FLEX_RAM:          0 GB         4 KB      0.00%
Finished building target: frdmk66f_ecompass_peripheral.axf
 
Performing post-build steps
arm-none-eabi-size "frdmk66f_ecompass_peripheral.axf"; # arm-none-eabi-objcopy -v -O binary "frdmk66f_ecompass_peripheral.axf" "frdmk66f_ecompass_peripheral.bin" ; # checksum -p MK66FN2M0xxx18 -d "frdmk66f_ecompass_peripheral.bin";
   text	   data	    bss	    dec	    hex	filename
  27824	     24	   8784	  36632	   8f18	frdmk66f_ecompass_peripheral.axf
 
