18:05:43 **** Build of configuration Debug for project frdmk66f_hello_world ****
make -r -j4 all 
Building target: frdmk66f_hello_world.axf
Invoking: MCU Linker
arm-none-eabi-gcc -nostdlib -Xlinker -Map="frdmk66f_hello_world.map" -Xlinker --gc-sections -Xlinker -print-memory-usage -Xlinker --sort-section=alignment -Xlinker --cref -mcpu=cortex-m4 -mfpu=fpv4-sp-d16 -mfloat-abi=hard -mthumb -T frdmk66f_hello_world_Debug.ld -o "frdmk66f_hello_world.axf" ./utilities/fsl_assert.o ./utilities/fsl_debug_console.o  ./startup/startup_mk66f18.o  ./source/hello_world.o ./source/semihost_hardfault.o  ./drivers/fsl_clock.o ./drivers/fsl_common.o ./drivers/fsl_common_arm.o ./drivers/fsl_ftfx_cache.o ./drivers/fsl_ftfx_controller.o ./drivers/fsl_ftfx_flash.o ./drivers/fsl_ftfx_flexnvm.o ./drivers/fsl_ftm.o ./drivers/fsl_gpio.o ./drivers/fsl_i2c.o ./drivers/fsl_lpuart.o ./drivers/fsl_rtc.o ./drivers/fsl_smc.o ./drivers/fsl_uart.o  ./device/system_MK66F18.o  ./component/uart/fsl_adapter_uart.o  ./component/lists/fsl_component_generic_list.o  ./board/board.o ./board/clock_config.o ./board/pin_mux.o   
Memory region         Used Size  Region Size  %age Used
   PROGRAM_FLASH:       18048 B         2 MB      0.86%
      SRAM_UPPER:        8480 B       192 KB      4.31%
      SRAM_LOWER:          0 GB        64 KB      0.00%
        FLEX_RAM:          0 GB         4 KB      0.00%
Finished building target: frdmk66f_hello_world.axf
 
Performing post-build steps
arm-none-eabi-size "frdmk66f_hello_world.axf"; # arm-none-eabi-objcopy -v -O binary "frdmk66f_hello_world.axf" "frdmk66f_hello_world.bin" ; # checksum -p MK66FN2M0xxx18 -d "frdmk66f_hello_world.bin";
   text	   data	    bss	    dec	    hex	filename
  18032	     16	   8464	  26512	   6790	frdmk66f_hello_world.axf
 

18:05:44 Build Finished. 0 errors, 0 warnings. (took 778ms)

