Archive member included to satisfy reference by file (symbol)

c:/nxp/mcuxpressoide_11.6.1_8255/ide/plugins/com.nxp.mcuxpresso.tools.win32_11.6.1.202207200623/tools/bin/../lib/gcc/arm-none-eabi/10.3.1/../../../../arm-none-eabi/lib/thumb/v7e-m+fp/hard\libcr_semihost_nf.a(_cr__main.o)
                              ./startup/startup_mk66f18.o (__main)
c:/nxp/mcuxpressoide_11.6.1_8255/ide/plugins/com.nxp.mcuxpresso.tools.win32_11.6.1.202207200623/tools/bin/../lib/gcc/arm-none-eabi/10.3.1/../../../../arm-none-eabi/lib/thumb/v7e-m+fp/hard\libcr_c.a(memcpy.o)
                              ./utilities/fsl_str.o (memcpy)
c:/nxp/mcuxpressoide_11.6.1_8255/ide/plugins/com.nxp.mcuxpresso.tools.win32_11.6.1.202207200623/tools/bin/../lib/gcc/arm-none-eabi/10.3.1/../../../../arm-none-eabi/lib/thumb/v7e-m+fp/hard\libcr_c.a(memset.o)
                              ./freertos/freertos_kernel/stream_buffer.o (memset)
c:/nxp/mcuxpressoide_11.6.1_8255/ide/plugins/com.nxp.mcuxpresso.tools.win32_11.6.1.202207200623/tools/bin/../lib/gcc/arm-none-eabi/10.3.1/../../../../arm-none-eabi/lib/thumb/v7e-m+fp/hard\libcr_c.a(alloc.o)
                              ./source/Accelerometer_Component.o (malloc)
c:/nxp/mcuxpressoide_11.6.1_8255/ide/plugins/com.nxp.mcuxpresso.tools.win32_11.6.1.202207200623/tools/bin/../lib/gcc/arm-none-eabi/10.3.1/../../../../arm-none-eabi/lib/thumb/v7e-m+fp/hard\libcr_c.a(errno.o)
                              ./utilities/fsl_str.o (errno)
c:/nxp/mcuxpressoide_11.6.1_8255/ide/plugins/com.nxp.mcuxpresso.tools.win32_11.6.1.202207200623/tools/bin/../lib/gcc/arm-none-eabi/10.3.1/../../../../arm-none-eabi/lib/thumb/v7e-m+fp/hard\libcr_c.a(initio.o)
                              c:/nxp/mcuxpressoide_11.6.1_8255/ide/plugins/com.nxp.mcuxpresso.tools.win32_11.6.1.202207200623/tools/bin/../lib/gcc/arm-none-eabi/10.3.1/../../../../arm-none-eabi/lib/thumb/v7e-m+fp/hard\libcr_semihost_nf.a(_cr__main.o) (_initio)
c:/nxp/mcuxpressoide_11.6.1_8255/ide/plugins/com.nxp.mcuxpresso.tools.win32_11.6.1.202207200623/tools/bin/../lib/gcc/arm-none-eabi/10.3.1/../../../../arm-none-eabi/lib/thumb/v7e-m+fp/hard\libcr_c.a(printf.o)
                              ./source/Terminal_Component.o (_vsprintf)
c:/nxp/mcuxpressoide_11.6.1_8255/ide/plugins/com.nxp.mcuxpresso.tools.win32_11.6.1.202207200623/tools/bin/../lib/gcc/arm-none-eabi/10.3.1/../../../../arm-none-eabi/lib/thumb/v7e-m+fp/hard\libcr_c.a(scanf.o)
                              ./utilities/fsl_str.o (strtoul)
c:/nxp/mcuxpressoide_11.6.1_8255/ide/plugins/com.nxp.mcuxpresso.tools.win32_11.6.1.202207200623/tools/bin/../lib/gcc/arm-none-eabi/10.3.1/../../../../arm-none-eabi/lib/thumb/v7e-m+fp/hard\libcr_c.a(setvbuf.o)
                              c:/nxp/mcuxpressoide_11.6.1_8255/ide/plugins/com.nxp.mcuxpresso.tools.win32_11.6.1.202207200623/tools/bin/../lib/gcc/arm-none-eabi/10.3.1/../../../../arm-none-eabi/lib/thumb/v7e-m+fp/hard\libcr_c.a(initio.o) (setvbuf)
c:/nxp/mcuxpressoide_11.6.1_8255/ide/plugins/com.nxp.mcuxpresso.tools.win32_11.6.1.202207200623/tools/bin/../lib/gcc/arm-none-eabi/10.3.1/../../../../arm-none-eabi/lib/thumb/v7e-m+fp/hard\libcr_c.a(stdlib.o)
                              ./source/Accelerometer_Component.o (abs)
c:/nxp/mcuxpressoide_11.6.1_8255/ide/plugins/com.nxp.mcuxpresso.tools.win32_11.6.1.202207200623/tools/bin/../lib/gcc/arm-none-eabi/10.3.1/../../../../arm-none-eabi/lib/thumb/v7e-m+fp/hard\libcr_c.a(strlen.o)
                              ./utilities/fsl_str.o (strlen)
c:/nxp/mcuxpressoide_11.6.1_8255/ide/plugins/com.nxp.mcuxpresso.tools.win32_11.6.1.202207200623/tools/bin/../lib/gcc/arm-none-eabi/10.3.1/../../../../arm-none-eabi/lib/thumb/v7e-m+fp/hard\libcr_c.a(ungetc.o)
                              c:/nxp/mcuxpressoide_11.6.1_8255/ide/plugins/com.nxp.mcuxpresso.tools.win32_11.6.1.202207200623/tools/bin/../lib/gcc/arm-none-eabi/10.3.1/../../../../arm-none-eabi/lib/thumb/v7e-m+fp/hard\libcr_c.a(scanf.o) (ungetc)
c:/nxp/mcuxpressoide_11.6.1_8255/ide/plugins/com.nxp.mcuxpresso.tools.win32_11.6.1.202207200623/tools/bin/../lib/gcc/arm-none-eabi/10.3.1/../../../../arm-none-eabi/lib/thumb/v7e-m+fp/hard\libcr_c.a(__fillbuf.o)
                              c:/nxp/mcuxpressoide_11.6.1_8255/ide/plugins/com.nxp.mcuxpresso.tools.win32_11.6.1.202207200623/tools/bin/../lib/gcc/arm-none-eabi/10.3.1/../../../../arm-none-eabi/lib/thumb/v7e-m+fp/hard\libcr_c.a(scanf.o) (__filbuf)
c:/nxp/mcuxpressoide_11.6.1_8255/ide/plugins/com.nxp.mcuxpresso.tools.win32_11.6.1.202207200623/tools/bin/../lib/gcc/arm-none-eabi/10.3.1/../../../../arm-none-eabi/lib/thumb/v7e-m+fp/hard\libcr_c.a(__init_alloc.o)
                              c:/nxp/mcuxpressoide_11.6.1_8255/ide/plugins/com.nxp.mcuxpresso.tools.win32_11.6.1.202207200623/tools/bin/../lib/gcc/arm-none-eabi/10.3.1/../../../../arm-none-eabi/lib/thumb/v7e-m+fp/hard\libcr_c.a(alloc.o) (__heaps)
[...]
Memory Configuration

Name             Origin             Length             Attributes
PROGRAM_FLASH    0x00000000         0x00200000         xr
SRAM_UPPER       0x20000000         0x00030000         xrw
SRAM_LOWER       0x1fff0000         0x00010000         xrw
FLEX_RAM         0x14000000         0x00001000         xrw
*default*        0x00000000         0xffffffff

Linker script and memory map

LOAD ./utilities/fsl_assert.o
LOAD ./utilities/fsl_debug_console.o
LOAD ./utilities/fsl_str.o
LOAD ./startup/startup_mk66f18.o
LOAD ./source/Accelerometer_Component.o
LOAD ./source/LED_Component.o
LOAD ./source/Motor_Control_Component.o
LOAD ./source/RC_Receiver_Component.o
LOAD ./source/Terminal_Component.o
LOAD ./source/freertos_hello.o
LOAD ./source/semihost_hardfault.o
LOAD ./freertos/freertos_kernel/portable/MemMang/heap_4.o
LOAD ./freertos/freertos_kernel/portable/GCC/ARM_CM4F/port.o
LOAD ./freertos/freertos_kernel/croutine.o
LOAD ./freertos/freertos_kernel/event_groups.o
LOAD ./freertos/freertos_kernel/list.o
LOAD ./freertos/freertos_kernel/queue.o
LOAD ./freertos/freertos_kernel/stream_buffer.o
LOAD ./freertos/freertos_kernel/tasks.o
LOAD ./freertos/freertos_kernel/timers.o
LOAD ./drivers/fsl_clock.o
LOAD ./drivers/fsl_common.o
LOAD ./drivers/fsl_common_arm.o
LOAD ./drivers/fsl_dspi.o
LOAD ./drivers/fsl_ftfx_cache.o
LOAD ./drivers/fsl_ftfx_controller.o
LOAD ./drivers/fsl_ftfx_flash.o
LOAD ./drivers/fsl_ftfx_flexnvm.o
LOAD ./drivers/fsl_ftm.o
LOAD ./drivers/fsl_fxos.o
LOAD ./drivers/fsl_gpio.o
LOAD ./drivers/fsl_i2c.o
LOAD ./drivers/fsl_lpuart.o
LOAD ./drivers/fsl_rtc.o
LOAD ./drivers/fsl_smc.o
LOAD ./drivers/fsl_uart.o
LOAD ./device/system_MK66F18.o
LOAD ./component/uart/fsl_adapter_uart.o
LOAD ./component/serial_manager/fsl_component_serial_manager.o
LOAD ./component/serial_manager/fsl_component_serial_port_uart.o
LOAD ./component/lists/fsl_component_generic_list.o
LOAD ./board/board.o
LOAD ./board/clock_config.o
LOAD ./board/pin_mux.o
START GROUP
LOAD c:/nxp/mcuxpressoide_11.6.1_8255/ide/plugins/com.nxp.mcuxpresso.tools.win32_11.6.1.202207200623/tools/bin/../lib/gcc/arm-none-eabi/10.3.1/../../../../arm-none-eabi/lib/thumb/v7e-m+fp/hard\libcr_semihost_nf.a
LOAD c:/nxp/mcuxpressoide_11.6.1_8255/ide/plugins/com.nxp.mcuxpresso.tools.win32_11.6.1.202207200623/tools/bin/../lib/gcc/arm-none-eabi/10.3.1/../../../../arm-none-eabi/lib/thumb/v7e-m+fp/hard\libcr_c.a
LOAD c:/nxp/mcuxpressoide_11.6.1_8255/ide/plugins/com.nxp.mcuxpresso.tools.win32_11.6.1.202207200623/tools/bin/../lib/gcc/arm-none-eabi/10.3.1/thumb/v7e-m+fp/hard\libcr_eabihelpers.a
LOAD c:/nxp/mcuxpressoide_11.6.1_8255/ide/plugins/com.nxp.mcuxpresso.tools.win32_11.6.1.202207200623/tools/bin/../lib/gcc/arm-none-eabi/10.3.1/thumb/v7e-m+fp/hard\libgcc.a
END GROUP
                0x00000000                __base_PROGRAM_FLASH = 0x0
                0x00000000                __base_Flash = 0x0
                0x00200000                __top_PROGRAM_FLASH = 0x200000
                0x00200000                __top_Flash = 0x200000
                0x20000000                __base_SRAM_UPPER = 0x20000000
                0x20000000                __base_RAM = 0x20000000
                0x20030000                __top_SRAM_UPPER = 0x20030000
                0x20030000                __top_RAM = 0x20030000
                0x1fff0000                __base_SRAM_LOWER = 0x1fff0000
                0x1fff0000                __base_RAM2 = 0x1fff0000
                0x20000000                __top_SRAM_LOWER = 0x20000000
                0x20000000                __top_RAM2 = 0x20000000
                0x14000000                __base_FLEX_RAM = 0x14000000
                0x14000000                __base_RAM3 = 0x14000000
                0x14001000                __top_FLEX_RAM = 0x14001000
                0x14001000                __top_RAM3 = 0x14001000

.text           0x00000000     0xa2b0
 FILL mask 0xff
                0x00000000                __vectors_start__ = ABSOLUTE (.)
 *(SORT_BY_ALIGNMENT(.isr_vector))
 .isr_vector    0x00000000      0x1d0 ./startup/startup_mk66f18.o
                0x00000000                g_pfnVectors
                0x00000000                __Vectors
                0x000001d0                . = ALIGN (0x4)
                0x000001d0                __section_table_start = .
                0x000001d0                __data_section_table = .
                0x000001d0        0x4 LONG 0xa2b0 LOADADDR (.data)
                0x000001d4        0x4 LONG 0x20000000 ADDR (.data)
                0x000001d8        0x4 LONG 0x18 SIZEOF (.data)
                0x000001dc        0x4 LONG 0xa2b0 LOADADDR (.data_RAM2)
                0x000001e0        0x4 LONG 0x1fff0000 ADDR (.data_RAM2)
                0x000001e4        0x4 LONG 0x0 SIZEOF (.data_RAM2)
                0x000001e8        0x4 LONG 0xa2b0 LOADADDR (.data_RAM3)
                0x000001ec        0x4 LONG 0x14000000 ADDR (.data_RAM3)
                0x000001f0        0x4 LONG 0x0 SIZEOF (.data_RAM3)
                0x000001f4                __data_section_table_end = .
                0x000001f4                __bss_section_table = .
                0x000001f4        0x4 LONG 0x20000018 ADDR (.bss)
                0x000001f8        0x4 LONG 0x2ae0 SIZEOF (.bss)
                0x000001fc        0x4 LONG 0x1fff0000 ADDR (.bss_RAM2)
                0x00000200        0x4 LONG 0x0 SIZEOF (.bss_RAM2)
                0x00000204        0x4 LONG 0x14000000 ADDR (.bss_RAM3)
                0x00000208        0x4 LONG 0x0 SIZEOF (.bss_RAM3)
                0x0000020c                __bss_section_table_end = .
                0x0000020c                __section_table_end = .
 *(SORT_BY_ALIGNMENT(.after_vectors*))
 .after_vectors.reset
                0x0000020c       0x4c ./startup/startup_mk66f18.o
                0x0000020c                ResetISR
 .after_vectors.init_data
                0x00000258       0x1e ./startup/startup_mk66f18.o
                0x00000258                data_init
 .after_vectors.init_bss
                0x00000276       0x12 ./startup/startup_mk66f18.o
                0x00000276                bss_init
 .after_vectors
                0x00000288       0x14 ./startup/startup_mk66f18.o
                0x00000288                NMI_Handler
                0x0000028c                MemManage_Handler
                0x0000028e                BusFault_Handler
                0x00000290                UsageFault_Handler
                0x00000294                DebugMon_Handler
                0x0000029a                DMA_Error_DriverIRQHandler
                0x0000029a                FTM1_DriverIRQHandler
                0x0000029a                FTM2_DriverIRQHandler
                0x0000029a                PIT2_DriverIRQHandler
                0x0000029a                TPM2_DriverIRQHandler
                0x0000029a                SDHC_DriverIRQHandler
                0x0000029a                DMA7_DMA23_DriverIRQHandler
                0x0000029a                I2S0_Tx_DriverIRQHandler
                0x0000029a                TSI0_DriverIRQHandler
                0x0000029a                RTC_Seconds_DriverIRQHandler
                0x0000029a                CMP3_DriverIRQHandler
                0x0000029a                LLWU_DriverIRQHandler
                0x0000029a                MCM_DriverIRQHandler
                0x0000029a                DMA14_DMA30_DriverIRQHandler
                0x0000029a                MCG_DriverIRQHandler
                0x0000029a                ENET_1588_Timer_DriverIRQHandler
                0x0000029a                DAC1_DriverIRQHandler
                0x0000029a                LPTMR0_DriverIRQHandler
                0x0000029a                CMP1_DriverIRQHandler
                0x0000029a                USBHSDCD_DriverIRQHandler
                0x0000029a                DMA0_DMA16_DriverIRQHandler
                0x0000029a                FTM0_DriverIRQHandler
                0x0000029a                IntDefaultHandler
                0x0000029a                USB0_DriverIRQHandler
                0x0000029a                PORTC_DriverIRQHandler
                0x0000029a                DMA2_DMA18_DriverIRQHandler
                0x0000029a                DAC0_DriverIRQHandler
                0x0000029a                CMP2_DriverIRQHandler
                0x0000029a                UART2_ERR_DriverIRQHandler
                0x0000029a                LVD_LVW_DriverIRQHandler
                0x0000029a                Reserved84_DriverIRQHandler
                0x0000029a                PIT0_DriverIRQHandler
                0x0000029a                PORTB_DriverIRQHandler
                0x0000029a                USBDCD_DriverIRQHandler
                0x0000029a                UART3_ERR_DriverIRQHandler
                0x0000029a                DMA12_DMA28_DriverIRQHandler
                0x0000029a                DMA10_DMA26_DriverIRQHandler
                0x0000029a                UART0_ERR_DriverIRQHandler
                0x0000029a                CMT_DriverIRQHandler
                0x0000029a                Reserved71_DriverIRQHandler
                0x0000029a                ADC1_DriverIRQHandler
                0x0000029a                PORTA_DriverIRQHandler
                0x0000029a                DMA1_DMA17_DriverIRQHandler
                0x0000029a                PIT3_DriverIRQHandler
                0x0000029a                PIT1_DriverIRQHandler
                0x0000029a                TPM1_DriverIRQHandler
                0x0000029a                WDOG_EWM_DriverIRQHandler
                0x0000029a                PDB0_DriverIRQHandler
                0x0000029a                DMA8_DMA24_DriverIRQHandler
                0x0000029a                DMA6_DMA22_DriverIRQHandler
                0x0000029a                RTC_DriverIRQHandler
                0x0000029a                I2S0_Rx_DriverIRQHandler
                0x0000029a                Read_Collision_DriverIRQHandler
                0x0000029a                SWI_DriverIRQHandler
                0x0000029a                UART4_ERR_DriverIRQHandler
                0x0000029a                DMA13_DMA29_DriverIRQHandler
                0x0000029a                DMA11_DMA27_DriverIRQHandler
                0x0000029a                DMA4_DMA20_DriverIRQHandler
                0x0000029a                DMA9_DMA25_DriverIRQHandler
                0x0000029a                ENET_Receive_DriverIRQHandler
                0x0000029a                DMA3_DMA19_DriverIRQHandler
                0x0000029a                ENET_Error_DriverIRQHandler
                0x0000029a                Reserved85_DriverIRQHandler
                0x0000029a                ADC0_DriverIRQHandler
                0x0000029a                USBHS_DriverIRQHandler
                0x0000029a                CMP0_DriverIRQHandler
                0x0000029a                CAN0_DriverIRQHandler
                0x0000029a                FTM3_DriverIRQHandler
                0x0000029a                DMA5_DMA21_DriverIRQHandler
                0x0000029a                RNG_DriverIRQHandler
                0x0000029a                DMA15_DMA31_DriverIRQHandler
                0x0000029a                UART1_ERR_DriverIRQHandler
                0x0000029a                ENET_Transmit_DriverIRQHandler
                0x0000029a                PORTD_DriverIRQHandler
                0x0000029a                Reserved46_DriverIRQHandler
                0x0000029a                PORTE_DriverIRQHandler
                0x0000029a                FTFE_DriverIRQHandler
                0x0000029a                CAN1_DriverIRQHandler
                0x00000400                . = 0x400
 *fill*         0x0000029c      0x164 ff
                0x00000400                PROVIDE (__FLASH_CONFIG_START__ = .)
 *(SORT_BY_ALIGNMENT(.FlashConfig))
 .FlashConfig   0x00000400       0x10 ./startup/startup_mk66f18.o
                0x00000400                Flash_Config
                0x00000410                PROVIDE (__FLASH_CONFIG_END__ = .)
                0x00000001                ASSERT (! ((__FLASH_CONFIG_START__ == __FLASH_CONFIG_END__)), Linker Flash Config Support Enabled, but no .FlashConfig section provided within application)
 *(SORT_BY_ALIGNMENT(.text*))
 .text.SVC_Handler
                0x00000410       0x28 ./freertos/freertos_kernel/portable/GCC/ARM_CM4F/port.o
                0x00000410                SVC_Handler
 *fill*         0x00000438        0x8 ff
 .text.PendSV_Handler
                0x00000440       0x68 ./freertos/freertos_kernel/portable/GCC/ARM_CM4F/port.o
                0x00000440                PendSV_Handler
 .text.__assertion_failed
                0x000004a8       0x18 ./utilities/fsl_assert.o
                0x000004a8                __assertion_failed
 .text.setupAccelerometerComponent
                0x000004c0       0x50 ./source/Accelerometer_Component.o
                0x000004c0                setupAccelerometerComponent
 .text.setupAccelerometerPins
                0x00000510       0x60 ./source/Accelerometer_Component.o
                0x00000510                setupAccelerometerPins
 .text.voltageRegulator_enable
                0x00000570       0x30 ./source/Accelerometer_Component.o
                0x00000570                voltageRegulator_enable
 .text.accelerometer_enable
                0x000005a0       0x30 ./source/Accelerometer_Component.o
                0x000005a0                accelerometer_enable
 .text.spi_init
                0x000005d0       0x70 ./source/Accelerometer_Component.o
                0x000005d0                spi_init
 .text.SPI_Send
                0x00000640       0x70 ./source/Accelerometer_Component.o
                0x00000640                SPI_Send
 .text.SPI_receive
                0x000006b0       0x8c ./source/Accelerometer_Component.o
                0x000006b0                SPI_receive
 .text.accelerometerTask
                0x0000073c      0x1e4 ./source/Accelerometer_Component.o
                0x0000073c                accelerometerTask
 .text.setupLEDComponent
                0x00000920       0x58 ./source/LED_Component.o
                0x00000920                setupLEDComponent
 .text.setupLEDPins
                0x00000978       0x44 ./source/LED_Component.o
                0x00000978                setupLEDPins
 .text.setupLEDs
                0x000009bc       0xd0 ./source/LED_Component.o
                0x000009bc                setupLEDs
 .text.ledTask  0x00000a8c      0x110 ./source/LED_Component.o
                0x00000a8c                ledTask
 .text.setupMotorComponent
                0x00000b9c       0xbc ./source/Motor_Control_Component.o
                0x00000b9c                setupMotorComponent
 .text.setupMotorPins
                0x00000c58       0x38 ./source/Motor_Control_Component.o
                0x00000c58                setupMotorPins
 .text.setupMotors
                0x00000c90       0x70 ./source/Motor_Control_Component.o
                0x00000c90                setupMotors
 .text.setupServo
                0x00000d00       0x70 ./source/Motor_Control_Component.o
                0x00000d00                setupServo
 .text.updatePWM_dutyCycle
                0x00000d70       0x74 ./source/Motor_Control_Component.o
                0x00000d70                updatePWM_dutyCycle
 .text.motorTask
                0x00000de4      0x1c0 ./source/Motor_Control_Component.o
                0x00000de4                motorTask
 .text.positionTask
                0x00000fa4       0xb4 ./source/Motor_Control_Component.o
                0x00000fa4                positionTask
 .text.setupRCReceiverComponent
                0x00001058       0x7c ./source/RC_Receiver_Component.o
                0x00001058                setupRCReceiverComponent
 .text.setupRCPins
                0x000010d4       0x20 ./source/RC_Receiver_Component.o
                0x000010d4                setupRCPins
 .text.setupUART_RC
                0x000010f4       0x3c ./source/RC_Receiver_Component.o
                0x000010f4                setupUART_RC
 .text.rcTask   0x00001130      0x298 ./source/RC_Receiver_Component.o
                0x00001130                rcTask
 .text.__NVIC_EnableIRQ
                0x000013c8       0x3c ./source/Terminal_Component.o
 .text.__NVIC_SetPriority
                0x00001404       0x54 ./source/Terminal_Component.o
 .text.timerCallbackFunction
                0x00001458       0x88 ./source/Terminal_Component.o
                0x00001458                timerCallbackFunction
 .text.setupTerminalComponent
                0x000014e0       0xcc ./source/Terminal_Component.o
                0x000014e0                setupTerminalComponent
 .text.setupTerminalPins
                0x000015ac       0x4c ./source/Terminal_Component.o
                0x000015ac                setupTerminalPins
 .text.sendMessage
                0x000015f8       0x58 ./source/Terminal_Component.o
                0x000015f8                sendMessage
 .text.setupUART
                0x00001650       0x5c ./source/Terminal_Component.o
                0x00001650                setupUART
 .text.uartTask
                0x000016ac       0x70 ./source/Terminal_Component.o
                0x000016ac                uartTask
 .text.UART4_RX_TX_IRQHandler
                0x0000171c       0xf0 ./source/Terminal_Component.o
                0x0000171c                UART4_RX_TX_IRQHandler
 .text.terminalControlTask
                0x0000180c      0x198 ./source/Terminal_Component.o
                0x0000180c                terminalControlTask
 .text.main     0x000019a4       0x2c ./source/freertos_hello.o
                0x000019a4                main
 .text.pvPortMalloc
                0x000019d0      0x1c0 ./freertos/freertos_kernel/portable/MemMang/heap_4.o
                0x000019d0                pvPortMalloc
 .text.vPortFree
                0x00001b90       0xc4 ./freertos/freertos_kernel/portable/MemMang/heap_4.o
                0x00001b90                vPortFree
 .text.prvHeapInit
                0x00001c54       0xc4 ./freertos/freertos_kernel/portable/MemMang/heap_4.o
 .text.prvInsertBlockIntoFreeList
                0x00001d18       0xb4 ./freertos/freertos_kernel/portable/MemMang/heap_4.o
 .text.pxPortInitialiseStack
                0x00001dcc       0x68 ./freertos/freertos_kernel/portable/GCC/ARM_CM4F/port.o
                0x00001dcc                pxPortInitialiseStack
 .text.prvTaskExitError
                0x00001e34       0x58 ./freertos/freertos_kernel/portable/GCC/ARM_CM4F/port.o
 .text.prvPortStartFirstTask
                0x00001e8c       0x2c ./freertos/freertos_kernel/portable/GCC/ARM_CM4F/port.o
 .text.xPortStartScheduler
                0x00001eb8      0x144 ./freertos/freertos_kernel/portable/GCC/ARM_CM4F/port.o
                0x00001eb8                xPortStartScheduler
 .text.vPortEnterCritical
                0x00001ffc       0x60 ./freertos/freertos_kernel/portable/GCC/ARM_CM4F/port.o
                0x00001ffc                vPortEnterCritical
 .text.vPortExitCritical
                0x0000205c       0x54 ./freertos/freertos_kernel/portable/GCC/ARM_CM4F/port.o
                0x0000205c                vPortExitCritical
 .text.SysTick_Handler
                0x000020b0       0x44 ./freertos/freertos_kernel/portable/GCC/ARM_CM4F/port.o
                0x000020b0                SysTick_Handler
 .text.vPortSetupTimerInterrupt
                0x000020f4       0x48 ./freertos/freertos_kernel/portable/GCC/ARM_CM4F/port.o
                0x000020f4                vPortSetupTimerInterrupt
 .text.vPortEnableVFP
                0x0000213c       0x18 ./freertos/freertos_kernel/portable/GCC/ARM_CM4F/port.o
 .text.vPortValidateInterruptPriority
                0x00002154       0x80 ./freertos/freertos_kernel/portable/GCC/ARM_CM4F/port.o
                0x00002154                vPortValidateInterruptPriority
 .text.xEventGroupWaitBits
                0x000021d4      0x19c ./freertos/freertos_kernel/event_groups.o
                0x000021d4                xEventGroupWaitBits
 .text.xEventGroupSetBitsFromISR
                0x00002370       0x28 ./freertos/freertos_kernel/event_groups.o
                0x00002370                xEventGroupSetBitsFromISR
 .text.xQueueGenericReset
                0x00002398       0xd0 ./freertos/freertos_kernel/queue.o
                0x00002398                xQueueGenericReset
 .text.xQueueGenericSend
                0x00002468      0x1fc ./freertos/freertos_kernel/queue.o
                0x00002468                xQueueGenericSend
 .text.xQueueReceive
                0x00002664      0x1c0 ./freertos/freertos_kernel/queue.o
                0x00002664                xQueueReceive
 .text.xQueueSemaphoreTake
                0x00002824      0x21c ./freertos/freertos_kernel/queue.o
                0x00002824                xQueueSemaphoreTake
 .text.vQueueAddToRegistry
                0x00002a40       0x54 ./freertos/freertos_kernel/queue.o
                0x00002a40                vQueueAddToRegistry
 .text.prvAddNewTaskToReadyList
                0x00002a94       0xdc ./freertos/freertos_kernel/tasks.o
 .text.vTaskDelay
                0x00002b70       0x68 ./freertos/freertos_kernel/tasks.o
                0x00002b70                vTaskDelay
 .text.vTaskStartScheduler
                0x00002bd8       0xa4 ./freertos/freertos_kernel/tasks.o
                0x00002bd8                vTaskStartScheduler
 .text.vTaskSuspendAll
                0x00002c7c       0x1c ./freertos/freertos_kernel/tasks.o
                0x00002c7c                vTaskSuspendAll
 .text.xTaskResumeAll
                0x00002c98      0x138 ./freertos/freertos_kernel/tasks.o
                0x00002c98                xTaskResumeAll
 .text.xTaskGetTickCount
                0x00002dd0       0x20 ./freertos/freertos_kernel/tasks.o
                0x00002dd0                xTaskGetTickCount
 .text.xTaskIncrementTick
                0x00002df0      0x154 ./freertos/freertos_kernel/tasks.o
                0x00002df0                xTaskIncrementTick
 .text.vTaskSwitchContext
                0x00002f44       0xb8 ./freertos/freertos_kernel/tasks.o
                0x00002f44                vTaskSwitchContext
 .text.vTaskPlaceOnEventList
                0x00002ffc       0x48 ./freertos/freertos_kernel/tasks.o
                0x00002ffc                vTaskPlaceOnEventList
 .text.vTaskPlaceOnUnorderedEventList
                0x00003044       0x78 ./freertos/freertos_kernel/tasks.o
                0x00003044                vTaskPlaceOnUnorderedEventList
 .text.vTaskPlaceOnEventListRestricted
                0x000030bc       0x58 ./freertos/freertos_kernel/tasks.o
                0x000030bc                vTaskPlaceOnEventListRestricted
 .text.xTaskRemoveFromEventList
                0x00003114       0xc4 ./freertos/freertos_kernel/tasks.o
                0x00003114                xTaskRemoveFromEventList
 .text.vTaskRemoveFromUnorderedEventList
                0x000031d8       0xc4 ./freertos/freertos_kernel/tasks.o
                0x000031d8                vTaskRemoveFromUnorderedEventList
 .text.vTaskInternalSetTimeOutState
                0x0000329c       0x2c ./freertos/freertos_kernel/tasks.o
                0x0000329c                vTaskInternalSetTimeOutState
 .text.xTaskCheckForTimeOut
                0x000032c8       0xcc ./freertos/freertos_kernel/tasks.o
                0x000032c8                xTaskCheckForTimeOut
 .text.vTaskMissedYield
                0x00003394       0x18 ./freertos/freertos_kernel/tasks.o
                0x00003394                vTaskMissedYield
 .text.prvIdleTask
                0x000033ac       0x30 ./freertos/freertos_kernel/tasks.o
 .text.prvInitialiseTaskLists
                0x000033dc       0x80 ./freertos/freertos_kernel/tasks.o
 .text.prvCheckTasksWaitingTermination
                0x0000345c       0x5c ./freertos/freertos_kernel/tasks.o
 .text.prvResetNextTaskUnblockTime
                0x000034b8       0x38 ./freertos/freertos_kernel/tasks.o
 .text.xTaskGetSchedulerState
                0x000034f0       0x3c ./freertos/freertos_kernel/tasks.o
                0x000034f0                xTaskGetSchedulerState
 .text.xTaskPriorityInherit
                0x0000352c       0xec ./freertos/freertos_kernel/tasks.o
                0x0000352c                xTaskPriorityInherit
 .text.xTaskPriorityDisinherit
                0x00003618       0xf4 ./freertos/freertos_kernel/tasks.o
                0x00003618                xTaskPriorityDisinherit
 .text.vTaskPriorityDisinheritAfterTimeout
                0x0000370c      0x11c ./freertos/freertos_kernel/tasks.o
                0x0000370c                vTaskPriorityDisinheritAfterTimeout
 .text.uxTaskResetEventItemValue
                0x00003828       0x30 ./freertos/freertos_kernel/tasks.o
                0x00003828                uxTaskResetEventItemValue
 .text.pvTaskIncrementMutexHeldCount
                0x00003858       0x28 ./freertos/freertos_kernel/tasks.o
                0x00003858                pvTaskIncrementMutexHeldCount
 .text.prvAddCurrentTaskToDelayedList
                0x00003880       0xcc ./freertos/freertos_kernel/tasks.o
 .text.xTimerCreateTimerTask
                0x0000394c       0x64 ./freertos/freertos_kernel/timers.o
                0x0000394c                xTimerCreateTimerTask
 .text.xTimerGenericCommand
                0x000039b0       0x9c ./freertos/freertos_kernel/timers.o
                0x000039b0                xTimerGenericCommand
 .text.prvProcessExpiredTimer
                0x00003a4c       0x98 ./freertos/freertos_kernel/timers.o
 .text.prvProcessTimerOrBlockTask
                0x00003ae4       0x9c ./freertos/freertos_kernel/timers.o
 .text.prvGetNextExpireTime
                0x00003b80       0x48 ./freertos/freertos_kernel/timers.o
 .text.prvSampleTimeNow
                0x00003bc8       0x40 ./freertos/freertos_kernel/timers.o
 .text.prvInsertTimerInActiveList
                0x00003c08       0x84 ./freertos/freertos_kernel/timers.o
 .text.prvProcessReceivedCommands
                0x00003c8c      0x1c4 ./freertos/freertos_kernel/timers.o
 .text.prvSwitchTimerLists
                0x00003e50       0xc8 ./freertos/freertos_kernel/timers.o
 .text.prvCheckForValidListAndQueue
                0x00003f18       0x6c ./freertos/freertos_kernel/timers.o
 .text.xTimerPendFunctionCallFromISR
                0x00003f84       0x40 ./freertos/freertos_kernel/timers.o
                0x00003f84                xTimerPendFunctionCallFromISR
 .text.CLOCK_SetEr32kClock
                0x00003fc4       0x30 ./drivers/fsl_clock.o
 .text.CLOCK_SetPllFllSelClock
                0x00003ff4       0x54 ./drivers/fsl_clock.o
 .text.CLOCK_GetMcgExtClkFreq
                0x00004048       0x7c ./drivers/fsl_clock.o
 .text.CLOCK_GetFllExtRefClkFreq
                0x000040c4       0xb0 ./drivers/fsl_clock.o
 .text.CLOCK_GetInternalRefClkSelectFreq
                0x00004174       0x4c ./drivers/fsl_clock.o
 .text.CLOCK_GetFllRefClkFreq
                0x000041c0       0x34 ./drivers/fsl_clock.o
 .text.CLOCK_GetOsc0ErClkUndivFreq
                0x000041f4       0x44 ./drivers/fsl_clock.o
                0x000041f4                CLOCK_GetOsc0ErClkUndivFreq
 .text.CLOCK_GetOsc0ErClkDivFreq
                0x00004238       0x58 ./drivers/fsl_clock.o
                0x00004238                CLOCK_GetOsc0ErClkDivFreq
 .text.CLOCK_GetEr32kClkFreq
                0x00004290       0x74 ./drivers/fsl_clock.o
                0x00004290                CLOCK_GetEr32kClkFreq
 .text.CLOCK_GetPllFllSelClkFreq
                0x00004304       0x90 ./drivers/fsl_clock.o
                0x00004304                CLOCK_GetPllFllSelClkFreq
 .text.CLOCK_GetFreq
                0x00004394      0x148 ./drivers/fsl_clock.o
                0x00004394                CLOCK_GetFreq
 .text.CLOCK_SetSimConfig
                0x000044dc       0x40 ./drivers/fsl_clock.o
                0x000044dc                CLOCK_SetSimConfig
 .text.CLOCK_GetOutClkFreq
                0x0000451c       0x90 ./drivers/fsl_clock.o
                0x0000451c                CLOCK_GetOutClkFreq
 .text.CLOCK_GetFllFreq
                0x000045ac       0x84 ./drivers/fsl_clock.o
                0x000045ac                CLOCK_GetFllFreq
 .text.CLOCK_GetInternalRefClkFreq
                0x00004630       0x30 ./drivers/fsl_clock.o
                0x00004630                CLOCK_GetInternalRefClkFreq
 .text.CLOCK_GetPll0Freq
                0x00004660       0x7c ./drivers/fsl_clock.o
                0x00004660                CLOCK_GetPll0Freq
 .text.CLOCK_GetExtPllFreq
                0x000046dc       0x18 ./drivers/fsl_clock.o
                0x000046dc                CLOCK_GetExtPllFreq
 .text.CLOCK_SetExternalRefClkConfig
                0x000046f4       0x6c ./drivers/fsl_clock.o
                0x000046f4                CLOCK_SetExternalRefClkConfig
 .text.CLOCK_SetInternalRefClkConfig
                0x00004760      0x104 ./drivers/fsl_clock.o
                0x00004760                CLOCK_SetInternalRefClkConfig
 .text.DSPI_GetInstance
                0x00004864       0x4c ./drivers/fsl_dspi.o
                0x00004864                DSPI_GetInstance
 .text.DSPI_GetDummyDataInstance
                0x000048b0       0x24 ./drivers/fsl_dspi.o
                0x000048b0                DSPI_GetDummyDataInstance
 .text.DSPI_SetDummyData
                0x000048d4       0x2c ./drivers/fsl_dspi.o
                0x000048d4                DSPI_SetDummyData
 .text.DSPI_MasterInit
                0x00004900      0x16c ./drivers/fsl_dspi.o
                0x00004900                DSPI_MasterInit
 .text.DSPI_MasterSetBaudRate
                0x00004a6c      0x12c ./drivers/fsl_dspi.o
                0x00004a6c                DSPI_MasterSetBaudRate
 .text.DSPI_MasterSetDelayScaler
                0x00004b98       0xe8 ./drivers/fsl_dspi.o
                0x00004b98                DSPI_MasterSetDelayScaler
 .text.DSPI_MasterSetDelayTimes
                0x00004c80      0x130 ./drivers/fsl_dspi.o
                0x00004c80                DSPI_MasterSetDelayTimes
 .text.DSPI_MasterTransferBlocking
                0x00004db0      0x488 ./drivers/fsl_dspi.o
                0x00004db0                DSPI_MasterTransferBlocking
 .text.DSPI_CommonIRQHandler
                0x00005238       0x44 ./drivers/fsl_dspi.o
 .text.SPI0_DriverIRQHandler
                0x0000527c       0x30 ./drivers/fsl_dspi.o
                0x0000527c                SPI0_DriverIRQHandler
 .text.SPI1_DriverIRQHandler
                0x000052ac       0x30 ./drivers/fsl_dspi.o
                0x000052ac                SPI1_DriverIRQHandler
 .text.SPI2_DriverIRQHandler
                0x000052dc       0x30 ./drivers/fsl_dspi.o
                0x000052dc                SPI2_DriverIRQHandler
 .text.FTM_GetInstance
                0x0000530c       0x54 ./drivers/fsl_ftm.o
 .text.FTM_SetPwmSync
                0x00005360      0x140 ./drivers/fsl_ftm.o
 .text.FTM_SetReloadPoints
                0x000054a0      0x138 ./drivers/fsl_ftm.o
 .text.FTM_Init
                0x000055d8       0xf4 ./drivers/fsl_ftm.o
                0x000055d8                FTM_Init
 .text.FTM_GetDefaultConfig
                0x000056cc       0x74 ./drivers/fsl_ftm.o
                0x000056cc                FTM_GetDefaultConfig
 .text.FTM_SetupPwm
                0x00005740      0x334 ./drivers/fsl_ftm.o
                0x00005740                FTM_SetupPwm
 .text.FTM_UpdatePwmDutycycle
                0x00005a74      0x1a4 ./drivers/fsl_ftm.o
                0x00005a74                FTM_UpdatePwmDutycycle
 .text.FXOS_Init
                0x00005c18      0x190 ./drivers/fsl_fxos.o
                0x00005c18                FXOS_Init
 .text.FXOS_ReadReg
                0x00005da8       0x58 ./drivers/fsl_fxos.o
                0x00005da8                FXOS_ReadReg
 .text.FXOS_WriteReg
                0x00005e00       0x44 ./drivers/fsl_fxos.o
                0x00005e00                FXOS_WriteReg
 .text.GPIO_PinInit
                0x00005e44       0x64 ./drivers/fsl_gpio.o
                0x00005e44                GPIO_PinInit
 .text.I2C_TransferCommonIRQHandler
                0x00005ea8       0x58 ./drivers/fsl_i2c.o
 .text.I2C0_DriverIRQHandler
                0x00005f00       0x1c ./drivers/fsl_i2c.o
                0x00005f00                I2C0_DriverIRQHandler
 .text.I2C1_DriverIRQHandler
                0x00005f1c       0x1c ./drivers/fsl_i2c.o
                0x00005f1c                I2C1_DriverIRQHandler
 .text.I2C2_DriverIRQHandler
                0x00005f38       0x1c ./drivers/fsl_i2c.o
                0x00005f38                I2C2_DriverIRQHandler
 .text.I2C3_DriverIRQHandler
                0x00005f54       0x1c ./drivers/fsl_i2c.o
                0x00005f54                I2C3_DriverIRQHandler
 .text.LPUART0_DriverIRQHandler
                0x00005f70       0x28 ./drivers/fsl_lpuart.o
                0x00005f70                LPUART0_DriverIRQHandler
 .text.UART_GetInstance
                0x00005f98       0x54 ./drivers/fsl_uart.o
                0x00005f98                UART_GetInstance
 .text.UART_Init
                0x00005fec      0x2f4 ./drivers/fsl_uart.o
                0x00005fec                UART_Init
 .text.UART_GetDefaultConfig
                0x000062e0       0x68 ./drivers/fsl_uart.o
                0x000062e0                UART_GetDefaultConfig
 .text.UART_EnableInterrupts
                0x00006348       0x70 ./drivers/fsl_uart.o
                0x00006348                UART_EnableInterrupts
 .text.UART_ReadBlocking
                0x000063b8       0xfc ./drivers/fsl_uart.o
                0x000063b8                UART_ReadBlocking
 .text.UART0_DriverIRQHandler
                0x000064b4       0x28 ./drivers/fsl_uart.o
                0x000064b4                UART0_DriverIRQHandler
 .text.UART1_DriverIRQHandler
                0x000064dc       0x28 ./drivers/fsl_uart.o
                0x000064dc                UART1_DriverIRQHandler
 .text.UART2_DriverIRQHandler
                0x00006504       0x28 ./drivers/fsl_uart.o
                0x00006504                UART2_DriverIRQHandler
 .text.UART3_DriverIRQHandler
                0x0000652c       0x28 ./drivers/fsl_uart.o
                0x0000652c                UART3_DriverIRQHandler
 .text.SystemInit
                0x00006554       0x3c ./device/system_MK66F18.o
                0x00006554                SystemInit
 .text.CLOCK_SetSimSafeDivs
                0x00006590       0x24 ./board/clock_config.o
 .text.CLOCK_CONFIG_SetFllExtRefDiv
                0x000065b4       0x3c ./board/clock_config.o
 .text.BOARD_BootClockRUN
                0x000065f0       0x3c ./board/clock_config.o
                0x000065f0                BOARD_BootClockRUN
 .text.malloc   0x0000662c       0xc8 c:/nxp/mcuxpressoide_11.6.1_8255/ide/plugins/com.nxp.mcuxpresso.tools.win32_11.6.1.202207200623/tools/bin/../lib/gcc/arm-none-eabi/10.3.1/../../../../arm-none-eabi/lib/thumb/v7e-m+fp/hard\libcr_c.a(alloc.o)
                0x0000662c                malloc
 .text._Csys_alloc
                0x000066f4       0x20 c:/nxp/mcuxpressoide_11.6.1_8255/ide/plugins/com.nxp.mcuxpresso.tools.win32_11.6.1.202207200623/tools/bin/../lib/gcc/arm-none-eabi/10.3.1/../../../../arm-none-eabi/lib/thumb/v7e-m+fp/hard\libcr_c.a(alloc.o)
                0x000066f4                _Csys_alloc
 .text._initio  0x00006714       0x78 c:/nxp/mcuxpressoide_11.6.1_8255/ide/plugins/com.nxp.mcuxpresso.tools.win32_11.6.1.202207200623/tools/bin/../lib/gcc/arm-none-eabi/10.3.1/../../../../arm-none-eabi/lib/thumb/v7e-m+fp/hard\libcr_c.a(initio.o)
                0x00006714                _initio
 .text.__vfprintf
                0x0000678c      0xbf8 c:/nxp/mcuxpressoide_11.6.1_8255/ide/plugins/com.nxp.mcuxpresso.tools.win32_11.6.1.202207200623/tools/bin/../lib/gcc/arm-none-eabi/10.3.1/../../../../arm-none-eabi/lib/thumb/v7e-m+fp/hard\libcr_c.a(printf.o)
                0x0000678c                __vfprintf
 .text._vsprintf
                0x00007384       0x5c c:/nxp/mcuxpressoide_11.6.1_8255/ide/plugins/com.nxp.mcuxpresso.tools.win32_11.6.1.202207200623/tools/bin/../lib/gcc/arm-none-eabi/10.3.1/../../../../arm-none-eabi/lib/thumb/v7e-m+fp/hard\libcr_c.a(printf.o)
                0x00007384                _vsprintf
 .text._vsnprintf
                0x000073e0       0x68 c:/nxp/mcuxpressoide_11.6.1_8255/ide/plugins/com.nxp.mcuxpresso.tools.win32_11.6.1.202207200623/tools/bin/../lib/gcc/arm-none-eabi/10.3.1/../../../../arm-none-eabi/lib/thumb/v7e-m+fp/hard\libcr_c.a(printf.o)
                0x000073e0                _vsnprintf
 .text._printf  0x00007448       0x54 c:/nxp/mcuxpressoide_11.6.1_8255/ide/plugins/com.nxp.mcuxpresso.tools.win32_11.6.1.202207200623/tools/bin/../lib/gcc/arm-none-eabi/10.3.1/../../../../arm-none-eabi/lib/thumb/v7e-m+fp/hard\libcr_c.a(printf.o)
                0x00007448                _printf
 .text._sbrk    0x0000749c       0x3c c:/nxp/mcuxpressoide_11.6.1_8255/ide/plugins/com.nxp.mcuxpresso.tools.win32_11.6.1.202207200623/tools/bin/../lib/gcc/arm-none-eabi/10.3.1/../../../../arm-none-eabi/lib/thumb/v7e-m+fp/hard\libcr_c.a(_cr_sbrk.o)
                0x0000749c                _sbrk
 .text._Cwritebuf
                0x000074d8       0x6c c:/nxp/mcuxpressoide_11.6.1_8255/ide/plugins/com.nxp.mcuxpresso.tools.win32_11.6.1.202207200623/tools/bin/../lib/gcc/arm-none-eabi/10.3.1/../../../../arm-none-eabi/lib/thumb/v7e-m+fp/hard\libcr_c.a(_writebuf.o)
                0x000074d8                _Cwritebuf
 .text.fflush   0x00007544       0x3c c:/nxp/mcuxpressoide_11.6.1_8255/ide/plugins/com.nxp.mcuxpresso.tools.win32_11.6.1.202207200623/tools/bin/../lib/gcc/arm-none-eabi/10.3.1/../../../../arm-none-eabi/lib/thumb/v7e-m+fp/hard\libcr_c.a(fflush.o)
                0x00007544                fflush
 .text.fseek    0x00007580       0xfc c:/nxp/mcuxpressoide_11.6.1_8255/ide/plugins/com.nxp.mcuxpresso.tools.win32_11.6.1.202207200623/tools/bin/../lib/gcc/arm-none-eabi/10.3.1/../../../../arm-none-eabi/lib/thumb/v7e-m+fp/hard\libcr_c.a(fseek.o)
                0x00007580                fseek
 .text.ftell    0x0000767c       0x44 c:/nxp/mcuxpressoide_11.6.1_8255/ide/plugins/com.nxp.mcuxpresso.tools.win32_11.6.1.202207200623/tools/bin/../lib/gcc/arm-none-eabi/10.3.1/../../../../arm-none-eabi/lib/thumb/v7e-m+fp/hard\libcr_c.a(ftell.o)
                0x0000767c                ftell
 .text.__check_heap_overflow
                0x000076c0       0x18 c:/nxp/mcuxpressoide_11.6.1_8255/ide/plugins/com.nxp.mcuxpresso.tools.win32_11.6.1.202207200623/tools/bin/../lib/gcc/arm-none-eabi/10.3.1/../../../../arm-none-eabi/lib/thumb/v7e-m+fp/hard\libcr_c.a(_cr_check_heap.o)
                0x000076c0                __check_heap_overflow
 .text.__aeabi_dmul
                0x000076d8       0xfc c:/nxp/mcuxpressoide_11.6.1_8255/ide/plugins/com.nxp.mcuxpresso.tools.win32_11.6.1.202207200623/tools/bin/../lib/gcc/arm-none-eabi/10.3.1/thumb/v7e-m+fp/hard\libcr_eabihelpers.a(double.o)
                0x000076d8                __aeabi_dmul
 .text.__aeabi_ddiv
                0x000077d4      0x138 c:/nxp/mcuxpressoide_11.6.1_8255/ide/plugins/com.nxp.mcuxpresso.tools.win32_11.6.1.202207200623/tools/bin/../lib/gcc/arm-none-eabi/10.3.1/thumb/v7e-m+fp/hard\libcr_eabihelpers.a(double.o)
                0x000077d4                __aeabi_ddiv
 .text.__aeabi_dsub
                0x0000790c      0x1ac c:/nxp/mcuxpressoide_11.6.1_8255/ide/plugins/com.nxp.mcuxpresso.tools.win32_11.6.1.202207200623/tools/bin/../lib/gcc/arm-none-eabi/10.3.1/thumb/v7e-m+fp/hard\libcr_eabihelpers.a(double.o)
                0x0000790c                __aeabi_dsub
 .text.__aeabi_dadd
                0x00007ab8      0x114 c:/nxp/mcuxpressoide_11.6.1_8255/ide/plugins/com.nxp.mcuxpresso.tools.win32_11.6.1.202207200623/tools/bin/../lib/gcc/arm-none-eabi/10.3.1/thumb/v7e-m+fp/hard\libcr_eabihelpers.a(double.o)
                0x00007ab8                __aeabi_dadd
 .text.__aeabi_d2f
                0x00007bcc       0x58 c:/nxp/mcuxpressoide_11.6.1_8255/ide/plugins/com.nxp.mcuxpresso.tools.win32_11.6.1.202207200623/tools/bin/../lib/gcc/arm-none-eabi/10.3.1/thumb/v7e-m+fp/hard\libcr_eabihelpers.a(double.o)
                0x00007bcc                __aeabi_d2f
 .text.__aeabi_f2d
                0x00007c24       0x38 c:/nxp/mcuxpressoide_11.6.1_8255/ide/plugins/com.nxp.mcuxpresso.tools.win32_11.6.1.202207200623/tools/bin/../lib/gcc/arm-none-eabi/10.3.1/thumb/v7e-m+fp/hard\libcr_eabihelpers.a(float.o)
                0x00007c24                __aeabi_f2d
 .text.__sys_appexit
                0x00007c5c        0xc c:/nxp/mcuxpressoide_11.6.1_8255/ide/plugins/com.nxp.mcuxpresso.tools.win32_11.6.1.202207200623/tools/bin/../lib/gcc/arm-none-eabi/10.3.1/../../../../arm-none-eabi/lib/thumb/v7e-m+fp/hard\libcr_semihost_nf.a(__sys_appexit.o)
                0x00007c5c                __sys_appexit
                0x00007c5c                __exit
 .text.DMA0_DMA16_IRQHandler
                0x00007c68        0x8 ./startup/startup_mk66f18.o
                0x00007c68                DMA0_DMA16_IRQHandler
 .text.DMA1_DMA17_IRQHandler
                0x00007c70        0x8 ./startup/startup_mk66f18.o
                0x00007c70                DMA1_DMA17_IRQHandler
 .text.DMA2_DMA18_IRQHandler
                0x00007c78        0x8 ./startup/startup_mk66f18.o
                0x00007c78                DMA2_DMA18_IRQHandler
 .text.DMA3_DMA19_IRQHandler
                0x00007c80        0x8 ./startup/startup_mk66f18.o
                0x00007c80                DMA3_DMA19_IRQHandler
 .text.DMA4_DMA20_IRQHandler
                0x00007c88        0x8 ./startup/startup_mk66f18.o
                0x00007c88                DMA4_DMA20_IRQHandler
 .text.DMA5_DMA21_IRQHandler
                0x00007c90        0x8 ./startup/startup_mk66f18.o
                0x00007c90                DMA5_DMA21_IRQHandler
 .text.DMA6_DMA22_IRQHandler
                0x00007c98        0x8 ./startup/startup_mk66f18.o
                0x00007c98                DMA6_DMA22_IRQHandler
 .text.DMA7_DMA23_IRQHandler
                0x00007ca0        0x8 ./startup/startup_mk66f18.o
                0x00007ca0                DMA7_DMA23_IRQHandler
 .text.DMA8_DMA24_IRQHandler
                0x00007ca8        0x8 ./startup/startup_mk66f18.o
                0x00007ca8                DMA8_DMA24_IRQHandler
 .text.DMA9_DMA25_IRQHandler
                0x00007cb0        0x8 ./startup/startup_mk66f18.o
                0x00007cb0                DMA9_DMA25_IRQHandler
 .text.DMA10_DMA26_IRQHandler
                0x00007cb8        0x8 ./startup/startup_mk66f18.o
                0x00007cb8                DMA10_DMA26_IRQHandler
 .text.DMA11_DMA27_IRQHandler
                0x00007cc0        0x8 ./startup/startup_mk66f18.o
                0x00007cc0                DMA11_DMA27_IRQHandler
 .text.DMA12_DMA28_IRQHandler
                0x00007cc8        0x8 ./startup/startup_mk66f18.o
                0x00007cc8                DMA12_DMA28_IRQHandler
 .text.DMA13_DMA29_IRQHandler
                0x00007cd0        0x8 ./startup/startup_mk66f18.o
                0x00007cd0                DMA13_DMA29_IRQHandler
 .text.DMA14_DMA30_IRQHandler
                0x00007cd8        0x8 ./startup/startup_mk66f18.o
                0x00007cd8                DMA14_DMA30_IRQHandler
 .text.DMA15_DMA31_IRQHandler
                0x00007ce0        0x8 ./startup/startup_mk66f18.o
                0x00007ce0                DMA15_DMA31_IRQHandler
 .text.DMA_Error_IRQHandler
                0x00007ce8        0x8 ./startup/startup_mk66f18.o
                0x00007ce8                DMA_Error_IRQHandler
 .text.MCM_IRQHandler
                0x00007cf0        0x8 ./startup/startup_mk66f18.o
                0x00007cf0                MCM_IRQHandler
 .text.FTFE_IRQHandler
                0x00007cf8        0x8 ./startup/startup_mk66f18.o
                0x00007cf8                FTFE_IRQHandler
 .text.Read_Collision_IRQHandler
                0x00007d00        0x8 ./startup/startup_mk66f18.o
                0x00007d00                Read_Collision_IRQHandler
 .text.LVD_LVW_IRQHandler
                0x00007d08        0x8 ./startup/startup_mk66f18.o
                0x00007d08                LVD_LVW_IRQHandler
 .text.LLWU_IRQHandler
                0x00007d10        0x8 ./startup/startup_mk66f18.o
                0x00007d10                LLWU_IRQHandler
 .text.WDOG_EWM_IRQHandler
                0x00007d18        0x8 ./startup/startup_mk66f18.o
                0x00007d18                WDOG_EWM_IRQHandler
 .text.RNG_IRQHandler
                0x00007d20        0x8 ./startup/startup_mk66f18.o
                0x00007d20                RNG_IRQHandler
 .text.I2C0_IRQHandler
                0x00007d28        0x8 ./startup/startup_mk66f18.o
                0x00007d28                I2C0_IRQHandler
 .text.I2C1_IRQHandler
                0x00007d30        0x8 ./startup/startup_mk66f18.o
                0x00007d30                I2C1_IRQHandler
 .text.SPI0_IRQHandler
                0x00007d38        0x8 ./startup/startup_mk66f18.o
                0x00007d38                SPI0_IRQHandler
 .text.SPI1_IRQHandler
                0x00007d40        0x8 ./startup/startup_mk66f18.o
                0x00007d40                SPI1_IRQHandler
 .text.I2S0_Tx_IRQHandler
                0x00007d48        0x8 ./startup/startup_mk66f18.o
                0x00007d48                I2S0_Tx_IRQHandler
 .text.I2S0_Rx_IRQHandler
                0x00007d50        0x8 ./startup/startup_mk66f18.o
                0x00007d50                I2S0_Rx_IRQHandler
 .text.Reserved46_IRQHandler
                0x00007d58        0x8 ./startup/startup_mk66f18.o
                0x00007d58                Reserved46_IRQHandler
 .text.UART0_RX_TX_IRQHandler
                0x00007d60        0x8 ./startup/startup_mk66f18.o
                0x00007d60                UART0_RX_TX_IRQHandler
 .text.UART0_ERR_IRQHandler
                0x00007d68        0x8 ./startup/startup_mk66f18.o
                0x00007d68                UART0_ERR_IRQHandler
 .text.UART1_RX_TX_IRQHandler
                0x00007d70        0x8 ./startup/startup_mk66f18.o
                0x00007d70                UART1_RX_TX_IRQHandler
 .text.UART1_ERR_IRQHandler
                0x00007d78        0x8 ./startup/startup_mk66f18.o
                0x00007d78                UART1_ERR_IRQHandler
 .text.UART2_RX_TX_IRQHandler
                0x00007d80        0x8 ./startup/startup_mk66f18.o
                0x00007d80                UART2_RX_TX_IRQHandler
 .text.UART2_ERR_IRQHandler
                0x00007d88        0x8 ./startup/startup_mk66f18.o
                0x00007d88                UART2_ERR_IRQHandler
 .text.UART3_RX_TX_IRQHandler
                0x00007d90        0x8 ./startup/startup_mk66f18.o
                0x00007d90                UART3_RX_TX_IRQHandler
 .text.UART3_ERR_IRQHandler
                0x00007d98        0x8 ./startup/startup_mk66f18.o
                0x00007d98                UART3_ERR_IRQHandler
 .text.ADC0_IRQHandler
                0x00007da0        0x8 ./startup/startup_mk66f18.o
                0x00007da0                ADC0_IRQHandler
 .text.CMP0_IRQHandler
                0x00007da8        0x8 ./startup/startup_mk66f18.o
                0x00007da8                CMP0_IRQHandler
 .text.CMP1_IRQHandler
                0x00007db0        0x8 ./startup/startup_mk66f18.o
                0x00007db0                CMP1_IRQHandler
 .text.FTM0_IRQHandler
                0x00007db8        0x8 ./startup/startup_mk66f18.o
                0x00007db8                FTM0_IRQHandler
 .text.FTM1_IRQHandler
                0x00007dc0        0x8 ./startup/startup_mk66f18.o
                0x00007dc0                FTM1_IRQHandler
 .text.FTM2_IRQHandler
                0x00007dc8        0x8 ./startup/startup_mk66f18.o
                0x00007dc8                FTM2_IRQHandler
 .text.CMT_IRQHandler
                0x00007dd0        0x8 ./startup/startup_mk66f18.o
                0x00007dd0                CMT_IRQHandler
 .text.RTC_IRQHandler
                0x00007dd8        0x8 ./startup/startup_mk66f18.o
                0x00007dd8                RTC_IRQHandler
 .text.RTC_Seconds_IRQHandler
                0x00007de0        0x8 ./startup/startup_mk66f18.o
                0x00007de0                RTC_Seconds_IRQHandler
 .text.PIT0_IRQHandler
                0x00007de8        0x8 ./startup/startup_mk66f18.o
                0x00007de8                PIT0_IRQHandler
 .text.PIT1_IRQHandler
                0x00007df0        0x8 ./startup/startup_mk66f18.o
                0x00007df0                PIT1_IRQHandler
 .text.PIT2_IRQHandler
                0x00007df8        0x8 ./startup/startup_mk66f18.o
                0x00007df8                PIT2_IRQHandler
 .text.PIT3_IRQHandler
                0x00007e00        0x8 ./startup/startup_mk66f18.o
                0x00007e00                PIT3_IRQHandler
 .text.PDB0_IRQHandler
                0x00007e08        0x8 ./startup/startup_mk66f18.o
                0x00007e08                PDB0_IRQHandler
 .text.USB0_IRQHandler
                0x00007e10        0x8 ./startup/startup_mk66f18.o
                0x00007e10                USB0_IRQHandler
 .text.USBDCD_IRQHandler
                0x00007e18        0x8 ./startup/startup_mk66f18.o
                0x00007e18                USBDCD_IRQHandler
 .text.Reserved71_IRQHandler
                0x00007e20        0x8 ./startup/startup_mk66f18.o
                0x00007e20                Reserved71_IRQHandler
 .text.DAC0_IRQHandler
                0x00007e28        0x8 ./startup/startup_mk66f18.o
                0x00007e28                DAC0_IRQHandler
 .text.MCG_IRQHandler
                0x00007e30        0x8 ./startup/startup_mk66f18.o
                0x00007e30                MCG_IRQHandler
 .text.LPTMR0_IRQHandler
                0x00007e38        0x8 ./startup/startup_mk66f18.o
                0x00007e38                LPTMR0_IRQHandler
 .text.PORTA_IRQHandler
                0x00007e40        0x8 ./startup/startup_mk66f18.o
                0x00007e40                PORTA_IRQHandler
 .text.PORTB_IRQHandler
                0x00007e48        0x8 ./startup/startup_mk66f18.o
                0x00007e48                PORTB_IRQHandler
 .text.PORTC_IRQHandler
                0x00007e50        0x8 ./startup/startup_mk66f18.o
                0x00007e50                PORTC_IRQHandler
 .text.PORTD_IRQHandler
                0x00007e58        0x8 ./startup/startup_mk66f18.o
                0x00007e58                PORTD_IRQHandler
 .text.PORTE_IRQHandler
                0x00007e60        0x8 ./startup/startup_mk66f18.o
                0x00007e60                PORTE_IRQHandler
 .text.SWI_IRQHandler
                0x00007e68        0x8 ./startup/startup_mk66f18.o
                0x00007e68                SWI_IRQHandler
 .text.SPI2_IRQHandler
                0x00007e70        0x8 ./startup/startup_mk66f18.o
                0x00007e70                SPI2_IRQHandler
 .text.UART4_ERR_IRQHandler
                0x00007e78        0x8 ./startup/startup_mk66f18.o
                0x00007e78                UART4_ERR_IRQHandler
 .text.Reserved84_IRQHandler
                0x00007e80        0x8 ./startup/startup_mk66f18.o
                0x00007e80                Reserved84_IRQHandler
 .text.Reserved85_IRQHandler
                0x00007e88        0x8 ./startup/startup_mk66f18.o
                0x00007e88                Reserved85_IRQHandler
 .text.CMP2_IRQHandler
                0x00007e90        0x8 ./startup/startup_mk66f18.o
                0x00007e90                CMP2_IRQHandler
 .text.FTM3_IRQHandler
                0x00007e98        0x8 ./startup/startup_mk66f18.o
                0x00007e98                FTM3_IRQHandler
 .text.DAC1_IRQHandler
                0x00007ea0        0x8 ./startup/startup_mk66f18.o
                0x00007ea0                DAC1_IRQHandler
 .text.ADC1_IRQHandler
                0x00007ea8        0x8 ./startup/startup_mk66f18.o
                0x00007ea8                ADC1_IRQHandler
 .text.I2C2_IRQHandler
                0x00007eb0        0x8 ./startup/startup_mk66f18.o
                0x00007eb0                I2C2_IRQHandler
 .text.CAN0_ORed_Message_buffer_IRQHandler
                0x00007eb8        0x8 ./startup/startup_mk66f18.o
                0x00007eb8                CAN0_ORed_Message_buffer_IRQHandler
 .text.CAN0_Bus_Off_IRQHandler
                0x00007ec0        0x8 ./startup/startup_mk66f18.o
                0x00007ec0                CAN0_Bus_Off_IRQHandler
 .text.CAN0_Error_IRQHandler
                0x00007ec8        0x8 ./startup/startup_mk66f18.o
                0x00007ec8                CAN0_Error_IRQHandler
 .text.CAN0_Tx_Warning_IRQHandler
                0x00007ed0        0x8 ./startup/startup_mk66f18.o
                0x00007ed0                CAN0_Tx_Warning_IRQHandler
 .text.CAN0_Rx_Warning_IRQHandler
                0x00007ed8        0x8 ./startup/startup_mk66f18.o
                0x00007ed8                CAN0_Rx_Warning_IRQHandler
 .text.CAN0_Wake_Up_IRQHandler
                0x00007ee0        0x8 ./startup/startup_mk66f18.o
                0x00007ee0                CAN0_Wake_Up_IRQHandler
 .text.SDHC_IRQHandler
                0x00007ee8        0x8 ./startup/startup_mk66f18.o
                0x00007ee8                SDHC_IRQHandler
 .text.ENET_1588_Timer_IRQHandler
                0x00007ef0        0x8 ./startup/startup_mk66f18.o
                0x00007ef0                ENET_1588_Timer_IRQHandler
 .text.ENET_Transmit_IRQHandler
                0x00007ef8        0x8 ./startup/startup_mk66f18.o
                0x00007ef8                ENET_Transmit_IRQHandler
 .text.ENET_Receive_IRQHandler
                0x00007f00        0x8 ./startup/startup_mk66f18.o
                0x00007f00                ENET_Receive_IRQHandler
 .text.ENET_Error_IRQHandler
                0x00007f08        0x8 ./startup/startup_mk66f18.o
                0x00007f08                ENET_Error_IRQHandler
 .text.LPUART0_IRQHandler
                0x00007f10        0x8 ./startup/startup_mk66f18.o
                0x00007f10                LPUART0_IRQHandler
 .text.TSI0_IRQHandler
                0x00007f18        0x8 ./startup/startup_mk66f18.o
                0x00007f18                TSI0_IRQHandler
 .text.TPM1_IRQHandler
                0x00007f20        0x8 ./startup/startup_mk66f18.o
                0x00007f20                TPM1_IRQHandler
 .text.TPM2_IRQHandler
                0x00007f28        0x8 ./startup/startup_mk66f18.o
                0x00007f28                TPM2_IRQHandler
 .text.USBHSDCD_IRQHandler
                0x00007f30        0x8 ./startup/startup_mk66f18.o
                0x00007f30                USBHSDCD_IRQHandler
 .text.I2C3_IRQHandler
                0x00007f38        0x8 ./startup/startup_mk66f18.o
                0x00007f38                I2C3_IRQHandler
 .text.CMP3_IRQHandler
                0x00007f40        0x8 ./startup/startup_mk66f18.o
                0x00007f40                CMP3_IRQHandler
 .text.USBHS_IRQHandler
                0x00007f48        0x8 ./startup/startup_mk66f18.o
                0x00007f48                USBHS_IRQHandler
 .text.CAN1_ORed_Message_buffer_IRQHandler
                0x00007f50        0x8 ./startup/startup_mk66f18.o
                0x00007f50                CAN1_ORed_Message_buffer_IRQHandler
 .text.CAN1_Bus_Off_IRQHandler
                0x00007f58        0x8 ./startup/startup_mk66f18.o
                0x00007f58                CAN1_Bus_Off_IRQHandler
 .text.CAN1_Error_IRQHandler
                0x00007f60        0x8 ./startup/startup_mk66f18.o
                0x00007f60                CAN1_Error_IRQHandler
 .text.CAN1_Tx_Warning_IRQHandler
                0x00007f68        0x8 ./startup/startup_mk66f18.o
                0x00007f68                CAN1_Tx_Warning_IRQHandler
 .text.CAN1_Rx_Warning_IRQHandler
                0x00007f70        0x8 ./startup/startup_mk66f18.o
                0x00007f70                CAN1_Rx_Warning_IRQHandler
 .text.CAN1_Wake_Up_IRQHandler
                0x00007f78        0x8 ./startup/startup_mk66f18.o
                0x00007f78                CAN1_Wake_Up_IRQHandler
 .text.CLOCK_EnableClock
                0x00007f80       0x34 ./source/Accelerometer_Component.o
 .text.PORT_SetPinMux
                0x00007fb4       0x3a ./source/Accelerometer_Component.o
 .text.GPIO_PinWrite
                0x00007fee       0x36 ./source/Accelerometer_Component.o
 .text.CLOCK_EnableClock
                0x00008024       0x34 ./source/LED_Component.o
 .text.PORT_SetPinMux
                0x00008058       0x3a ./source/LED_Component.o
 .text.FTM_StartTimer
                0x00008092       0x3a ./source/LED_Component.o
 .text.FTM_SetSoftwareTrigger
                0x000080cc       0x38 ./source/LED_Component.o
 .text.CLOCK_EnableClock
                0x00008104       0x34 ./source/Motor_Control_Component.o
 .text.PORT_SetPinMux
                0x00008138       0x3a ./source/Motor_Control_Component.o
 .text.FTM_StartTimer
                0x00008172       0x3a ./source/Motor_Control_Component.o
 .text.FTM_SetSoftwareTrigger
                0x000081ac       0x38 ./source/Motor_Control_Component.o
 .text.CLOCK_EnableClock
                0x000081e4       0x34 ./source/RC_Receiver_Component.o
 .text.PORT_SetPinMux
                0x00008218       0x3a ./source/RC_Receiver_Component.o
 .text.CLOCK_EnableClock
                0x00008252       0x34 ./source/Terminal_Component.o
 .text.EnableIRQ
                0x00008286       0x32 ./source/Terminal_Component.o
 .text.PORT_SetPinMux
                0x000082b8       0x3a ./source/Terminal_Component.o
 .text.UART_ReadByte
                0x000082f2       0x1a ./source/Terminal_Component.o
 .text.HardFault_Handler
                0x0000830c       0x2c ./source/semihost_hardfault.o
                0x0000830c                HardFault_Handler
 .text.xEventGroupCreate
                0x00008338       0x2e ./freertos/freertos_kernel/event_groups.o
                0x00008338                xEventGroupCreate
 .text.xEventGroupSetBits
                0x00008366      0x116 ./freertos/freertos_kernel/event_groups.o
                0x00008366                xEventGroupSetBits
 .text.vEventGroupSetBitsCallback
                0x0000847c       0x1a ./freertos/freertos_kernel/event_groups.o
                0x0000847c                vEventGroupSetBitsCallback
 .text.prvTestWaitCondition
                0x00008496       0x44 ./freertos/freertos_kernel/event_groups.o
 .text.vListInitialise
                0x000084da       0x40 ./freertos/freertos_kernel/list.o
                0x000084da                vListInitialise
 .text.vListInitialiseItem
                0x0000851a       0x1a ./freertos/freertos_kernel/list.o
                0x0000851a                vListInitialiseItem
 .text.vListInsertEnd
                0x00008534       0x48 ./freertos/freertos_kernel/list.o
                0x00008534                vListInsertEnd
 .text.vListInsert
                0x0000857c       0x72 ./freertos/freertos_kernel/list.o
                0x0000857c                vListInsert
 .text.uxListRemove
                0x000085ee       0x54 ./freertos/freertos_kernel/list.o
                0x000085ee                uxListRemove
 .text.xQueueGenericCreate
                0x00008642       0xbe ./freertos/freertos_kernel/queue.o
                0x00008642                xQueueGenericCreate
 .text.prvInitialiseNewQueue
                0x00008700       0x46 ./freertos/freertos_kernel/queue.o
 .text.xQueueGenericSendFromISR
                0x00008746      0x154 ./freertos/freertos_kernel/queue.o
                0x00008746                xQueueGenericSendFromISR
 .text.prvGetDisinheritPriorityAfterTimeout
                0x0000889a       0x30 ./freertos/freertos_kernel/queue.o
 .text.prvCopyDataToQueue
                0x000088ca       0xd4 ./freertos/freertos_kernel/queue.o
 .text.prvCopyDataFromQueue
                0x0000899e       0x4c ./freertos/freertos_kernel/queue.o
 .text.prvUnlockQueue
                0x000089ea       0xa4 ./freertos/freertos_kernel/queue.o
 .text.prvIsQueueEmpty
                0x00008a8e       0x2c ./freertos/freertos_kernel/queue.o
 .text.prvIsQueueFull
                0x00008aba       0x30 ./freertos/freertos_kernel/queue.o
 .text.vQueueWaitForMessageRestricted
                0x00008aea       0x68 ./freertos/freertos_kernel/queue.o
                0x00008aea                vQueueWaitForMessageRestricted
 .text.xTaskCreate
                0x00008b52       0x82 ./freertos/freertos_kernel/tasks.o
                0x00008b52                xTaskCreate
 .text.prvInitialiseNewTask
                0x00008bd4      0x13a ./freertos/freertos_kernel/tasks.o
 .text.prvDeleteTCB
                0x00008d0e       0x20 ./freertos/freertos_kernel/tasks.o
 .text.xTimerCreate
                0x00008d2e       0x42 ./freertos/freertos_kernel/timers.o
                0x00008d2e                xTimerCreate
 .text.prvInitialiseNewTimer
                0x00008d70       0x76 ./freertos/freertos_kernel/timers.o
 .text.prvTimerTask
                0x00008de6       0x24 ./freertos/freertos_kernel/timers.o
 .text.xTimerIsTimerActive
                0x00008e0a       0x52 ./freertos/freertos_kernel/timers.o
                0x00008e0a                xTimerIsTimerActive
 .text.CLOCK_GetPll0RefFreq
                0x00008e5c        0xe ./drivers/fsl_clock.o
 .text.CLOCK_GetFixedFreqClkFreq
                0x00008e6a       0x34 ./drivers/fsl_clock.o
                0x00008e6a                CLOCK_GetFixedFreqClkFreq
 .text.CLOCK_EnableClock
                0x00008e9e       0x34 ./drivers/fsl_dspi.o
 .text.DSPI_Enable
                0x00008ed2       0x38 ./drivers/fsl_dspi.o
 .text.DSPI_GetStatusFlags
                0x00008f0a       0x18 ./drivers/fsl_dspi.o
 .text.DSPI_ClearStatusFlags
                0x00008f22       0x1c ./drivers/fsl_dspi.o
 .text.DSPI_DisableInterrupts
                0x00008f3e       0x24 ./drivers/fsl_dspi.o
 .text.DSPI_SetMasterSlaveMode
                0x00008f62       0x2a ./drivers/fsl_dspi.o
 .text.DSPI_IsMaster
                0x00008f8c       0x26 ./drivers/fsl_dspi.o
 .text.DSPI_StartTransfer
                0x00008fb2       0x20 ./drivers/fsl_dspi.o
 .text.DSPI_StopTransfer
                0x00008fd2       0x20 ./drivers/fsl_dspi.o
 .text.DSPI_FlushFifo
                0x00008ff2       0x48 ./drivers/fsl_dspi.o
 .text.DSPI_MasterGetFormattedCommand
                0x0000903a       0x4a ./drivers/fsl_dspi.o
 .text.DSPI_ReadData
                0x00009084       0x18 ./drivers/fsl_dspi.o
 .text.DSPI_SetOnePcsPolarity
                0x0000909c       0x4e ./drivers/fsl_dspi.o
 .text.CLOCK_EnableClock
                0x000090ea       0x34 ./drivers/fsl_ftm.o
 .text.FTM_SetDeadTimeEnable
                0x0000911e       0x52 ./drivers/fsl_ftm.o
 .text.FTM_SetComplementaryEnable
                0x00009170       0x52 ./drivers/fsl_ftm.o
 .text.FXOS_ReadSensorData
                0x000091c2       0x9e ./drivers/fsl_fxos.o
                0x000091c2                FXOS_ReadSensorData
 .text.GPIO_PinWrite
                0x00009260       0x36 ./drivers/fsl_gpio.o
 .text.CLOCK_EnableClock
                0x00009296       0x34 ./drivers/fsl_uart.o
 .text.UART_GetStatusFlags
                0x000092ca       0x48 ./drivers/fsl_uart.o
                0x000092ca                UART_GetStatusFlags
 .text.UART_ClearStatusFlags
                0x00009312       0x80 ./drivers/fsl_uart.o
                0x00009312                UART_ClearStatusFlags
 .text.UART_WriteBlocking
                0x00009392       0x50 ./drivers/fsl_uart.o
                0x00009392                UART_WriteBlocking
 .text.UART0_RX_TX_DriverIRQHandler
                0x000093e2       0x12 ./drivers/fsl_uart.o
                0x000093e2                UART0_RX_TX_DriverIRQHandler
 .text.UART1_RX_TX_DriverIRQHandler
                0x000093f4       0x12 ./drivers/fsl_uart.o
                0x000093f4                UART1_RX_TX_DriverIRQHandler
 .text.UART2_RX_TX_DriverIRQHandler
                0x00009406       0x12 ./drivers/fsl_uart.o
                0x00009406                UART2_RX_TX_DriverIRQHandler
 .text.UART3_RX_TX_DriverIRQHandler
                0x00009418       0x12 ./drivers/fsl_uart.o
                0x00009418                UART3_RX_TX_DriverIRQHandler
 .text.SystemInitHook
                0x0000942a        0xe ./device/system_MK66F18.o
                0x0000942a                SystemInitHook
 .text.BOARD_InitBootClocks
                0x00009438        0xc ./board/clock_config.o
                0x00009438                BOARD_InitBootClocks
 .text.__main   0x00009444        0xe c:/nxp/mcuxpressoide_11.6.1_8255/ide/plugins/com.nxp.mcuxpresso.tools.win32_11.6.1.202207200623/tools/bin/../lib/gcc/arm-none-eabi/10.3.1/../../../../arm-none-eabi/lib/thumb/v7e-m+fp/hard\libcr_semihost_nf.a(_cr__main.o)
                0x00009444                __CR_SEMIHOST
                0x00009444                __main
 .text.memcpy   0x00009452        0x4 c:/nxp/mcuxpressoide_11.6.1_8255/ide/plugins/com.nxp.mcuxpresso.tools.win32_11.6.1.202207200623/tools/bin/../lib/gcc/arm-none-eabi/10.3.1/../../../../arm-none-eabi/lib/thumb/v7e-m+fp/hard\libcr_c.a(memcpy.o)
                0x00009452                memcpy
 .text.memset   0x00009456        0x4 c:/nxp/mcuxpressoide_11.6.1_8255/ide/plugins/com.nxp.mcuxpresso.tools.win32_11.6.1.202207200623/tools/bin/../lib/gcc/arm-none-eabi/10.3.1/../../../../arm-none-eabi/lib/thumb/v7e-m+fp/hard\libcr_c.a(memset.o)
                0x00009456                memset
 .text.free     0x0000945a       0x30 c:/nxp/mcuxpressoide_11.6.1_8255/ide/plugins/com.nxp.mcuxpresso.tools.win32_11.6.1.202207200623/tools/bin/../lib/gcc/arm-none-eabi/10.3.1/../../../../arm-none-eabi/lib/thumb/v7e-m+fp/hard\libcr_c.a(alloc.o)
                0x0000945a                free
 .text.no_fp_display
                0x0000948a        0x4 c:/nxp/mcuxpressoide_11.6.1_8255/ide/plugins/com.nxp.mcuxpresso.tools.win32_11.6.1.202207200623/tools/bin/../lib/gcc/arm-none-eabi/10.3.1/../../../../arm-none-eabi/lib/thumb/v7e-m+fp/hard\libcr_c.a(printf.o)
 .text.setvbuf  0x0000948e       0x3e c:/nxp/mcuxpressoide_11.6.1_8255/ide/plugins/com.nxp.mcuxpresso.tools.win32_11.6.1.202207200623/tools/bin/../lib/gcc/arm-none-eabi/10.3.1/../../../../arm-none-eabi/lib/thumb/v7e-m+fp/hard\libcr_c.a(setvbuf.o)
                0x0000948e                setvbuf
 .text.abs      0x000094cc        0x8 c:/nxp/mcuxpressoide_11.6.1_8255/ide/plugins/com.nxp.mcuxpresso.tools.win32_11.6.1.202207200623/tools/bin/../lib/gcc/arm-none-eabi/10.3.1/../../../../arm-none-eabi/lib/thumb/v7e-m+fp/hard\libcr_c.a(stdlib.o)
                0x000094cc                abs
 .text.strlen   0x000094d4       0x48 c:/nxp/mcuxpressoide_11.6.1_8255/ide/plugins/com.nxp.mcuxpresso.tools.win32_11.6.1.202207200623/tools/bin/../lib/gcc/arm-none-eabi/10.3.1/../../../../arm-none-eabi/lib/thumb/v7e-m+fp/hard\libcr_c.a(strlen.o)
                0x000094d4                strlen
 .text._deferredlazyseek
                0x0000951c       0x40 c:/nxp/mcuxpressoide_11.6.1_8255/ide/plugins/com.nxp.mcuxpresso.tools.win32_11.6.1.202207200623/tools/bin/../lib/gcc/arm-none-eabi/10.3.1/../../../../arm-none-eabi/lib/thumb/v7e-m+fp/hard\libcr_c.a(_deferredlazyseek.o)
                0x0000951c                _deferredlazyseek
 .text.__flsbuf
                0x0000955c      0x140 c:/nxp/mcuxpressoide_11.6.1_8255/ide/plugins/com.nxp.mcuxpresso.tools.win32_11.6.1.202207200623/tools/bin/../lib/gcc/arm-none-eabi/10.3.1/../../../../arm-none-eabi/lib/thumb/v7e-m+fp/hard\libcr_c.a(_deferredlazyseek.o)
                0x0000955c                __flsbuf
 .text._fdopen  0x0000969c       0x68 c:/nxp/mcuxpressoide_11.6.1_8255/ide/plugins/com.nxp.mcuxpresso.tools.win32_11.6.1.202207200623/tools/bin/../lib/gcc/arm-none-eabi/10.3.1/../../../../arm-none-eabi/lib/thumb/v7e-m+fp/hard\libcr_c.a(_fdopen.o)
                0x0000969c                _fdopen
 .text._fflush  0x00009704       0x52 c:/nxp/mcuxpressoide_11.6.1_8255/ide/plugins/com.nxp.mcuxpresso.tools.win32_11.6.1.202207200623/tools/bin/../lib/gcc/arm-none-eabi/10.3.1/../../../../arm-none-eabi/lib/thumb/v7e-m+fp/hard\libcr_c.a(_fflush.o)
                0x00009704                _fflush
 .text.fclose   0x00009756       0x58 c:/nxp/mcuxpressoide_11.6.1_8255/ide/plugins/com.nxp.mcuxpresso.tools.win32_11.6.1.202207200623/tools/bin/../lib/gcc/arm-none-eabi/10.3.1/../../../../arm-none-eabi/lib/thumb/v7e-m+fp/hard\libcr_c.a(fclose.o)
                0x00009756                fclose
 .text.remove   0x000097ae       0x14 c:/nxp/mcuxpressoide_11.6.1_8255/ide/plugins/com.nxp.mcuxpresso.tools.win32_11.6.1.202207200623/tools/bin/../lib/gcc/arm-none-eabi/10.3.1/../../../../arm-none-eabi/lib/thumb/v7e-m+fp/hard\libcr_c.a(remove.o)
                0x000097ae                remove
 .text._do_fflush
                0x000097c2       0x40 c:/nxp/mcuxpressoide_11.6.1_8255/ide/plugins/com.nxp.mcuxpresso.tools.win32_11.6.1.202207200623/tools/bin/../lib/gcc/arm-none-eabi/10.3.1/../../../../arm-none-eabi/lib/thumb/v7e-m+fp/hard\libcr_c.a(_do_fflush.o)
                0x000097c2                _do_fflush
 .text.__aeabi_d2iz
                0x00009802       0x40 c:/nxp/mcuxpressoide_11.6.1_8255/ide/plugins/com.nxp.mcuxpresso.tools.win32_11.6.1.202207200623/tools/bin/../lib/gcc/arm-none-eabi/10.3.1/thumb/v7e-m+fp/hard\libcr_eabihelpers.a(double.o)
                0x00009802                __aeabi_d2iz
 .text.__bhs_ui2d
                0x00009842       0x46 c:/nxp/mcuxpressoide_11.6.1_8255/ide/plugins/com.nxp.mcuxpresso.tools.win32_11.6.1.202207200623/tools/bin/../lib/gcc/arm-none-eabi/10.3.1/thumb/v7e-m+fp/hard\libcr_eabihelpers.a(double.o)
                0x00009842                __bhs_ui2d
 .text.__aeabi_i2d
                0x00009888       0x12 c:/nxp/mcuxpressoide_11.6.1_8255/ide/plugins/com.nxp.mcuxpresso.tools.win32_11.6.1.202207200623/tools/bin/../lib/gcc/arm-none-eabi/10.3.1/thumb/v7e-m+fp/hard\libcr_eabihelpers.a(double.o)
                0x00009888                __aeabi_i2d
 .text.__aeabi_ui2d
                0x0000989a        0x8 c:/nxp/mcuxpressoide_11.6.1_8255/ide/plugins/com.nxp.mcuxpresso.tools.win32_11.6.1.202207200623/tools/bin/../lib/gcc/arm-none-eabi/10.3.1/thumb/v7e-m+fp/hard\libcr_eabihelpers.a(double.o)
                0x0000989a                __aeabi_ui2d
 .text.__aeabi_memcpy
                0x000098a2       0x34 c:/nxp/mcuxpressoide_11.6.1_8255/ide/plugins/com.nxp.mcuxpresso.tools.win32_11.6.1.202207200623/tools/bin/../lib/gcc/arm-none-eabi/10.3.1/thumb/v7e-m+fp/hard\libcr_eabihelpers.a(memcpy.o)
                0x000098a2                __aeabi_memcpy
                0x000098ac                __aeabi_memcpy8
                0x000098ac                __aeabi_memcpy4
 .text.__aeabi_memset_lowlevel
                0x000098d6       0x32 c:/nxp/mcuxpressoide_11.6.1_8255/ide/plugins/com.nxp.mcuxpresso.tools.win32_11.6.1.202207200623/tools/bin/../lib/gcc/arm-none-eabi/10.3.1/thumb/v7e-m+fp/hard\libcr_eabihelpers.a(memcpy.o)
                0x000098d6                __aeabi_lowlevel_memset
 .text.__sys_close
                0x00009908        0xc c:/nxp/mcuxpressoide_11.6.1_8255/ide/plugins/com.nxp.mcuxpresso.tools.win32_11.6.1.202207200623/tools/bin/../lib/gcc/arm-none-eabi/10.3.1/../../../../arm-none-eabi/lib/thumb/v7e-m+fp/hard\libcr_semihost_nf.a(__sys_close.o)
                0x00009908                __sys_close
 .text.__sys_flen
                0x00009914        0xc c:/nxp/mcuxpressoide_11.6.1_8255/ide/plugins/com.nxp.mcuxpresso.tools.win32_11.6.1.202207200623/tools/bin/../lib/gcc/arm-none-eabi/10.3.1/../../../../arm-none-eabi/lib/thumb/v7e-m+fp/hard\libcr_semihost_nf.a(__sys_flen.o)
                0x00009914                __sys_flen
 .text.__sys_istty
                0x00009920        0xc c:/nxp/mcuxpressoide_11.6.1_8255/ide/plugins/com.nxp.mcuxpresso.tools.win32_11.6.1.202207200623/tools/bin/../lib/gcc/arm-none-eabi/10.3.1/../../../../arm-none-eabi/lib/thumb/v7e-m+fp/hard\libcr_semihost_nf.a(__sys_istty.o)
                0x00009920                __sys_istty
 .text.__sys_remove
                0x0000992c        0xc c:/nxp/mcuxpressoide_11.6.1_8255/ide/plugins/com.nxp.mcuxpresso.tools.win32_11.6.1.202207200623/tools/bin/../lib/gcc/arm-none-eabi/10.3.1/../../../../arm-none-eabi/lib/thumb/v7e-m+fp/hard\libcr_semihost_nf.a(__sys_remove.o)
                0x0000992c                __sys_remove
 .text.__sys_seek
                0x00009938        0xc c:/nxp/mcuxpressoide_11.6.1_8255/ide/plugins/com.nxp.mcuxpresso.tools.win32_11.6.1.202207200623/tools/bin/../lib/gcc/arm-none-eabi/10.3.1/../../../../arm-none-eabi/lib/thumb/v7e-m+fp/hard\libcr_semihost_nf.a(__sys_seek.o)
                0x00009938                __sys_seek
 .text.__sys_tmpnam
                0x00009944        0xc c:/nxp/mcuxpressoide_11.6.1_8255/ide/plugins/com.nxp.mcuxpresso.tools.win32_11.6.1.202207200623/tools/bin/../lib/gcc/arm-none-eabi/10.3.1/../../../../arm-none-eabi/lib/thumb/v7e-m+fp/hard\libcr_semihost_nf.a(__sys_tmpnam.o)
                0x00009944                __sys_tmpnam
 .text.__sys_write
                0x00009950        0xc c:/nxp/mcuxpressoide_11.6.1_8255/ide/plugins/com.nxp.mcuxpresso.tools.win32_11.6.1.202207200623/tools/bin/../lib/gcc/arm-none-eabi/10.3.1/../../../../arm-none-eabi/lib/thumb/v7e-m+fp/hard\libcr_semihost_nf.a(__sys_write.o)
                0x00009950                __sys_write
 *freertos*/tasks.o(SORT_BY_ALIGNMENT(.rodata*))
 .rodata.vTaskStartScheduler.str1.4
                0x0000995c        0x5 ./freertos/freertos_kernel/tasks.o
 *(SORT_BY_ALIGNMENT(.rodata) SORT_BY_ALIGNMENT(.rodata.*) SORT_BY_ALIGNMENT(.constdata) SORT_BY_ALIGNMENT(.constdata.*))
 *fill*         0x00009961        0x3 ff
 .rodata.__assertion_failed.str1.4
                0x00009964       0x14 ./utilities/fsl_assert.o
 .rodata.setupAccelerometerComponent.str1.4
                0x00009978       0x12 ./source/Accelerometer_Component.o
                                 0x2d (size before relaxing)
 *fill*         0x0000998a        0x2 ff
 .rodata.accelerometerTask.str1.4
                0x0000998c       0x89 ./source/Accelerometer_Component.o
 *fill*         0x00009a15        0x3 ff
 .rodata.setupLEDComponent.str1.4
                0x00009a18       0x29 ./source/LED_Component.o
 *fill*         0x00009a41        0x3 ff
 .rodata.ledTask.str1.4
                0x00009a44        0xe ./source/LED_Component.o
 *fill*         0x00009a52        0x2 ff
 .rodata.setupMotorComponent.str1.4
                0x00009a54       0x11 ./source/Motor_Control_Component.o
                                 0x2d (size before relaxing)
 *fill*         0x00009a65        0x3 ff
 .rodata.motorTask.str1.4
                0x00009a68       0x48 ./source/Motor_Control_Component.o
 .rodata.positionTask.str1.4
                0x00009ab0       0x12 ./source/Motor_Control_Component.o
 *fill*         0x00009ac2        0x2 ff
 .rodata.setupRCReceiverComponent.str1.4
                0x00009ac4        0x3 ./source/RC_Receiver_Component.o
                                 0x1d (size before relaxing)
 *fill*         0x00009ac7        0x1 ff
 .rodata.rcTask.str1.4
                0x00009ac8       0x25 ./source/RC_Receiver_Component.o
                                 0x3e (size before relaxing)
 *fill*         0x00009aed        0x3 ff
 .rodata.timerCallbackFunction.str1.4
                0x00009af0       0x15 ./source/Terminal_Component.o
 *fill*         0x00009b05        0x3 ff
 .rodata.setupTerminalComponent.str1.4
                0x00009b08       0x4c ./source/Terminal_Component.o
                                 0x68 (size before relaxing)
 .rodata.sendMessage.str1.4
                0x00009b54       0x26 ./source/Terminal_Component.o
 *fill*         0x00009b7a        0x2 ff
 .rodata.uartTask.str1.4
                0x00009b7c       0x14 ./source/Terminal_Component.o
                                 0x2a (size before relaxing)
 .rodata.terminalControlTask.str1.4
                0x00009b90       0x5f ./source/Terminal_Component.o
 *fill*         0x00009bef        0x1 ff
 .rodata.main.str1.4
                0x00009bf0        0x8 ./source/freertos_hello.o
 .rodata.xTimerCreateTimerTask.str1.4
                0x00009bf8        0x8 ./freertos/freertos_kernel/timers.o
 .rodata.prvCheckForValidListAndQueue.str1.4
                0x00009c00        0x5 ./freertos/freertos_kernel/timers.o
 *fill*         0x00009c05        0x3 ff
 .rodata.CLOCK_GetMcgExtClkFreq.str1.4
                0x00009c08       0x49 ./drivers/fsl_clock.o
 *fill*         0x00009c51        0x3 ff
 .rodata.CLOCK_GetOsc0ErClkUndivFreq.str1.4
                0x00009c54       0x1e ./drivers/fsl_clock.o
 *fill*         0x00009c72        0x2 ff
 .rodata.CLOCK_GetOsc0ErClkDivFreq.str1.4
                0x00009c74       0x1e ./drivers/fsl_clock.o
 *fill*         0x00009c92        0x2 ff
 .rodata.CLOCK_GetEr32kClkFreq.str1.4
                0x00009c94       0x1f ./drivers/fsl_clock.o
 *fill*         0x00009cb3        0x1 ff
 .rodata.CLOCK_GetPll0Freq.str1.4
                0x00009cb4       0x1d ./drivers/fsl_clock.o
 *fill*         0x00009cd1        0x3 ff
 .rodata.fllFactorTable.1
                0x00009cd4       0x10 ./drivers/fsl_clock.o
 .rodata.s_baudratePrescaler
                0x00009ce4       0x10 ./drivers/fsl_dspi.o
 .rodata.s_baudrateScaler
                0x00009cf4       0x40 ./drivers/fsl_dspi.o
 .rodata.s_delayPrescaler
                0x00009d34       0x10 ./drivers/fsl_dspi.o
 .rodata.s_delayScaler
                0x00009d44       0x40 ./drivers/fsl_dspi.o
 .rodata.s_dspiBases
                0x00009d84        0xc ./drivers/fsl_dspi.o
 .rodata.s_dspiClock
                0x00009d90        0xc ./drivers/fsl_dspi.o
 .rodata.DSPI_GetInstance.str1.4
                0x00009d9c       0x34 ./drivers/fsl_dspi.o
 .rodata.DSPI_MasterInit.str1.4
                0x00009dd0       0x3f ./drivers/fsl_dspi.o
 *fill*         0x00009e0f        0x1 ff
 .rodata.DSPI_MasterSetDelayScaler.str1.4
                0x00009e10       0x17 ./drivers/fsl_dspi.o
 *fill*         0x00009e27        0x1 ff
 .rodata.DSPI_MasterTransferBlocking.str1.4
                0x00009e28       0x22 ./drivers/fsl_dspi.o
 *fill*         0x00009e4a        0x2 ff
 .rodata.SPI0_DriverIRQHandler.str1.4
                0x00009e4c       0x2a ./drivers/fsl_dspi.o
 *fill*         0x00009e76        0x2 ff
 .rodata.SPI1_DriverIRQHandler.str1.4
                0x00009e78       0x2a ./drivers/fsl_dspi.o
 *fill*         0x00009ea2        0x2 ff
 .rodata.SPI2_DriverIRQHandler.str1.4
                0x00009ea4       0x2a ./drivers/fsl_dspi.o
 *fill*         0x00009ece        0x2 ff
 .rodata.s_ftmBases
                0x00009ed0       0x10 ./drivers/fsl_ftm.o
 .rodata.s_ftmClocks
                0x00009ee0       0x10 ./drivers/fsl_ftm.o
 .rodata.FTM_GetInstance.str1.4
                0x00009ef0       0x28 ./drivers/fsl_ftm.o
 .rodata.FTM_SetPwmSync.str1.4
                0x00009f18       0x3a ./drivers/fsl_ftm.o
 *fill*         0x00009f52        0x2 ff
 .rodata.FTM_SetReloadPoints.str1.4
                0x00009f54       0x20 ./drivers/fsl_ftm.o
 .rodata.FTM_Init.str1.4
                0x00009f74       0x17 ./drivers/fsl_ftm.o
 *fill*         0x00009f8b        0x1 ff
 .rodata.FTM_GetDefaultConfig.str1.4
                0x00009f8c       0x1f ./drivers/fsl_ftm.o
 *fill*         0x00009fab        0x1 ff
 .rodata.FTM_SetupPwm.str1.4
                0x00009fac       0x23 ./drivers/fsl_ftm.o
 *fill*         0x00009fcf        0x1 ff
 .rodata.FXOS_Init.str1.4
                0x00009fd0       0x81 ./drivers/fsl_fxos.o
 *fill*         0x0000a051        0x3 ff
 .rodata.FXOS_ReadReg.str1.4
                0x0000a054       0x2d ./drivers/fsl_fxos.o
 *fill*         0x0000a081        0x3 ff
 .rodata.FXOS_WriteReg.str1.4
                0x0000a084       0x18 ./drivers/fsl_fxos.o
 .rodata.GPIO_PinInit.str1.4
                0x0000a09c       0x20 ./drivers/fsl_gpio.o
 .rodata.s_uartBases
                0x0000a0bc       0x14 ./drivers/fsl_uart.o
 .rodata.s_uartClock
                0x0000a0d0       0x14 ./drivers/fsl_uart.o
 .rodata.UART_GetInstance.str1.4
                0x0000a0e4       0x2b ./drivers/fsl_uart.o
 *fill*         0x0000a10f        0x1 ff
 .rodata.UART_Init.str1.4
                0x0000a110       0xfb ./drivers/fsl_uart.o
 *fill*         0x0000a20b        0x1 ff
 .rodata.UART_GetDefaultConfig.str1.4
                0x0000a20c       0x20 ./drivers/fsl_uart.o
 .rodata.UART_ReadBlocking.str1.4
                0x0000a22c       0x1e ./drivers/fsl_uart.o
 *fill*         0x0000a24a        0x2 ff
 .rodata.simConfig_BOARD_BootClockRUN
                0x0000a24c        0x8 ./board/clock_config.o
                0x0000a24c                simConfig_BOARD_BootClockRUN
 .rodata.__num_Ciob_streams
                0x0000a254        0x4 c:/nxp/mcuxpressoide_11.6.1_8255/ide/plugins/com.nxp.mcuxpresso.tools.win32_11.6.1.202207200623/tools/bin/../lib/gcc/arm-none-eabi/10.3.1/../../../../arm-none-eabi/lib/thumb/v7e-m+fp/hard\libcr_semihost_nf.a(__ciob.o)
                0x0000a254                __num_Ciob_streams
 .rodata._Csys_alloc.str1.1
                0x0000a258       0x18 c:/nxp/mcuxpressoide_11.6.1_8255/ide/plugins/com.nxp.mcuxpresso.tools.win32_11.6.1.202207200623/tools/bin/../lib/gcc/arm-none-eabi/10.3.1/../../../../arm-none-eabi/lib/thumb/v7e-m+fp/hard\libcr_c.a(alloc.o)
 .rodata._initio.str1.1
                0x0000a270        0x4 c:/nxp/mcuxpressoide_11.6.1_8255/ide/plugins/com.nxp.mcuxpresso.tools.win32_11.6.1.202207200623/tools/bin/../lib/gcc/arm-none-eabi/10.3.1/../../../../arm-none-eabi/lib/thumb/v7e-m+fp/hard\libcr_c.a(initio.o)
 .rodata.__vfprintf.str1.1
                0x0000a274       0x37 c:/nxp/mcuxpressoide_11.6.1_8255/ide/plugins/com.nxp.mcuxpresso.tools.win32_11.6.1.202207200623/tools/bin/../lib/gcc/arm-none-eabi/10.3.1/../../../../arm-none-eabi/lib/thumb/v7e-m+fp/hard\libcr_c.a(printf.o)
                                 0x38 (size before relaxing)
                0x0000a2b0                . = ALIGN (0x8)
 *fill*         0x0000a2ab        0x5 ff
                0x0000a2b0                _etext = .

.glue_7         0x0000a2b0        0x0
 .glue_7        0x0000a2b0        0x0 linker stubs

.glue_7t        0x0000a2b0        0x0
 .glue_7t       0x0000a2b0        0x0 linker stubs

.vfp11_veneer   0x0000a2b0        0x0
 .vfp11_veneer  0x0000a2b0        0x0 linker stubs

.v4_bx          0x0000a2b0        0x0
 .v4_bx         0x0000a2b0        0x0 linker stubs

.iplt           0x0000a2b0        0x0
 .iplt          0x0000a2b0        0x0 ./utilities/fsl_assert.o

.rel.dyn        0x0000a2b0        0x0
 .rel.iplt      0x0000a2b0        0x0 ./utilities/fsl_assert.o

.m_usb_data
 *(SORT_BY_ALIGNMENT(m_usb_bdt))

.data_RAM2      0x1fff0000        0x0 load address 0x0000a2b0
 FILL mask 0xff
                [!provide]                PROVIDE (__start_data_RAM2 = .)
                [!provide]                PROVIDE (__start_data_SRAM_LOWER = .)
 *(SORT_BY_ALIGNMENT(.ramfunc.$RAM2))
 *(SORT_BY_ALIGNMENT(.ramfunc.$SRAM_LOWER))
 *(SORT_BY_ALIGNMENT(NonCacheable.init))
 *(SORT_BY_ALIGNMENT(.data.$RAM2))
 *(SORT_BY_ALIGNMENT(.data.$SRAM_LOWER))
 *(SORT_BY_ALIGNMENT(.data.$RAM2.*))
 *(SORT_BY_ALIGNMENT(.data.$SRAM_LOWER.*))
                0x1fff0000                . = ALIGN (0x8)
                [!provide]                PROVIDE (__end_data_RAM2 = .)
                [!provide]                PROVIDE (__end_data_SRAM_LOWER = .)

.data_RAM3      0x14000000        0x0 load address 0x0000a2b0
 FILL mask 0xff
                [!provide]                PROVIDE (__start_data_RAM3 = .)
                [!provide]                PROVIDE (__start_data_FLEX_RAM = .)
 *(SORT_BY_ALIGNMENT(.ramfunc.$RAM3))
 *(SORT_BY_ALIGNMENT(.ramfunc.$FLEX_RAM))
 *(SORT_BY_ALIGNMENT(.data.$RAM3))
 *(SORT_BY_ALIGNMENT(.data.$FLEX_RAM))
 *(SORT_BY_ALIGNMENT(.data.$RAM3.*))
 *(SORT_BY_ALIGNMENT(.data.$FLEX_RAM.*))
                0x14000000                . = ALIGN (0x8)
                [!provide]                PROVIDE (__end_data_RAM3 = .)
                [!provide]                PROVIDE (__end_data_FLEX_RAM = .)

.uninit_RESERVED
                0x20000000        0x0
                0x20000000                _start_uninit_RESERVED = .
 *(SORT_BY_ALIGNMENT(.bss.$RESERVED*))
                0x20000000                . = ALIGN (0x8)
                0x20000000                _end_uninit_RESERVED = .

.data           0x20000000       0x18 load address 0x0000a2b0
 FILL mask 0xff
                0x20000000                _data = .
                [!provide]                PROVIDE (__start_data_RAM = .)
                [!provide]                PROVIDE (__start_data_SRAM_UPPER = .)
 *(SORT_BY_ALIGNMENT(vtable))
 *(SORT_BY_ALIGNMENT(.ramfunc*))
 *(SORT_BY_ALIGNMENT(CodeQuickAccess))
 *(SORT_BY_ALIGNMENT(DataQuickAccess))
 *(SORT_BY_ALIGNMENT(RamFunction))
 *(SORT_BY_ALIGNMENT(.data*))
 .data.uxCriticalNesting
                0x20000000        0x4 ./freertos/freertos_kernel/portable/GCC/ARM_CM4F/port.o
 .data.uxTopUsedPriority
                0x20000004        0x4 ./freertos/freertos_kernel/tasks.o
                0x20000004                uxTopUsedPriority
 .data.s_slowIrcFreq
                0x20000008        0x4 ./drivers/fsl_clock.o
 .data.s_fastIrcFreq
                0x2000000c        0x4 ./drivers/fsl_clock.o
 .data.SystemCoreClock
                0x20000010        0x4 ./device/system_MK66F18.o
                0x20000010                SystemCoreClock
                0x20000018                . = ALIGN (0x8)
 *fill*         0x20000014        0x4 ff
                0x20000018                _edata = .
                [!provide]                PROVIDE (__end_data_RAM = .)
                [!provide]                PROVIDE (__end_data_SRAM_UPPER = .)

.igot.plt       0x20000018        0x0 load address 0x0000a2c8
 .igot.plt      0x20000018        0x0 ./utilities/fsl_assert.o

.bss_RAM2       0x1fff0000        0x0
                [!provide]                PROVIDE (__start_bss_RAM2 = .)
                [!provide]                PROVIDE (__start_bss_SRAM_LOWER = .)
 *(SORT_BY_ALIGNMENT(NonCacheable))
 *(SORT_BY_ALIGNMENT(.bss.$RAM2))
 *(SORT_BY_ALIGNMENT(.bss.$SRAM_LOWER))
 *(SORT_BY_ALIGNMENT(.bss.$RAM2.*))
 *(SORT_BY_ALIGNMENT(.bss.$SRAM_LOWER.*))
                0x1fff0000                . = ALIGN ((. != 0x0)?0x8:0x1)
                [!provide]                PROVIDE (__end_bss_RAM2 = .)
                [!provide]                PROVIDE (__end_bss_SRAM_LOWER = .)

.bss_RAM3       0x14000000        0x0
                [!provide]                PROVIDE (__start_bss_RAM3 = .)
                [!provide]                PROVIDE (__start_bss_FLEX_RAM = .)
 *(SORT_BY_ALIGNMENT(.bss.$RAM3))
 *(SORT_BY_ALIGNMENT(.bss.$FLEX_RAM))
 *(SORT_BY_ALIGNMENT(.bss.$RAM3.*))
 *(SORT_BY_ALIGNMENT(.bss.$FLEX_RAM.*))
                0x14000000                . = ALIGN ((. != 0x0)?0x8:0x1)
                [!provide]                PROVIDE (__end_bss_RAM3 = .)
                [!provide]                PROVIDE (__end_bss_FLEX_RAM = .)

.bss            0x20000018     0x2ae0
                0x20000018                _bss = .
                [!provide]                PROVIDE (__start_bss_RAM = .)
                [!provide]                PROVIDE (__start_bss_SRAM_UPPER = .)
 *(SORT_BY_ALIGNMENT(.bss*))
 .bss.led_queue
                0x20000018        0x4 ./source/LED_Component.o
                0x20000018                led_queue
 .bss.motor_queue
                0x2000001c        0x4 ./source/Motor_Control_Component.o
                0x2000001c                motor_queue
 .bss.angle_queue
                0x20000020        0x4 ./source/Motor_Control_Component.o
                0x20000020                angle_queue
 .bss.rc_hold_semaphore
                0x20000024        0x4 ./source/RC_Receiver_Component.o
                0x20000024                rc_hold_semaphore
 .bss.event_group
                0x20000028        0x4 ./source/Terminal_Component.o
                0x20000028                event_group
 .bss.uart_queue
                0x2000002c        0x4 ./source/Terminal_Component.o
                0x2000002c                uart_queue
 .bss.timer_handle
                0x20000030        0x4 ./source/Terminal_Component.o
                0x20000030                timer_handle
 .bss.ucHeap    0x20000034     0x2800 ./freertos/freertos_kernel/portable/MemMang/heap_4.o
 .bss.xStart    0x20002834        0x8 ./freertos/freertos_kernel/portable/MemMang/heap_4.o
 .bss.pxEnd     0x2000283c        0x4 ./freertos/freertos_kernel/portable/MemMang/heap_4.o
 .bss.xFreeBytesRemaining
                0x20002840        0x4 ./freertos/freertos_kernel/portable/MemMang/heap_4.o
 .bss.xMinimumEverFreeBytesRemaining
                0x20002844        0x4 ./freertos/freertos_kernel/portable/MemMang/heap_4.o
 .bss.xNumberOfSuccessfulAllocations
                0x20002848        0x4 ./freertos/freertos_kernel/portable/MemMang/heap_4.o
 .bss.xNumberOfSuccessfulFrees
                0x2000284c        0x4 ./freertos/freertos_kernel/portable/MemMang/heap_4.o
 .bss.xBlockAllocatedBit
                0x20002850        0x4 ./freertos/freertos_kernel/portable/MemMang/heap_4.o
 .bss.ulMaxPRIGROUPValue
                0x20002854        0x4 ./freertos/freertos_kernel/portable/GCC/ARM_CM4F/port.o
 .bss.xQueueRegistry
                0x20002858       0x40 ./freertos/freertos_kernel/queue.o
                0x20002858                xQueueRegistry
 .bss.pxCurrentTCB
                0x20002898        0x4 ./freertos/freertos_kernel/tasks.o
                0x20002898                pxCurrentTCB
 .bss.pxReadyTasksLists
                0x2000289c       0x64 ./freertos/freertos_kernel/tasks.o
 .bss.xDelayedTaskList1
                0x20002900       0x14 ./freertos/freertos_kernel/tasks.o
 .bss.xDelayedTaskList2
                0x20002914       0x14 ./freertos/freertos_kernel/tasks.o
 .bss.pxDelayedTaskList
                0x20002928        0x4 ./freertos/freertos_kernel/tasks.o
 .bss.pxOverflowDelayedTaskList
                0x2000292c        0x4 ./freertos/freertos_kernel/tasks.o
 .bss.xPendingReadyList
                0x20002930       0x14 ./freertos/freertos_kernel/tasks.o
 .bss.xTasksWaitingTermination
                0x20002944       0x14 ./freertos/freertos_kernel/tasks.o
 .bss.uxDeletedTasksWaitingCleanUp
                0x20002958        0x4 ./freertos/freertos_kernel/tasks.o
 .bss.xSuspendedTaskList
                0x2000295c       0x14 ./freertos/freertos_kernel/tasks.o
 .bss.uxCurrentNumberOfTasks
                0x20002970        0x4 ./freertos/freertos_kernel/tasks.o
 .bss.xTickCount
                0x20002974        0x4 ./freertos/freertos_kernel/tasks.o
 .bss.uxTopReadyPriority
                0x20002978        0x4 ./freertos/freertos_kernel/tasks.o
 .bss.xSchedulerRunning
                0x2000297c        0x4 ./freertos/freertos_kernel/tasks.o
 .bss.xPendedTicks
                0x20002980        0x4 ./freertos/freertos_kernel/tasks.o
 .bss.xYieldPending
                0x20002984        0x4 ./freertos/freertos_kernel/tasks.o
 .bss.xNumOfOverflows
                0x20002988        0x4 ./freertos/freertos_kernel/tasks.o
 .bss.uxTaskNumber
                0x2000298c        0x4 ./freertos/freertos_kernel/tasks.o
 .bss.xNextTaskUnblockTime
                0x20002990        0x4 ./freertos/freertos_kernel/tasks.o
 .bss.xIdleTaskHandle
                0x20002994        0x4 ./freertos/freertos_kernel/tasks.o
 .bss.uxSchedulerSuspended
                0x20002998        0x4 ./freertos/freertos_kernel/tasks.o
 .bss.xActiveTimerList1
                0x2000299c       0x14 ./freertos/freertos_kernel/timers.o
 .bss.xActiveTimerList2
                0x200029b0       0x14 ./freertos/freertos_kernel/timers.o
 .bss.pxCurrentTimerList
                0x200029c4        0x4 ./freertos/freertos_kernel/timers.o
 .bss.pxOverflowTimerList
                0x200029c8        0x4 ./freertos/freertos_kernel/timers.o
 .bss.xTimerQueue
                0x200029cc        0x4 ./freertos/freertos_kernel/timers.o
 .bss.xTimerTaskHandle
                0x200029d0        0x4 ./freertos/freertos_kernel/timers.o
 .bss.xLastTime.0
                0x200029d4        0x4 ./freertos/freertos_kernel/timers.o
 .bss.s_extPllFreq
                0x200029d8        0x4 ./drivers/fsl_clock.o
 .bss.g_xtal0Freq
                0x200029dc        0x4 ./drivers/fsl_clock.o
                0x200029dc                g_xtal0Freq
 .bss.g_xtal32Freq
                0x200029e0        0x4 ./drivers/fsl_clock.o
                0x200029e0                g_xtal32Freq
 .bss.g_dspiHandle
                0x200029e4        0xc ./drivers/fsl_dspi.o
 .bss.s_dspiMasterIsr
                0x200029f0        0x4 ./drivers/fsl_dspi.o
 .bss.s_dspiSlaveIsr
                0x200029f4        0x4 ./drivers/fsl_dspi.o
 .bss.g_dspiDummyData
                0x200029f8        0x3 ./drivers/fsl_dspi.o
                0x200029f8                g_dspiDummyData
 *fill*         0x200029fb        0x1 
 .bss.s_i2cHandle
                0x200029fc       0x10 ./drivers/fsl_i2c.o
 .bss.s_i2cMasterIsr
                0x20002a0c        0x4 ./drivers/fsl_i2c.o
 .bss.s_i2cSlaveIsr
                0x20002a10        0x4 ./drivers/fsl_i2c.o
 .bss.s_lpuartHandle
                0x20002a14        0x4 ./drivers/fsl_lpuart.o
                0x20002a14                s_lpuartHandle
 .bss.s_lpuartIsr
                0x20002a18        0x4 ./drivers/fsl_lpuart.o
                0x20002a18                s_lpuartIsr
 .bss.s_uartHandle
                0x20002a1c       0x14 ./drivers/fsl_uart.o
                0x20002a1c                s_uartHandle
 .bss.s_uartIsr
                0x20002a30        0x4 ./drivers/fsl_uart.o
                0x20002a30                s_uartIsr
 .bss.errno     0x20002a34        0x4 c:/nxp/mcuxpressoide_11.6.1_8255/ide/plugins/com.nxp.mcuxpresso.tools.win32_11.6.1.202207200623/tools/bin/../lib/gcc/arm-none-eabi/10.3.1/../../../../arm-none-eabi/lib/thumb/v7e-m+fp/hard\libcr_c.a(errno.o)
                0x20002a34                errno
 .bss.__end_of_heap
                0x20002a38        0x4 c:/nxp/mcuxpressoide_11.6.1_8255/ide/plugins/com.nxp.mcuxpresso.tools.win32_11.6.1.202207200623/tools/bin/../lib/gcc/arm-none-eabi/10.3.1/../../../../arm-none-eabi/lib/thumb/v7e-m+fp/hard\libcr_c.a(__init_alloc.o)
                0x20002a38                __end_of_heap