11:38:41 **** Incremental Build of configuration Debug for project frdmk66f_bubble_peripheral ****
make -r -j4 all 
Building file: ../board/pin_mux.c
Building file: ../accel/fsl_fxos.c
Invoking: MCU C Compiler
arm-none-eabi-gcc -std=gnu99 -DCPU_MK66FN2M0VMD18 -DCPU_MK66FN2M0VMD18_cm4 -DPRINTF_ADVANCED_ENABLE=1 -DSDK_I2C_BASED_COMPONENT_USED=1 -DFRDM_K66F -DFREEDOM -DMCUXPRESSO_SDK -DSDK_DEBUGCONSOLE=0 -DCR_INTEGER_PRINTF -DPRINTF_FLOAT_ENABLE=0 -D__MCUXPRESSO -D__USE_CMSIS -DDEBUG -D__REDLIB__ -DSDK_OS_BAREMETAL -I"C:\Users\wuz147\Desktop\lab1-problem4B\frdmk66f_bubble_peripheral\drivers" -I"C:\Users\wuz147\Desktop\lab1-problem4B\frdmk66f_bubble_peripheral\accel" -I"C:\Users\wuz147\Desktop\lab1-problem4B\frdmk66f_bubble_peripheral\utilities" -I"C:\Users\wuz147\Desktop\lab1-problem4B\frdmk66f_bubble_peripheral\device" -I"C:\Users\wuz147\Desktop\lab1-problem4B\frdmk66f_bubble_peripheral\component\uart" -I"C:\Users\wuz147\Desktop\lab1-problem4B\frdmk66f_bubble_peripheral\component\lists" -I"C:\Users\wuz147\Desktop\lab1-problem4B\frdmk66f_bubble_peripheral\CMSIS" -I"C:\Users\wuz147\Desktop\lab1-problem4B\frdmk66f_bubble_peripheral\board" -I"C:\Users\wuz147\Desktop\lab1-problem4B\frdmk66f_bubble_peripheral\source" -I"C:\Users\wuz147\Desktop\lab1-problem4B\frdmk66f_bubble_peripheral\drivers" -I"C:\Users\wuz147\Desktop\lab1-problem4B\frdmk66f_bubble_peripheral\accel" -I"C:\Users\wuz147\Desktop\lab1-problem4B\frdmk66f_bubble_peripheral\utilities" -I"C:\Users\wuz147\Desktop\lab1-problem4B\frdmk66f_bubble_peripheral\device" -I"C:\Users\wuz147\Desktop\lab1-problem4B\frdmk66f_bubble_peripheral\component\uart" -I"C:\Users\wuz147\Desktop\lab1-problem4B\frdmk66f_bubble_peripheral\component\lists" -I"C:\Users\wuz147\Desktop\lab1-problem4B\frdmk66f_bubble_peripheral\CMSIS" -I"C:\Users\wuz147\Desktop\lab1-problem4B\frdmk66f_bubble_peripheral\board" -I"C:\Users\wuz147\Desktop\lab1-problem4B\frdmk66f_bubble_peripheral\frdmk66f\demo_apps\bubble_peripheral" -O0 -fno-common -g3 -c -ffunction-sections -fdata-sections -ffreestanding -fno-builtin -fmerge-constants -fmacro-prefix-map="../board/"= -mcpu=cortex-m4 -mfpu=fpv4-sp-d16 -mfloat-abi=hard -mthumb -D__REDLIB__ -fstack-usage -specs=redlib.specs -MMD -MP -MF"board/pin_mux.d" -MT"board/pin_mux.o" -MT"board/pin_mux.d" -o "board/pin_mux.o" "../board/pin_mux.c"
Invoking: MCU C Compiler
arm-none-eabi-gcc -std=gnu99 -DCPU_MK66FN2M0VMD18 -DCPU_MK66FN2M0VMD18_cm4 -DPRINTF_ADVANCED_ENABLE=1 -DSDK_I2C_BASED_COMPONENT_USED=1 -DFRDM_K66F -DFREEDOM -DMCUXPRESSO_SDK -DSDK_DEBUGCONSOLE=0 -DCR_INTEGER_PRINTF -DPRINTF_FLOAT_ENABLE=0 -D__MCUXPRESSO -D__USE_CMSIS -DDEBUG -D__REDLIB__ -DSDK_OS_BAREMETAL -I"C:\Users\wuz147\Desktop\lab1-problem4B\frdmk66f_bubble_peripheral\drivers" -I"C:\Users\wuz147\Desktop\lab1-problem4B\frdmk66f_bubble_peripheral\accel" -I"C:\Users\wuz147\Desktop\lab1-problem4B\frdmk66f_bubble_peripheral\utilities" -I"C:\Users\wuz147\Desktop\lab1-problem4B\frdmk66f_bubble_peripheral\device" -I"C:\Users\wuz147\Desktop\lab1-problem4B\frdmk66f_bubble_peripheral\component\uart" -I"C:\Users\wuz147\Desktop\lab1-problem4B\frdmk66f_bubble_peripheral\component\lists" -I"C:\Users\wuz147\Desktop\lab1-problem4B\frdmk66f_bubble_peripheral\CMSIS" -I"C:\Users\wuz147\Desktop\lab1-problem4B\frdmk66f_bubble_peripheral\board" -I"C:\Users\wuz147\Desktop\lab1-problem4B\frdmk66f_bubble_peripheral\source" -I"C:\Users\wuz147\Desktop\lab1-problem4B\frdmk66f_bubble_peripheral\drivers" -I"C:\Users\wuz147\Desktop\lab1-problem4B\frdmk66f_bubble_peripheral\accel" -I"C:\Users\wuz147\Desktop\lab1-problem4B\frdmk66f_bubble_peripheral\utilities" -I"C:\Users\wuz147\Desktop\lab1-problem4B\frdmk66f_bubble_peripheral\device" -I"C:\Users\wuz147\Desktop\lab1-problem4B\frdmk66f_bubble_peripheral\component\uart" -I"C:\Users\wuz147\Desktop\lab1-problem4B\frdmk66f_bubble_peripheral\component\lists" -I"C:\Users\wuz147\Desktop\lab1-problem4B\frdmk66f_bubble_peripheral\CMSIS" -I"C:\Users\wuz147\Desktop\lab1-problem4B\frdmk66f_bubble_peripheral\board" -I"C:\Users\wuz147\Desktop\lab1-problem4B\frdmk66f_bubble_peripheral\frdmk66f\demo_apps\bubble_peripheral" -O0 -fno-common -g3 -c -ffunction-sections -fdata-sections -ffreestanding -fno-builtin -fmerge-constants -fmacro-prefix-map="../accel/"= -mcpu=cortex-m4 -mfpu=fpv4-sp-d16 -mfloat-abi=hard -mthumb -D__REDLIB__ -fstack-usage -specs=redlib.specs -MMD -MP -MF"accel/fsl_fxos.d" -MT"accel/fsl_fxos.o" -MT"accel/fsl_fxos.d" -o "accel/fsl_fxos.o" "../accel/fsl_fxos.c"
Finished building: ../board/pin_mux.c
 
Finished building: ../accel/fsl_fxos.c
 
Building target: frdmk66f_bubble_peripheral.axf
Invoking: MCU Linker
arm-none-eabi-gcc -nostdlib -Xlinker -Map="frdmk66f_bubble_peripheral.map" -Xlinker --gc-sections -Xlinker -print-memory-usage -Xlinker --sort-section=alignment -Xlinker --cref -mcpu=cortex-m4 -mfpu=fpv4-sp-d16 -mfloat-abi=hard -mthumb -T frdmk66f_bubble_peripheral_Debug.ld -o "frdmk66f_bubble_peripheral.axf" ./utilities/fsl_assert.o ./utilities/fsl_debug_console.o  ./startup/startup_mk66f18.o  ./source/bubble.o ./source/semihost_hardfault.o  ./drivers/fsl_clock.o ./drivers/fsl_common.o ./drivers/fsl_common_arm.o ./drivers/fsl_dspi.o ./drivers/fsl_ftfx_cache.o ./drivers/fsl_ftfx_controller.o ./drivers/fsl_ftfx_flash.o ./drivers/fsl_ftfx_flexnvm.o ./drivers/fsl_ftm.o ./drivers/fsl_gpio.o ./drivers/fsl_i2c.o ./drivers/fsl_lpuart.o ./drivers/fsl_rtc.o ./drivers/fsl_smc.o ./drivers/fsl_uart.o  ./device/system_MK66F18.o  ./component/uart/fsl_adapter_uart.o  ./component/lists/fsl_component_generic_list.o  ./board/board.o ./board/clock_config.o ./board/peripherals.o ./board/pin_mux.o  ./accel/fsl_fxos.o   
Memory region         Used Size  Region Size  %age Used
   PROGRAM_FLASH:       16760 B         2 MB      0.80%
      SRAM_UPPER:        8472 B       192 KB      4.31%
      SRAM_LOWER:          0 GB        64 KB      0.00%
        FLEX_RAM:          0 GB         4 KB      0.00%
Finished building target: frdmk66f_bubble_peripheral.axf
 
Performing post-build steps
arm-none-eabi-size "frdmk66f_bubble_peripheral.axf"; # arm-none-eabi-objcopy -v -O binary "frdmk66f_bubble_peripheral.axf" "frdmk66f_bubble_peripheral.bin" ; # checksum -p MK66FN2M0xxx18 -d "frdmk66f_bubble_peripheral.bin";
   text	   data	    bss	    dec	    hex	filename
  16752	      8	   8464	  25224	   6288	frdmk66f_bubble_peripheral.axf
 

11:38:42 Build Finished. 0 errors, 0 warnings. (took 965ms)

