14:56:27 **** Incremental Build of configuration Debug for project frdmk66f_freertos_hello ****
make -r -j4 all 
Building file: ../source/freertos_hello.c
Invoking: MCU C Compiler
arm-none-eabi-gcc -std=gnu99 -D__REDLIB__ -DCPU_MK66FN2M0VMD18 -DCPU_MK66FN2M0VMD18_cm4 -DFRDM_K66F -DFREEDOM -DSERIAL_PORT_TYPE_UART=1 -DSDK_OS_FREE_RTOS -DMCUXPRESSO_SDK -DSDK_DEBUGCONSOLE=0 -DCR_INTEGER_PRINTF -DPRINTF_FLOAT_ENABLE=0 -D__MCUXPRESSO -D__USE_CMSIS -DDEBUG -I"C:\Users\wuz147\Desktop\Lab2-problem3\frdmk66f_freertos_hello\source" -I"C:\Users\wuz147\Desktop\Lab2-problem3\frdmk66f_freertos_hello\drivers" -I"C:\Users\wuz147\Desktop\Lab2-problem3\frdmk66f_freertos_hello\device" -I"C:\Users\wuz147\Desktop\Lab2-problem3\frdmk66f_freertos_hello\utilities" -I"C:\Users\wuz147\Desktop\Lab2-problem3\frdmk66f_freertos_hello\component\uart" -I"C:\Users\wuz147\Desktop\Lab2-problem3\frdmk66f_freertos_hello\component\serial_manager" -I"C:\Users\wuz147\Desktop\Lab2-problem3\frdmk66f_freertos_hello\component\lists" -I"C:\Users\wuz147\Desktop\Lab2-problem3\frdmk66f_freertos_hello\CMSIS" -I"C:\Users\wuz147\Desktop\Lab2-problem3\frdmk66f_freertos_hello\freertos\freertos_kernel\include" -I"C:\Users\wuz147\Desktop\Lab2-problem3\frdmk66f_freertos_hello\freertos\freertos_kernel\portable\GCC\ARM_CM4F" -I"C:\Users\wuz147\Desktop\Lab2-problem3\frdmk66f_freertos_hello\board" -O0 -fno-common -g3 -c -ffunction-sections -fdata-sections -ffreestanding -fno-builtin -fmerge-constants -fmacro-prefix-map="../source/"= -mcpu=cortex-m4 -mfpu=fpv4-sp-d16 -mfloat-abi=hard -mthumb -D__REDLIB__ -fstack-usage -specs=redlib.specs -MMD -MP -MF"source/freertos_hello.d" -MT"source/freertos_hello.o" -MT"source/freertos_hello.d" -o "source/freertos_hello.o" "../source/freertos_hello.c"
Finished building: ../source/freertos_hello.c
 
Building target: frdmk66f_freertos_hello.axf
Invoking: MCU Linker
arm-none-eabi-gcc -nostdlib -Xlinker -Map="frdmk66f_freertos_hello.map" -Xlinker --gc-sections -Xlinker -print-memory-usage -Xlinker --sort-section=alignment -Xlinker --cref -mcpu=cortex-m4 -mfpu=fpv4-sp-d16 -mfloat-abi=hard -mthumb -T frdmk66f_freertos_hello_Debug.ld -o "frdmk66f_freertos_hello.axf" ./utilities/fsl_assert.o ./utilities/fsl_debug_console.o ./utilities/fsl_str.o  ./startup/startup_mk66f18.o  ./source/freertos_hello.o ./source/semihost_hardfault.o  ./freertos/freertos_kernel/portable/MemMang/heap_4.o  ./freertos/freertos_kernel/portable/GCC/ARM_CM4F/port.o  ./freertos/freertos_kernel/croutine.o ./freertos/freertos_kernel/event_groups.o ./freertos/freertos_kernel/list.o ./freertos/freertos_kernel/queue.o ./freertos/freertos_kernel/stream_buffer.o ./freertos/freertos_kernel/tasks.o ./freertos/freertos_kernel/timers.o  ./drivers/fsl_clock.o ./drivers/fsl_common.o ./drivers/fsl_common_arm.o ./drivers/fsl_ftfx_cache.o ./drivers/fsl_ftfx_controller.o ./drivers/fsl_ftfx_flash.o ./drivers/fsl_ftfx_flexnvm.o ./drivers/fsl_gpio.o ./drivers/fsl_lpuart.o ./drivers/fsl_smc.o ./drivers/fsl_uart.o  ./device/system_MK66F18.o  ./component/uart/fsl_adapter_uart.o  ./component/serial_manager/fsl_component_serial_manager.o ./component/serial_manager/fsl_component_serial_port_uart.o  ./component/lists/fsl_component_generic_list.o  ./board/board.o ./board/clock_config.o ./board/pin_mux.o   
Memory region         Used Size  Region Size  %age Used
   PROGRAM_FLASH:       28432 B         2 MB      1.36%
      SRAM_UPPER:       19144 B       192 KB      9.74%
      SRAM_LOWER:          0 GB        64 KB      0.00%
        FLEX_RAM:          0 GB         4 KB      0.00%
Finished building target: frdmk66f_freertos_hello.axf
 
Performing post-build steps
arm-none-eabi-size "frdmk66f_freertos_hello.axf"; # arm-none-eabi-objcopy -v -O binary "frdmk66f_freertos_hello.axf" "frdmk66f_freertos_hello.bin" ; # checksum -p MK66FN2M0xxx18 -d "frdmk66f_freertos_hello.bin";
   text	   data	    bss	    dec	    hex	filename
  28400	     32	  19112	  47544	   b9b8	frdmk66f_freertos_hello.axf
 

14:56:28 Build Finished. 0 errors, 0 warnings. (took 774ms)

