17:58:44 **** Incremental Build of configuration Debug for project frdmk66f_hello_world ****
make -r -j4 all 
Building file: ../source/hello_world.c
Invoking: MCU C Compiler
arm-none-eabi-gcc -std=gnu99 -D__REDLIB__ -DCPU_MK66FN2M0VMD18 -DCPU_MK66FN2M0VMD18_cm4 -DPRINTF_FLOAT_ENABLE=0 -DSCANF_FLOAT_ENABLE=0 -DPRINTF_ADVANCED_ENABLE=0 -DSCANF_ADVANCED_ENABLE=0 -DFRDM_K66F -DFREEDOM -DMCUXPRESSO_SDK -DSDK_DEBUGCONSOLE=0 -DCR_INTEGER_PRINTF -D__MCUXPRESSO -D__USE_CMSIS -DDEBUG -DSDK_OS_BAREMETAL -I"C:\Users\wuz147\Desktop\Lab1-problem4\frdmk66f_hello_world\utilities" -I"C:\Users\wuz147\Desktop\Lab1-problem4\frdmk66f_hello_world\drivers" -I"C:\Users\wuz147\Desktop\Lab1-problem4\frdmk66f_hello_world\device" -I"C:\Users\wuz147\Desktop\Lab1-problem4\frdmk66f_hello_world\component\uart" -I"C:\Users\wuz147\Desktop\Lab1-problem4\frdmk66f_hello_world\component\lists" -I"C:\Users\wuz147\Desktop\Lab1-problem4\frdmk66f_hello_world\CMSIS" -I"C:\Users\wuz147\Desktop\Lab1-problem4\frdmk66f_hello_world\board" -I"C:\Users\wuz147\Desktop\Lab1-problem4\frdmk66f_hello_world\source" -I"C:\Users\wuz147\Desktop\Lab1-problem4\frdmk66f_hello_world\utilities" -I"C:\Users\wuz147\Desktop\Lab1-problem4\frdmk66f_hello_world\drivers" -I"C:\Users\wuz147\Desktop\Lab1-problem4\frdmk66f_hello_world\device" -I"C:\Users\wuz147\Desktop\Lab1-problem4\frdmk66f_hello_world\component\uart" -I"C:\Users\wuz147\Desktop\Lab1-problem4\frdmk66f_hello_world\component\lists" -I"C:\Users\wuz147\Desktop\Lab1-problem4\frdmk66f_hello_world\CMSIS" -I"C:\Users\wuz147\Desktop\Lab1-problem4\frdmk66f_hello_world\board" -O0 -fno-common -g3 -c -ffunction-sections -fdata-sections -ffreestanding -fno-builtin -fmerge-constants -fmacro-prefix-map="../source/"= -mcpu=cortex-m4 -mfpu=fpv4-sp-d16 -mfloat-abi=hard -mthumb -D__REDLIB__ -fstack-usage -specs=redlib.specs -MMD -MP -MF"source/hello_world.d" -MT"source/hello_world.o" -MT"source/hello_world.d" -o "source/hello_world.o" "../source/hello_world.c"
Finished building: ../source/hello_world.c
 
Building target: frdmk66f_hello_world.axf
Invoking: MCU Linker
arm-none-eabi-gcc -nostdlib -Xlinker -Map="frdmk66f_hello_world.map" -Xlinker --gc-sections -Xlinker -print-memory-usage -Xlinker --sort-section=alignment -Xlinker --cref -mcpu=cortex-m4 -mfpu=fpv4-sp-d16 -mfloat-abi=hard -mthumb -T frdmk66f_hello_world_Debug.ld -o "frdmk66f_hello_world.axf" ./utilities/fsl_assert.o ./utilities/fsl_debug_console.o  ./startup/startup_mk66f18.o  ./source/hello_world.o ./source/semihost_hardfault.o  ./drivers/fsl_clock.o ./drivers/fsl_common.o ./drivers/fsl_common_arm.o ./drivers/fsl_dspi.o ./drivers/fsl_ftfx_cache.o ./drivers/fsl_ftfx_controller.o ./drivers/fsl_ftfx_flash.o ./drivers/fsl_ftfx_flexnvm.o ./drivers/fsl_gpio.o ./drivers/fsl_i2c.o ./drivers/fsl_lpuart.o ./drivers/fsl_rtc.o ./drivers/fsl_smc.o ./drivers/fsl_uart.o  ./device/system_MK66F18.o  ./component/uart/fsl_adapter_uart.o  ./component/lists/fsl_component_generic_list.o  ./board/board.o ./board/clock_config.o ./board/pin_mux.o   
Memory region         Used Size  Region Size  %age Used
   PROGRAM_FLASH:       14744 B         2 MB      0.70%
      SRAM_UPPER:        8496 B       192 KB      4.32%
      SRAM_LOWER:          0 GB        64 KB      0.00%
        FLEX_RAM:          0 GB         4 KB      0.00%
Finished building target: frdmk66f_hello_world.axf
 
Performing post-build steps
arm-none-eabi-size "frdmk66f_hello_world.axf"; # arm-none-eabi-objcopy -v -O binary "frdmk66f_hello_world.axf" "frdmk66f_hello_world.bin" ; # checksum -p MK66FN2M0xxx18 -d "frdmk66f_hello_world.bin";
   text	   data	    bss	    dec	    hex	filename
  14728	     16	   8480	  23224	   5ab8	frdmk66f_hello_world.axf
 

17:58:45 Build Finished. 0 errors, 0 warnings. (took 1s.47ms)

