13:34:24 **** Build of configuration Debug for project frdmk66f_hello_world ****
make -r -j4 all 
Building file: ../utilities/fsl_debug_console.c
Building file: ../startup/startup_mk66f18.c
Building file: ../source/hello_world.c
Building file: ../utilities/fsl_assert.c
Invoking: MCU C Compiler
arm-none-eabi-gcc -std=gnu99 -D__REDLIB__ -DCPU_MK66FN2M0VMD18 -DCPU_MK66FN2M0VMD18_cm4 -DPRINTF_FLOAT_ENABLE=0 -DSCANF_FLOAT_ENABLE=0 -DPRINTF_ADVANCED_ENABLE=0 -DSCANF_ADVANCED_ENABLE=0 -DFRDM_K66F -DFREEDOM -DMCUXPRESSO_SDK -DSDK_DEBUGCONSOLE=0 -DCR_INTEGER_PRINTF -D__MCUXPRESSO -D__USE_CMSIS -DDEBUG -DSDK_OS_BAREMETAL -I"C:\Users\wuz147\Desktop\Lab1-problem4\frdmk66f_hello_world\utilities" -I"C:\Users\wuz147\Desktop\Lab1-problem4\frdmk66f_hello_world\drivers" -I"C:\Users\wuz147\Desktop\Lab1-problem4\frdmk66f_hello_world\device" -I"C:\Users\wuz147\Desktop\Lab1-problem4\frdmk66f_hello_world\component\uart" -I"C:\Users\wuz147\Desktop\Lab1-problem4\frdmk66f_hello_world\component\lists" -I"C:\Users\wuz147\Desktop\Lab1-problem4\frdmk66f_hello_world\CMSIS" -I"C:\Users\wuz147\Desktop\Lab1-problem4\frdmk66f_hello_world\board" -I"C:\Users\wuz147\Desktop\Lab1-problem4\frdmk66f_hello_world\source" -I"C:\Users\wuz147\Desktop\Lab1-problem4\frdmk66f_hello_world\utilities" -I"C:\Users\wuz147\Desktop\Lab1-problem4\frdmk66f_hello_world\drivers" -I"C:\Users\wuz147\Desktop\Lab1-problem4\frdmk66f_hello_world\device" -I"C:\Users\wuz147\Desktop\Lab1-problem4\frdmk66f_hello_world\component\uart" -I"C:\Users\wuz147\Desktop\Lab1-problem4\frdmk66f_hello_world\component\lists" -I"C:\Users\wuz147\Desktop\Lab1-problem4\frdmk66f_hello_world\CMSIS" -I"C:\Users\wuz147\Desktop\Lab1-problem4\frdmk66f_hello_world\board" -O0 -fno-common -g3 -c -ffunction-sections -fdata-sections -ffreestanding -fno-builtin -fmerge-constants -fmacro-prefix-map="../utilities/"= -mcpu=cortex-m4 -mfpu=fpv4-sp-d16 -mfloat-abi=hard -mthumb -D__REDLIB__ -fstack-usage -specs=redlib.specs -MMD -MP -MF"utilities/fsl_debug_console.d" -MT"utilities/fsl_debug_console.o" -MT"utilities/fsl_debug_console.d" -o "utilities/fsl_debug_console.o" "../utilities/fsl_debug_console.c"
Invoking: MCU C Compiler
Invoking: MCU C Compiler
Invoking: MCU C Compiler
arm-none-eabi-gcc -std=gnu99 -D__REDLIB__ -DCPU_MK66FN2M0VMD18 -DCPU_MK66FN2M0VMD18_cm4 -DPRINTF_FLOAT_ENABLE=0 -DSCANF_FLOAT_ENABLE=0 -DPRINTF_ADVANCED_ENABLE=0 -DSCANF_ADVANCED_ENABLE=0 -DFRDM_K66F -DFREEDOM -DMCUXPRESSO_SDK -DSDK_DEBUGCONSOLE=0 -DCR_INTEGER_PRINTF -D__MCUXPRESSO -D__USE_CMSIS -DDEBUG -DSDK_OS_BAREMETAL -I"C:\Users\wuz147\Desktop\Lab1-problem4\frdmk66f_hello_world\utilities" -I"C:\Users\wuz147\Desktop\Lab1-problem4\frdmk66f_hello_world\drivers" -I"C:\Users\wuz147\Desktop\Lab1-problem4\frdmk66f_hello_world\device" -I"C:\Users\wuz147\Desktop\Lab1-problem4\frdmk66f_hello_world\component\uart" -I"C:\Users\wuz147\Desktop\Lab1-problem4\frdmk66f_hello_world\component\lists" -I"C:\Users\wuz147\Desktop\Lab1-problem4\frdmk66f_hello_world\CMSIS" -I"C:\Users\wuz147\Desktop\Lab1-problem4\frdmk66f_hello_world\board" -I"C:\Users\wuz147\Desktop\Lab1-problem4\frdmk66f_hello_world\source" -I"C:\Users\wuz147\Desktop\Lab1-problem4\frdmk66f_hello_world\utilities" -I"C:\Users\wuz147\Desktop\Lab1-problem4\frdmk66f_hello_world\drivers" -I"C:\Users\wuz147\Desktop\Lab1-problem4\frdmk66f_hello_world\device" -I"C:\Users\wuz147\Desktop\Lab1-problem4\frdmk66f_hello_world\component\uart" -I"C:\Users\wuz147\Desktop\Lab1-problem4\frdmk66f_hello_world\component\lists" -I"C:\Users\wuz147\Desktop\Lab1-problem4\frdmk66f_hello_world\CMSIS" -I"C:\Users\wuz147\Desktop\Lab1-problem4\frdmk66f_hello_world\board" -O0 -fno-common -g3 -c -ffunction-sections -fdata-sections -ffreestanding -fno-builtin -fmerge-constants -fmacro-prefix-map="../utilities/"= -mcpu=cortex-m4 -mfpu=fpv4-sp-d16 -mfloat-abi=hard -mthumb -D__REDLIB__ -fstack-usage -specs=redlib.specs -MMD -MP -MF"utilities/fsl_assert.d" -MT"utilities/fsl_assert.o" -MT"utilities/fsl_assert.d" -o "utilities/fsl_assert.o" "../utilities/fsl_assert.c"
arm-none-eabi-gcc -std=gnu99 -D__REDLIB__ -DCPU_MK66FN2M0VMD18 -DCPU_MK66FN2M0VMD18_cm4 -DPRINTF_FLOAT_ENABLE=0 -DSCANF_FLOAT_ENABLE=0 -DPRINTF_ADVANCED_ENABLE=0 -DSCANF_ADVANCED_ENABLE=0 -DFRDM_K66F -DFREEDOM -DMCUXPRESSO_SDK -DSDK_DEBUGCONSOLE=0 -DCR_INTEGER_PRINTF -D__MCUXPRESSO -D__USE_CMSIS -DDEBUG -DSDK_OS_BAREMETAL -I"C:\Users\wuz147\Desktop\Lab1-problem4\frdmk66f_hello_world\utilities" -I"C:\Users\wuz147\Desktop\Lab1-problem4\frdmk66f_hello_world\drivers" -I"C:\Users\wuz147\Desktop\Lab1-problem4\frdmk66f_hello_world\device" -I"C:\Users\wuz147\Desktop\Lab1-problem4\frdmk66f_hello_world\component\uart" -I"C:\Users\wuz147\Desktop\Lab1-problem4\frdmk66f_hello_world\component\lists" -I"C:\Users\wuz147\Desktop\Lab1-problem4\frdmk66f_hello_world\CMSIS" -I"C:\Users\wuz147\Desktop\Lab1-problem4\frdmk66f_hello_world\board" -I"C:\Users\wuz147\Desktop\Lab1-problem4\frdmk66f_hello_world\source" -I"C:\Users\wuz147\Desktop\Lab1-problem4\frdmk66f_hello_world\utilities" -I"C:\Users\wuz147\Desktop\Lab1-problem4\frdmk66f_hello_world\drivers" -I"C:\Users\wuz147\Desktop\Lab1-problem4\frdmk66f_hello_world\device" -I"C:\Users\wuz147\Desktop\Lab1-problem4\frdmk66f_hello_world\component\uart" -I"C:\Users\wuz147\Desktop\Lab1-problem4\frdmk66f_hello_world\component\lists" -I"C:\Users\wuz147\Desktop\Lab1-problem4\frdmk66f_hello_world\CMSIS" -I"C:\Users\wuz147\Desktop\Lab1-problem4\frdmk66f_hello_world\board" -O0 -fno-common -g3 -c -ffunction-sections -fdata-sections -ffreestanding -fno-builtin -fmerge-constants -fmacro-prefix-map="../startup/"= -mcpu=cortex-m4 -mfpu=fpv4-sp-d16 -mfloat-abi=hard -mthumb -D__REDLIB__ -fstack-usage -specs=redlib.specs -MMD -MP -MF"startup/startup_mk66f18.d" -MT"startup/startup_mk66f18.o" -MT"startup/startup_mk66f18.d" -o "startup/startup_mk66f18.o" "../startup/startup_mk66f18.c"
arm-none-eabi-gcc -std=gnu99 -D__REDLIB__ -DCPU_MK66FN2M0VMD18 -DCPU_MK66FN2M0VMD18_cm4 -DPRINTF_FLOAT_ENABLE=0 -DSCANF_FLOAT_ENABLE=0 -DPRINTF_ADVANCED_ENABLE=0 -DSCANF_ADVANCED_ENABLE=0 -DFRDM_K66F -DFREEDOM -DMCUXPRESSO_SDK -DSDK_DEBUGCONSOLE=0 -DCR_INTEGER_PRINTF -D__MCUXPRESSO -D__USE_CMSIS -DDEBUG -DSDK_OS_BAREMETAL -I"C:\Users\wuz147\Desktop\Lab1-problem4\frdmk66f_hello_world\utilities" -I"C:\Users\wuz147\Desktop\Lab1-problem4\frdmk66f_hello_world\drivers" -I"C:\Users\wuz147\Desktop\Lab1-problem4\frdmk66f_hello_world\device" -I"C:\Users\wuz147\Desktop\Lab1-problem4\frdmk66f_hello_world\component\uart" -I"C:\Users\wuz147\Desktop\Lab1-problem4\frdmk66f_hello_world\component\lists" -I"C:\Users\wuz147\Desktop\Lab1-problem4\frdmk66f_hello_world\CMSIS" -I"C:\Users\wuz147\Desktop\Lab1-problem4\frdmk66f_hello_world\board" -I"C:\Users\wuz147\Desktop\Lab1-problem4\frdmk66f_hello_world\source" -I"C:\Users\wuz147\Desktop\Lab1-problem4\frdmk66f_hello_world\utilities" -I"C:\Users\wuz147\Desktop\Lab1-problem4\frdmk66f_hello_world\drivers" -I"C:\Users\wuz147\Desktop\Lab1-problem4\frdmk66f_hello_world\device" -I"C:\Users\wuz147\Desktop\Lab1-problem4\frdmk66f_hello_world\component\uart" -I"C:\Users\wuz147\Desktop\Lab1-problem4\frdmk66f_hello_world\component\lists" -I"C:\Users\wuz147\Desktop\Lab1-problem4\frdmk66f_hello_world\CMSIS" -I"C:\Users\wuz147\Desktop\Lab1-problem4\frdmk66f_hello_world\board" -O0 -fno-common -g3 -c -ffunction-sections -fdata-sections -ffreestanding -fno-builtin -fmerge-constants -fmacro-prefix-map="../source/"= -mcpu=cortex-m4 -mfpu=fpv4-sp-d16 -mfloat-abi=hard -mthumb -D__REDLIB__ -fstack-usage -specs=redlib.specs -MMD -MP -MF"source/hello_world.d" -MT"source/hello_world.o" -MT"source/hello_world.d" -o "source/hello_world.o" "../source/hello_world.c"
Finished building: ../startup/startup_mk66f18.c
 
Building file: ../source/semihost_hardfault.c
Finished building: ../utilities/fsl_debug_console.c
Finished building: ../utilities/fsl_assert.c
Finished building: ../source/hello_world.c
Invoking: MCU C Compiler
 
arm-none-eabi-gcc -std=gnu99 -D__REDLIB__ -DCPU_MK66FN2M0VMD18 -DCPU_MK66FN2M0VMD18_cm4 -DPRINTF_FLOAT_ENABLE=0 -DSCANF_FLOAT_ENABLE=0 -DPRINTF_ADVANCED_ENABLE=0 -DSCANF_ADVANCED_ENABLE=0 -DFRDM_K66F -DFREEDOM -DMCUXPRESSO_SDK -DSDK_DEBUGCONSOLE=0 -DCR_INTEGER_PRINTF -D__MCUXPRESSO -D__USE_CMSIS -DDEBUG -DSDK_OS_BAREMETAL -I"C:\Users\wuz147\Desktop\Lab1-problem4\frdmk66f_hello_world\utilities" -I"C:\Users\wuz147\Desktop\Lab1-problem4\frdmk66f_hello_world\drivers" -I"C:\Users\wuz147\Desktop\Lab1-problem4\frdmk66f_hello_world\device" -I"C:\Users\wuz147\Desktop\Lab1-problem4\frdmk66f_hello_world\component\uart" -I"C:\Users\wuz147\Desktop\Lab1-problem4\frdmk66f_hello_world\component\lists" -I"C:\Users\wuz147\Desktop\Lab1-problem4\frdmk66f_hello_world\CMSIS" -I"C:\Users\wuz147\Desktop\Lab1-problem4\frdmk66f_hello_world\board" -I"C:\Users\wuz147\Desktop\Lab1-problem4\frdmk66f_hello_world\source" -I"C:\Users\wuz147\Desktop\Lab1-problem4\frdmk66f_hello_world\utilities" -I"C:\Users\wuz147\Desktop\Lab1-problem4\frdmk66f_hello_world\drivers" -I"C:\Users\wuz147\Desktop\Lab1-problem4\frdmk66f_hello_world\device" -I"C:\Users\wuz147\Desktop\Lab1-problem4\frdmk66f_hello_world\component\uart" -I"C:\Users\wuz147\Desktop\Lab1-problem4\frdmk66f_hello_world\component\lists" -I"C:\Users\wuz147\Desktop\Lab1-problem4\frdmk66f_hello_world\CMSIS" -I"C:\Users\wuz147\Desktop\Lab1-problem4\frdmk66f_hello_world\board" -O0 -fno-common -g3 -c -ffunction-sections -fdata-sections -ffreestanding -fno-builtin -fmerge-constants -fmacro-prefix-map="../source/"= -mcpu=cortex-m4 -mfpu=fpv4-sp-d16 -mfloat-abi=hard -mthumb -D__REDLIB__ -fstack-usage -specs=redlib.specs -MMD -MP -MF"source/semihost_hardfault.d" -MT"source/semihost_hardfault.o" -MT"source/semihost_hardfault.d" -o "source/semihost_hardfault.o" "../source/semihost_hardfault.c"
 
 
Building file: ../drivers/fsl_clock.c
Building file: ../drivers/fsl_common.c
Building file: ../drivers/fsl_common_arm.c
Invoking: MCU C Compiler
Invoking: MCU C Compiler
arm-none-eabi-gcc -std=gnu99 -D__REDLIB__ -DCPU_MK66FN2M0VMD18 -DCPU_MK66FN2M0VMD18_cm4 -DPRINTF_FLOAT_ENABLE=0 -DSCANF_FLOAT_ENABLE=0 -DPRINTF_ADVANCED_ENABLE=0 -DSCANF_ADVANCED_ENABLE=0 -DFRDM_K66F -DFREEDOM -DMCUXPRESSO_SDK -DSDK_DEBUGCONSOLE=0 -DCR_INTEGER_PRINTF -D__MCUXPRESSO -D__USE_CMSIS -DDEBUG -DSDK_OS_BAREMETAL -I"C:\Users\wuz147\Desktop\Lab1-problem4\frdmk66f_hello_world\utilities" -I"C:\Users\wuz147\Desktop\Lab1-problem4\frdmk66f_hello_world\drivers" -I"C:\Users\wuz147\Desktop\Lab1-problem4\frdmk66f_hello_world\device" -I"C:\Users\wuz147\Desktop\Lab1-problem4\frdmk66f_hello_world\component\uart" -I"C:\Users\wuz147\Desktop\Lab1-problem4\frdmk66f_hello_world\component\lists" -I"C:\Users\wuz147\Desktop\Lab1-problem4\frdmk66f_hello_world\CMSIS" -I"C:\Users\wuz147\Desktop\Lab1-problem4\frdmk66f_hello_world\board" -I"C:\Users\wuz147\Desktop\Lab1-problem4\frdmk66f_hello_world\source" -I"C:\Users\wuz147\Desktop\Lab1-problem4\frdmk66f_hello_world\utilities" -I"C:\Users\wuz147\Desktop\Lab1-problem4\frdmk66f_hello_world\drivers" -I"C:\Users\wuz147\Desktop\Lab1-problem4\frdmk66f_hello_world\device" -I"C:\Users\wuz147\Desktop\Lab1-problem4\frdmk66f_hello_world\component\uart" -I"C:\Users\wuz147\Desktop\Lab1-problem4\frdmk66f_hello_world\component\lists" -I"C:\Users\wuz147\Desktop\Lab1-problem4\frdmk66f_hello_world\CMSIS" -I"C:\Users\wuz147\Desktop\Lab1-problem4\frdmk66f_hello_world\board" -O0 -fno-common -g3 -c -ffunction-sections -fdata-sections -ffreestanding -fno-builtin -fmerge-constants -fmacro-prefix-map="../drivers/"= -mcpu=cortex-m4 -mfpu=fpv4-sp-d16 -mfloat-abi=hard -mthumb -D__REDLIB__ -fstack-usage -specs=redlib.specs -MMD -MP -MF"drivers/fsl_clock.d" -MT"drivers/fsl_clock.o" -MT"drivers/fsl_clock.d" -o "drivers/fsl_clock.o" "../drivers/fsl_clock.c"
arm-none-eabi-gcc -std=gnu99 -D__REDLIB__ -DCPU_MK66FN2M0VMD18 -DCPU_MK66FN2M0VMD18_cm4 -DPRINTF_FLOAT_ENABLE=0 -DSCANF_FLOAT_ENABLE=0 -DPRINTF_ADVANCED_ENABLE=0 -DSCANF_ADVANCED_ENABLE=0 -DFRDM_K66F -DFREEDOM -DMCUXPRESSO_SDK -DSDK_DEBUGCONSOLE=0 -DCR_INTEGER_PRINTF -D__MCUXPRESSO -D__USE_CMSIS -DDEBUG -DSDK_OS_BAREMETAL -I"C:\Users\wuz147\Desktop\Lab1-problem4\frdmk66f_hello_world\utilities" -I"C:\Users\wuz147\Desktop\Lab1-problem4\frdmk66f_hello_world\drivers" -I"C:\Users\wuz147\Desktop\Lab1-problem4\frdmk66f_hello_world\device" -I"C:\Users\wuz147\Desktop\Lab1-problem4\frdmk66f_hello_world\component\uart" -I"C:\Users\wuz147\Desktop\Lab1-problem4\frdmk66f_hello_world\component\lists" -I"C:\Users\wuz147\Desktop\Lab1-problem4\frdmk66f_hello_world\CMSIS" -I"C:\Users\wuz147\Desktop\Lab1-problem4\frdmk66f_hello_world\board" -I"C:\Users\wuz147\Desktop\Lab1-problem4\frdmk66f_hello_world\source" -I"C:\Users\wuz147\Desktop\Lab1-problem4\frdmk66f_hello_world\utilities" -I"C:\Users\wuz147\Desktop\Lab1-problem4\frdmk66f_hello_world\drivers" -I"C:\Users\wuz147\Desktop\Lab1-problem4\frdmk66f_hello_world\device" -I"C:\Users\wuz147\Desktop\Lab1-problem4\frdmk66f_hello_world\component\uart" -I"C:\Users\wuz147\Desktop\Lab1-problem4\frdmk66f_hello_world\component\lists" -I"C:\Users\wuz147\Desktop\Lab1-problem4\frdmk66f_hello_world\CMSIS" -I"C:\Users\wuz147\Desktop\Lab1-problem4\frdmk66f_hello_world\board" -O0 -fno-common -g3 -c -ffunction-sections -fdata-sections -ffreestanding -fno-builtin -fmerge-constants -fmacro-prefix-map="../drivers/"= -mcpu=cortex-m4 -mfpu=fpv4-sp-d16 -mfloat-abi=hard -mthumb -D__REDLIB__ -fstack-usage -specs=redlib.specs -MMD -MP -MF"drivers/fsl_common.d" -MT"drivers/fsl_common.o" -MT"drivers/fsl_common.d" -o "drivers/fsl_common.o" "../drivers/fsl_common.c"
Invoking: MCU C Compiler
arm-none-eabi-gcc -std=gnu99 -D__REDLIB__ -DCPU_MK66FN2M0VMD18 -DCPU_MK66FN2M0VMD18_cm4 -DPRINTF_FLOAT_ENABLE=0 -DSCANF_FLOAT_ENABLE=0 -DPRINTF_ADVANCED_ENABLE=0 -DSCANF_ADVANCED_ENABLE=0 -DFRDM_K66F -DFREEDOM -DMCUXPRESSO_SDK -DSDK_DEBUGCONSOLE=0 -DCR_INTEGER_PRINTF -D__MCUXPRESSO -D__USE_CMSIS -DDEBUG -DSDK_OS_BAREMETAL -I"C:\Users\wuz147\Desktop\Lab1-problem4\frdmk66f_hello_world\utilities" -I"C:\Users\wuz147\Desktop\Lab1-problem4\frdmk66f_hello_world\drivers" -I"C:\Users\wuz147\Desktop\Lab1-problem4\frdmk66f_hello_world\device" -I"C:\Users\wuz147\Desktop\Lab1-problem4\frdmk66f_hello_world\component\uart" -I"C:\Users\wuz147\Desktop\Lab1-problem4\frdmk66f_hello_world\component\lists" -I"C:\Users\wuz147\Desktop\Lab1-problem4\frdmk66f_hello_world\CMSIS" -I"C:\Users\wuz147\Desktop\Lab1-problem4\frdmk66f_hello_world\board" -I"C:\Users\wuz147\Desktop\Lab1-problem4\frdmk66f_hello_world\source" -I"C:\Users\wuz147\Desktop\Lab1-problem4\frdmk66f_hello_world\utilities" -I"C:\Users\wuz147\Desktop\Lab1-problem4\frdmk66f_hello_world\drivers" -I"C:\Users\wuz147\Desktop\Lab1-problem4\frdmk66f_hello_world\device" -I"C:\Users\wuz147\Desktop\Lab1-problem4\frdmk66f_hello_world\component\uart" -I"C:\Users\wuz147\Desktop\Lab1-problem4\frdmk66f_hello_world\component\lists" -I"C:\Users\wuz147\Desktop\Lab1-problem4\frdmk66f_hello_world\CMSIS" -I"C:\Users\wuz147\Desktop\Lab1-problem4\frdmk66f_hello_world\board" -O0 -fno-common -g3 -c -ffunction-sections -fdata-sections -ffreestanding -fno-builtin -fmerge-constants -fmacro-prefix-map="../drivers/"= -mcpu=cortex-m4 -mfpu=fpv4-sp-d16 -mfloat-abi=hard -mthumb -D__REDLIB__ -fstack-usage -specs=redlib.specs -MMD -MP -MF"drivers/fsl_common_arm.d" -MT"drivers/fsl_common_arm.o" -MT"drivers/fsl_common_arm.d" -o "drivers/fsl_common_arm.o" "../drivers/fsl_common_arm.c"
Finished building: ../source/semihost_hardfault.c
 
Building file: ../drivers/fsl_dspi.c
Invoking: MCU C Compiler
arm-none-eabi-gcc -std=gnu99 -D__REDLIB__ -DCPU_MK66FN2M0VMD18 -DCPU_MK66FN2M0VMD18_cm4 -DPRINTF_FLOAT_ENABLE=0 -DSCANF_FLOAT_ENABLE=0 -DPRINTF_ADVANCED_ENABLE=0 -DSCANF_ADVANCED_ENABLE=0 -DFRDM_K66F -DFREEDOM -DMCUXPRESSO_SDK -DSDK_DEBUGCONSOLE=0 -DCR_INTEGER_PRINTF -D__MCUXPRESSO -D__USE_CMSIS -DDEBUG -DSDK_OS_BAREMETAL -I"C:\Users\wuz147\Desktop\Lab1-problem4\frdmk66f_hello_world\utilities" -I"C:\Users\wuz147\Desktop\Lab1-problem4\frdmk66f_hello_world\drivers" -I"C:\Users\wuz147\Desktop\Lab1-problem4\frdmk66f_hello_world\device" -I"C:\Users\wuz147\Desktop\Lab1-problem4\frdmk66f_hello_world\component\uart" -I"C:\Users\wuz147\Desktop\Lab1-problem4\frdmk66f_hello_world\component\lists" -I"C:\Users\wuz147\Desktop\Lab1-problem4\frdmk66f_hello_world\CMSIS" -I"C:\Users\wuz147\Desktop\Lab1-problem4\frdmk66f_hello_world\board" -I"C:\Users\wuz147\Desktop\Lab1-problem4\frdmk66f_hello_world\source" -I"C:\Users\wuz147\Desktop\Lab1-problem4\frdmk66f_hello_world\utilities" -I"C:\Users\wuz147\Desktop\Lab1-problem4\frdmk66f_hello_world\drivers" -I"C:\Users\wuz147\Desktop\Lab1-problem4\frdmk66f_hello_world\device" -I"C:\Users\wuz147\Desktop\Lab1-problem4\frdmk66f_hello_world\component\uart" -I"C:\Users\wuz147\Desktop\Lab1-problem4\frdmk66f_hello_world\component\lists" -I"C:\Users\wuz147\Desktop\Lab1-problem4\frdmk66f_hello_world\CMSIS" -I"C:\Users\wuz147\Desktop\Lab1-problem4\frdmk66f_hello_world\board" -O0 -fno-common -g3 -c -ffunction-sections -fdata-sections -ffreestanding -fno-builtin -fmerge-constants -fmacro-prefix-map="../drivers/"= -mcpu=cortex-m4 -mfpu=fpv4-sp-d16 -mfloat-abi=hard -mthumb -D__REDLIB__ -fstack-usage -specs=redlib.specs -MMD -MP -MF"drivers/fsl_dspi.d" -MT"drivers/fsl_dspi.o" -MT"drivers/fsl_dspi.d" -o "drivers/fsl_dspi.o" "../drivers/fsl_dspi.c"
Finished building: ../drivers/fsl_common_arm.c
Finished building: ../drivers/fsl_common.c
 
 
Building file: ../drivers/fsl_ftfx_cache.c
Building file: ../drivers/fsl_ftfx_controller.c
Invoking: MCU C Compiler
Invoking: MCU C Compiler
arm-none-eabi-gcc -std=gnu99 -D__REDLIB__ -DCPU_MK66FN2M0VMD18 -DCPU_MK66FN2M0VMD18_cm4 -DPRINTF_FLOAT_ENABLE=0 -DSCANF_FLOAT_ENABLE=0 -DPRINTF_ADVANCED_ENABLE=0 -DSCANF_ADVANCED_ENABLE=0 -DFRDM_K66F -DFREEDOM -DMCUXPRESSO_SDK -DSDK_DEBUGCONSOLE=0 -DCR_INTEGER_PRINTF -D__MCUXPRESSO -D__USE_CMSIS -DDEBUG -DSDK_OS_BAREMETAL -I"C:\Users\wuz147\Desktop\Lab1-problem4\frdmk66f_hello_world\utilities" -I"C:\Users\wuz147\Desktop\Lab1-problem4\frdmk66f_hello_world\drivers" -I"C:\Users\wuz147\Desktop\Lab1-problem4\frdmk66f_hello_world\device" -I"C:\Users\wuz147\Desktop\Lab1-problem4\frdmk66f_hello_world\component\uart" -I"C:\Users\wuz147\Desktop\Lab1-problem4\frdmk66f_hello_world\component\lists" -I"C:\Users\wuz147\Desktop\Lab1-problem4\frdmk66f_hello_world\CMSIS" -I"C:\Users\wuz147\Desktop\Lab1-problem4\frdmk66f_hello_world\board" -I"C:\Users\wuz147\Desktop\Lab1-problem4\frdmk66f_hello_world\source" -I"C:\Users\wuz147\Desktop\Lab1-problem4\frdmk66f_hello_world\utilities" -I"C:\Users\wuz147\Desktop\Lab1-problem4\frdmk66f_hello_world\drivers" -I"C:\Users\wuz147\Desktop\Lab1-problem4\frdmk66f_hello_world\device" -I"C:\Users\wuz147\Desktop\Lab1-problem4\frdmk66f_hello_world\component\uart" -I"C:\Users\wuz147\Desktop\Lab1-problem4\frdmk66f_hello_world\component\lists" -I"C:\Users\wuz147\Desktop\Lab1-problem4\frdmk66f_hello_world\CMSIS" -I"C:\Users\wuz147\Desktop\Lab1-problem4\frdmk66f_hello_world\board" -O0 -fno-common -g3 -c -ffunction-sections -fdata-sections -ffreestanding -fno-builtin -fmerge-constants -fmacro-prefix-map="../drivers/"= -mcpu=cortex-m4 -mfpu=fpv4-sp-d16 -mfloat-abi=hard -mthumb -D__REDLIB__ -fstack-usage -specs=redlib.specs -MMD -MP -MF"drivers/fsl_ftfx_cache.d" -MT"drivers/fsl_ftfx_cache.o" -MT"drivers/fsl_ftfx_cache.d" -o "drivers/fsl_ftfx_cache.o" "../drivers/fsl_ftfx_cache.c"
arm-none-eabi-gcc -std=gnu99 -D__REDLIB__ -DCPU_MK66FN2M0VMD18 -DCPU_MK66FN2M0VMD18_cm4 -DPRINTF_FLOAT_ENABLE=0 -DSCANF_FLOAT_ENABLE=0 -DPRINTF_ADVANCED_ENABLE=0 -DSCANF_ADVANCED_ENABLE=0 -DFRDM_K66F -DFREEDOM -DMCUXPRESSO_SDK -DSDK_DEBUGCONSOLE=0 -DCR_INTEGER_PRINTF -D__MCUXPRESSO -D__USE_CMSIS -DDEBUG -DSDK_OS_BAREMETAL -I"C:\Users\wuz147\Desktop\Lab1-problem4\frdmk66f_hello_world\utilities" -I"C:\Users\wuz147\Desktop\Lab1-problem4\frdmk66f_hello_world\drivers" -I"C:\Users\wuz147\Desktop\Lab1-problem4\frdmk66f_hello_world\device" -I"C:\Users\wuz147\Desktop\Lab1-problem4\frdmk66f_hello_world\component\uart" -I"C:\Users\wuz147\Desktop\Lab1-problem4\frdmk66f_hello_world\component\lists" -I"C:\Users\wuz147\Desktop\Lab1-problem4\frdmk66f_hello_world\CMSIS" -I"C:\Users\wuz147\Desktop\Lab1-problem4\frdmk66f_hello_world\board" -I"C:\Users\wuz147\Desktop\Lab1-problem4\frdmk66f_hello_world\source" -I"C:\Users\wuz147\Desktop\Lab1-problem4\frdmk66f_hello_world\utilities" -I"C:\Users\wuz147\Desktop\Lab1-problem4\frdmk66f_hello_world\drivers" -I"C:\Users\wuz147\Desktop\Lab1-problem4\frdmk66f_hello_world\device" -I"C:\Users\wuz147\Desktop\Lab1-problem4\frdmk66f_hello_world\component\uart" -I"C:\Users\wuz147\Desktop\Lab1-problem4\frdmk66f_hello_world\component\lists" -I"C:\Users\wuz147\Desktop\Lab1-problem4\frdmk66f_hello_world\CMSIS" -I"C:\Users\wuz147\Desktop\Lab1-problem4\frdmk66f_hello_world\board" -O0 -fno-common -g3 -c -ffunction-sections -fdata-sections -ffreestanding -fno-builtin -fmerge-constants -fmacro-prefix-map="../drivers/"= -mcpu=cortex-m4 -mfpu=fpv4-sp-d16 -mfloat-abi=hard -mthumb -D__REDLIB__ -fstack-usage -specs=redlib.specs -MMD -MP -MF"drivers/fsl_ftfx_controller.d" -MT"drivers/fsl_ftfx_controller.o" -MT"drivers/fsl_ftfx_controller.d" -o "drivers/fsl_ftfx_controller.o" "../drivers/fsl_ftfx_controller.c"
Finished building: ../drivers/fsl_clock.c
 
Building file: ../drivers/fsl_ftfx_flash.c
Invoking: MCU C Compiler
arm-none-eabi-gcc -std=gnu99 -D__REDLIB__ -DCPU_MK66FN2M0VMD18 -DCPU_MK66FN2M0VMD18_cm4 -DPRINTF_FLOAT_ENABLE=0 -DSCANF_FLOAT_ENABLE=0 -DPRINTF_ADVANCED_ENABLE=0 -DSCANF_ADVANCED_ENABLE=0 -DFRDM_K66F -DFREEDOM -DMCUXPRESSO_SDK -DSDK_DEBUGCONSOLE=0 -DCR_INTEGER_PRINTF -D__MCUXPRESSO -D__USE_CMSIS -DDEBUG -DSDK_OS_BAREMETAL -I"C:\Users\wuz147\Desktop\Lab1-problem4\frdmk66f_hello_world\utilities" -I"C:\Users\wuz147\Desktop\Lab1-problem4\frdmk66f_hello_world\drivers" -I"C:\Users\wuz147\Desktop\Lab1-problem4\frdmk66f_hello_world\device" -I"C:\Users\wuz147\Desktop\Lab1-problem4\frdmk66f_hello_world\component\uart" -I"C:\Users\wuz147\Desktop\Lab1-problem4\frdmk66f_hello_world\component\lists" -I"C:\Users\wuz147\Desktop\Lab1-problem4\frdmk66f_hello_world\CMSIS" -I"C:\Users\wuz147\Desktop\Lab1-problem4\frdmk66f_hello_world\board" -I"C:\Users\wuz147\Desktop\Lab1-problem4\frdmk66f_hello_world\source" -I"C:\Users\wuz147\Desktop\Lab1-problem4\frdmk66f_hello_world\utilities" -I"C:\Users\wuz147\Desktop\Lab1-problem4\frdmk66f_hello_world\drivers" -I"C:\Users\wuz147\Desktop\Lab1-problem4\frdmk66f_hello_world\device" -I"C:\Users\wuz147\Desktop\Lab1-problem4\frdmk66f_hello_world\component\uart" -I"C:\Users\wuz147\Desktop\Lab1-problem4\frdmk66f_hello_world\component\lists" -I"C:\Users\wuz147\Desktop\Lab1-problem4\frdmk66f_hello_world\CMSIS" -I"C:\Users\wuz147\Desktop\Lab1-problem4\frdmk66f_hello_world\board" -O0 -fno-common -g3 -c -ffunction-sections -fdata-sections -ffreestanding -fno-builtin -fmerge-constants -fmacro-prefix-map="../drivers/"= -mcpu=cortex-m4 -mfpu=fpv4-sp-d16 -mfloat-abi=hard -mthumb -D__REDLIB__ -fstack-usage -specs=redlib.specs -MMD -MP -MF"drivers/fsl_ftfx_flash.d" -MT"drivers/fsl_ftfx_flash.o" -MT"drivers/fsl_ftfx_flash.d" -o "drivers/fsl_ftfx_flash.o" "../drivers/fsl_ftfx_flash.c"
Finished building: ../drivers/fsl_dspi.c
 
Building file: ../drivers/fsl_ftfx_flexnvm.c
Invoking: MCU C Compiler
arm-none-eabi-gcc -std=gnu99 -D__REDLIB__ -DCPU_MK66FN2M0VMD18 -DCPU_MK66FN2M0VMD18_cm4 -DPRINTF_FLOAT_ENABLE=0 -DSCANF_FLOAT_ENABLE=0 -DPRINTF_ADVANCED_ENABLE=0 -DSCANF_ADVANCED_ENABLE=0 -DFRDM_K66F -DFREEDOM -DMCUXPRESSO_SDK -DSDK_DEBUGCONSOLE=0 -DCR_INTEGER_PRINTF -D__MCUXPRESSO -D__USE_CMSIS -DDEBUG -DSDK_OS_BAREMETAL -I"C:\Users\wuz147\Desktop\Lab1-problem4\frdmk66f_hello_world\utilities" -I"C:\Users\wuz147\Desktop\Lab1-problem4\frdmk66f_hello_world\drivers" -I"C:\Users\wuz147\Desktop\Lab1-problem4\frdmk66f_hello_world\device" -I"C:\Users\wuz147\Desktop\Lab1-problem4\frdmk66f_hello_world\component\uart" -I"C:\Users\wuz147\Desktop\Lab1-problem4\frdmk66f_hello_world\component\lists" -I"C:\Users\wuz147\Desktop\Lab1-problem4\frdmk66f_hello_world\CMSIS" -I"C:\Users\wuz147\Desktop\Lab1-problem4\frdmk66f_hello_world\board" -I"C:\Users\wuz147\Desktop\Lab1-problem4\frdmk66f_hello_world\source" -I"C:\Users\wuz147\Desktop\Lab1-problem4\frdmk66f_hello_world\utilities" -I"C:\Users\wuz147\Desktop\Lab1-problem4\frdmk66f_hello_world\drivers" -I"C:\Users\wuz147\Desktop\Lab1-problem4\frdmk66f_hello_world\device" -I"C:\Users\wuz147\Desktop\Lab1-problem4\frdmk66f_hello_world\component\uart" -I"C:\Users\wuz147\Desktop\Lab1-problem4\frdmk66f_hello_world\component\lists" -I"C:\Users\wuz147\Desktop\Lab1-problem4\frdmk66f_hello_world\CMSIS" -I"C:\Users\wuz147\Desktop\Lab1-problem4\frdmk66f_hello_world\board" -O0 -fno-common -g3 -c -ffunction-sections -fdata-sections -ffreestanding -fno-builtin -fmerge-constants -fmacro-prefix-map="../drivers/"= -mcpu=cortex-m4 -mfpu=fpv4-sp-d16 -mfloat-abi=hard -mthumb -D__REDLIB__ -fstack-usage -specs=redlib.specs -MMD -MP -MF"drivers/fsl_ftfx_flexnvm.d" -MT"drivers/fsl_ftfx_flexnvm.o" -MT"drivers/fsl_ftfx_flexnvm.d" -o "drivers/fsl_ftfx_flexnvm.o" "../drivers/fsl_ftfx_flexnvm.c"
Finished building: ../drivers/fsl_ftfx_cache.c
 
Building file: ../drivers/fsl_gpio.c
Finished building: ../drivers/fsl_ftfx_controller.c
Invoking: MCU C Compiler
arm-none-eabi-gcc -std=gnu99 -D__REDLIB__ -DCPU_MK66FN2M0VMD18 -DCPU_MK66FN2M0VMD18_cm4 -DPRINTF_FLOAT_ENABLE=0 -DSCANF_FLOAT_ENABLE=0 -DPRINTF_ADVANCED_ENABLE=0 -DSCANF_ADVANCED_ENABLE=0 -DFRDM_K66F -DFREEDOM -DMCUXPRESSO_SDK -DSDK_DEBUGCONSOLE=0 -DCR_INTEGER_PRINTF -D__MCUXPRESSO -D__USE_CMSIS -DDEBUG -DSDK_OS_BAREMETAL -I"C:\Users\wuz147\Desktop\Lab1-problem4\frdmk66f_hello_world\utilities" -I"C:\Users\wuz147\Desktop\Lab1-problem4\frdmk66f_hello_world\drivers" -I"C:\Users\wuz147\Desktop\Lab1-problem4\frdmk66f_hello_world\device" -I"C:\Users\wuz147\Desktop\Lab1-problem4\frdmk66f_hello_world\component\uart" -I"C:\Users\wuz147\Desktop\Lab1-problem4\frdmk66f_hello_world\component\lists" -I"C:\Users\wuz147\Desktop\Lab1-problem4\frdmk66f_hello_world\CMSIS" -I"C:\Users\wuz147\Desktop\Lab1-problem4\frdmk66f_hello_world\board" -I"C:\Users\wuz147\Desktop\Lab1-problem4\frdmk66f_hello_world\source" -I"C:\Users\wuz147\Desktop\Lab1-problem4\frdmk66f_hello_world\utilities" -I"C:\Users\wuz147\Desktop\Lab1-problem4\frdmk66f_hello_world\drivers" -I"C:\Users\wuz147\Desktop\Lab1-problem4\frdmk66f_hello_world\device" -I"C:\Users\wuz147\Desktop\Lab1-problem4\frdmk66f_hello_world\component\uart" -I"C:\Users\wuz147\Desktop\Lab1-problem4\frdmk66f_hello_world\component\lists" -I"C:\Users\wuz147\Desktop\Lab1-problem4\frdmk66f_hello_world\CMSIS" -I"C:\Users\wuz147\Desktop\Lab1-problem4\frdmk66f_hello_world\board" -O0 -fno-common -g3 -c -ffunction-sections -fdata-sections -ffreestanding -fno-builtin -fmerge-constants -fmacro-prefix-map="../drivers/"= -mcpu=cortex-m4 -mfpu=fpv4-sp-d16 -mfloat-abi=hard -mthumb -D__REDLIB__ -fstack-usage -specs=redlib.specs -MMD -MP -MF"drivers/fsl_gpio.d" -MT"drivers/fsl_gpio.o" -MT"drivers/fsl_gpio.d" -o "drivers/fsl_gpio.o" "../drivers/fsl_gpio.c"
Finished building: ../drivers/fsl_ftfx_flash.c
 
 
Building file: ../drivers/fsl_i2c.c
Building file: ../drivers/fsl_lpuart.c
Invoking: MCU C Compiler
arm-none-eabi-gcc -std=gnu99 -D__REDLIB__ -DCPU_MK66FN2M0VMD18 -DCPU_MK66FN2M0VMD18_cm4 -DPRINTF_FLOAT_ENABLE=0 -DSCANF_FLOAT_ENABLE=0 -DPRINTF_ADVANCED_ENABLE=0 -DSCANF_ADVANCED_ENABLE=0 -DFRDM_K66F -DFREEDOM -DMCUXPRESSO_SDK -DSDK_DEBUGCONSOLE=0 -DCR_INTEGER_PRINTF -D__MCUXPRESSO -D__USE_CMSIS -DDEBUG -DSDK_OS_BAREMETAL -I"C:\Users\wuz147\Desktop\Lab1-problem4\frdmk66f_hello_world\utilities" -I"C:\Users\wuz147\Desktop\Lab1-problem4\frdmk66f_hello_world\drivers" -I"C:\Users\wuz147\Desktop\Lab1-problem4\frdmk66f_hello_world\device" -I"C:\Users\wuz147\Desktop\Lab1-problem4\frdmk66f_hello_world\component\uart" -I"C:\Users\wuz147\Desktop\Lab1-problem4\frdmk66f_hello_world\component\lists" -I"C:\Users\wuz147\Desktop\Lab1-problem4\frdmk66f_hello_world\CMSIS" -I"C:\Users\wuz147\Desktop\Lab1-problem4\frdmk66f_hello_world\board" -I"C:\Users\wuz147\Desktop\Lab1-problem4\frdmk66f_hello_world\source" -I"C:\Users\wuz147\Desktop\Lab1-problem4\frdmk66f_hello_world\utilities" -I"C:\Users\wuz147\Desktop\Lab1-problem4\frdmk66f_hello_world\drivers" -I"C:\Users\wuz147\Desktop\Lab1-problem4\frdmk66f_hello_world\device" -I"C:\Users\wuz147\Desktop\Lab1-problem4\frdmk66f_hello_world\component\uart" -I"C:\Users\wuz147\Desktop\Lab1-problem4\frdmk66f_hello_world\component\lists" -I"C:\Users\wuz147\Desktop\Lab1-problem4\frdmk66f_hello_world\CMSIS" -I"C:\Users\wuz147\Desktop\Lab1-problem4\frdmk66f_hello_world\board" -O0 -fno-common -g3 -c -ffunction-sections -fdata-sections -ffreestanding -fno-builtin -fmerge-constants -fmacro-prefix-map="../drivers/"= -mcpu=cortex-m4 -mfpu=fpv4-sp-d16 -mfloat-abi=hard -mthumb -D__REDLIB__ -fstack-usage -specs=redlib.specs -MMD -MP -MF"drivers/fsl_i2c.d" -MT"drivers/fsl_i2c.o" -MT"drivers/fsl_i2c.d" -o "drivers/fsl_i2c.o" "../drivers/fsl_i2c.c"
Invoking: MCU C Compiler
arm-none-eabi-gcc -std=gnu99 -D__REDLIB__ -DCPU_MK66FN2M0VMD18 -DCPU_MK66FN2M0VMD18_cm4 -DPRINTF_FLOAT_ENABLE=0 -DSCANF_FLOAT_ENABLE=0 -DPRINTF_ADVANCED_ENABLE=0 -DSCANF_ADVANCED_ENABLE=0 -DFRDM_K66F -DFREEDOM -DMCUXPRESSO_SDK -DSDK_DEBUGCONSOLE=0 -DCR_INTEGER_PRINTF -D__MCUXPRESSO -D__USE_CMSIS -DDEBUG -DSDK_OS_BAREMETAL -I"C:\Users\wuz147\Desktop\Lab1-problem4\frdmk66f_hello_world\utilities" -I"C:\Users\wuz147\Desktop\Lab1-problem4\frdmk66f_hello_world\drivers" -I"C:\Users\wuz147\Desktop\Lab1-problem4\frdmk66f_hello_world\device" -I"C:\Users\wuz147\Desktop\Lab1-problem4\frdmk66f_hello_world\component\uart" -I"C:\Users\wuz147\Desktop\Lab1-problem4\frdmk66f_hello_world\component\lists" -I"C:\Users\wuz147\Desktop\Lab1-problem4\frdmk66f_hello_world\CMSIS" -I"C:\Users\wuz147\Desktop\Lab1-problem4\frdmk66f_hello_world\board" -I"C:\Users\wuz147\Desktop\Lab1-problem4\frdmk66f_hello_world\source" -I"C:\Users\wuz147\Desktop\Lab1-problem4\frdmk66f_hello_world\utilities" -I"C:\Users\wuz147\Desktop\Lab1-problem4\frdmk66f_hello_world\drivers" -I"C:\Users\wuz147\Desktop\Lab1-problem4\frdmk66f_hello_world\device" -I"C:\Users\wuz147\Desktop\Lab1-problem4\frdmk66f_hello_world\component\uart" -I"C:\Users\wuz147\Desktop\Lab1-problem4\frdmk66f_hello_world\component\lists" -I"C:\Users\wuz147\Desktop\Lab1-problem4\frdmk66f_hello_world\CMSIS" -I"C:\Users\wuz147\Desktop\Lab1-problem4\frdmk66f_hello_world\board" -O0 -fno-common -g3 -c -ffunction-sections -fdata-sections -ffreestanding -fno-builtin -fmerge-constants -fmacro-prefix-map="../drivers/"= -mcpu=cortex-m4 -mfpu=fpv4-sp-d16 -mfloat-abi=hard -mthumb -D__REDLIB__ -fstack-usage -specs=redlib.specs -MMD -MP -MF"drivers/fsl_lpuart.d" -MT"drivers/fsl_lpuart.o" -MT"drivers/fsl_lpuart.d" -o "drivers/fsl_lpuart.o" "../drivers/fsl_lpuart.c"
Finished building: ../drivers/fsl_ftfx_flexnvm.c
 
Building file: ../drivers/fsl_rtc.c
Invoking: MCU C Compiler
arm-none-eabi-gcc -std=gnu99 -D__REDLIB__ -DCPU_MK66FN2M0VMD18 -DCPU_MK66FN2M0VMD18_cm4 -DPRINTF_FLOAT_ENABLE=0 -DSCANF_FLOAT_ENABLE=0 -DPRINTF_ADVANCED_ENABLE=0 -DSCANF_ADVANCED_ENABLE=0 -DFRDM_K66F -DFREEDOM -DMCUXPRESSO_SDK -DSDK_DEBUGCONSOLE=0 -DCR_INTEGER_PRINTF -D__MCUXPRESSO -D__USE_CMSIS -DDEBUG -DSDK_OS_BAREMETAL -I"C:\Users\wuz147\Desktop\Lab1-problem4\frdmk66f_hello_world\utilities" -I"C:\Users\wuz147\Desktop\Lab1-problem4\frdmk66f_hello_world\drivers" -I"C:\Users\wuz147\Desktop\Lab1-problem4\frdmk66f_hello_world\device" -I"C:\Users\wuz147\Desktop\Lab1-problem4\frdmk66f_hello_world\component\uart" -I"C:\Users\wuz147\Desktop\Lab1-problem4\frdmk66f_hello_world\component\lists" -I"C:\Users\wuz147\Desktop\Lab1-problem4\frdmk66f_hello_world\CMSIS" -I"C:\Users\wuz147\Desktop\Lab1-problem4\frdmk66f_hello_world\board" -I"C:\Users\wuz147\Desktop\Lab1-problem4\frdmk66f_hello_world\source" -I"C:\Users\wuz147\Desktop\Lab1-problem4\frdmk66f_hello_world\utilities" -I"C:\Users\wuz147\Desktop\Lab1-problem4\frdmk66f_hello_world\drivers" -I"C:\Users\wuz147\Desktop\Lab1-problem4\frdmk66f_hello_world\device" -I"C:\Users\wuz147\Desktop\Lab1-problem4\frdmk66f_hello_world\component\uart" -I"C:\Users\wuz147\Desktop\Lab1-problem4\frdmk66f_hello_world\component\lists" -I"C:\Users\wuz147\Desktop\Lab1-problem4\frdmk66f_hello_world\CMSIS" -I"C:\Users\wuz147\Desktop\Lab1-problem4\frdmk66f_hello_world\board" -O0 -fno-common -g3 -c -ffunction-sections -fdata-sections -ffreestanding -fno-builtin -fmerge-constants -fmacro-prefix-map="../drivers/"= -mcpu=cortex-m4 -mfpu=fpv4-sp-d16 -mfloat-abi=hard -mthumb -D__REDLIB__ -fstack-usage -specs=redlib.specs -MMD -MP -MF"drivers/fsl_rtc.d" -MT"drivers/fsl_rtc.o" -MT"drivers/fsl_rtc.d" -o "drivers/fsl_rtc.o" "../drivers/fsl_rtc.c"
Finished building: ../drivers/fsl_gpio.c
 
Building file: ../drivers/fsl_smc.c
Invoking: MCU C Compiler
arm-none-eabi-gcc -std=gnu99 -D__REDLIB__ -DCPU_MK66FN2M0VMD18 -DCPU_MK66FN2M0VMD18_cm4 -DPRINTF_FLOAT_ENABLE=0 -DSCANF_FLOAT_ENABLE=0 -DPRINTF_ADVANCED_ENABLE=0 -DSCANF_ADVANCED_ENABLE=0 -DFRDM_K66F -DFREEDOM -DMCUXPRESSO_SDK -DSDK_DEBUGCONSOLE=0 -DCR_INTEGER_PRINTF -D__MCUXPRESSO -D__USE_CMSIS -DDEBUG -DSDK_OS_BAREMETAL -I"C:\Users\wuz147\Desktop\Lab1-problem4\frdmk66f_hello_world\utilities" -I"C:\Users\wuz147\Desktop\Lab1-problem4\frdmk66f_hello_world\drivers" -I"C:\Users\wuz147\Desktop\Lab1-problem4\frdmk66f_hello_world\device" -I"C:\Users\wuz147\Desktop\Lab1-problem4\frdmk66f_hello_world\component\uart" -I"C:\Users\wuz147\Desktop\Lab1-problem4\frdmk66f_hello_world\component\lists" -I"C:\Users\wuz147\Desktop\Lab1-problem4\frdmk66f_hello_world\CMSIS" -I"C:\Users\wuz147\Desktop\Lab1-problem4\frdmk66f_hello_world\board" -I"C:\Users\wuz147\Desktop\Lab1-problem4\frdmk66f_hello_world\source" -I"C:\Users\wuz147\Desktop\Lab1-problem4\frdmk66f_hello_world\utilities" -I"C:\Users\wuz147\Desktop\Lab1-problem4\frdmk66f_hello_world\drivers" -I"C:\Users\wuz147\Desktop\Lab1-problem4\frdmk66f_hello_world\device" -I"C:\Users\wuz147\Desktop\Lab1-problem4\frdmk66f_hello_world\component\uart" -I"C:\Users\wuz147\Desktop\Lab1-problem4\frdmk66f_hello_world\component\lists" -I"C:\Users\wuz147\Desktop\Lab1-problem4\frdmk66f_hello_world\CMSIS" -I"C:\Users\wuz147\Desktop\Lab1-problem4\frdmk66f_hello_world\board" -O0 -fno-common -g3 -c -ffunction-sections -fdata-sections -ffreestanding -fno-builtin -fmerge-constants -fmacro-prefix-map="../drivers/"= -mcpu=cortex-m4 -mfpu=fpv4-sp-d16 -mfloat-abi=hard -mthumb -D__REDLIB__ -fstack-usage -specs=redlib.specs -MMD -MP -MF"drivers/fsl_smc.d" -MT"drivers/fsl_smc.o" -MT"drivers/fsl_smc.d" -o "drivers/fsl_smc.o" "../drivers/fsl_smc.c"
Finished building: ../drivers/fsl_i2c.c
Finished building: ../drivers/fsl_lpuart.c
 
 
Building file: ../drivers/fsl_uart.c
Building file: ../device/system_MK66F18.c
Invoking: MCU C Compiler
Invoking: MCU C Compiler
arm-none-eabi-gcc -std=gnu99 -D__REDLIB__ -DCPU_MK66FN2M0VMD18 -DCPU_MK66FN2M0VMD18_cm4 -DPRINTF_FLOAT_ENABLE=0 -DSCANF_FLOAT_ENABLE=0 -DPRINTF_ADVANCED_ENABLE=0 -DSCANF_ADVANCED_ENABLE=0 -DFRDM_K66F -DFREEDOM -DMCUXPRESSO_SDK -DSDK_DEBUGCONSOLE=0 -DCR_INTEGER_PRINTF -D__MCUXPRESSO -D__USE_CMSIS -DDEBUG -DSDK_OS_BAREMETAL -I"C:\Users\wuz147\Desktop\Lab1-problem4\frdmk66f_hello_world\utilities" -I"C:\Users\wuz147\Desktop\Lab1-problem4\frdmk66f_hello_world\drivers" -I"C:\Users\wuz147\Desktop\Lab1-problem4\frdmk66f_hello_world\device" -I"C:\Users\wuz147\Desktop\Lab1-problem4\frdmk66f_hello_world\component\uart" -I"C:\Users\wuz147\Desktop\Lab1-problem4\frdmk66f_hello_world\component\lists" -I"C:\Users\wuz147\Desktop\Lab1-problem4\frdmk66f_hello_world\CMSIS" -I"C:\Users\wuz147\Desktop\Lab1-problem4\frdmk66f_hello_world\board" -I"C:\Users\wuz147\Desktop\Lab1-problem4\frdmk66f_hello_world\source" -I"C:\Users\wuz147\Desktop\Lab1-problem4\frdmk66f_hello_world\utilities" -I"C:\Users\wuz147\Desktop\Lab1-problem4\frdmk66f_hello_world\drivers" -I"C:\Users\wuz147\Desktop\Lab1-problem4\frdmk66f_hello_world\device" -I"C:\Users\wuz147\Desktop\Lab1-problem4\frdmk66f_hello_world\component\uart" -I"C:\Users\wuz147\Desktop\Lab1-problem4\frdmk66f_hello_world\component\lists" -I"C:\Users\wuz147\Desktop\Lab1-problem4\frdmk66f_hello_world\CMSIS" -I"C:\Users\wuz147\Desktop\Lab1-problem4\frdmk66f_hello_world\board" -O0 -fno-common -g3 -c -ffunction-sections -fdata-sections -ffreestanding -fno-builtin -fmerge-constants -fmacro-prefix-map="../drivers/"= -mcpu=cortex-m4 -mfpu=fpv4-sp-d16 -mfloat-abi=hard -mthumb -D__REDLIB__ -fstack-usage -specs=redlib.specs -MMD -MP -MF"drivers/fsl_uart.d" -MT"drivers/fsl_uart.o" -MT"drivers/fsl_uart.d" -o "drivers/fsl_uart.o" "../drivers/fsl_uart.c"
arm-none-eabi-gcc -std=gnu99 -D__REDLIB__ -DCPU_MK66FN2M0VMD18 -DCPU_MK66FN2M0VMD18_cm4 -DPRINTF_FLOAT_ENABLE=0 -DSCANF_FLOAT_ENABLE=0 -DPRINTF_ADVANCED_ENABLE=0 -DSCANF_ADVANCED_ENABLE=0 -DFRDM_K66F -DFREEDOM -DMCUXPRESSO_SDK -DSDK_DEBUGCONSOLE=0 -DCR_INTEGER_PRINTF -D__MCUXPRESSO -D__USE_CMSIS -DDEBUG -DSDK_OS_BAREMETAL -I"C:\Users\wuz147\Desktop\Lab1-problem4\frdmk66f_hello_world\utilities" -I"C:\Users\wuz147\Desktop\Lab1-problem4\frdmk66f_hello_world\drivers" -I"C:\Users\wuz147\Desktop\Lab1-problem4\frdmk66f_hello_world\device" -I"C:\Users\wuz147\Desktop\Lab1-problem4\frdmk66f_hello_world\component\uart" -I"C:\Users\wuz147\Desktop\Lab1-problem4\frdmk66f_hello_world\component\lists" -I"C:\Users\wuz147\Desktop\Lab1-problem4\frdmk66f_hello_world\CMSIS" -I"C:\Users\wuz147\Desktop\Lab1-problem4\frdmk66f_hello_world\board" -I"C:\Users\wuz147\Desktop\Lab1-problem4\frdmk66f_hello_world\source" -I"C:\Users\wuz147\Desktop\Lab1-problem4\frdmk66f_hello_world\utilities" -I"C:\Users\wuz147\Desktop\Lab1-problem4\frdmk66f_hello_world\drivers" -I"C:\Users\wuz147\Desktop\Lab1-problem4\frdmk66f_hello_world\device" -I"C:\Users\wuz147\Desktop\Lab1-problem4\frdmk66f_hello_world\component\uart" -I"C:\Users\wuz147\Desktop\Lab1-problem4\frdmk66f_hello_world\component\lists" -I"C:\Users\wuz147\Desktop\Lab1-problem4\frdmk66f_hello_world\CMSIS" -I"C:\Users\wuz147\Desktop\Lab1-problem4\frdmk66f_hello_world\board" -O0 -fno-common -g3 -c -ffunction-sections -fdata-sections -ffreestanding -fno-builtin -fmerge-constants -fmacro-prefix-map="../device/"= -mcpu=cortex-m4 -mfpu=fpv4-sp-d16 -mfloat-abi=hard -mthumb -D__REDLIB__ -fstack-usage -specs=redlib.specs -MMD -MP -MF"device/system_MK66F18.d" -MT"device/system_MK66F18.o" -MT"device/system_MK66F18.d" -o "device/system_MK66F18.o" "../device/system_MK66F18.c"
Finished building: ../drivers/fsl_rtc.c
 
Building file: ../component/uart/fsl_adapter_uart.c
Invoking: MCU C Compiler
arm-none-eabi-gcc -std=gnu99 -D__REDLIB__ -DCPU_MK66FN2M0VMD18 -DCPU_MK66FN2M0VMD18_cm4 -DPRINTF_FLOAT_ENABLE=0 -DSCANF_FLOAT_ENABLE=0 -DPRINTF_ADVANCED_ENABLE=0 -DSCANF_ADVANCED_ENABLE=0 -DFRDM_K66F -DFREEDOM -DMCUXPRESSO_SDK -DSDK_DEBUGCONSOLE=0 -DCR_INTEGER_PRINTF -D__MCUXPRESSO -D__USE_CMSIS -DDEBUG -DSDK_OS_BAREMETAL -I"C:\Users\wuz147\Desktop\Lab1-problem4\frdmk66f_hello_world\utilities" -I"C:\Users\wuz147\Desktop\Lab1-problem4\frdmk66f_hello_world\drivers" -I"C:\Users\wuz147\Desktop\Lab1-problem4\frdmk66f_hello_world\device" -I"C:\Users\wuz147\Desktop\Lab1-problem4\frdmk66f_hello_world\component\uart" -I"C:\Users\wuz147\Desktop\Lab1-problem4\frdmk66f_hello_world\component\lists" -I"C:\Users\wuz147\Desktop\Lab1-problem4\frdmk66f_hello_world\CMSIS" -I"C:\Users\wuz147\Desktop\Lab1-problem4\frdmk66f_hello_world\board" -I"C:\Users\wuz147\Desktop\Lab1-problem4\frdmk66f_hello_world\source" -I"C:\Users\wuz147\Desktop\Lab1-problem4\frdmk66f_hello_world\utilities" -I"C:\Users\wuz147\Desktop\Lab1-problem4\frdmk66f_hello_world\drivers" -I"C:\Users\wuz147\Desktop\Lab1-problem4\frdmk66f_hello_world\device" -I"C:\Users\wuz147\Desktop\Lab1-problem4\frdmk66f_hello_world\component\uart" -I"C:\Users\wuz147\Desktop\Lab1-problem4\frdmk66f_hello_world\component\lists" -I"C:\Users\wuz147\Desktop\Lab1-problem4\frdmk66f_hello_world\CMSIS" -I"C:\Users\wuz147\Desktop\Lab1-problem4\frdmk66f_hello_world\board" -O0 -fno-common -g3 -c -ffunction-sections -fdata-sections -ffreestanding -fno-builtin -fmerge-constants -fmacro-prefix-map="../component/uart/"= -mcpu=cortex-m4 -mfpu=fpv4-sp-d16 -mfloat-abi=hard -mthumb -D__REDLIB__ -fstack-usage -specs=redlib.specs -MMD -MP -MF"component/uart/fsl_adapter_uart.d" -MT"component/uart/fsl_adapter_uart.o" -MT"component/uart/fsl_adapter_uart.d" -o "component/uart/fsl_adapter_uart.o" "../component/uart/fsl_adapter_uart.c"
Finished building: ../drivers/fsl_smc.c
 
Building file: ../component/lists/fsl_component_generic_list.c
Invoking: MCU C Compiler
arm-none-eabi-gcc -std=gnu99 -D__REDLIB__ -DCPU_MK66FN2M0VMD18 -DCPU_MK66FN2M0VMD18_cm4 -DPRINTF_FLOAT_ENABLE=0 -DSCANF_FLOAT_ENABLE=0 -DPRINTF_ADVANCED_ENABLE=0 -DSCANF_ADVANCED_ENABLE=0 -DFRDM_K66F -DFREEDOM -DMCUXPRESSO_SDK -DSDK_DEBUGCONSOLE=0 -DCR_INTEGER_PRINTF -D__MCUXPRESSO -D__USE_CMSIS -DDEBUG -DSDK_OS_BAREMETAL -I"C:\Users\wuz147\Desktop\Lab1-problem4\frdmk66f_hello_world\utilities" -I"C:\Users\wuz147\Desktop\Lab1-problem4\frdmk66f_hello_world\drivers" -I"C:\Users\wuz147\Desktop\Lab1-problem4\frdmk66f_hello_world\device" -I"C:\Users\wuz147\Desktop\Lab1-problem4\frdmk66f_hello_world\component\uart" -I"C:\Users\wuz147\Desktop\Lab1-problem4\frdmk66f_hello_world\component\lists" -I"C:\Users\wuz147\Desktop\Lab1-problem4\frdmk66f_hello_world\CMSIS" -I"C:\Users\wuz147\Desktop\Lab1-problem4\frdmk66f_hello_world\board" -I"C:\Users\wuz147\Desktop\Lab1-problem4\frdmk66f_hello_world\source" -I"C:\Users\wuz147\Desktop\Lab1-problem4\frdmk66f_hello_world\utilities" -I"C:\Users\wuz147\Desktop\Lab1-problem4\frdmk66f_hello_world\drivers" -I"C:\Users\wuz147\Desktop\Lab1-problem4\frdmk66f_hello_world\device" -I"C:\Users\wuz147\Desktop\Lab1-problem4\frdmk66f_hello_world\component\uart" -I"C:\Users\wuz147\Desktop\Lab1-problem4\frdmk66f_hello_world\component\lists" -I"C:\Users\wuz147\Desktop\Lab1-problem4\frdmk66f_hello_world\CMSIS" -I"C:\Users\wuz147\Desktop\Lab1-problem4\frdmk66f_hello_world\board" -O0 -fno-common -g3 -c -ffunction-sections -fdata-sections -ffreestanding -fno-builtin -fmerge-constants -fmacro-prefix-map="../component/lists/"= -mcpu=cortex-m4 -mfpu=fpv4-sp-d16 -mfloat-abi=hard -mthumb -D__REDLIB__ -fstack-usage -specs=redlib.specs -MMD -MP -MF"component/lists/fsl_component_generic_list.d" -MT"component/lists/fsl_component_generic_list.o" -MT"component/lists/fsl_component_generic_list.d" -o "component/lists/fsl_component_generic_list.o" "../component/lists/fsl_component_generic_list.c"
Finished building: ../device/system_MK66F18.c
 
Building file: ../board/board.c
Invoking: MCU C Compiler
Finished building: ../drivers/fsl_uart.c
arm-none-eabi-gcc -std=gnu99 -D__REDLIB__ -DCPU_MK66FN2M0VMD18 -DCPU_MK66FN2M0VMD18_cm4 -DPRINTF_FLOAT_ENABLE=0 -DSCANF_FLOAT_ENABLE=0 -DPRINTF_ADVANCED_ENABLE=0 -DSCANF_ADVANCED_ENABLE=0 -DFRDM_K66F -DFREEDOM -DMCUXPRESSO_SDK -DSDK_DEBUGCONSOLE=0 -DCR_INTEGER_PRINTF -D__MCUXPRESSO -D__USE_CMSIS -DDEBUG -DSDK_OS_BAREMETAL -I"C:\Users\wuz147\Desktop\Lab1-problem4\frdmk66f_hello_world\utilities" -I"C:\Users\wuz147\Desktop\Lab1-problem4\frdmk66f_hello_world\drivers" -I"C:\Users\wuz147\Desktop\Lab1-problem4\frdmk66f_hello_world\device" -I"C:\Users\wuz147\Desktop\Lab1-problem4\frdmk66f_hello_world\component\uart" -I"C:\Users\wuz147\Desktop\Lab1-problem4\frdmk66f_hello_world\component\lists" -I"C:\Users\wuz147\Desktop\Lab1-problem4\frdmk66f_hello_world\CMSIS" -I"C:\Users\wuz147\Desktop\Lab1-problem4\frdmk66f_hello_world\board" -I"C:\Users\wuz147\Desktop\Lab1-problem4\frdmk66f_hello_world\source" -I"C:\Users\wuz147\Desktop\Lab1-problem4\frdmk66f_hello_world\utilities" -I"C:\Users\wuz147\Desktop\Lab1-problem4\frdmk66f_hello_world\drivers" -I"C:\Users\wuz147\Desktop\Lab1-problem4\frdmk66f_hello_world\device" -I"C:\Users\wuz147\Desktop\Lab1-problem4\frdmk66f_hello_world\component\uart" -I"C:\Users\wuz147\Desktop\Lab1-problem4\frdmk66f_hello_world\component\lists" -I"C:\Users\wuz147\Desktop\Lab1-problem4\frdmk66f_hello_world\CMSIS" -I"C:\Users\wuz147\Desktop\Lab1-problem4\frdmk66f_hello_world\board" -O0 -fno-common -g3 -c -ffunction-sections -fdata-sections -ffreestanding -fno-builtin -fmerge-constants -fmacro-prefix-map="../board/"= -mcpu=cortex-m4 -mfpu=fpv4-sp-d16 -mfloat-abi=hard -mthumb -D__REDLIB__ -fstack-usage -specs=redlib.specs -MMD -MP -MF"board/board.d" -MT"board/board.o" -MT"board/board.d" -o "board/board.o" "../board/board.c"
 
Building file: ../board/clock_config.c
Invoking: MCU C Compiler
arm-none-eabi-gcc -std=gnu99 -D__REDLIB__ -DCPU_MK66FN2M0VMD18 -DCPU_MK66FN2M0VMD18_cm4 -DPRINTF_FLOAT_ENABLE=0 -DSCANF_FLOAT_ENABLE=0 -DPRINTF_ADVANCED_ENABLE=0 -DSCANF_ADVANCED_ENABLE=0 -DFRDM_K66F -DFREEDOM -DMCUXPRESSO_SDK -DSDK_DEBUGCONSOLE=0 -DCR_INTEGER_PRINTF -D__MCUXPRESSO -D__USE_CMSIS -DDEBUG -DSDK_OS_BAREMETAL -I"C:\Users\wuz147\Desktop\Lab1-problem4\frdmk66f_hello_world\utilities" -I"C:\Users\wuz147\Desktop\Lab1-problem4\frdmk66f_hello_world\drivers" -I"C:\Users\wuz147\Desktop\Lab1-problem4\frdmk66f_hello_world\device" -I"C:\Users\wuz147\Desktop\Lab1-problem4\frdmk66f_hello_world\component\uart" -I"C:\Users\wuz147\Desktop\Lab1-problem4\frdmk66f_hello_world\component\lists" -I"C:\Users\wuz147\Desktop\Lab1-problem4\frdmk66f_hello_world\CMSIS" -I"C:\Users\wuz147\Desktop\Lab1-problem4\frdmk66f_hello_world\board" -I"C:\Users\wuz147\Desktop\Lab1-problem4\frdmk66f_hello_world\source" -I"C:\Users\wuz147\Desktop\Lab1-problem4\frdmk66f_hello_world\utilities" -I"C:\Users\wuz147\Desktop\Lab1-problem4\frdmk66f_hello_world\drivers" -I"C:\Users\wuz147\Desktop\Lab1-problem4\frdmk66f_hello_world\device" -I"C:\Users\wuz147\Desktop\Lab1-problem4\frdmk66f_hello_world\component\uart" -I"C:\Users\wuz147\Desktop\Lab1-problem4\frdmk66f_hello_world\component\lists" -I"C:\Users\wuz147\Desktop\Lab1-problem4\frdmk66f_hello_world\CMSIS" -I"C:\Users\wuz147\Desktop\Lab1-problem4\frdmk66f_hello_world\board" -O0 -fno-common -g3 -c -ffunction-sections -fdata-sections -ffreestanding -fno-builtin -fmerge-constants -fmacro-prefix-map="../board/"= -mcpu=cortex-m4 -mfpu=fpv4-sp-d16 -mfloat-abi=hard -mthumb -D__REDLIB__ -fstack-usage -specs=redlib.specs -MMD -MP -MF"board/clock_config.d" -MT"board/clock_config.o" -MT"board/clock_config.d" -o "board/clock_config.o" "../board/clock_config.c"
Finished building: ../component/uart/fsl_adapter_uart.c
 
Building file: ../board/pin_mux.c
Invoking: MCU C Compiler
arm-none-eabi-gcc -std=gnu99 -D__REDLIB__ -DCPU_MK66FN2M0VMD18 -DCPU_MK66FN2M0VMD18_cm4 -DPRINTF_FLOAT_ENABLE=0 -DSCANF_FLOAT_ENABLE=0 -DPRINTF_ADVANCED_ENABLE=0 -DSCANF_ADVANCED_ENABLE=0 -DFRDM_K66F -DFREEDOM -DMCUXPRESSO_SDK -DSDK_DEBUGCONSOLE=0 -DCR_INTEGER_PRINTF -D__MCUXPRESSO -D__USE_CMSIS -DDEBUG -DSDK_OS_BAREMETAL -I"C:\Users\wuz147\Desktop\Lab1-problem4\frdmk66f_hello_world\utilities" -I"C:\Users\wuz147\Desktop\Lab1-problem4\frdmk66f_hello_world\drivers" -I"C:\Users\wuz147\Desktop\Lab1-problem4\frdmk66f_hello_world\device" -I"C:\Users\wuz147\Desktop\Lab1-problem4\frdmk66f_hello_world\component\uart" -I"C:\Users\wuz147\Desktop\Lab1-problem4\frdmk66f_hello_world\component\lists" -I"C:\Users\wuz147\Desktop\Lab1-problem4\frdmk66f_hello_world\CMSIS" -I"C:\Users\wuz147\Desktop\Lab1-problem4\frdmk66f_hello_world\board" -I"C:\Users\wuz147\Desktop\Lab1-problem4\frdmk66f_hello_world\source" -I"C:\Users\wuz147\Desktop\Lab1-problem4\frdmk66f_hello_world\utilities" -I"C:\Users\wuz147\Desktop\Lab1-problem4\frdmk66f_hello_world\drivers" -I"C:\Users\wuz147\Desktop\Lab1-problem4\frdmk66f_hello_world\device" -I"C:\Users\wuz147\Desktop\Lab1-problem4\frdmk66f_hello_world\component\uart" -I"C:\Users\wuz147\Desktop\Lab1-problem4\frdmk66f_hello_world\component\lists" -I"C:\Users\wuz147\Desktop\Lab1-problem4\frdmk66f_hello_world\CMSIS" -I"C:\Users\wuz147\Desktop\Lab1-problem4\frdmk66f_hello_world\board" -O0 -fno-common -g3 -c -ffunction-sections -fdata-sections -ffreestanding -fno-builtin -fmerge-constants -fmacro-prefix-map="../board/"= -mcpu=cortex-m4 -mfpu=fpv4-sp-d16 -mfloat-abi=hard -mthumb -D__REDLIB__ -fstack-usage -specs=redlib.specs -MMD -MP -MF"board/pin_mux.d" -MT"board/pin_mux.o" -MT"board/pin_mux.d" -o "board/pin_mux.o" "../board/pin_mux.c"
Finished building: ../component/lists/fsl_component_generic_list.c
 
Finished building: ../board/board.c
 
Finished building: ../board/clock_config.c
 
Finished building: ../board/pin_mux.c
 
Building target: frdmk66f_hello_world.axf
Invoking: MCU Linker
arm-none-eabi-gcc -nostdlib -Xlinker -Map="frdmk66f_hello_world.map" -Xlinker --gc-sections -Xlinker -print-memory-usage -Xlinker --sort-section=alignment -Xlinker --cref -mcpu=cortex-m4 -mfpu=fpv4-sp-d16 -mfloat-abi=hard -mthumb -T frdmk66f_hello_world_Debug.ld -o "frdmk66f_hello_world.axf" ./utilities/fsl_assert.o ./utilities/fsl_debug_console.o  ./startup/startup_mk66f18.o  ./source/hello_world.o ./source/semihost_hardfault.o  ./drivers/fsl_clock.o ./drivers/fsl_common.o ./drivers/fsl_common_arm.o ./drivers/fsl_dspi.o ./drivers/fsl_ftfx_cache.o ./drivers/fsl_ftfx_controller.o ./drivers/fsl_ftfx_flash.o ./drivers/fsl_ftfx_flexnvm.o ./drivers/fsl_gpio.o ./drivers/fsl_i2c.o ./drivers/fsl_lpuart.o ./drivers/fsl_rtc.o ./drivers/fsl_smc.o ./drivers/fsl_uart.o  ./device/system_MK66F18.o  ./component/uart/fsl_adapter_uart.o  ./component/lists/fsl_component_generic_list.o  ./board/board.o ./board/clock_config.o ./board/pin_mux.o   
Memory region         Used Size  Region Size  %age Used
   PROGRAM_FLASH:       14608 B         2 MB      0.70%
      SRAM_UPPER:        8496 B       192 KB      4.32%
      SRAM_LOWER:          0 GB        64 KB      0.00%
        FLEX_RAM:          0 GB         4 KB      0.00%
Finished building target: frdmk66f_hello_world.axf
 
Performing post-build steps
arm-none-eabi-size "frdmk66f_hello_world.axf"; # arm-none-eabi-objcopy -v -O binary "frdmk66f_hello_world.axf" "frdmk66f_hello_world.bin" ; # checksum -p MK66FN2M0xxx18 -d "frdmk66f_hello_world.bin";
   text	   data	    bss	    dec	    hex	filename
  14592	     16	   8480	  23088	   5a30	frdmk66f_hello_world.axf
 
13:40:07 **** Incremental Build of configuration Debug for project frdmk66f_hello_world ****
make -r -j4 all 
Building file: ../source/hello_world.c
Invoking: MCU C Compiler
arm-none-eabi-gcc -std=gnu99 -D__REDLIB__ -DCPU_MK66FN2M0VMD18 -DCPU_MK66FN2M0VMD18_cm4 -DPRINTF_FLOAT_ENABLE=0 -DSCANF_FLOAT_ENABLE=0 -DPRINTF_ADVANCED_ENABLE=0 -DSCANF_ADVANCED_ENABLE=0 -DFRDM_K66F -DFREEDOM -DMCUXPRESSO_SDK -DSDK_DEBUGCONSOLE=0 -DCR_INTEGER_PRINTF -D__MCUXPRESSO -D__USE_CMSIS -DDEBUG -DSDK_OS_BAREMETAL -I"C:\Users\wuz147\Desktop\Lab1-problem4\frdmk66f_hello_world\utilities" -I"C:\Users\wuz147\Desktop\Lab1-problem4\frdmk66f_hello_world\drivers" -I"C:\Users\wuz147\Desktop\Lab1-problem4\frdmk66f_hello_world\device" -I"C:\Users\wuz147\Desktop\Lab1-problem4\frdmk66f_hello_world\component\uart" -I"C:\Users\wuz147\Desktop\Lab1-problem4\frdmk66f_hello_world\component\lists" -I"C:\Users\wuz147\Desktop\Lab1-problem4\frdmk66f_hello_world\CMSIS" -I"C:\Users\wuz147\Desktop\Lab1-problem4\frdmk66f_hello_world\board" -I"C:\Users\wuz147\Desktop\Lab1-problem4\frdmk66f_hello_world\source" -I"C:\Users\wuz147\Desktop\Lab1-problem4\frdmk66f_hello_world\utilities" -I"C:\Users\wuz147\Desktop\Lab1-problem4\frdmk66f_hello_world\drivers" -I"C:\Users\wuz147\Desktop\Lab1-problem4\frdmk66f_hello_world\device" -I"C:\Users\wuz147\Desktop\Lab1-problem4\frdmk66f_hello_world\component\uart" -I"C:\Users\wuz147\Desktop\Lab1-problem4\frdmk66f_hello_world\component\lists" -I"C:\Users\wuz147\Desktop\Lab1-problem4\frdmk66f_hello_world\CMSIS" -I"C:\Users\wuz147\Desktop\Lab1-problem4\frdmk66f_hello_world\board" -O0 -fno-common -g3 -c -ffunction-sections -fdata-sections -ffreestanding -fno-builtin -fmerge-constants -fmacro-prefix-map="../source/"= -mcpu=cortex-m4 -mfpu=fpv4-sp-d16 -mfloat-abi=hard -mthumb -D__REDLIB__ -fstack-usage -specs=redlib.specs -MMD -MP -MF"source/hello_world.d" -MT"source/hello_world.o" -MT"source/hello_world.d" -o "source/hello_world.o" "../source/hello_world.c"
../source/hello_world.c: In function 'main':
../source/hello_world.c:100:18: warning: implicit declaration of function 'SPI_write' [-Wimplicit-function-declaration]
  100 |  status_t test = SPI_write(0x14, 0x45);
      |                  ^~~~~~~~~
Finished building: ../source/hello_world.c
 
Building target: frdmk66f_hello_world.axf
Invoking: MCU Linker
arm-none-eabi-gcc -nostdlib -Xlinker -Map="frdmk66f_hello_world.map" -Xlinker --gc-sections -Xlinker -print-memory-usage -Xlinker --sort-section=alignment -Xlinker --cref -mcpu=cortex-m4 -mfpu=fpv4-sp-d16 -mfloat-abi=hard -mthumb -T frdmk66f_hello_world_Debug.ld -o "frdmk66f_hello_world.axf" ./utilities/fsl_assert.o ./utilities/fsl_debug_console.o  ./startup/startup_mk66f18.o  ./source/hello_world.o ./source/semihost_hardfault.o  ./drivers/fsl_clock.o ./drivers/fsl_common.o ./drivers/fsl_common_arm.o ./drivers/fsl_dspi.o ./drivers/fsl_ftfx_cache.o ./drivers/fsl_ftfx_controller.o ./drivers/fsl_ftfx_flash.o ./drivers/fsl_ftfx_flexnvm.o ./drivers/fsl_gpio.o ./drivers/fsl_i2c.o ./drivers/fsl_lpuart.o ./drivers/fsl_rtc.o ./drivers/fsl_smc.o ./drivers/fsl_uart.o  ./device/system_MK66F18.o  ./component/uart/fsl_adapter_uart.o  ./component/lists/fsl_component_generic_list.o  ./board/board.o ./board/clock_config.o ./board/pin_mux.o   
c:/nxp/mcuxpressoide_11.6.1_8255/ide/plugins/com.nxp.mcuxpresso.tools.win32_11.6.1.202207200623/tools/bin/../lib/gcc/arm-none-eabi/10.3.1/../../../../arm-none-eabi/bin/ld.exe: ./source/hello_world.o: in function `main':
C:\Users\wuz147\Desktop\Lab1-problem4\frdmk66f_hello_world\Debug/../source/hello_world.c:100: undefined reference to `SPI_write'
Memory region         Used Size  Region Size  %age Used
   PROGRAM_FLASH:       14624 B         2 MB      0.70%
      SRAM_UPPER:        8496 B       192 KB      4.32%
      SRAM_LOWER:          0 GB        64 KB      0.00%
        FLEX_RAM:          0 GB         4 KB      0.00%
collect2.exe: error: ld returned 1 exit status
make[1]: *** [makefile:53: frdmk66f_hello_world.axf] Error 1
make: *** [makefile:44: all] Error 2
"make -r -j4 all" terminated with exit code 2. Build might be incomplete.
10:55:14 **** Incremental Build of configuration Debug for project frdmk66f_hello_world ****
make -r -j4 all 
Building file: ../source/hello_world.c
Building file: ../board/pin_mux.c
Invoking: MCU C Compiler
arm-none-eabi-gcc -std=gnu99 -D__REDLIB__ -DCPU_MK66FN2M0VMD18 -DCPU_MK66FN2M0VMD18_cm4 -DPRINTF_FLOAT_ENABLE=0 -DSCANF_FLOAT_ENABLE=0 -DPRINTF_ADVANCED_ENABLE=0 -DSCANF_ADVANCED_ENABLE=0 -DFRDM_K66F -DFREEDOM -DMCUXPRESSO_SDK -DSDK_DEBUGCONSOLE=0 -DCR_INTEGER_PRINTF -D__MCUXPRESSO -D__USE_CMSIS -DDEBUG -DSDK_OS_BAREMETAL -I"C:\Users\wuz147\Desktop\Lab1-problem4\frdmk66f_hello_world\utilities" -I"C:\Users\wuz147\Desktop\Lab1-problem4\frdmk66f_hello_world\drivers" -I"C:\Users\wuz147\Desktop\Lab1-problem4\frdmk66f_hello_world\device" -I"C:\Users\wuz147\Desktop\Lab1-problem4\frdmk66f_hello_world\component\uart" -I"C:\Users\wuz147\Desktop\Lab1-problem4\frdmk66f_hello_world\component\lists" -I"C:\Users\wuz147\Desktop\Lab1-problem4\frdmk66f_hello_world\CMSIS" -I"C:\Users\wuz147\Desktop\Lab1-problem4\frdmk66f_hello_world\board" -I"C:\Users\wuz147\Desktop\Lab1-problem4\frdmk66f_hello_world\source" -I"C:\Users\wuz147\Desktop\Lab1-problem4\frdmk66f_hello_world\utilities" -I"C:\Users\wuz147\Desktop\Lab1-problem4\frdmk66f_hello_world\drivers" -I"C:\Users\wuz147\Desktop\Lab1-problem4\frdmk66f_hello_world\device" -I"C:\Users\wuz147\Desktop\Lab1-problem4\frdmk66f_hello_world\component\uart" -I"C:\Users\wuz147\Desktop\Lab1-problem4\frdmk66f_hello_world\component\lists" -I"C:\Users\wuz147\Desktop\Lab1-problem4\frdmk66f_hello_world\CMSIS" -I"C:\Users\wuz147\Desktop\Lab1-problem4\frdmk66f_hello_world\board" -O0 -fno-common -g3 -c -ffunction-sections -fdata-sections -ffreestanding -fno-builtin -fmerge-constants -fmacro-prefix-map="../source/"= -mcpu=cortex-m4 -mfpu=fpv4-sp-d16 -mfloat-abi=hard -mthumb -D__REDLIB__ -fstack-usage -specs=redlib.specs -MMD -MP -MF"source/hello_world.d" -MT"source/hello_world.o" -MT"source/hello_world.d" -o "source/hello_world.o" "../source/hello_world.c"
Invoking: MCU C Compiler
arm-none-eabi-gcc -std=gnu99 -D__REDLIB__ -DCPU_MK66FN2M0VMD18 -DCPU_MK66FN2M0VMD18_cm4 -DPRINTF_FLOAT_ENABLE=0 -DSCANF_FLOAT_ENABLE=0 -DPRINTF_ADVANCED_ENABLE=0 -DSCANF_ADVANCED_ENABLE=0 -DFRDM_K66F -DFREEDOM -DMCUXPRESSO_SDK -DSDK_DEBUGCONSOLE=0 -DCR_INTEGER_PRINTF -D__MCUXPRESSO -D__USE_CMSIS -DDEBUG -DSDK_OS_BAREMETAL -I"C:\Users\wuz147\Desktop\Lab1-problem4\frdmk66f_hello_world\utilities" -I"C:\Users\wuz147\Desktop\Lab1-problem4\frdmk66f_hello_world\drivers" -I"C:\Users\wuz147\Desktop\Lab1-problem4\frdmk66f_hello_world\device" -I"C:\Users\wuz147\Desktop\Lab1-problem4\frdmk66f_hello_world\component\uart" -I"C:\Users\wuz147\Desktop\Lab1-problem4\frdmk66f_hello_world\component\lists" -I"C:\Users\wuz147\Desktop\Lab1-problem4\frdmk66f_hello_world\CMSIS" -I"C:\Users\wuz147\Desktop\Lab1-problem4\frdmk66f_hello_world\board" -I"C:\Users\wuz147\Desktop\Lab1-problem4\frdmk66f_hello_world\source" -I"C:\Users\wuz147\Desktop\Lab1-problem4\frdmk66f_hello_world\utilities" -I"C:\Users\wuz147\Desktop\Lab1-problem4\frdmk66f_hello_world\drivers" -I"C:\Users\wuz147\Desktop\Lab1-problem4\frdmk66f_hello_world\device" -I"C:\Users\wuz147\Desktop\Lab1-problem4\frdmk66f_hello_world\component\uart" -I"C:\Users\wuz147\Desktop\Lab1-problem4\frdmk66f_hello_world\component\lists" -I"C:\Users\wuz147\Desktop\Lab1-problem4\frdmk66f_hello_world\CMSIS" -I"C:\Users\wuz147\Desktop\Lab1-problem4\frdmk66f_hello_world\board" -O0 -fno-common -g3 -c -ffunction-sections -fdata-sections -ffreestanding -fno-builtin -fmerge-constants -fmacro-prefix-map="../board/"= -mcpu=cortex-m4 -mfpu=fpv4-sp-d16 -mfloat-abi=hard -mthumb -D__REDLIB__ -fstack-usage -specs=redlib.specs -MMD -MP -MF"board/pin_mux.d" -MT"board/pin_mux.o" -MT"board/pin_mux.d" -o "board/pin_mux.o" "../board/pin_mux.c"
Finished building: ../board/pin_mux.c
 
Finished building: ../source/hello_world.c
 
Building target: frdmk66f_hello_world.axf
Invoking: MCU Linker
arm-none-eabi-gcc -nostdlib -Xlinker -Map="frdmk66f_hello_world.map" -Xlinker --gc-sections -Xlinker -print-memory-usage -Xlinker --sort-section=alignment -Xlinker --cref -mcpu=cortex-m4 -mfpu=fpv4-sp-d16 -mfloat-abi=hard -mthumb -T frdmk66f_hello_world_Debug.ld -o "frdmk66f_hello_world.axf" ./utilities/fsl_assert.o ./utilities/fsl_debug_console.o  ./startup/startup_mk66f18.o  ./source/hello_world.o ./source/semihost_hardfault.o  ./drivers/fsl_clock.o ./drivers/fsl_common.o ./drivers/fsl_common_arm.o ./drivers/fsl_dspi.o ./drivers/fsl_ftfx_cache.o ./drivers/fsl_ftfx_controller.o ./drivers/fsl_ftfx_flash.o ./drivers/fsl_ftfx_flexnvm.o ./drivers/fsl_gpio.o ./drivers/fsl_i2c.o ./drivers/fsl_lpuart.o ./drivers/fsl_rtc.o ./drivers/fsl_smc.o ./drivers/fsl_uart.o  ./device/system_MK66F18.o  ./component/uart/fsl_adapter_uart.o  ./component/lists/fsl_component_generic_list.o  ./board/board.o ./board/clock_config.o ./board/pin_mux.o   
Memory region         Used Size  Region Size  %age Used
   PROGRAM_FLASH:       14568 B         2 MB      0.69%
      SRAM_UPPER:        8496 B       192 KB      4.32%
      SRAM_LOWER:          0 GB        64 KB      0.00%
        FLEX_RAM:          0 GB         4 KB      0.00%
Finished building target: frdmk66f_hello_world.axf
 
Performing post-build steps
arm-none-eabi-size "frdmk66f_hello_world.axf"; # arm-none-eabi-objcopy -v -O binary "frdmk66f_hello_world.axf" "frdmk66f_hello_world.bin" ; # checksum -p MK66FN2M0xxx18 -d "frdmk66f_hello_world.bin";
   text	   data	    bss	    dec	    hex	filename
  14552	     16	   8480	  23048	   5a08	frdmk66f_hello_world.axf
 
10:59:33 **** Incremental Build of configuration Debug for project frdmk66f_hello_world ****
make -r -j4 all 
Building file: ../source/hello_world.c
Invoking: MCU C Compiler
arm-none-eabi-gcc -std=gnu99 -D__REDLIB__ -DCPU_MK66FN2M0VMD18 -DCPU_MK66FN2M0VMD18_cm4 -DPRINTF_FLOAT_ENABLE=0 -DSCANF_FLOAT_ENABLE=0 -DPRINTF_ADVANCED_ENABLE=0 -DSCANF_ADVANCED_ENABLE=0 -DFRDM_K66F -DFREEDOM -DMCUXPRESSO_SDK -DSDK_DEBUGCONSOLE=0 -DCR_INTEGER_PRINTF -D__MCUXPRESSO -D__USE_CMSIS -DDEBUG -DSDK_OS_BAREMETAL -I"C:\Users\wuz147\Desktop\Lab1-problem4\frdmk66f_hello_world\utilities" -I"C:\Users\wuz147\Desktop\Lab1-problem4\frdmk66f_hello_world\drivers" -I"C:\Users\wuz147\Desktop\Lab1-problem4\frdmk66f_hello_world\device" -I"C:\Users\wuz147\Desktop\Lab1-problem4\frdmk66f_hello_world\component\uart" -I"C:\Users\wuz147\Desktop\Lab1-problem4\frdmk66f_hello_world\component\lists" -I"C:\Users\wuz147\Desktop\Lab1-problem4\frdmk66f_hello_world\CMSIS" -I"C:\Users\wuz147\Desktop\Lab1-problem4\frdmk66f_hello_world\board" -I"C:\Users\wuz147\Desktop\Lab1-problem4\frdmk66f_hello_world\source" -I"C:\Users\wuz147\Desktop\Lab1-problem4\frdmk66f_hello_world\utilities" -I"C:\Users\wuz147\Desktop\Lab1-problem4\frdmk66f_hello_world\drivers" -I"C:\Users\wuz147\Desktop\Lab1-problem4\frdmk66f_hello_world\device" -I"C:\Users\wuz147\Desktop\Lab1-problem4\frdmk66f_hello_world\component\uart" -I"C:\Users\wuz147\Desktop\Lab1-problem4\frdmk66f_hello_world\component\lists" -I"C:\Users\wuz147\Desktop\Lab1-problem4\frdmk66f_hello_world\CMSIS" -I"C:\Users\wuz147\Desktop\Lab1-problem4\frdmk66f_hello_world\board" -O0 -fno-common -g3 -c -ffunction-sections -fdata-sections -ffreestanding -fno-builtin -fmerge-constants -fmacro-prefix-map="../source/"= -mcpu=cortex-m4 -mfpu=fpv4-sp-d16 -mfloat-abi=hard -mthumb -D__REDLIB__ -fstack-usage -specs=redlib.specs -MMD -MP -MF"source/hello_world.d" -MT"source/hello_world.o" -MT"source/hello_world.d" -o "source/hello_world.o" "../source/hello_world.c"
Finished building: ../source/hello_world.c
 
Building target: frdmk66f_hello_world.axf
Invoking: MCU Linker
arm-none-eabi-gcc -nostdlib -Xlinker -Map="frdmk66f_hello_world.map" -Xlinker --gc-sections -Xlinker -print-memory-usage -Xlinker --sort-section=alignment -Xlinker --cref -mcpu=cortex-m4 -mfpu=fpv4-sp-d16 -mfloat-abi=hard -mthumb -T frdmk66f_hello_world_Debug.ld -o "frdmk66f_hello_world.axf" ./utilities/fsl_assert.o ./utilities/fsl_debug_console.o  ./startup/startup_mk66f18.o  ./source/hello_world.o ./source/semihost_hardfault.o  ./drivers/fsl_clock.o ./drivers/fsl_common.o ./drivers/fsl_common_arm.o ./drivers/fsl_dspi.o ./drivers/fsl_ftfx_cache.o ./drivers/fsl_ftfx_controller.o ./drivers/fsl_ftfx_flash.o ./drivers/fsl_ftfx_flexnvm.o ./drivers/fsl_gpio.o ./drivers/fsl_i2c.o ./drivers/fsl_lpuart.o ./drivers/fsl_rtc.o ./drivers/fsl_smc.o ./drivers/fsl_uart.o  ./device/system_MK66F18.o  ./component/uart/fsl_adapter_uart.o  ./component/lists/fsl_component_generic_list.o  ./board/board.o ./board/clock_config.o ./board/pin_mux.o   
Memory region         Used Size  Region Size  %age Used
   PROGRAM_FLASH:       14736 B         2 MB      0.70%
      SRAM_UPPER:        8496 B       192 KB      4.32%
      SRAM_LOWER:          0 GB        64 KB      0.00%
        FLEX_RAM:          0 GB         4 KB      0.00%
Finished building target: frdmk66f_hello_world.axf
 
Performing post-build steps
arm-none-eabi-size "frdmk66f_hello_world.axf"; # arm-none-eabi-objcopy -v -O binary "frdmk66f_hello_world.axf" "frdmk66f_hello_world.bin" ; # checksum -p MK66FN2M0xxx18 -d "frdmk66f_hello_world.bin";
   text	   data	    bss	    dec	    hex	filename
  14720	     16	   8480	  23216	   5ab0	frdmk66f_hello_world.axf
 
11:56:19 **** Incremental Build of configuration Debug for project frdmk66f_hello_world ****
make -r -j4 all 
Building file: ../source/hello_world.c
Invoking: MCU C Compiler
arm-none-eabi-gcc -std=gnu99 -D__REDLIB__ -DCPU_MK66FN2M0VMD18 -DCPU_MK66FN2M0VMD18_cm4 -DPRINTF_FLOAT_ENABLE=0 -DSCANF_FLOAT_ENABLE=0 -DPRINTF_ADVANCED_ENABLE=0 -DSCANF_ADVANCED_ENABLE=0 -DFRDM_K66F -DFREEDOM -DMCUXPRESSO_SDK -DSDK_DEBUGCONSOLE=0 -DCR_INTEGER_PRINTF -D__MCUXPRESSO -D__USE_CMSIS -DDEBUG -DSDK_OS_BAREMETAL -I"C:\Users\wuz147\Desktop\Lab1-problem4\frdmk66f_hello_world\utilities" -I"C:\Users\wuz147\Desktop\Lab1-problem4\frdmk66f_hello_world\drivers" -I"C:\Users\wuz147\Desktop\Lab1-problem4\frdmk66f_hello_world\device" -I"C:\Users\wuz147\Desktop\Lab1-problem4\frdmk66f_hello_world\component\uart" -I"C:\Users\wuz147\Desktop\Lab1-problem4\frdmk66f_hello_world\component\lists" -I"C:\Users\wuz147\Desktop\Lab1-problem4\frdmk66f_hello_world\CMSIS" -I"C:\Users\wuz147\Desktop\Lab1-problem4\frdmk66f_hello_world\board" -I"C:\Users\wuz147\Desktop\Lab1-problem4\frdmk66f_hello_world\source" -I"C:\Users\wuz147\Desktop\Lab1-problem4\frdmk66f_hello_world\utilities" -I"C:\Users\wuz147\Desktop\Lab1-problem4\frdmk66f_hello_world\drivers" -I"C:\Users\wuz147\Desktop\Lab1-problem4\frdmk66f_hello_world\device" -I"C:\Users\wuz147\Desktop\Lab1-problem4\frdmk66f_hello_world\component\uart" -I"C:\Users\wuz147\Desktop\Lab1-problem4\frdmk66f_hello_world\component\lists" -I"C:\Users\wuz147\Desktop\Lab1-problem4\frdmk66f_hello_world\CMSIS" -I"C:\Users\wuz147\Desktop\Lab1-problem4\frdmk66f_hello_world\board" -O0 -fno-common -g3 -c -ffunction-sections -fdata-sections -ffreestanding -fno-builtin -fmerge-constants -fmacro-prefix-map="../source/"= -mcpu=cortex-m4 -mfpu=fpv4-sp-d16 -mfloat-abi=hard -mthumb -D__REDLIB__ -fstack-usage -specs=redlib.specs -MMD -MP -MF"source/hello_world.d" -MT"source/hello_world.o" -MT"source/hello_world.d" -o "source/hello_world.o" "../source/hello_world.c"
../source/hello_world.c: In function 'SPI_write':
../source/hello_world.c:96:22: error: 'masterRxData' undeclared (first use in this function); did you mean 'masterTxData'?
   96 |  masterXfer.rxData = masterRxData;
      |                      ^~~~~~~~~~~~
      |                      masterTxData
../source/hello_world.c:96:22: note: each undeclared identifier is reported only once for each function it appears in
make[1]: *** [source/subdir.mk:23: source/hello_world.o] Error 1
make: *** [makefile:44: all] Error 2
"make -r -j4 all" terminated with exit code 2. Build might be incomplete.
11:57:11 **** Incremental Build of configuration Debug for project frdmk66f_hello_world ****
make -r -j4 all 
Building file: ../source/hello_world.c
Invoking: MCU C Compiler
arm-none-eabi-gcc -std=gnu99 -D__REDLIB__ -DCPU_MK66FN2M0VMD18 -DCPU_MK66FN2M0VMD18_cm4 -DPRINTF_FLOAT_ENABLE=0 -DSCANF_FLOAT_ENABLE=0 -DPRINTF_ADVANCED_ENABLE=0 -DSCANF_ADVANCED_ENABLE=0 -DFRDM_K66F -DFREEDOM -DMCUXPRESSO_SDK -DSDK_DEBUGCONSOLE=0 -DCR_INTEGER_PRINTF -D__MCUXPRESSO -D__USE_CMSIS -DDEBUG -DSDK_OS_BAREMETAL -I"C:\Users\wuz147\Desktop\Lab1-problem4\frdmk66f_hello_world\utilities" -I"C:\Users\wuz147\Desktop\Lab1-problem4\frdmk66f_hello_world\drivers" -I"C:\Users\wuz147\Desktop\Lab1-problem4\frdmk66f_hello_world\device" -I"C:\Users\wuz147\Desktop\Lab1-problem4\frdmk66f_hello_world\component\uart" -I"C:\Users\wuz147\Desktop\Lab1-problem4\frdmk66f_hello_world\component\lists" -I"C:\Users\wuz147\Desktop\Lab1-problem4\frdmk66f_hello_world\CMSIS" -I"C:\Users\wuz147\Desktop\Lab1-problem4\frdmk66f_hello_world\board" -I"C:\Users\wuz147\Desktop\Lab1-problem4\frdmk66f_hello_world\source" -I"C:\Users\wuz147\Desktop\Lab1-problem4\frdmk66f_hello_world\utilities" -I"C:\Users\wuz147\Desktop\Lab1-problem4\frdmk66f_hello_world\drivers" -I"C:\Users\wuz147\Desktop\Lab1-problem4\frdmk66f_hello_world\device" -I"C:\Users\wuz147\Desktop\Lab1-problem4\frdmk66f_hello_world\component\uart" -I"C:\Users\wuz147\Desktop\Lab1-problem4\frdmk66f_hello_world\component\lists" -I"C:\Users\wuz147\Desktop\Lab1-problem4\frdmk66f_hello_world\CMSIS" -I"C:\Users\wuz147\Desktop\Lab1-problem4\frdmk66f_hello_world\board" -O0 -fno-common -g3 -c -ffunction-sections -fdata-sections -ffreestanding -fno-builtin -fmerge-constants -fmacro-prefix-map="../source/"= -mcpu=cortex-m4 -mfpu=fpv4-sp-d16 -mfloat-abi=hard -mthumb -D__REDLIB__ -fstack-usage -specs=redlib.specs -MMD -MP -MF"source/hello_world.d" -MT"source/hello_world.o" -MT"source/hello_world.d" -o "source/hello_world.o" "../source/hello_world.c"
Finished building: ../source/hello_world.c
 
Building target: frdmk66f_hello_world.axf
Invoking: MCU Linker
arm-none-eabi-gcc -nostdlib -Xlinker -Map="frdmk66f_hello_world.map" -Xlinker --gc-sections -Xlinker -print-memory-usage -Xlinker --sort-section=alignment -Xlinker --cref -mcpu=cortex-m4 -mfpu=fpv4-sp-d16 -mfloat-abi=hard -mthumb -T frdmk66f_hello_world_Debug.ld -o "frdmk66f_hello_world.axf" ./utilities/fsl_assert.o ./utilities/fsl_debug_console.o  ./startup/startup_mk66f18.o  ./source/hello_world.o ./source/semihost_hardfault.o  ./drivers/fsl_clock.o ./drivers/fsl_common.o ./drivers/fsl_common_arm.o ./drivers/fsl_dspi.o ./drivers/fsl_ftfx_cache.o ./drivers/fsl_ftfx_controller.o ./drivers/fsl_ftfx_flash.o ./drivers/fsl_ftfx_flexnvm.o ./drivers/fsl_gpio.o ./drivers/fsl_i2c.o ./drivers/fsl_lpuart.o ./drivers/fsl_rtc.o ./drivers/fsl_smc.o ./drivers/fsl_uart.o  ./device/system_MK66F18.o  ./component/uart/fsl_adapter_uart.o  ./component/lists/fsl_component_generic_list.o  ./board/board.o ./board/clock_config.o ./board/pin_mux.o   
Memory region         Used Size  Region Size  %age Used
   PROGRAM_FLASH:       14728 B         2 MB      0.70%
      SRAM_UPPER:        8496 B       192 KB      4.32%
      SRAM_LOWER:          0 GB        64 KB      0.00%
        FLEX_RAM:          0 GB         4 KB      0.00%
Finished building target: frdmk66f_hello_world.axf
 
Performing post-build steps
arm-none-eabi-size "frdmk66f_hello_world.axf"; # arm-none-eabi-objcopy -v -O binary "frdmk66f_hello_world.axf" "frdmk66f_hello_world.bin" ; # checksum -p MK66FN2M0xxx18 -d "frdmk66f_hello_world.bin";
   text	   data	    bss	    dec	    hex	filename
  14712	     16	   8480	  23208	   5aa8	frdmk66f_hello_world.axf
 
11:59:09 **** Incremental Build of configuration Debug for project frdmk66f_hello_world ****
make -r -j4 all 
Building file: ../source/hello_world.c
Invoking: MCU C Compiler
arm-none-eabi-gcc -std=gnu99 -D__REDLIB__ -DCPU_MK66FN2M0VMD18 -DCPU_MK66FN2M0VMD18_cm4 -DPRINTF_FLOAT_ENABLE=0 -DSCANF_FLOAT_ENABLE=0 -DPRINTF_ADVANCED_ENABLE=0 -DSCANF_ADVANCED_ENABLE=0 -DFRDM_K66F -DFREEDOM -DMCUXPRESSO_SDK -DSDK_DEBUGCONSOLE=0 -DCR_INTEGER_PRINTF -D__MCUXPRESSO -D__USE_CMSIS -DDEBUG -DSDK_OS_BAREMETAL -I"C:\Users\wuz147\Desktop\Lab1-problem4\frdmk66f_hello_world\utilities" -I"C:\Users\wuz147\Desktop\Lab1-problem4\frdmk66f_hello_world\drivers" -I"C:\Users\wuz147\Desktop\Lab1-problem4\frdmk66f_hello_world\device" -I"C:\Users\wuz147\Desktop\Lab1-problem4\frdmk66f_hello_world\component\uart" -I"C:\Users\wuz147\Desktop\Lab1-problem4\frdmk66f_hello_world\component\lists" -I"C:\Users\wuz147\Desktop\Lab1-problem4\frdmk66f_hello_world\CMSIS" -I"C:\Users\wuz147\Desktop\Lab1-problem4\frdmk66f_hello_world\board" -I"C:\Users\wuz147\Desktop\Lab1-problem4\frdmk66f_hello_world\source" -I"C:\Users\wuz147\Desktop\Lab1-problem4\frdmk66f_hello_world\utilities" -I"C:\Users\wuz147\Desktop\Lab1-problem4\frdmk66f_hello_world\drivers" -I"C:\Users\wuz147\Desktop\Lab1-problem4\frdmk66f_hello_world\device" -I"C:\Users\wuz147\Desktop\Lab1-problem4\frdmk66f_hello_world\component\uart" -I"C:\Users\wuz147\Desktop\Lab1-problem4\frdmk66f_hello_world\component\lists" -I"C:\Users\wuz147\Desktop\Lab1-problem4\frdmk66f_hello_world\CMSIS" -I"C:\Users\wuz147\Desktop\Lab1-problem4\frdmk66f_hello_world\board" -O0 -fno-common -g3 -c -ffunction-sections -fdata-sections -ffreestanding -fno-builtin -fmerge-constants -fmacro-prefix-map="../source/"= -mcpu=cortex-m4 -mfpu=fpv4-sp-d16 -mfloat-abi=hard -mthumb -D__REDLIB__ -fstack-usage -specs=redlib.specs -MMD -MP -MF"source/hello_world.d" -MT"source/hello_world.o" -MT"source/hello_world.d" -o "source/hello_world.o" "../source/hello_world.c"
Finished building: ../source/hello_world.c
 
Building target: frdmk66f_hello_world.axf
Invoking: MCU Linker
arm-none-eabi-gcc -nostdlib -Xlinker -Map="frdmk66f_hello_world.map" -Xlinker --gc-sections -Xlinker -print-memory-usage -Xlinker --sort-section=alignment -Xlinker --cref -mcpu=cortex-m4 -mfpu=fpv4-sp-d16 -mfloat-abi=hard -mthumb -T frdmk66f_hello_world_Debug.ld -o "frdmk66f_hello_world.axf" ./utilities/fsl_assert.o ./utilities/fsl_debug_console.o  ./startup/startup_mk66f18.o  ./source/hello_world.o ./source/semihost_hardfault.o  ./drivers/fsl_clock.o ./drivers/fsl_common.o ./drivers/fsl_common_arm.o ./drivers/fsl_dspi.o ./drivers/fsl_ftfx_cache.o ./drivers/fsl_ftfx_controller.o ./drivers/fsl_ftfx_flash.o ./drivers/fsl_ftfx_flexnvm.o ./drivers/fsl_gpio.o ./drivers/fsl_i2c.o ./drivers/fsl_lpuart.o ./drivers/fsl_rtc.o ./drivers/fsl_smc.o ./drivers/fsl_uart.o  ./device/system_MK66F18.o  ./component/uart/fsl_adapter_uart.o  ./component/lists/fsl_component_generic_list.o  ./board/board.o ./board/clock_config.o ./board/pin_mux.o   
Memory region         Used Size  Region Size  %age Used
   PROGRAM_FLASH:       14728 B         2 MB      0.70%
      SRAM_UPPER:        8496 B       192 KB      4.32%
      SRAM_LOWER:          0 GB        64 KB      0.00%
        FLEX_RAM:          0 GB         4 KB      0.00%
Finished building target: frdmk66f_hello_world.axf
 
Performing post-build steps
arm-none-eabi-size "frdmk66f_hello_world.axf"; # arm-none-eabi-objcopy -v -O binary "frdmk66f_hello_world.axf" "frdmk66f_hello_world.bin" ; # checksum -p MK66FN2M0xxx18 -d "frdmk66f_hello_world.bin";
   text	   data	    bss	    dec	    hex	filename
  14712	     16	   8480	  23208	   5aa8	frdmk66f_hello_world.axf
 
12:00:29 **** Incremental Build of configuration Debug for project frdmk66f_hello_world ****
make -r -j4 all 
Building file: ../source/hello_world.c
Invoking: MCU C Compiler
arm-none-eabi-gcc -std=gnu99 -D__REDLIB__ -DCPU_MK66FN2M0VMD18 -DCPU_MK66FN2M0VMD18_cm4 -DPRINTF_FLOAT_ENABLE=0 -DSCANF_FLOAT_ENABLE=0 -DPRINTF_ADVANCED_ENABLE=0 -DSCANF_ADVANCED_ENABLE=0 -DFRDM_K66F -DFREEDOM -DMCUXPRESSO_SDK -DSDK_DEBUGCONSOLE=0 -DCR_INTEGER_PRINTF -D__MCUXPRESSO -D__USE_CMSIS -DDEBUG -DSDK_OS_BAREMETAL -I"C:\Users\wuz147\Desktop\Lab1-problem4\frdmk66f_hello_world\utilities" -I"C:\Users\wuz147\Desktop\Lab1-problem4\frdmk66f_hello_world\drivers" -I"C:\Users\wuz147\Desktop\Lab1-problem4\frdmk66f_hello_world\device" -I"C:\Users\wuz147\Desktop\Lab1-problem4\frdmk66f_hello_world\component\uart" -I"C:\Users\wuz147\Desktop\Lab1-problem4\frdmk66f_hello_world\component\lists" -I"C:\Users\wuz147\Desktop\Lab1-problem4\frdmk66f_hello_world\CMSIS" -I"C:\Users\wuz147\Desktop\Lab1-problem4\frdmk66f_hello_world\board" -I"C:\Users\wuz147\Desktop\Lab1-problem4\frdmk66f_hello_world\source" -I"C:\Users\wuz147\Desktop\Lab1-problem4\frdmk66f_hello_world\utilities" -I"C:\Users\wuz147\Desktop\Lab1-problem4\frdmk66f_hello_world\drivers" -I"C:\Users\wuz147\Desktop\Lab1-problem4\frdmk66f_hello_world\device" -I"C:\Users\wuz147\Desktop\Lab1-problem4\frdmk66f_hello_world\component\uart" -I"C:\Users\wuz147\Desktop\Lab1-problem4\frdmk66f_hello_world\component\lists" -I"C:\Users\wuz147\Desktop\Lab1-problem4\frdmk66f_hello_world\CMSIS" -I"C:\Users\wuz147\Desktop\Lab1-problem4\frdmk66f_hello_world\board" -O0 -fno-common -g3 -c -ffunction-sections -fdata-sections -ffreestanding -fno-builtin -fmerge-constants -fmacro-prefix-map="../source/"= -mcpu=cortex-m4 -mfpu=fpv4-sp-d16 -mfloat-abi=hard -mthumb -D__REDLIB__ -fstack-usage -specs=redlib.specs -MMD -MP -MF"source/hello_world.d" -MT"source/hello_world.o" -MT"source/hello_world.d" -o "source/hello_world.o" "../source/hello_world.c"
Finished building: ../source/hello_world.c
 
Building target: frdmk66f_hello_world.axf
Invoking: MCU Linker
arm-none-eabi-gcc -nostdlib -Xlinker -Map="frdmk66f_hello_world.map" -Xlinker --gc-sections -Xlinker -print-memory-usage -Xlinker --sort-section=alignment -Xlinker --cref -mcpu=cortex-m4 -mfpu=fpv4-sp-d16 -mfloat-abi=hard -mthumb -T frdmk66f_hello_world_Debug.ld -o "frdmk66f_hello_world.axf" ./utilities/fsl_assert.o ./utilities/fsl_debug_console.o  ./startup/startup_mk66f18.o  ./source/hello_world.o ./source/semihost_hardfault.o  ./drivers/fsl_clock.o ./drivers/fsl_common.o ./drivers/fsl_common_arm.o ./drivers/fsl_dspi.o ./drivers/fsl_ftfx_cache.o ./drivers/fsl_ftfx_controller.o ./drivers/fsl_ftfx_flash.o ./drivers/fsl_ftfx_flexnvm.o ./drivers/fsl_gpio.o ./drivers/fsl_i2c.o ./drivers/fsl_lpuart.o ./drivers/fsl_rtc.o ./drivers/fsl_smc.o ./drivers/fsl_uart.o  ./device/system_MK66F18.o  ./component/uart/fsl_adapter_uart.o  ./component/lists/fsl_component_generic_list.o  ./board/board.o ./board/clock_config.o ./board/pin_mux.o   
Memory region         Used Size  Region Size  %age Used
   PROGRAM_FLASH:       14728 B         2 MB      0.70%
      SRAM_UPPER:        8496 B       192 KB      4.32%
      SRAM_LOWER:          0 GB        64 KB      0.00%
        FLEX_RAM:          0 GB         4 KB      0.00%
Finished building target: frdmk66f_hello_world.axf
 
Performing post-build steps
arm-none-eabi-size "frdmk66f_hello_world.axf"; # arm-none-eabi-objcopy -v -O binary "frdmk66f_hello_world.axf" "frdmk66f_hello_world.bin" ; # checksum -p MK66FN2M0xxx18 -d "frdmk66f_hello_world.bin";
   text	   data	    bss	    dec	    hex	filename
  14712	     16	   8480	  23208	   5aa8	frdmk66f_hello_world.axf
 
12:01:01 **** Incremental Build of configuration Debug for project frdmk66f_hello_world ****
make -r -j4 all 
Building file: ../source/hello_world.c
Invoking: MCU C Compiler
arm-none-eabi-gcc -std=gnu99 -D__REDLIB__ -DCPU_MK66FN2M0VMD18 -DCPU_MK66FN2M0VMD18_cm4 -DPRINTF_FLOAT_ENABLE=0 -DSCANF_FLOAT_ENABLE=0 -DPRINTF_ADVANCED_ENABLE=0 -DSCANF_ADVANCED_ENABLE=0 -DFRDM_K66F -DFREEDOM -DMCUXPRESSO_SDK -DSDK_DEBUGCONSOLE=0 -DCR_INTEGER_PRINTF -D__MCUXPRESSO -D__USE_CMSIS -DDEBUG -DSDK_OS_BAREMETAL -I"C:\Users\wuz147\Desktop\Lab1-problem4\frdmk66f_hello_world\utilities" -I"C:\Users\wuz147\Desktop\Lab1-problem4\frdmk66f_hello_world\drivers" -I"C:\Users\wuz147\Desktop\Lab1-problem4\frdmk66f_hello_world\device" -I"C:\Users\wuz147\Desktop\Lab1-problem4\frdmk66f_hello_world\component\uart" -I"C:\Users\wuz147\Desktop\Lab1-problem4\frdmk66f_hello_world\component\lists" -I"C:\Users\wuz147\Desktop\Lab1-problem4\frdmk66f_hello_world\CMSIS" -I"C:\Users\wuz147\Desktop\Lab1-problem4\frdmk66f_hello_world\board" -I"C:\Users\wuz147\Desktop\Lab1-problem4\frdmk66f_hello_world\source" -I"C:\Users\wuz147\Desktop\Lab1-problem4\frdmk66f_hello_world\utilities" -I"C:\Users\wuz147\Desktop\Lab1-problem4\frdmk66f_hello_world\drivers" -I"C:\Users\wuz147\Desktop\Lab1-problem4\frdmk66f_hello_world\device" -I"C:\Users\wuz147\Desktop\Lab1-problem4\frdmk66f_hello_world\component\uart" -I"C:\Users\wuz147\Desktop\Lab1-problem4\frdmk66f_hello_world\component\lists" -I"C:\Users\wuz147\Desktop\Lab1-problem4\frdmk66f_hello_world\CMSIS" -I"C:\Users\wuz147\Desktop\Lab1-problem4\frdmk66f_hello_world\board" -O0 -fno-common -g3 -c -ffunction-sections -fdata-sections -ffreestanding -fno-builtin -fmerge-constants -fmacro-prefix-map="../source/"= -mcpu=cortex-m4 -mfpu=fpv4-sp-d16 -mfloat-abi=hard -mthumb -D__REDLIB__ -fstack-usage -specs=redlib.specs -MMD -MP -MF"source/hello_world.d" -MT"source/hello_world.o" -MT"source/hello_world.d" -o "source/hello_world.o" "../source/hello_world.c"
Finished building: ../source/hello_world.c
 
Building target: frdmk66f_hello_world.axf
Invoking: MCU Linker
arm-none-eabi-gcc -nostdlib -Xlinker -Map="frdmk66f_hello_world.map" -Xlinker --gc-sections -Xlinker -print-memory-usage -Xlinker --sort-section=alignment -Xlinker --cref -mcpu=cortex-m4 -mfpu=fpv4-sp-d16 -mfloat-abi=hard -mthumb -T frdmk66f_hello_world_Debug.ld -o "frdmk66f_hello_world.axf" ./utilities/fsl_assert.o ./utilities/fsl_debug_console.o  ./startup/startup_mk66f18.o  ./source/hello_world.o ./source/semihost_hardfault.o  ./drivers/fsl_clock.o ./drivers/fsl_common.o ./drivers/fsl_common_arm.o ./drivers/fsl_dspi.o ./drivers/fsl_ftfx_cache.o ./drivers/fsl_ftfx_controller.o ./drivers/fsl_ftfx_flash.o ./drivers/fsl_ftfx_flexnvm.o ./drivers/fsl_gpio.o ./drivers/fsl_i2c.o ./drivers/fsl_lpuart.o ./drivers/fsl_rtc.o ./drivers/fsl_smc.o ./drivers/fsl_uart.o  ./device/system_MK66F18.o  ./component/uart/fsl_adapter_uart.o  ./component/lists/fsl_component_generic_list.o  ./board/board.o ./board/clock_config.o ./board/pin_mux.o   
Memory region         Used Size  Region Size  %age Used
   PROGRAM_FLASH:       14728 B         2 MB      0.70%
[...]
Finished building: ../board/board.c
Finished building: ../component/lists/fsl_component_generic_list.c
 
 
Finished building: ../board/clock_config.c
 
Finished building: ../board/pin_mux.c
 
Building target: frdmk66f_hello_world.axf
Invoking: MCU Linker
arm-none-eabi-gcc -nostdlib -Xlinker -Map="frdmk66f_hello_world.map" -Xlinker --gc-sections -Xlinker -print-memory-usage -Xlinker --sort-section=alignment -Xlinker --cref -mcpu=cortex-m4 -mfpu=fpv4-sp-d16 -mfloat-abi=hard -mthumb -T frdmk66f_hello_world_Debug.ld -o "frdmk66f_hello_world.axf" ./utilities/fsl_assert.o ./utilities/fsl_debug_console.o  ./startup/startup_mk66f18.o  ./source/hello_world.o ./source/semihost_hardfault.o  ./drivers/fsl_clock.o ./drivers/fsl_common.o ./drivers/fsl_common_arm.o ./drivers/fsl_dspi.o ./drivers/fsl_ftfx_cache.o ./drivers/fsl_ftfx_controller.o ./drivers/fsl_ftfx_flash.o ./drivers/fsl_ftfx_flexnvm.o ./drivers/fsl_gpio.o ./drivers/fsl_i2c.o ./drivers/fsl_lpuart.o ./drivers/fsl_rtc.o ./drivers/fsl_smc.o ./drivers/fsl_uart.o  ./device/system_MK66F18.o  ./component/uart/fsl_adapter_uart.o  ./component/lists/fsl_component_generic_list.o  ./board/board.o ./board/clock_config.o ./board/pin_mux.o   
Memory region         Used Size  Region Size  %age Used
   PROGRAM_FLASH:       14736 B         2 MB      0.70%
      SRAM_UPPER:        8496 B       192 KB      4.32%
      SRAM_LOWER:          0 GB        64 KB      0.00%
        FLEX_RAM:          0 GB         4 KB      0.00%
Finished building target: frdmk66f_hello_world.axf
 
Performing post-build steps
arm-none-eabi-size "frdmk66f_hello_world.axf"; # arm-none-eabi-objcopy -v -O binary "frdmk66f_hello_world.axf" "frdmk66f_hello_world.bin" ; # checksum -p MK66FN2M0xxx18 -d "frdmk66f_hello_world.bin";
   text	   data	    bss	    dec	    hex	filename
  14720	     16	   8480	  23216	   5ab0	frdmk66f_hello_world.axf
 
17:36:50 **** Incremental Build of configuration Debug for project frdmk66f_hello_world ****
make -r -j4 all 
Building file: ../source/hello_world.c
Invoking: MCU C Compiler
arm-none-eabi-gcc -std=gnu99 -D__REDLIB__ -DCPU_MK66FN2M0VMD18 -DCPU_MK66FN2M0VMD18_cm4 -DPRINTF_FLOAT_ENABLE=0 -DSCANF_FLOAT_ENABLE=0 -DPRINTF_ADVANCED_ENABLE=0 -DSCANF_ADVANCED_ENABLE=0 -DFRDM_K66F -DFREEDOM -DMCUXPRESSO_SDK -DSDK_DEBUGCONSOLE=0 -DCR_INTEGER_PRINTF -D__MCUXPRESSO -D__USE_CMSIS -DDEBUG -DSDK_OS_BAREMETAL -I"C:\Users\wuz147\Desktop\Lab1-problem4\frdmk66f_hello_world\utilities" -I"C:\Users\wuz147\Desktop\Lab1-problem4\frdmk66f_hello_world\drivers" -I"C:\Users\wuz147\Desktop\Lab1-problem4\frdmk66f_hello_world\device" -I"C:\Users\wuz147\Desktop\Lab1-problem4\frdmk66f_hello_world\component\uart" -I"C:\Users\wuz147\Desktop\Lab1-problem4\frdmk66f_hello_world\component\lists" -I"C:\Users\wuz147\Desktop\Lab1-problem4\frdmk66f_hello_world\CMSIS" -I"C:\Users\wuz147\Desktop\Lab1-problem4\frdmk66f_hello_world\board" -I"C:\Users\wuz147\Desktop\Lab1-problem4\frdmk66f_hello_world\source" -I"C:\Users\wuz147\Desktop\Lab1-problem4\frdmk66f_hello_world\utilities" -I"C:\Users\wuz147\Desktop\Lab1-problem4\frdmk66f_hello_world\drivers" -I"C:\Users\wuz147\Desktop\Lab1-problem4\frdmk66f_hello_world\device" -I"C:\Users\wuz147\Desktop\Lab1-problem4\frdmk66f_hello_world\component\uart" -I"C:\Users\wuz147\Desktop\Lab1-problem4\frdmk66f_hello_world\component\lists" -I"C:\Users\wuz147\Desktop\Lab1-problem4\frdmk66f_hello_world\CMSIS" -I"C:\Users\wuz147\Desktop\Lab1-problem4\frdmk66f_hello_world\board" -O0 -fno-common -g3 -c -ffunction-sections -fdata-sections -ffreestanding -fno-builtin -fmerge-constants -fmacro-prefix-map="../source/"= -mcpu=cortex-m4 -mfpu=fpv4-sp-d16 -mfloat-abi=hard -mthumb -D__REDLIB__ -fstack-usage -specs=redlib.specs -MMD -MP -MF"source/hello_world.d" -MT"source/hello_world.o" -MT"source/hello_world.d" -o "source/hello_world.o" "../source/hello_world.c"
../source/hello_world.c: In function 'main':
../source/hello_world.c:135:23: error: expected declaration specifiers or '...' before numeric constant
  135 |     status_t SPI_read(0x18, &byte, 1);
      |                       ^~~~
../source/hello_world.c:135:29: error: expected declaration specifiers or '...' before '&' token
  135 |     status_t SPI_read(0x18, &byte, 1);
      |                             ^
../source/hello_world.c:135:36: error: expected declaration specifiers or '...' before numeric constant
  135 |     status_t SPI_read(0x18, &byte, 1);
      |                                    ^
make[1]: *** [source/subdir.mk:23: source/hello_world.o] Error 1
make: *** [makefile:44: all] Error 2
"make -r -j4 all" terminated with exit code 2. Build might be incomplete.
17:37:22 **** Incremental Build of configuration Debug for project frdmk66f_hello_world ****
make -r -j4 all 
Building file: ../source/hello_world.c
Invoking: MCU C Compiler
arm-none-eabi-gcc -std=gnu99 -D__REDLIB__ -DCPU_MK66FN2M0VMD18 -DCPU_MK66FN2M0VMD18_cm4 -DPRINTF_FLOAT_ENABLE=0 -DSCANF_FLOAT_ENABLE=0 -DPRINTF_ADVANCED_ENABLE=0 -DSCANF_ADVANCED_ENABLE=0 -DFRDM_K66F -DFREEDOM -DMCUXPRESSO_SDK -DSDK_DEBUGCONSOLE=0 -DCR_INTEGER_PRINTF -D__MCUXPRESSO -D__USE_CMSIS -DDEBUG -DSDK_OS_BAREMETAL -I"C:\Users\wuz147\Desktop\Lab1-problem4\frdmk66f_hello_world\utilities" -I"C:\Users\wuz147\Desktop\Lab1-problem4\frdmk66f_hello_world\drivers" -I"C:\Users\wuz147\Desktop\Lab1-problem4\frdmk66f_hello_world\device" -I"C:\Users\wuz147\Desktop\Lab1-problem4\frdmk66f_hello_world\component\uart" -I"C:\Users\wuz147\Desktop\Lab1-problem4\frdmk66f_hello_world\component\lists" -I"C:\Users\wuz147\Desktop\Lab1-problem4\frdmk66f_hello_world\CMSIS" -I"C:\Users\wuz147\Desktop\Lab1-problem4\frdmk66f_hello_world\board" -I"C:\Users\wuz147\Desktop\Lab1-problem4\frdmk66f_hello_world\source" -I"C:\Users\wuz147\Desktop\Lab1-problem4\frdmk66f_hello_world\utilities" -I"C:\Users\wuz147\Desktop\Lab1-problem4\frdmk66f_hello_world\drivers" -I"C:\Users\wuz147\Desktop\Lab1-problem4\frdmk66f_hello_world\device" -I"C:\Users\wuz147\Desktop\Lab1-problem4\frdmk66f_hello_world\component\uart" -I"C:\Users\wuz147\Desktop\Lab1-problem4\frdmk66f_hello_world\component\lists" -I"C:\Users\wuz147\Desktop\Lab1-problem4\frdmk66f_hello_world\CMSIS" -I"C:\Users\wuz147\Desktop\Lab1-problem4\frdmk66f_hello_world\board" -O0 -fno-common -g3 -c -ffunction-sections -fdata-sections -ffreestanding -fno-builtin -fmerge-constants -fmacro-prefix-map="../source/"= -mcpu=cortex-m4 -mfpu=fpv4-sp-d16 -mfloat-abi=hard -mthumb -D__REDLIB__ -fstack-usage -specs=redlib.specs -MMD -MP -MF"source/hello_world.d" -MT"source/hello_world.o" -MT"source/hello_world.d" -o "source/hello_world.o" "../source/hello_world.c"
Finished building: ../source/hello_world.c
 
Building target: frdmk66f_hello_world.axf
Invoking: MCU Linker
arm-none-eabi-gcc -nostdlib -Xlinker -Map="frdmk66f_hello_world.map" -Xlinker --gc-sections -Xlinker -print-memory-usage -Xlinker --sort-section=alignment -Xlinker --cref -mcpu=cortex-m4 -mfpu=fpv4-sp-d16 -mfloat-abi=hard -mthumb -T frdmk66f_hello_world_Debug.ld -o "frdmk66f_hello_world.axf" ./utilities/fsl_assert.o ./utilities/fsl_debug_console.o  ./startup/startup_mk66f18.o  ./source/hello_world.o ./source/semihost_hardfault.o  ./drivers/fsl_clock.o ./drivers/fsl_common.o ./drivers/fsl_common_arm.o ./drivers/fsl_dspi.o ./drivers/fsl_ftfx_cache.o ./drivers/fsl_ftfx_controller.o ./drivers/fsl_ftfx_flash.o ./drivers/fsl_ftfx_flexnvm.o ./drivers/fsl_gpio.o ./drivers/fsl_i2c.o ./drivers/fsl_lpuart.o ./drivers/fsl_rtc.o ./drivers/fsl_smc.o ./drivers/fsl_uart.o  ./device/system_MK66F18.o  ./component/uart/fsl_adapter_uart.o  ./component/lists/fsl_component_generic_list.o  ./board/board.o ./board/clock_config.o ./board/pin_mux.o   
Memory region         Used Size  Region Size  %age Used
   PROGRAM_FLASH:       14744 B         2 MB      0.70%
      SRAM_UPPER:        8496 B       192 KB      4.32%
      SRAM_LOWER:          0 GB        64 KB      0.00%
        FLEX_RAM:          0 GB         4 KB      0.00%
Finished building target: frdmk66f_hello_world.axf
 
Performing post-build steps
arm-none-eabi-size "frdmk66f_hello_world.axf"; # arm-none-eabi-objcopy -v -O binary "frdmk66f_hello_world.axf" "frdmk66f_hello_world.bin" ; # checksum -p MK66FN2M0xxx18 -d "frdmk66f_hello_world.bin";
   text	   data	    bss	    dec	    hex	filename
  14728	     16	   8480	  23224	   5ab8	frdmk66f_hello_world.axf
 
17:39:21 **** Incremental Build of configuration Debug for project frdmk66f_hello_world ****
make -r -j4 all 
Building file: ../source/hello_world.c
Invoking: MCU C Compiler
arm-none-eabi-gcc -std=gnu99 -D__REDLIB__ -DCPU_MK66FN2M0VMD18 -DCPU_MK66FN2M0VMD18_cm4 -DPRINTF_FLOAT_ENABLE=0 -DSCANF_FLOAT_ENABLE=0 -DPRINTF_ADVANCED_ENABLE=0 -DSCANF_ADVANCED_ENABLE=0 -DFRDM_K66F -DFREEDOM -DMCUXPRESSO_SDK -DSDK_DEBUGCONSOLE=0 -DCR_INTEGER_PRINTF -D__MCUXPRESSO -D__USE_CMSIS -DDEBUG -DSDK_OS_BAREMETAL -I"C:\Users\wuz147\Desktop\Lab1-problem4\frdmk66f_hello_world\utilities" -I"C:\Users\wuz147\Desktop\Lab1-problem4\frdmk66f_hello_world\drivers" -I"C:\Users\wuz147\Desktop\Lab1-problem4\frdmk66f_hello_world\device" -I"C:\Users\wuz147\Desktop\Lab1-problem4\frdmk66f_hello_world\component\uart" -I"C:\Users\wuz147\Desktop\Lab1-problem4\frdmk66f_hello_world\component\lists" -I"C:\Users\wuz147\Desktop\Lab1-problem4\frdmk66f_hello_world\CMSIS" -I"C:\Users\wuz147\Desktop\Lab1-problem4\frdmk66f_hello_world\board" -I"C:\Users\wuz147\Desktop\Lab1-problem4\frdmk66f_hello_world\source" -I"C:\Users\wuz147\Desktop\Lab1-problem4\frdmk66f_hello_world\utilities" -I"C:\Users\wuz147\Desktop\Lab1-problem4\frdmk66f_hello_world\drivers" -I"C:\Users\wuz147\Desktop\Lab1-problem4\frdmk66f_hello_world\device" -I"C:\Users\wuz147\Desktop\Lab1-problem4\frdmk66f_hello_world\component\uart" -I"C:\Users\wuz147\Desktop\Lab1-problem4\frdmk66f_hello_world\component\lists" -I"C:\Users\wuz147\Desktop\Lab1-problem4\frdmk66f_hello_world\CMSIS" -I"C:\Users\wuz147\Desktop\Lab1-problem4\frdmk66f_hello_world\board" -O0 -fno-common -g3 -c -ffunction-sections -fdata-sections -ffreestanding -fno-builtin -fmerge-constants -fmacro-prefix-map="../source/"= -mcpu=cortex-m4 -mfpu=fpv4-sp-d16 -mfloat-abi=hard -mthumb -D__REDLIB__ -fstack-usage -specs=redlib.specs -MMD -MP -MF"source/hello_world.d" -MT"source/hello_world.o" -MT"source/hello_world.d" -o "source/hello_world.o" "../source/hello_world.c"
Finished building: ../source/hello_world.c
 
Building target: frdmk66f_hello_world.axf
Invoking: MCU Linker
arm-none-eabi-gcc -nostdlib -Xlinker -Map="frdmk66f_hello_world.map" -Xlinker --gc-sections -Xlinker -print-memory-usage -Xlinker --sort-section=alignment -Xlinker --cref -mcpu=cortex-m4 -mfpu=fpv4-sp-d16 -mfloat-abi=hard -mthumb -T frdmk66f_hello_world_Debug.ld -o "frdmk66f_hello_world.axf" ./utilities/fsl_assert.o ./utilities/fsl_debug_console.o  ./startup/startup_mk66f18.o  ./source/hello_world.o ./source/semihost_hardfault.o  ./drivers/fsl_clock.o ./drivers/fsl_common.o ./drivers/fsl_common_arm.o ./drivers/fsl_dspi.o ./drivers/fsl_ftfx_cache.o ./drivers/fsl_ftfx_controller.o ./drivers/fsl_ftfx_flash.o ./drivers/fsl_ftfx_flexnvm.o ./drivers/fsl_gpio.o ./drivers/fsl_i2c.o ./drivers/fsl_lpuart.o ./drivers/fsl_rtc.o ./drivers/fsl_smc.o ./drivers/fsl_uart.o  ./device/system_MK66F18.o  ./component/uart/fsl_adapter_uart.o  ./component/lists/fsl_component_generic_list.o  ./board/board.o ./board/clock_config.o ./board/pin_mux.o   
Memory region         Used Size  Region Size  %age Used
   PROGRAM_FLASH:       14744 B         2 MB      0.70%
      SRAM_UPPER:        8496 B       192 KB      4.32%
      SRAM_LOWER:          0 GB        64 KB      0.00%
        FLEX_RAM:          0 GB         4 KB      0.00%
Finished building target: frdmk66f_hello_world.axf
 
Performing post-build steps
arm-none-eabi-size "frdmk66f_hello_world.axf"; # arm-none-eabi-objcopy -v -O binary "frdmk66f_hello_world.axf" "frdmk66f_hello_world.bin" ; # checksum -p MK66FN2M0xxx18 -d "frdmk66f_hello_world.bin";
   text	   data	    bss	    dec	    hex	filename
  14728	     16	   8480	  23224	   5ab8	frdmk66f_hello_world.axf
 
17:39:50 **** Incremental Build of configuration Debug for project frdmk66f_hello_world ****
make -r -j4 all 
Building file: ../source/hello_world.c
Invoking: MCU C Compiler
arm-none-eabi-gcc -std=gnu99 -D__REDLIB__ -DCPU_MK66FN2M0VMD18 -DCPU_MK66FN2M0VMD18_cm4 -DPRINTF_FLOAT_ENABLE=0 -DSCANF_FLOAT_ENABLE=0 -DPRINTF_ADVANCED_ENABLE=0 -DSCANF_ADVANCED_ENABLE=0 -DFRDM_K66F -DFREEDOM -DMCUXPRESSO_SDK -DSDK_DEBUGCONSOLE=0 -DCR_INTEGER_PRINTF -D__MCUXPRESSO -D__USE_CMSIS -DDEBUG -DSDK_OS_BAREMETAL -I"C:\Users\wuz147\Desktop\Lab1-problem4\frdmk66f_hello_world\utilities" -I"C:\Users\wuz147\Desktop\Lab1-problem4\frdmk66f_hello_world\drivers" -I"C:\Users\wuz147\Desktop\Lab1-problem4\frdmk66f_hello_world\device" -I"C:\Users\wuz147\Desktop\Lab1-problem4\frdmk66f_hello_world\component\uart" -I"C:\Users\wuz147\Desktop\Lab1-problem4\frdmk66f_hello_world\component\lists" -I"C:\Users\wuz147\Desktop\Lab1-problem4\frdmk66f_hello_world\CMSIS" -I"C:\Users\wuz147\Desktop\Lab1-problem4\frdmk66f_hello_world\board" -I"C:\Users\wuz147\Desktop\Lab1-problem4\frdmk66f_hello_world\source" -I"C:\Users\wuz147\Desktop\Lab1-problem4\frdmk66f_hello_world\utilities" -I"C:\Users\wuz147\Desktop\Lab1-problem4\frdmk66f_hello_world\drivers" -I"C:\Users\wuz147\Desktop\Lab1-problem4\frdmk66f_hello_world\device" -I"C:\Users\wuz147\Desktop\Lab1-problem4\frdmk66f_hello_world\component\uart" -I"C:\Users\wuz147\Desktop\Lab1-problem4\frdmk66f_hello_world\component\lists" -I"C:\Users\wuz147\Desktop\Lab1-problem4\frdmk66f_hello_world\CMSIS" -I"C:\Users\wuz147\Desktop\Lab1-problem4\frdmk66f_hello_world\board" -O0 -fno-common -g3 -c -ffunction-sections -fdata-sections -ffreestanding -fno-builtin -fmerge-constants -fmacro-prefix-map="../source/"= -mcpu=cortex-m4 -mfpu=fpv4-sp-d16 -mfloat-abi=hard -mthumb -D__REDLIB__ -fstack-usage -specs=redlib.specs -MMD -MP -MF"source/hello_world.d" -MT"source/hello_world.o" -MT"source/hello_world.d" -o "source/hello_world.o" "../source/hello_world.c"
Finished building: ../source/hello_world.c
 
Building target: frdmk66f_hello_world.axf
Invoking: MCU Linker
arm-none-eabi-gcc -nostdlib -Xlinker -Map="frdmk66f_hello_world.map" -Xlinker --gc-sections -Xlinker -print-memory-usage -Xlinker --sort-section=alignment -Xlinker --cref -mcpu=cortex-m4 -mfpu=fpv4-sp-d16 -mfloat-abi=hard -mthumb -T frdmk66f_hello_world_Debug.ld -o "frdmk66f_hello_world.axf" ./utilities/fsl_assert.o ./utilities/fsl_debug_console.o  ./startup/startup_mk66f18.o  ./source/hello_world.o ./source/semihost_hardfault.o  ./drivers/fsl_clock.o ./drivers/fsl_common.o ./drivers/fsl_common_arm.o ./drivers/fsl_dspi.o ./drivers/fsl_ftfx_cache.o ./drivers/fsl_ftfx_controller.o ./drivers/fsl_ftfx_flash.o ./drivers/fsl_ftfx_flexnvm.o ./drivers/fsl_gpio.o ./drivers/fsl_i2c.o ./drivers/fsl_lpuart.o ./drivers/fsl_rtc.o ./drivers/fsl_smc.o ./drivers/fsl_uart.o  ./device/system_MK66F18.o  ./component/uart/fsl_adapter_uart.o  ./component/lists/fsl_component_generic_list.o  ./board/board.o ./board/clock_config.o ./board/pin_mux.o   
Memory region         Used Size  Region Size  %age Used
   PROGRAM_FLASH:       14744 B         2 MB      0.70%
      SRAM_UPPER:        8496 B       192 KB      4.32%
      SRAM_LOWER:          0 GB        64 KB      0.00%
        FLEX_RAM:          0 GB         4 KB      0.00%
Finished building target: frdmk66f_hello_world.axf
 
Performing post-build steps
arm-none-eabi-size "frdmk66f_hello_world.axf"; # arm-none-eabi-objcopy -v -O binary "frdmk66f_hello_world.axf" "frdmk66f_hello_world.bin" ; # checksum -p MK66FN2M0xxx18 -d "frdmk66f_hello_world.bin";
   text	   data	    bss	    dec	    hex	filename
  14728	     16	   8480	  23224	   5ab8	frdmk66f_hello_world.axf
 
17:58:44 **** Incremental Build of configuration Debug for project frdmk66f_hello_world ****
make -r -j4 all 
Building file: ../source/hello_world.c
Invoking: MCU C Compiler
arm-none-eabi-gcc -std=gnu99 -D__REDLIB__ -DCPU_MK66FN2M0VMD18 -DCPU_MK66FN2M0VMD18_cm4 -DPRINTF_FLOAT_ENABLE=0 -DSCANF_FLOAT_ENABLE=0 -DPRINTF_ADVANCED_ENABLE=0 -DSCANF_ADVANCED_ENABLE=0 -DFRDM_K66F -DFREEDOM -DMCUXPRESSO_SDK -DSDK_DEBUGCONSOLE=0 -DCR_INTEGER_PRINTF -D__MCUXPRESSO -D__USE_CMSIS -DDEBUG -DSDK_OS_BAREMETAL -I"C:\Users\wuz147\Desktop\Lab1-problem4\frdmk66f_hello_world\utilities" -I"C:\Users\wuz147\Desktop\Lab1-problem4\frdmk66f_hello_world\drivers" -I"C:\Users\wuz147\Desktop\Lab1-problem4\frdmk66f_hello_world\device" -I"C:\Users\wuz147\Desktop\Lab1-problem4\frdmk66f_hello_world\component\uart" -I"C:\Users\wuz147\Desktop\Lab1-problem4\frdmk66f_hello_world\component\lists" -I"C:\Users\wuz147\Desktop\Lab1-problem4\frdmk66f_hello_world\CMSIS" -I"C:\Users\wuz147\Desktop\Lab1-problem4\frdmk66f_hello_world\board" -I"C:\Users\wuz147\Desktop\Lab1-problem4\frdmk66f_hello_world\source" -I"C:\Users\wuz147\Desktop\Lab1-problem4\frdmk66f_hello_world\utilities" -I"C:\Users\wuz147\Desktop\Lab1-problem4\frdmk66f_hello_world\drivers" -I"C:\Users\wuz147\Desktop\Lab1-problem4\frdmk66f_hello_world\device" -I"C:\Users\wuz147\Desktop\Lab1-problem4\frdmk66f_hello_world\component\uart" -I"C:\Users\wuz147\Desktop\Lab1-problem4\frdmk66f_hello_world\component\lists" -I"C:\Users\wuz147\Desktop\Lab1-problem4\frdmk66f_hello_world\CMSIS" -I"C:\Users\wuz147\Desktop\Lab1-problem4\frdmk66f_hello_world\board" -O0 -fno-common -g3 -c -ffunction-sections -fdata-sections -ffreestanding -fno-builtin -fmerge-constants -fmacro-prefix-map="../source/"= -mcpu=cortex-m4 -mfpu=fpv4-sp-d16 -mfloat-abi=hard -mthumb -D__REDLIB__ -fstack-usage -specs=redlib.specs -MMD -MP -MF"source/hello_world.d" -MT"source/hello_world.o" -MT"source/hello_world.d" -o "source/hello_world.o" "../source/hello_world.c"
Finished building: ../source/hello_world.c
 
Building target: frdmk66f_hello_world.axf
Invoking: MCU Linker
arm-none-eabi-gcc -nostdlib -Xlinker -Map="frdmk66f_hello_world.map" -Xlinker --gc-sections -Xlinker -print-memory-usage -Xlinker --sort-section=alignment -Xlinker --cref -mcpu=cortex-m4 -mfpu=fpv4-sp-d16 -mfloat-abi=hard -mthumb -T frdmk66f_hello_world_Debug.ld -o "frdmk66f_hello_world.axf" ./utilities/fsl_assert.o ./utilities/fsl_debug_console.o  ./startup/startup_mk66f18.o  ./source/hello_world.o ./source/semihost_hardfault.o  ./drivers/fsl_clock.o ./drivers/fsl_common.o ./drivers/fsl_common_arm.o ./drivers/fsl_dspi.o ./drivers/fsl_ftfx_cache.o ./drivers/fsl_ftfx_controller.o ./drivers/fsl_ftfx_flash.o ./drivers/fsl_ftfx_flexnvm.o ./drivers/fsl_gpio.o ./drivers/fsl_i2c.o ./drivers/fsl_lpuart.o ./drivers/fsl_rtc.o ./drivers/fsl_smc.o ./drivers/fsl_uart.o  ./device/system_MK66F18.o  ./component/uart/fsl_adapter_uart.o  ./component/lists/fsl_component_generic_list.o  ./board/board.o ./board/clock_config.o ./board/pin_mux.o   
Memory region         Used Size  Region Size  %age Used
   PROGRAM_FLASH:       14744 B         2 MB      0.70%
      SRAM_UPPER:        8496 B       192 KB      4.32%
      SRAM_LOWER:          0 GB        64 KB      0.00%
        FLEX_RAM:          0 GB         4 KB      0.00%
Finished building target: frdmk66f_hello_world.axf
 
Performing post-build steps
arm-none-eabi-size "frdmk66f_hello_world.axf"; # arm-none-eabi-objcopy -v -O binary "frdmk66f_hello_world.axf" "frdmk66f_hello_world.bin" ; # checksum -p MK66FN2M0xxx18 -d "frdmk66f_hello_world.bin";
   text	   data	    bss	    dec	    hex	filename
  14728	     16	   8480	  23224	   5ab8	frdmk66f_hello_world.axf
 
