Archive member included to satisfy reference by file (symbol)

c:/nxp/mcuxpressoide_11.6.1_8255/ide/plugins/com.nxp.mcuxpresso.tools.win32_11.6.1.202207200623/tools/bin/../lib/gcc/arm-none-eabi/10.3.1/../../../../arm-none-eabi/lib/thumb/v7e-m+fp/hard\libcr_semihost_nf.a(_cr__main.o)
                              ./startup/startup_mk66f18.o (__main)
c:/nxp/mcuxpressoide_11.6.1_8255/ide/plugins/com.nxp.mcuxpresso.tools.win32_11.6.1.202207200623/tools/bin/../lib/gcc/arm-none-eabi/10.3.1/../../../../arm-none-eabi/lib/thumb/v7e-m+fp/hard\libcr_c.a(memcpy.o)
                              ./utilities/fsl_str.o (memcpy)
c:/nxp/mcuxpressoide_11.6.1_8255/ide/plugins/com.nxp.mcuxpresso.tools.win32_11.6.1.202207200623/tools/bin/../lib/gcc/arm-none-eabi/10.3.1/../../../../arm-none-eabi/lib/thumb/v7e-m+fp/hard\libcr_c.a(memset.o)
                              ./freertos/freertos_kernel/stream_buffer.o (memset)
c:/nxp/mcuxpressoide_11.6.1_8255/ide/plugins/com.nxp.mcuxpresso.tools.win32_11.6.1.202207200623/tools/bin/../lib/gcc/arm-none-eabi/10.3.1/../../../../arm-none-eabi/lib/thumb/v7e-m+fp/hard\libcr_c.a(alloc.o)
                              ./drivers/fsl_common.o (malloc)
c:/nxp/mcuxpressoide_11.6.1_8255/ide/plugins/com.nxp.mcuxpresso.tools.win32_11.6.1.202207200623/tools/bin/../lib/gcc/arm-none-eabi/10.3.1/../../../../arm-none-eabi/lib/thumb/v7e-m+fp/hard\libcr_c.a(errno.o)
                              ./utilities/fsl_str.o (errno)
c:/nxp/mcuxpressoide_11.6.1_8255/ide/plugins/com.nxp.mcuxpresso.tools.win32_11.6.1.202207200623/tools/bin/../lib/gcc/arm-none-eabi/10.3.1/../../../../arm-none-eabi/lib/thumb/v7e-m+fp/hard\libcr_c.a(initio.o)
                              c:/nxp/mcuxpressoide_11.6.1_8255/ide/plugins/com.nxp.mcuxpresso.tools.win32_11.6.1.202207200623/tools/bin/../lib/gcc/arm-none-eabi/10.3.1/../../../../arm-none-eabi/lib/thumb/v7e-m+fp/hard\libcr_semihost_nf.a(_cr__main.o) (_initio)
c:/nxp/mcuxpressoide_11.6.1_8255/ide/plugins/com.nxp.mcuxpresso.tools.win32_11.6.1.202207200623/tools/bin/../lib/gcc/arm-none-eabi/10.3.1/../../../../arm-none-eabi/lib/thumb/v7e-m+fp/hard\libcr_c.a(printf.o)
                              ./utilities/fsl_assert.o (_printf)
c:/nxp/mcuxpressoide_11.6.1_8255/ide/plugins/com.nxp.mcuxpresso.tools.win32_11.6.1.202207200623/tools/bin/../lib/gcc/arm-none-eabi/10.3.1/../../../../arm-none-eabi/lib/thumb/v7e-m+fp/hard\libcr_c.a(scanf.o)
                              ./source/freertos_hello.o (scanf)
c:/nxp/mcuxpressoide_11.6.1_8255/ide/plugins/com.nxp.mcuxpresso.tools.win32_11.6.1.202207200623/tools/bin/../lib/gcc/arm-none-eabi/10.3.1/../../../../arm-none-eabi/lib/thumb/v7e-m+fp/hard\libcr_c.a(setvbuf.o)
                              c:/nxp/mcuxpressoide_11.6.1_8255/ide/plugins/com.nxp.mcuxpresso.tools.win32_11.6.1.202207200623/tools/bin/../lib/gcc/arm-none-eabi/10.3.1/../../../../arm-none-eabi/lib/thumb/v7e-m+fp/hard\libcr_c.a(initio.o) (setvbuf)
c:/nxp/mcuxpressoide_11.6.1_8255/ide/plugins/com.nxp.mcuxpresso.tools.win32_11.6.1.202207200623/tools/bin/../lib/gcc/arm-none-eabi/10.3.1/../../../../arm-none-eabi/lib/thumb/v7e-m+fp/hard\libcr_c.a(strlen.o)
                              ./utilities/fsl_str.o (strlen)
c:/nxp/mcuxpressoide_11.6.1_8255/ide/plugins/com.nxp.mcuxpresso.tools.win32_11.6.1.202207200623/tools/bin/../lib/gcc/arm-none-eabi/10.3.1/../../../../arm-none-eabi/lib/thumb/v7e-m+fp/hard\libcr_c.a(ungetc.o)
                              c:/nxp/mcuxpressoide_11.6.1_8255/ide/plugins/com.nxp.mcuxpresso.tools.win32_11.6.1.202207200623/tools/bin/../lib/gcc/arm-none-eabi/10.3.1/../../../../arm-none-eabi/lib/thumb/v7e-m+fp/hard\libcr_c.a(scanf.o) (ungetc)
c:/nxp/mcuxpressoide_11.6.1_8255/ide/plugins/com.nxp.mcuxpresso.tools.win32_11.6.1.202207200623/tools/bin/../lib/gcc/arm-none-eabi/10.3.1/../../../../arm-none-eabi/lib/thumb/v7e-m+fp/hard\libcr_c.a(__fillbuf.o)
                              c:/nxp/mcuxpressoide_11.6.1_8255/ide/plugins/com.nxp.mcuxpresso.tools.win32_11.6.1.202207200623/tools/bin/../lib/gcc/arm-none-eabi/10.3.1/../../../../arm-none-eabi/lib/thumb/v7e-m+fp/hard\libcr_c.a(scanf.o) (__filbuf)
c:/nxp/mcuxpressoide_11.6.1_8255/ide/plugins/com.nxp.mcuxpresso.tools.win32_11.6.1.202207200623/tools/bin/../lib/gcc/arm-none-eabi/10.3.1/../../../../arm-none-eabi/lib/thumb/v7e-m+fp/hard\libcr_c.a(__init_alloc.o)
                              c:/nxp/mcuxpressoide_11.6.1_8255/ide/plugins/com.nxp.mcuxpresso.tools.win32_11.6.1.202207200623/tools/bin/../lib/gcc/arm-none-eabi/10.3.1/../../../../arm-none-eabi/lib/thumb/v7e-m+fp/hard\libcr_c.a(alloc.o) (__heaps)
c:/nxp/mcuxpressoide_11.6.1_8255/ide/plugins/com.nxp.mcuxpresso.tools.win32_11.6.1.202207200623/tools/bin/../lib/gcc/arm-none-eabi/10.3.1/../../../../arm-none-eabi/lib/thumb/v7e-m+fp/hard\libcr_c.a(_cr_sbrk.o)
[...]
Memory Configuration

Name             Origin             Length             Attributes
PROGRAM_FLASH    0x00000000         0x00200000         xr
SRAM_UPPER       0x20000000         0x00030000         xrw
SRAM_LOWER       0x1fff0000         0x00010000         xrw
FLEX_RAM         0x14000000         0x00001000         xrw
*default*        0x00000000         0xffffffff

Linker script and memory map

LOAD ./utilities/fsl_assert.o
LOAD ./utilities/fsl_debug_console.o
LOAD ./utilities/fsl_str.o
LOAD ./startup/startup_mk66f18.o
LOAD ./source/freertos_hello.o
LOAD ./source/semihost_hardfault.o
LOAD ./freertos/freertos_kernel/portable/MemMang/heap_4.o
LOAD ./freertos/freertos_kernel/portable/GCC/ARM_CM4F/port.o
LOAD ./freertos/freertos_kernel/croutine.o
LOAD ./freertos/freertos_kernel/event_groups.o
LOAD ./freertos/freertos_kernel/list.o
LOAD ./freertos/freertos_kernel/queue.o
LOAD ./freertos/freertos_kernel/stream_buffer.o
LOAD ./freertos/freertos_kernel/tasks.o
LOAD ./freertos/freertos_kernel/timers.o
LOAD ./drivers/fsl_clock.o
LOAD ./drivers/fsl_common.o
LOAD ./drivers/fsl_common_arm.o
LOAD ./drivers/fsl_ftfx_cache.o
LOAD ./drivers/fsl_ftfx_controller.o
LOAD ./drivers/fsl_ftfx_flash.o
LOAD ./drivers/fsl_ftfx_flexnvm.o
LOAD ./drivers/fsl_gpio.o
LOAD ./drivers/fsl_lpuart.o
LOAD ./drivers/fsl_smc.o
LOAD ./drivers/fsl_uart.o
LOAD ./device/system_MK66F18.o
LOAD ./component/uart/fsl_adapter_uart.o
LOAD ./component/serial_manager/fsl_component_serial_manager.o
LOAD ./component/serial_manager/fsl_component_serial_port_uart.o
LOAD ./component/lists/fsl_component_generic_list.o
LOAD ./board/board.o
LOAD ./board/clock_config.o
LOAD ./board/pin_mux.o
START GROUP
LOAD c:/nxp/mcuxpressoide_11.6.1_8255/ide/plugins/com.nxp.mcuxpresso.tools.win32_11.6.1.202207200623/tools/bin/../lib/gcc/arm-none-eabi/10.3.1/../../../../arm-none-eabi/lib/thumb/v7e-m+fp/hard\libcr_semihost_nf.a
LOAD c:/nxp/mcuxpressoide_11.6.1_8255/ide/plugins/com.nxp.mcuxpresso.tools.win32_11.6.1.202207200623/tools/bin/../lib/gcc/arm-none-eabi/10.3.1/../../../../arm-none-eabi/lib/thumb/v7e-m+fp/hard\libcr_c.a
LOAD c:/nxp/mcuxpressoide_11.6.1_8255/ide/plugins/com.nxp.mcuxpresso.tools.win32_11.6.1.202207200623/tools/bin/../lib/gcc/arm-none-eabi/10.3.1/thumb/v7e-m+fp/hard\libcr_eabihelpers.a
LOAD c:/nxp/mcuxpressoide_11.6.1_8255/ide/plugins/com.nxp.mcuxpresso.tools.win32_11.6.1.202207200623/tools/bin/../lib/gcc/arm-none-eabi/10.3.1/thumb/v7e-m+fp/hard\libgcc.a
END GROUP
                0x00000000                __base_PROGRAM_FLASH = 0x0
                0x00000000                __base_Flash = 0x0
                0x00200000                __top_PROGRAM_FLASH = 0x200000
                0x00200000                __top_Flash = 0x200000
                0x20000000                __base_SRAM_UPPER = 0x20000000
                0x20000000                __base_RAM = 0x20000000
                0x20030000                __top_SRAM_UPPER = 0x20030000
                0x20030000                __top_RAM = 0x20030000
                0x1fff0000                __base_SRAM_LOWER = 0x1fff0000
                0x1fff0000                __base_RAM2 = 0x1fff0000
                0x20000000                __top_SRAM_LOWER = 0x20000000
                0x20000000                __top_RAM2 = 0x20000000
                0x14000000                __base_FLEX_RAM = 0x14000000
                0x14000000                __base_RAM3 = 0x14000000
                0x14001000                __top_FLEX_RAM = 0x14001000
                0x14001000                __top_RAM3 = 0x14001000

.text           0x00000000     0x6968
 FILL mask 0xff
                0x00000000                __vectors_start__ = ABSOLUTE (.)
 *(SORT_BY_ALIGNMENT(.isr_vector))
 .isr_vector    0x00000000      0x1d0 ./startup/startup_mk66f18.o
                0x00000000                g_pfnVectors
                0x00000000                __Vectors
                0x000001d0                . = ALIGN (0x4)
                0x000001d0                __section_table_start = .
                0x000001d0                __data_section_table = .
                0x000001d0        0x4 LONG 0x6968 LOADADDR (.data)
                0x000001d4        0x4 LONG 0x20000000 ADDR (.data)
                0x000001d8        0x4 LONG 0x20 SIZEOF (.data)
                0x000001dc        0x4 LONG 0x6968 LOADADDR (.data_RAM2)
                0x000001e0        0x4 LONG 0x1fff0000 ADDR (.data_RAM2)
                0x000001e4        0x4 LONG 0x0 SIZEOF (.data_RAM2)
                0x000001e8        0x4 LONG 0x6968 LOADADDR (.data_RAM3)
                0x000001ec        0x4 LONG 0x14000000 ADDR (.data_RAM3)
                0x000001f0        0x4 LONG 0x0 SIZEOF (.data_RAM3)
                0x000001f4                __data_section_table_end = .
                0x000001f4                __bss_section_table = .
                0x000001f4        0x4 LONG 0x20000020 ADDR (.bss)
                0x000001f8        0x4 LONG 0x2a98 SIZEOF (.bss)
                0x000001fc        0x4 LONG 0x1fff0000 ADDR (.bss_RAM2)
                0x00000200        0x4 LONG 0x0 SIZEOF (.bss_RAM2)
                0x00000204        0x4 LONG 0x14000000 ADDR (.bss_RAM3)
                0x00000208        0x4 LONG 0x0 SIZEOF (.bss_RAM3)
                0x0000020c                __bss_section_table_end = .
                0x0000020c                __section_table_end = .
 *(SORT_BY_ALIGNMENT(.after_vectors*))
 .after_vectors.reset
                0x0000020c       0x4c ./startup/startup_mk66f18.o
                0x0000020c                ResetISR
 .after_vectors.init_data
                0x00000258       0x1e ./startup/startup_mk66f18.o
                0x00000258                data_init
 .after_vectors.init_bss
                0x00000276       0x12 ./startup/startup_mk66f18.o
                0x00000276                bss_init
 .after_vectors
                0x00000288       0x14 ./startup/startup_mk66f18.o
                0x00000288                NMI_Handler
                0x0000028c                MemManage_Handler
                0x0000028e                BusFault_Handler
                0x00000290                UsageFault_Handler
                0x00000294                DebugMon_Handler
                0x0000029a                DMA_Error_DriverIRQHandler
                0x0000029a                LPTMR0_DriverIRQHandler
                0x0000029a                FTM1_DriverIRQHandler
                0x0000029a                FTM2_DriverIRQHandler
                0x0000029a                PIT2_DriverIRQHandler
                0x0000029a                TPM2_DriverIRQHandler
                0x0000029a                SDHC_DriverIRQHandler
                0x0000029a                DMA7_DMA23_DriverIRQHandler
                0x0000029a                I2C3_DriverIRQHandler
                0x0000029a                I2S0_Tx_DriverIRQHandler
                0x0000029a                TSI0_DriverIRQHandler
                0x0000029a                RTC_Seconds_DriverIRQHandler
                0x0000029a                CMP3_DriverIRQHandler
                0x0000029a                LLWU_DriverIRQHandler
                0x0000029a                MCM_DriverIRQHandler
                0x0000029a                DMA14_DMA30_DriverIRQHandler
                0x0000029a                MCG_DriverIRQHandler
                0x0000029a                ENET_1588_Timer_DriverIRQHandler
                0x0000029a                I2C2_DriverIRQHandler
                0x0000029a                DAC1_DriverIRQHandler
                0x0000029a                SPI1_DriverIRQHandler
                0x0000029a                CMP1_DriverIRQHandler
                0x0000029a                USBHSDCD_DriverIRQHandler
                0x0000029a                DMA0_DMA16_DriverIRQHandler
                0x0000029a                FTM0_DriverIRQHandler
                0x0000029a                IntDefaultHandler
                0x0000029a                USB0_DriverIRQHandler
                0x0000029a                PORTC_DriverIRQHandler
                0x0000029a                DMA2_DMA18_DriverIRQHandler
                0x0000029a                DAC0_DriverIRQHandler
                0x0000029a                CMP2_DriverIRQHandler
                0x0000029a                UART2_ERR_DriverIRQHandler
                0x0000029a                SPI2_DriverIRQHandler
                0x0000029a                LVD_LVW_DriverIRQHandler
                0x0000029a                Reserved84_DriverIRQHandler
                0x0000029a                PORTB_DriverIRQHandler
                0x0000029a                RNG_DriverIRQHandler
                0x0000029a                USBDCD_DriverIRQHandler
                0x0000029a                UART3_ERR_DriverIRQHandler
                0x0000029a                DMA12_DMA28_DriverIRQHandler
                0x0000029a                DMA10_DMA26_DriverIRQHandler
                0x0000029a                UART0_ERR_DriverIRQHandler
                0x0000029a                CMT_DriverIRQHandler
                0x0000029a                Reserved71_DriverIRQHandler
                0x0000029a                ADC1_DriverIRQHandler
                0x0000029a                PORTA_DriverIRQHandler
                0x0000029a                DMA1_DMA17_DriverIRQHandler
                0x0000029a                PIT3_DriverIRQHandler
                0x0000029a                PIT1_DriverIRQHandler
                0x0000029a                TPM1_DriverIRQHandler
                0x0000029a                WDOG_EWM_DriverIRQHandler
                0x0000029a                PDB0_DriverIRQHandler
                0x0000029a                DMA8_DMA24_DriverIRQHandler
                0x0000029a                DMA6_DMA22_DriverIRQHandler
                0x0000029a                RTC_DriverIRQHandler
                0x0000029a                I2S0_Rx_DriverIRQHandler
                0x0000029a                Read_Collision_DriverIRQHandler
                0x0000029a                SWI_DriverIRQHandler
                0x0000029a                UART4_ERR_DriverIRQHandler
                0x0000029a                DMA13_DMA29_DriverIRQHandler
                0x0000029a                DMA11_DMA27_DriverIRQHandler
                0x0000029a                DMA4_DMA20_DriverIRQHandler
                0x0000029a                DMA9_DMA25_DriverIRQHandler
                0x0000029a                I2C1_DriverIRQHandler
                0x0000029a                ENET_Receive_DriverIRQHandler
                0x0000029a                DMA3_DMA19_DriverIRQHandler
                0x0000029a                ENET_Error_DriverIRQHandler
                0x0000029a                Reserved85_DriverIRQHandler
                0x0000029a                SPI0_DriverIRQHandler
                0x0000029a                ADC0_DriverIRQHandler
                0x0000029a                USBHS_DriverIRQHandler
                0x0000029a                CMP0_DriverIRQHandler
                0x0000029a                CAN0_DriverIRQHandler
                0x0000029a                FTM3_DriverIRQHandler
                0x0000029a                DMA5_DMA21_DriverIRQHandler
                0x0000029a                PIT0_DriverIRQHandler
                0x0000029a                DMA15_DMA31_DriverIRQHandler
                0x0000029a                UART1_ERR_DriverIRQHandler
                0x0000029a                ENET_Transmit_DriverIRQHandler
                0x0000029a                PORTD_DriverIRQHandler
                0x0000029a                Reserved46_DriverIRQHandler
                0x0000029a                PORTE_DriverIRQHandler
                0x0000029a                FTFE_DriverIRQHandler
                0x0000029a                I2C0_DriverIRQHandler
                0x0000029a                CAN1_DriverIRQHandler
                0x00000400                . = 0x400
 *fill*         0x0000029c      0x164 ff
                0x00000400                PROVIDE (__FLASH_CONFIG_START__ = .)
 *(SORT_BY_ALIGNMENT(.FlashConfig))
 .FlashConfig   0x00000400       0x10 ./startup/startup_mk66f18.o
                0x00000400                Flash_Config
                0x00000410                PROVIDE (__FLASH_CONFIG_END__ = .)
                0x00000001                ASSERT (! ((__FLASH_CONFIG_START__ == __FLASH_CONFIG_END__)), Linker Flash Config Support Enabled, but no .FlashConfig section provided within application)
 *(SORT_BY_ALIGNMENT(.text*))
 .text.SVC_Handler
                0x00000410       0x28 ./freertos/freertos_kernel/portable/GCC/ARM_CM4F/port.o
                0x00000410                SVC_Handler
 *fill*         0x00000438        0x8 ff
 .text.PendSV_Handler
                0x00000440       0x68 ./freertos/freertos_kernel/portable/GCC/ARM_CM4F/port.o
                0x00000440                PendSV_Handler
 .text.vfscanf  0x000004a8      0x990 c:/nxp/mcuxpressoide_11.6.1_8255/ide/plugins/com.nxp.mcuxpresso.tools.win32_11.6.1.202207200623/tools/bin/../lib/gcc/arm-none-eabi/10.3.1/../../../../arm-none-eabi/lib/thumb/v7e-m+fp/hard\libcr_c.a(scanf.o)
                0x000004a8                vfscanf
 .text._frexpl  0x00000e38       0x68 c:/nxp/mcuxpressoide_11.6.1_8255/ide/plugins/com.nxp.mcuxpresso.tools.win32_11.6.1.202207200623/tools/bin/../lib/gcc/arm-none-eabi/10.3.1/../../../../arm-none-eabi/lib/thumb/v7e-m+fp/hard\libcr_c.a(_frexpl.o)
                0x00000e38                _frexpl
 .text._ldexpl  0x00000ea0       0x5c c:/nxp/mcuxpressoide_11.6.1_8255/ide/plugins/com.nxp.mcuxpresso.tools.win32_11.6.1.202207200623/tools/bin/../lib/gcc/arm-none-eabi/10.3.1/../../../../arm-none-eabi/lib/thumb/v7e-m+fp/hard\libcr_c.a(_ldexpl.o)
                0x00000ea0                _ldexpl
 .text.__assertion_failed
                0x00000efc       0x18 ./utilities/fsl_assert.o
                0x00000efc                __assertion_failed
 .text.hello_task
                0x00000f14       0x30 ./source/freertos_hello.o
                0x00000f14                hello_task
 .text.hello_task2
                0x00000f44       0x30 ./source/freertos_hello.o
                0x00000f44                hello_task2
 .text.main     0x00000f74       0x74 ./source/freertos_hello.o
                0x00000f74                main
 .text.pvPortMalloc
                0x00000fe8      0x1c0 ./freertos/freertos_kernel/portable/MemMang/heap_4.o
                0x00000fe8                pvPortMalloc
 .text.vPortFree
                0x000011a8       0xc4 ./freertos/freertos_kernel/portable/MemMang/heap_4.o
                0x000011a8                vPortFree
 .text.prvHeapInit
                0x0000126c       0xc4 ./freertos/freertos_kernel/portable/MemMang/heap_4.o
 .text.prvInsertBlockIntoFreeList
                0x00001330       0xb4 ./freertos/freertos_kernel/portable/MemMang/heap_4.o
 .text.pxPortInitialiseStack
                0x000013e4       0x68 ./freertos/freertos_kernel/portable/GCC/ARM_CM4F/port.o
                0x000013e4                pxPortInitialiseStack
 .text.prvTaskExitError
                0x0000144c       0x58 ./freertos/freertos_kernel/portable/GCC/ARM_CM4F/port.o
 .text.prvPortStartFirstTask
                0x000014a4       0x2c ./freertos/freertos_kernel/portable/GCC/ARM_CM4F/port.o
 .text.xPortStartScheduler
                0x000014d0      0x144 ./freertos/freertos_kernel/portable/GCC/ARM_CM4F/port.o
                0x000014d0                xPortStartScheduler
 .text.vPortEnterCritical
                0x00001614       0x60 ./freertos/freertos_kernel/portable/GCC/ARM_CM4F/port.o
                0x00001614                vPortEnterCritical
 .text.vPortExitCritical
                0x00001674       0x54 ./freertos/freertos_kernel/portable/GCC/ARM_CM4F/port.o
                0x00001674                vPortExitCritical
 .text.SysTick_Handler
                0x000016c8       0x44 ./freertos/freertos_kernel/portable/GCC/ARM_CM4F/port.o
                0x000016c8                SysTick_Handler
 .text.vPortSetupTimerInterrupt
                0x0000170c       0x48 ./freertos/freertos_kernel/portable/GCC/ARM_CM4F/port.o
                0x0000170c                vPortSetupTimerInterrupt
 .text.vPortEnableVFP
                0x00001754       0x18 ./freertos/freertos_kernel/portable/GCC/ARM_CM4F/port.o
 .text.vPortValidateInterruptPriority
                0x0000176c       0x80 ./freertos/freertos_kernel/portable/GCC/ARM_CM4F/port.o
                0x0000176c                vPortValidateInterruptPriority
 .text.xQueueGenericReset
                0x000017ec       0xd0 ./freertos/freertos_kernel/queue.o
                0x000017ec                xQueueGenericReset
 .text.xQueueGenericSend
                0x000018bc      0x1fc ./freertos/freertos_kernel/queue.o
                0x000018bc                xQueueGenericSend
 .text.xQueueReceive
                0x00001ab8      0x1c0 ./freertos/freertos_kernel/queue.o
                0x00001ab8                xQueueReceive
 .text.vQueueAddToRegistry
                0x00001c78       0x54 ./freertos/freertos_kernel/queue.o
                0x00001c78                vQueueAddToRegistry
 .text.prvAddNewTaskToReadyList
                0x00001ccc       0xdc ./freertos/freertos_kernel/tasks.o
 .text.vTaskDelete
                0x00001da8      0x128 ./freertos/freertos_kernel/tasks.o
                0x00001da8                vTaskDelete
 .text.vTaskDelay
                0x00001ed0       0x68 ./freertos/freertos_kernel/tasks.o
                0x00001ed0                vTaskDelay
 .text.vTaskStartScheduler
                0x00001f38       0xa4 ./freertos/freertos_kernel/tasks.o
                0x00001f38                vTaskStartScheduler
 .text.vTaskSuspendAll
                0x00001fdc       0x1c ./freertos/freertos_kernel/tasks.o
                0x00001fdc                vTaskSuspendAll
 .text.xTaskResumeAll
                0x00001ff8      0x138 ./freertos/freertos_kernel/tasks.o
                0x00001ff8                xTaskResumeAll
 .text.xTaskGetTickCount
                0x00002130       0x20 ./freertos/freertos_kernel/tasks.o
                0x00002130                xTaskGetTickCount
 .text.xTaskIncrementTick
                0x00002150      0x154 ./freertos/freertos_kernel/tasks.o
                0x00002150                xTaskIncrementTick
 .text.vTaskSwitchContext
                0x000022a4       0xb8 ./freertos/freertos_kernel/tasks.o
                0x000022a4                vTaskSwitchContext
 .text.vTaskPlaceOnEventList
                0x0000235c       0x48 ./freertos/freertos_kernel/tasks.o
                0x0000235c                vTaskPlaceOnEventList
 .text.vTaskPlaceOnEventListRestricted
                0x000023a4       0x58 ./freertos/freertos_kernel/tasks.o
                0x000023a4                vTaskPlaceOnEventListRestricted
 .text.xTaskRemoveFromEventList
                0x000023fc       0xc4 ./freertos/freertos_kernel/tasks.o
                0x000023fc                xTaskRemoveFromEventList
 .text.vTaskInternalSetTimeOutState
                0x000024c0       0x2c ./freertos/freertos_kernel/tasks.o
                0x000024c0                vTaskInternalSetTimeOutState
 .text.xTaskCheckForTimeOut
                0x000024ec       0xcc ./freertos/freertos_kernel/tasks.o
                0x000024ec                xTaskCheckForTimeOut
 .text.vTaskMissedYield
                0x000025b8       0x18 ./freertos/freertos_kernel/tasks.o
                0x000025b8                vTaskMissedYield
 .text.prvIdleTask
                0x000025d0       0x30 ./freertos/freertos_kernel/tasks.o
 .text.prvInitialiseTaskLists
                0x00002600       0x80 ./freertos/freertos_kernel/tasks.o
 .text.prvCheckTasksWaitingTermination
                0x00002680       0x5c ./freertos/freertos_kernel/tasks.o
 .text.prvResetNextTaskUnblockTime
                0x000026dc       0x38 ./freertos/freertos_kernel/tasks.o
 .text.xTaskGetSchedulerState
                0x00002714       0x3c ./freertos/freertos_kernel/tasks.o
                0x00002714                xTaskGetSchedulerState
 .text.xTaskPriorityDisinherit
                0x00002750       0xf4 ./freertos/freertos_kernel/tasks.o
                0x00002750                xTaskPriorityDisinherit
 .text.prvAddCurrentTaskToDelayedList
                0x00002844       0xcc ./freertos/freertos_kernel/tasks.o
 .text.xTimerCreateTimerTask
                0x00002910       0x64 ./freertos/freertos_kernel/timers.o
                0x00002910                xTimerCreateTimerTask
 .text.xTimerGenericCommand
                0x00002974       0x9c ./freertos/freertos_kernel/timers.o
                0x00002974                xTimerGenericCommand
 .text.prvProcessExpiredTimer
                0x00002a10       0x98 ./freertos/freertos_kernel/timers.o
 .text.prvProcessTimerOrBlockTask
                0x00002aa8       0x9c ./freertos/freertos_kernel/timers.o
 .text.prvGetNextExpireTime
                0x00002b44       0x48 ./freertos/freertos_kernel/timers.o
 .text.prvSampleTimeNow
                0x00002b8c       0x40 ./freertos/freertos_kernel/timers.o
 .text.prvInsertTimerInActiveList
                0x00002bcc       0x84 ./freertos/freertos_kernel/timers.o
 .text.prvProcessReceivedCommands
                0x00002c50      0x1c4 ./freertos/freertos_kernel/timers.o
 .text.prvSwitchTimerLists
                0x00002e14       0xc8 ./freertos/freertos_kernel/timers.o
 .text.prvCheckForValidListAndQueue
                0x00002edc       0x6c ./freertos/freertos_kernel/timers.o
 .text.CLOCK_SetEr32kClock
                0x00002f48       0x30 ./drivers/fsl_clock.o
 .text.CLOCK_SetPllFllSelClock
                0x00002f78       0x54 ./drivers/fsl_clock.o
 .text.CLOCK_GetMcgExtClkFreq
                0x00002fcc       0x7c ./drivers/fsl_clock.o
 .text.CLOCK_GetFllExtRefClkFreq
                0x00003048       0xb0 ./drivers/fsl_clock.o
 .text.CLOCK_GetInternalRefClkSelectFreq
                0x000030f8       0x4c ./drivers/fsl_clock.o
 .text.CLOCK_GetFllRefClkFreq
                0x00003144       0x34 ./drivers/fsl_clock.o
 .text.CLOCK_GetOscRangeFromFreq
                0x00003178       0x3c ./drivers/fsl_clock.o
 .text.CLOCK_GetCoreSysClkFreq
                0x000031b4       0x28 ./drivers/fsl_clock.o
                0x000031b4                CLOCK_GetCoreSysClkFreq
 .text.CLOCK_SetSimConfig
                0x000031dc       0x40 ./drivers/fsl_clock.o
                0x000031dc                CLOCK_SetSimConfig
 .text.CLOCK_GetOutClkFreq
                0x0000321c       0x90 ./drivers/fsl_clock.o
                0x0000321c                CLOCK_GetOutClkFreq
 .text.CLOCK_GetFllFreq
                0x000032ac       0x84 ./drivers/fsl_clock.o
                0x000032ac                CLOCK_GetFllFreq
 .text.CLOCK_GetPll0Freq
                0x00003330       0x7c ./drivers/fsl_clock.o
                0x00003330                CLOCK_GetPll0Freq
 .text.CLOCK_GetExtPllFreq
                0x000033ac       0x18 ./drivers/fsl_clock.o
                0x000033ac                CLOCK_GetExtPllFreq
 .text.CLOCK_SetExternalRefClkConfig
                0x000033c4       0x6c ./drivers/fsl_clock.o
                0x000033c4                CLOCK_SetExternalRefClkConfig
 .text.CLOCK_SetInternalRefClkConfig
                0x00003430      0x104 ./drivers/fsl_clock.o
                0x00003430                CLOCK_SetInternalRefClkConfig
 .text.CLOCK_EnablePll0
                0x00003534       0x88 ./drivers/fsl_clock.o
                0x00003534                CLOCK_EnablePll0
 .text.CLOCK_InitOsc0
                0x000035bc       0x8c ./drivers/fsl_clock.o
                0x000035bc                CLOCK_InitOsc0
 .text.CLOCK_SetPbeMode
                0x00003648       0xe8 ./drivers/fsl_clock.o
                0x00003648                CLOCK_SetPbeMode
 .text.CLOCK_BootToPeeMode
                0x00003730       0x68 ./drivers/fsl_clock.o
                0x00003730                CLOCK_BootToPeeMode
 .text.LPUART0_DriverIRQHandler
                0x00003798       0x28 ./drivers/fsl_lpuart.o
                0x00003798                LPUART0_DriverIRQHandler
 .text.UART0_DriverIRQHandler
                0x000037c0       0x28 ./drivers/fsl_uart.o
                0x000037c0                UART0_DriverIRQHandler
 .text.UART1_DriverIRQHandler
                0x000037e8       0x28 ./drivers/fsl_uart.o
                0x000037e8                UART1_DriverIRQHandler
 .text.UART2_DriverIRQHandler
                0x00003810       0x28 ./drivers/fsl_uart.o
                0x00003810                UART2_DriverIRQHandler
 .text.UART3_DriverIRQHandler
                0x00003838       0x28 ./drivers/fsl_uart.o
                0x00003838                UART3_DriverIRQHandler
 .text.UART4_DriverIRQHandler
                0x00003860       0x28 ./drivers/fsl_uart.o
                0x00003860                UART4_DriverIRQHandler
 .text.SystemInit
                0x00003888       0x3c ./device/system_MK66F18.o
                0x00003888                SystemInit
 .text.CLOCK_SetSimSafeDivs
                0x000038c4       0x24 ./board/clock_config.o
 .text.CLOCK_SetXtal0Freq
                0x000038e8       0x20 ./board/clock_config.o
 .text.CLOCK_CONFIG_SetFllExtRefDiv
                0x00003908       0x3c ./board/clock_config.o
 .text.BOARD_BootClockRUN
                0x00003944       0x60 ./board/clock_config.o
                0x00003944                BOARD_BootClockRUN
 .text.BOARD_InitPins
                0x000039a4       0x44 ./board/pin_mux.o
                0x000039a4                BOARD_InitPins
 .text.malloc   0x000039e8       0xc8 c:/nxp/mcuxpressoide_11.6.1_8255/ide/plugins/com.nxp.mcuxpresso.tools.win32_11.6.1.202207200623/tools/bin/../lib/gcc/arm-none-eabi/10.3.1/../../../../arm-none-eabi/lib/thumb/v7e-m+fp/hard\libcr_c.a(alloc.o)
                0x000039e8                malloc
 .text._Csys_alloc
                0x00003ab0       0x20 c:/nxp/mcuxpressoide_11.6.1_8255/ide/plugins/com.nxp.mcuxpresso.tools.win32_11.6.1.202207200623/tools/bin/../lib/gcc/arm-none-eabi/10.3.1/../../../../arm-none-eabi/lib/thumb/v7e-m+fp/hard\libcr_c.a(alloc.o)
                0x00003ab0                _Csys_alloc
 .text._initio  0x00003ad0       0x78 c:/nxp/mcuxpressoide_11.6.1_8255/ide/plugins/com.nxp.mcuxpresso.tools.win32_11.6.1.202207200623/tools/bin/../lib/gcc/arm-none-eabi/10.3.1/../../../../arm-none-eabi/lib/thumb/v7e-m+fp/hard\libcr_c.a(initio.o)
                0x00003ad0                _initio
 .text.__vfprintf
                0x00003b48      0xbf8 c:/nxp/mcuxpressoide_11.6.1_8255/ide/plugins/com.nxp.mcuxpresso.tools.win32_11.6.1.202207200623/tools/bin/../lib/gcc/arm-none-eabi/10.3.1/../../../../arm-none-eabi/lib/thumb/v7e-m+fp/hard\libcr_c.a(printf.o)
                0x00003b48                __vfprintf
 .text._vsnprintf
                0x00004740       0x68 c:/nxp/mcuxpressoide_11.6.1_8255/ide/plugins/com.nxp.mcuxpresso.tools.win32_11.6.1.202207200623/tools/bin/../lib/gcc/arm-none-eabi/10.3.1/../../../../arm-none-eabi/lib/thumb/v7e-m+fp/hard\libcr_c.a(printf.o)
                0x00004740                _vsnprintf
 .text._printf  0x000047a8       0x54 c:/nxp/mcuxpressoide_11.6.1_8255/ide/plugins/com.nxp.mcuxpresso.tools.win32_11.6.1.202207200623/tools/bin/../lib/gcc/arm-none-eabi/10.3.1/../../../../arm-none-eabi/lib/thumb/v7e-m+fp/hard\libcr_c.a(printf.o)
                0x000047a8                _printf
 .text.ch_val   0x000047fc       0x30 c:/nxp/mcuxpressoide_11.6.1_8255/ide/plugins/com.nxp.mcuxpresso.tools.win32_11.6.1.202207200623/tools/bin/../lib/gcc/arm-none-eabi/10.3.1/../../../../arm-none-eabi/lib/thumb/v7e-m+fp/hard\libcr_c.a(scanf.o)
 .text.cr_rd_int
                0x0000482c      0x1a8 c:/nxp/mcuxpressoide_11.6.1_8255/ide/plugins/com.nxp.mcuxpresso.tools.win32_11.6.1.202207200623/tools/bin/../lib/gcc/arm-none-eabi/10.3.1/../../../../arm-none-eabi/lib/thumb/v7e-m+fp/hard\libcr_c.a(scanf.o)
 .text.scanf    0x000049d4       0x20 c:/nxp/mcuxpressoide_11.6.1_8255/ide/plugins/com.nxp.mcuxpresso.tools.win32_11.6.1.202207200623/tools/bin/../lib/gcc/arm-none-eabi/10.3.1/../../../../arm-none-eabi/lib/thumb/v7e-m+fp/hard\libcr_c.a(scanf.o)
                0x000049d4                scanf
 .text.__filbuf
                0x000049f4      0x178 c:/nxp/mcuxpressoide_11.6.1_8255/ide/plugins/com.nxp.mcuxpresso.tools.win32_11.6.1.202207200623/tools/bin/../lib/gcc/arm-none-eabi/10.3.1/../../../../arm-none-eabi/lib/thumb/v7e-m+fp/hard\libcr_c.a(__fillbuf.o)
                0x000049f4                __filbuf
 .text._sbrk    0x00004b6c       0x3c c:/nxp/mcuxpressoide_11.6.1_8255/ide/plugins/com.nxp.mcuxpresso.tools.win32_11.6.1.202207200623/tools/bin/../lib/gcc/arm-none-eabi/10.3.1/../../../../arm-none-eabi/lib/thumb/v7e-m+fp/hard\libcr_c.a(_cr_sbrk.o)
                0x00004b6c                _sbrk
 .text._Cwritebuf
                0x00004ba8       0x6c c:/nxp/mcuxpressoide_11.6.1_8255/ide/plugins/com.nxp.mcuxpresso.tools.win32_11.6.1.202207200623/tools/bin/../lib/gcc/arm-none-eabi/10.3.1/../../../../arm-none-eabi/lib/thumb/v7e-m+fp/hard\libcr_c.a(_writebuf.o)
                0x00004ba8                _Cwritebuf
 .text.fflush   0x00004c14       0x3c c:/nxp/mcuxpressoide_11.6.1_8255/ide/plugins/com.nxp.mcuxpresso.tools.win32_11.6.1.202207200623/tools/bin/../lib/gcc/arm-none-eabi/10.3.1/../../../../arm-none-eabi/lib/thumb/v7e-m+fp/hard\libcr_c.a(fflush.o)
                0x00004c14                fflush
 .text.fseek    0x00004c50       0xfc c:/nxp/mcuxpressoide_11.6.1_8255/ide/plugins/com.nxp.mcuxpresso.tools.win32_11.6.1.202207200623/tools/bin/../lib/gcc/arm-none-eabi/10.3.1/../../../../arm-none-eabi/lib/thumb/v7e-m+fp/hard\libcr_c.a(fseek.o)
                0x00004c50                fseek
 .text.ftell    0x00004d4c       0x44 c:/nxp/mcuxpressoide_11.6.1_8255/ide/plugins/com.nxp.mcuxpresso.tools.win32_11.6.1.202207200623/tools/bin/../lib/gcc/arm-none-eabi/10.3.1/../../../../arm-none-eabi/lib/thumb/v7e-m+fp/hard\libcr_c.a(ftell.o)
                0x00004d4c                ftell
 .text.__check_heap_overflow
                0x00004d90       0x18 c:/nxp/mcuxpressoide_11.6.1_8255/ide/plugins/com.nxp.mcuxpresso.tools.win32_11.6.1.202207200623/tools/bin/../lib/gcc/arm-none-eabi/10.3.1/../../../../arm-none-eabi/lib/thumb/v7e-m+fp/hard\libcr_c.a(_cr_check_heap.o)
                0x00004d90                __check_heap_overflow
 .text.__aeabi_dmul
                0x00004da8       0xfc c:/nxp/mcuxpressoide_11.6.1_8255/ide/plugins/com.nxp.mcuxpresso.tools.win32_11.6.1.202207200623/tools/bin/../lib/gcc/arm-none-eabi/10.3.1/thumb/v7e-m+fp/hard\libcr_eabihelpers.a(double.o)
                0x00004da8                __aeabi_dmul
 .text.__aeabi_ddiv
                0x00004ea4      0x138 c:/nxp/mcuxpressoide_11.6.1_8255/ide/plugins/com.nxp.mcuxpresso.tools.win32_11.6.1.202207200623/tools/bin/../lib/gcc/arm-none-eabi/10.3.1/thumb/v7e-m+fp/hard\libcr_eabihelpers.a(double.o)
                0x00004ea4                __aeabi_ddiv
 .text.__aeabi_dsub
                0x00004fdc      0x1ac c:/nxp/mcuxpressoide_11.6.1_8255/ide/plugins/com.nxp.mcuxpresso.tools.win32_11.6.1.202207200623/tools/bin/../lib/gcc/arm-none-eabi/10.3.1/thumb/v7e-m+fp/hard\libcr_eabihelpers.a(double.o)
                0x00004fdc                __aeabi_dsub
 .text.__aeabi_dadd
                0x00005188      0x114 c:/nxp/mcuxpressoide_11.6.1_8255/ide/plugins/com.nxp.mcuxpresso.tools.win32_11.6.1.202207200623/tools/bin/../lib/gcc/arm-none-eabi/10.3.1/thumb/v7e-m+fp/hard\libcr_eabihelpers.a(double.o)
                0x00005188                __aeabi_dadd
 .text.__aeabi_d2f
                0x0000529c       0x58 c:/nxp/mcuxpressoide_11.6.1_8255/ide/plugins/com.nxp.mcuxpresso.tools.win32_11.6.1.202207200623/tools/bin/../lib/gcc/arm-none-eabi/10.3.1/thumb/v7e-m+fp/hard\libcr_eabihelpers.a(double.o)
                0x0000529c                __aeabi_d2f
 .text.__sys_appexit
                0x000052f4        0xc c:/nxp/mcuxpressoide_11.6.1_8255/ide/plugins/com.nxp.mcuxpresso.tools.win32_11.6.1.202207200623/tools/bin/../lib/gcc/arm-none-eabi/10.3.1/../../../../arm-none-eabi/lib/thumb/v7e-m+fp/hard\libcr_semihost_nf.a(__sys_appexit.o)
                0x000052f4                __sys_appexit
                0x000052f4                __exit
 .text.DMA0_DMA16_IRQHandler
                0x00005300        0x8 ./startup/startup_mk66f18.o
                0x00005300                DMA0_DMA16_IRQHandler
 .text.DMA1_DMA17_IRQHandler
                0x00005308        0x8 ./startup/startup_mk66f18.o
                0x00005308                DMA1_DMA17_IRQHandler
 .text.DMA2_DMA18_IRQHandler
                0x00005310        0x8 ./startup/startup_mk66f18.o
                0x00005310                DMA2_DMA18_IRQHandler
 .text.DMA3_DMA19_IRQHandler
                0x00005318        0x8 ./startup/startup_mk66f18.o
                0x00005318                DMA3_DMA19_IRQHandler
 .text.DMA4_DMA20_IRQHandler
                0x00005320        0x8 ./startup/startup_mk66f18.o
                0x00005320                DMA4_DMA20_IRQHandler
 .text.DMA5_DMA21_IRQHandler
                0x00005328        0x8 ./startup/startup_mk66f18.o
                0x00005328                DMA5_DMA21_IRQHandler
 .text.DMA6_DMA22_IRQHandler
                0x00005330        0x8 ./startup/startup_mk66f18.o
                0x00005330                DMA6_DMA22_IRQHandler
 .text.DMA7_DMA23_IRQHandler
                0x00005338        0x8 ./startup/startup_mk66f18.o
                0x00005338                DMA7_DMA23_IRQHandler
 .text.DMA8_DMA24_IRQHandler
                0x00005340        0x8 ./startup/startup_mk66f18.o
                0x00005340                DMA8_DMA24_IRQHandler
 .text.DMA9_DMA25_IRQHandler
                0x00005348        0x8 ./startup/startup_mk66f18.o
                0x00005348                DMA9_DMA25_IRQHandler
 .text.DMA10_DMA26_IRQHandler
                0x00005350        0x8 ./startup/startup_mk66f18.o
                0x00005350                DMA10_DMA26_IRQHandler
 .text.DMA11_DMA27_IRQHandler
                0x00005358        0x8 ./startup/startup_mk66f18.o
                0x00005358                DMA11_DMA27_IRQHandler
 .text.DMA12_DMA28_IRQHandler
                0x00005360        0x8 ./startup/startup_mk66f18.o
                0x00005360                DMA12_DMA28_IRQHandler
 .text.DMA13_DMA29_IRQHandler
                0x00005368        0x8 ./startup/startup_mk66f18.o
                0x00005368                DMA13_DMA29_IRQHandler
 .text.DMA14_DMA30_IRQHandler
                0x00005370        0x8 ./startup/startup_mk66f18.o
                0x00005370                DMA14_DMA30_IRQHandler
 .text.DMA15_DMA31_IRQHandler
                0x00005378        0x8 ./startup/startup_mk66f18.o
                0x00005378                DMA15_DMA31_IRQHandler
 .text.DMA_Error_IRQHandler
                0x00005380        0x8 ./startup/startup_mk66f18.o
                0x00005380                DMA_Error_IRQHandler
 .text.MCM_IRQHandler
                0x00005388        0x8 ./startup/startup_mk66f18.o
                0x00005388                MCM_IRQHandler
 .text.FTFE_IRQHandler
                0x00005390        0x8 ./startup/startup_mk66f18.o
                0x00005390                FTFE_IRQHandler
 .text.Read_Collision_IRQHandler
                0x00005398        0x8 ./startup/startup_mk66f18.o
                0x00005398                Read_Collision_IRQHandler
 .text.LVD_LVW_IRQHandler
                0x000053a0        0x8 ./startup/startup_mk66f18.o
                0x000053a0                LVD_LVW_IRQHandler
 .text.LLWU_IRQHandler
                0x000053a8        0x8 ./startup/startup_mk66f18.o
                0x000053a8                LLWU_IRQHandler
 .text.WDOG_EWM_IRQHandler
                0x000053b0        0x8 ./startup/startup_mk66f18.o
                0x000053b0                WDOG_EWM_IRQHandler
 .text.RNG_IRQHandler
                0x000053b8        0x8 ./startup/startup_mk66f18.o
                0x000053b8                RNG_IRQHandler
 .text.I2C0_IRQHandler
                0x000053c0        0x8 ./startup/startup_mk66f18.o
                0x000053c0                I2C0_IRQHandler
 .text.I2C1_IRQHandler
                0x000053c8        0x8 ./startup/startup_mk66f18.o
                0x000053c8                I2C1_IRQHandler
 .text.SPI0_IRQHandler
                0x000053d0        0x8 ./startup/startup_mk66f18.o
                0x000053d0                SPI0_IRQHandler
 .text.SPI1_IRQHandler
                0x000053d8        0x8 ./startup/startup_mk66f18.o
                0x000053d8                SPI1_IRQHandler
 .text.I2S0_Tx_IRQHandler
                0x000053e0        0x8 ./startup/startup_mk66f18.o
                0x000053e0                I2S0_Tx_IRQHandler
 .text.I2S0_Rx_IRQHandler
                0x000053e8        0x8 ./startup/startup_mk66f18.o
                0x000053e8                I2S0_Rx_IRQHandler
 .text.Reserved46_IRQHandler
                0x000053f0        0x8 ./startup/startup_mk66f18.o
                0x000053f0                Reserved46_IRQHandler
 .text.UART0_RX_TX_IRQHandler
                0x000053f8        0x8 ./startup/startup_mk66f18.o
                0x000053f8                UART0_RX_TX_IRQHandler
 .text.UART0_ERR_IRQHandler
                0x00005400        0x8 ./startup/startup_mk66f18.o
                0x00005400                UART0_ERR_IRQHandler
 .text.UART1_RX_TX_IRQHandler
                0x00005408        0x8 ./startup/startup_mk66f18.o
                0x00005408                UART1_RX_TX_IRQHandler
 .text.UART1_ERR_IRQHandler
                0x00005410        0x8 ./startup/startup_mk66f18.o
                0x00005410                UART1_ERR_IRQHandler
 .text.UART2_RX_TX_IRQHandler
                0x00005418        0x8 ./startup/startup_mk66f18.o
                0x00005418                UART2_RX_TX_IRQHandler
 .text.UART2_ERR_IRQHandler
                0x00005420        0x8 ./startup/startup_mk66f18.o
                0x00005420                UART2_ERR_IRQHandler
 .text.UART3_RX_TX_IRQHandler
                0x00005428        0x8 ./startup/startup_mk66f18.o
                0x00005428                UART3_RX_TX_IRQHandler
 .text.UART3_ERR_IRQHandler
                0x00005430        0x8 ./startup/startup_mk66f18.o
                0x00005430                UART3_ERR_IRQHandler
 .text.ADC0_IRQHandler
                0x00005438        0x8 ./startup/startup_mk66f18.o
                0x00005438                ADC0_IRQHandler
 .text.CMP0_IRQHandler
                0x00005440        0x8 ./startup/startup_mk66f18.o
                0x00005440                CMP0_IRQHandler
 .text.CMP1_IRQHandler
                0x00005448        0x8 ./startup/startup_mk66f18.o
                0x00005448                CMP1_IRQHandler
 .text.FTM0_IRQHandler
                0x00005450        0x8 ./startup/startup_mk66f18.o
                0x00005450                FTM0_IRQHandler
 .text.FTM1_IRQHandler
                0x00005458        0x8 ./startup/startup_mk66f18.o
                0x00005458                FTM1_IRQHandler
 .text.FTM2_IRQHandler
                0x00005460        0x8 ./startup/startup_mk66f18.o
                0x00005460                FTM2_IRQHandler
 .text.CMT_IRQHandler
                0x00005468        0x8 ./startup/startup_mk66f18.o
                0x00005468                CMT_IRQHandler
 .text.RTC_IRQHandler
                0x00005470        0x8 ./startup/startup_mk66f18.o
                0x00005470                RTC_IRQHandler
 .text.RTC_Seconds_IRQHandler
                0x00005478        0x8 ./startup/startup_mk66f18.o
                0x00005478                RTC_Seconds_IRQHandler
 .text.PIT0_IRQHandler
                0x00005480        0x8 ./startup/startup_mk66f18.o
                0x00005480                PIT0_IRQHandler
 .text.PIT1_IRQHandler
                0x00005488        0x8 ./startup/startup_mk66f18.o
                0x00005488                PIT1_IRQHandler
 .text.PIT2_IRQHandler
                0x00005490        0x8 ./startup/startup_mk66f18.o
                0x00005490                PIT2_IRQHandler
 .text.PIT3_IRQHandler
                0x00005498        0x8 ./startup/startup_mk66f18.o
                0x00005498                PIT3_IRQHandler
 .text.PDB0_IRQHandler
                0x000054a0        0x8 ./startup/startup_mk66f18.o
                0x000054a0                PDB0_IRQHandler
 .text.USB0_IRQHandler
                0x000054a8        0x8 ./startup/startup_mk66f18.o
                0x000054a8                USB0_IRQHandler
 .text.USBDCD_IRQHandler
                0x000054b0        0x8 ./startup/startup_mk66f18.o
                0x000054b0                USBDCD_IRQHandler
 .text.Reserved71_IRQHandler
                0x000054b8        0x8 ./startup/startup_mk66f18.o
                0x000054b8                Reserved71_IRQHandler
 .text.DAC0_IRQHandler
                0x000054c0        0x8 ./startup/startup_mk66f18.o
                0x000054c0                DAC0_IRQHandler
 .text.MCG_IRQHandler
                0x000054c8        0x8 ./startup/startup_mk66f18.o
                0x000054c8                MCG_IRQHandler
 .text.LPTMR0_IRQHandler
                0x000054d0        0x8 ./startup/startup_mk66f18.o
                0x000054d0                LPTMR0_IRQHandler
 .text.PORTA_IRQHandler
                0x000054d8        0x8 ./startup/startup_mk66f18.o
                0x000054d8                PORTA_IRQHandler
 .text.PORTB_IRQHandler
                0x000054e0        0x8 ./startup/startup_mk66f18.o
                0x000054e0                PORTB_IRQHandler
 .text.PORTC_IRQHandler
                0x000054e8        0x8 ./startup/startup_mk66f18.o
                0x000054e8                PORTC_IRQHandler
 .text.PORTD_IRQHandler
                0x000054f0        0x8 ./startup/startup_mk66f18.o
                0x000054f0                PORTD_IRQHandler
 .text.PORTE_IRQHandler
                0x000054f8        0x8 ./startup/startup_mk66f18.o
                0x000054f8                PORTE_IRQHandler
 .text.SWI_IRQHandler
                0x00005500        0x8 ./startup/startup_mk66f18.o
                0x00005500                SWI_IRQHandler
 .text.SPI2_IRQHandler
                0x00005508        0x8 ./startup/startup_mk66f18.o
                0x00005508                SPI2_IRQHandler
 .text.UART4_RX_TX_IRQHandler
                0x00005510        0x8 ./startup/startup_mk66f18.o
                0x00005510                UART4_RX_TX_IRQHandler
 .text.UART4_ERR_IRQHandler
                0x00005518        0x8 ./startup/startup_mk66f18.o
                0x00005518                UART4_ERR_IRQHandler
 .text.Reserved84_IRQHandler
                0x00005520        0x8 ./startup/startup_mk66f18.o
                0x00005520                Reserved84_IRQHandler
 .text.Reserved85_IRQHandler
                0x00005528        0x8 ./startup/startup_mk66f18.o
                0x00005528                Reserved85_IRQHandler
 .text.CMP2_IRQHandler
                0x00005530        0x8 ./startup/startup_mk66f18.o
                0x00005530                CMP2_IRQHandler
 .text.FTM3_IRQHandler
                0x00005538        0x8 ./startup/startup_mk66f18.o
                0x00005538                FTM3_IRQHandler
 .text.DAC1_IRQHandler
                0x00005540        0x8 ./startup/startup_mk66f18.o
                0x00005540                DAC1_IRQHandler
 .text.ADC1_IRQHandler
                0x00005548        0x8 ./startup/startup_mk66f18.o
                0x00005548                ADC1_IRQHandler
 .text.I2C2_IRQHandler
                0x00005550        0x8 ./startup/startup_mk66f18.o
                0x00005550                I2C2_IRQHandler
 .text.CAN0_ORed_Message_buffer_IRQHandler
                0x00005558        0x8 ./startup/startup_mk66f18.o
                0x00005558                CAN0_ORed_Message_buffer_IRQHandler
 .text.CAN0_Bus_Off_IRQHandler
                0x00005560        0x8 ./startup/startup_mk66f18.o
                0x00005560                CAN0_Bus_Off_IRQHandler
 .text.CAN0_Error_IRQHandler
                0x00005568        0x8 ./startup/startup_mk66f18.o
                0x00005568                CAN0_Error_IRQHandler
 .text.CAN0_Tx_Warning_IRQHandler
                0x00005570        0x8 ./startup/startup_mk66f18.o
                0x00005570                CAN0_Tx_Warning_IRQHandler
 .text.CAN0_Rx_Warning_IRQHandler
                0x00005578        0x8 ./startup/startup_mk66f18.o
                0x00005578                CAN0_Rx_Warning_IRQHandler
 .text.CAN0_Wake_Up_IRQHandler
                0x00005580        0x8 ./startup/startup_mk66f18.o
                0x00005580                CAN0_Wake_Up_IRQHandler
 .text.SDHC_IRQHandler
                0x00005588        0x8 ./startup/startup_mk66f18.o
                0x00005588                SDHC_IRQHandler
 .text.ENET_1588_Timer_IRQHandler
                0x00005590        0x8 ./startup/startup_mk66f18.o
                0x00005590                ENET_1588_Timer_IRQHandler
 .text.ENET_Transmit_IRQHandler
                0x00005598        0x8 ./startup/startup_mk66f18.o
                0x00005598                ENET_Transmit_IRQHandler
 .text.ENET_Receive_IRQHandler
                0x000055a0        0x8 ./startup/startup_mk66f18.o
                0x000055a0                ENET_Receive_IRQHandler
 .text.ENET_Error_IRQHandler
                0x000055a8        0x8 ./startup/startup_mk66f18.o
                0x000055a8                ENET_Error_IRQHandler
 .text.LPUART0_IRQHandler
                0x000055b0        0x8 ./startup/startup_mk66f18.o
                0x000055b0                LPUART0_IRQHandler
 .text.TSI0_IRQHandler
                0x000055b8        0x8 ./startup/startup_mk66f18.o
                0x000055b8                TSI0_IRQHandler
 .text.TPM1_IRQHandler
                0x000055c0        0x8 ./startup/startup_mk66f18.o
                0x000055c0                TPM1_IRQHandler
 .text.TPM2_IRQHandler
                0x000055c8        0x8 ./startup/startup_mk66f18.o
                0x000055c8                TPM2_IRQHandler
 .text.USBHSDCD_IRQHandler
                0x000055d0        0x8 ./startup/startup_mk66f18.o
                0x000055d0                USBHSDCD_IRQHandler
 .text.I2C3_IRQHandler
                0x000055d8        0x8 ./startup/startup_mk66f18.o
                0x000055d8                I2C3_IRQHandler
 .text.CMP3_IRQHandler
                0x000055e0        0x8 ./startup/startup_mk66f18.o
                0x000055e0                CMP3_IRQHandler
 .text.USBHS_IRQHandler
                0x000055e8        0x8 ./startup/startup_mk66f18.o
                0x000055e8                USBHS_IRQHandler
 .text.CAN1_ORed_Message_buffer_IRQHandler
                0x000055f0        0x8 ./startup/startup_mk66f18.o
                0x000055f0                CAN1_ORed_Message_buffer_IRQHandler
 .text.CAN1_Bus_Off_IRQHandler
                0x000055f8        0x8 ./startup/startup_mk66f18.o
                0x000055f8                CAN1_Bus_Off_IRQHandler
 .text.CAN1_Error_IRQHandler
                0x00005600        0x8 ./startup/startup_mk66f18.o
                0x00005600                CAN1_Error_IRQHandler
 .text.CAN1_Tx_Warning_IRQHandler
                0x00005608        0x8 ./startup/startup_mk66f18.o
                0x00005608                CAN1_Tx_Warning_IRQHandler
 .text.CAN1_Rx_Warning_IRQHandler
                0x00005610        0x8 ./startup/startup_mk66f18.o
                0x00005610                CAN1_Rx_Warning_IRQHandler
 .text.CAN1_Wake_Up_IRQHandler
                0x00005618        0x8 ./startup/startup_mk66f18.o
                0x00005618                CAN1_Wake_Up_IRQHandler
 .text.HardFault_Handler
                0x00005620       0x2c ./source/semihost_hardfault.o
                0x00005620                HardFault_Handler
 .text.vListInitialise
                0x0000564c       0x40 ./freertos/freertos_kernel/list.o
                0x0000564c                vListInitialise
 .text.vListInitialiseItem
                0x0000568c       0x1a ./freertos/freertos_kernel/list.o
                0x0000568c                vListInitialiseItem
 .text.vListInsertEnd
                0x000056a6       0x48 ./freertos/freertos_kernel/list.o
                0x000056a6                vListInsertEnd
 .text.vListInsert
                0x000056ee       0x72 ./freertos/freertos_kernel/list.o
                0x000056ee                vListInsert
 .text.uxListRemove
                0x00005760       0x54 ./freertos/freertos_kernel/list.o
                0x00005760                uxListRemove
 .text.xQueueGenericCreate
                0x000057b4       0xbe ./freertos/freertos_kernel/queue.o
                0x000057b4                xQueueGenericCreate
 .text.prvInitialiseNewQueue
                0x00005872       0x46 ./freertos/freertos_kernel/queue.o
 .text.xQueueGenericSendFromISR
                0x000058b8      0x154 ./freertos/freertos_kernel/queue.o
                0x000058b8                xQueueGenericSendFromISR
 .text.prvCopyDataToQueue
                0x00005a0c       0xd4 ./freertos/freertos_kernel/queue.o
 .text.prvCopyDataFromQueue
                0x00005ae0       0x4c ./freertos/freertos_kernel/queue.o
 .text.prvUnlockQueue
                0x00005b2c       0xa4 ./freertos/freertos_kernel/queue.o
 .text.prvIsQueueEmpty
                0x00005bd0       0x2c ./freertos/freertos_kernel/queue.o
 .text.prvIsQueueFull
                0x00005bfc       0x30 ./freertos/freertos_kernel/queue.o
 .text.vQueueWaitForMessageRestricted
                0x00005c2c       0x68 ./freertos/freertos_kernel/queue.o
                0x00005c2c                vQueueWaitForMessageRestricted
 .text.xTaskCreate
                0x00005c94       0x82 ./freertos/freertos_kernel/tasks.o
                0x00005c94                xTaskCreate
 .text.prvInitialiseNewTask
                0x00005d16      0x140 ./freertos/freertos_kernel/tasks.o
 .text.prvDeleteTCB
                0x00005e56       0x20 ./freertos/freertos_kernel/tasks.o
 .text.prvTimerTask
                0x00005e76       0x24 ./freertos/freertos_kernel/timers.o
 .text.OSC_SetExtRefClkConfig
                0x00005e9a       0x40 ./drivers/fsl_clock.o
 .text.OSC_SetCapLoad
                0x00005eda       0x34 ./drivers/fsl_clock.o
 .text.CLOCK_GetPll0RefFreq
                0x00005f0e        0xe ./drivers/fsl_clock.o
 .text.UART0_RX_TX_DriverIRQHandler
                0x00005f1c       0x12 ./drivers/fsl_uart.o
                0x00005f1c                UART0_RX_TX_DriverIRQHandler
 .text.UART1_RX_TX_DriverIRQHandler
                0x00005f2e       0x12 ./drivers/fsl_uart.o
                0x00005f2e                UART1_RX_TX_DriverIRQHandler
 .text.UART2_RX_TX_DriverIRQHandler
                0x00005f40       0x12 ./drivers/fsl_uart.o
                0x00005f40                UART2_RX_TX_DriverIRQHandler
 .text.UART3_RX_TX_DriverIRQHandler
                0x00005f52       0x12 ./drivers/fsl_uart.o
                0x00005f52                UART3_RX_TX_DriverIRQHandler
 .text.UART4_RX_TX_DriverIRQHandler
                0x00005f64       0x12 ./drivers/fsl_uart.o
                0x00005f64                UART4_RX_TX_DriverIRQHandler
 .text.SystemInitHook
                0x00005f76        0xe ./device/system_MK66F18.o
                0x00005f76                SystemInitHook
 .text.DbgConsole_Init
                0x00005f84       0x20 ./board/board.o
 .text.BOARD_InitDebugConsole
                0x00005fa4       0x22 ./board/board.o
                0x00005fa4                BOARD_InitDebugConsole
 .text.BOARD_InitBootClocks
                0x00005fc6        0xc ./board/clock_config.o
                0x00005fc6                BOARD_InitBootClocks
 .text.CLOCK_EnableClock
                0x00005fd2       0x34 ./board/pin_mux.o
 .text.PORT_SetPinMux
                0x00006006       0x3a ./board/pin_mux.o
 .text.BOARD_InitBootPins
                0x00006040        0xc ./board/pin_mux.o
                0x00006040                BOARD_InitBootPins
 .text.__main   0x0000604c        0xe c:/nxp/mcuxpressoide_11.6.1_8255/ide/plugins/com.nxp.mcuxpresso.tools.win32_11.6.1.202207200623/tools/bin/../lib/gcc/arm-none-eabi/10.3.1/../../../../arm-none-eabi/lib/thumb/v7e-m+fp/hard\libcr_semihost_nf.a(_cr__main.o)
                0x0000604c                __CR_SEMIHOST
                0x0000604c                __main
 .text.memcpy   0x0000605a        0x4 c:/nxp/mcuxpressoide_11.6.1_8255/ide/plugins/com.nxp.mcuxpresso.tools.win32_11.6.1.202207200623/tools/bin/../lib/gcc/arm-none-eabi/10.3.1/../../../../arm-none-eabi/lib/thumb/v7e-m+fp/hard\libcr_c.a(memcpy.o)
                0x0000605a                memcpy
 .text.memset   0x0000605e        0x4 c:/nxp/mcuxpressoide_11.6.1_8255/ide/plugins/com.nxp.mcuxpresso.tools.win32_11.6.1.202207200623/tools/bin/../lib/gcc/arm-none-eabi/10.3.1/../../../../arm-none-eabi/lib/thumb/v7e-m+fp/hard\libcr_c.a(memset.o)
                0x0000605e                memset
 .text.free     0x00006062       0x30 c:/nxp/mcuxpressoide_11.6.1_8255/ide/plugins/com.nxp.mcuxpresso.tools.win32_11.6.1.202207200623/tools/bin/../lib/gcc/arm-none-eabi/10.3.1/../../../../arm-none-eabi/lib/thumb/v7e-m+fp/hard\libcr_c.a(alloc.o)
                0x00006062                free
 .text.no_fp_display
                0x00006092        0x4 c:/nxp/mcuxpressoide_11.6.1_8255/ide/plugins/com.nxp.mcuxpresso.tools.win32_11.6.1.202207200623/tools/bin/../lib/gcc/arm-none-eabi/10.3.1/../../../../arm-none-eabi/lib/thumb/v7e-m+fp/hard\libcr_c.a(printf.o)
 .text.setvbuf  0x00006096       0x3e c:/nxp/mcuxpressoide_11.6.1_8255/ide/plugins/com.nxp.mcuxpresso.tools.win32_11.6.1.202207200623/tools/bin/../lib/gcc/arm-none-eabi/10.3.1/../../../../arm-none-eabi/lib/thumb/v7e-m+fp/hard\libcr_c.a(setvbuf.o)
                0x00006096                setvbuf
 .text.strlen   0x000060d4       0x48 c:/nxp/mcuxpressoide_11.6.1_8255/ide/plugins/com.nxp.mcuxpresso.tools.win32_11.6.1.202207200623/tools/bin/../lib/gcc/arm-none-eabi/10.3.1/../../../../arm-none-eabi/lib/thumb/v7e-m+fp/hard\libcr_c.a(strlen.o)
                0x000060d4                strlen
 .text.ungetc   0x0000611c       0x32 c:/nxp/mcuxpressoide_11.6.1_8255/ide/plugins/com.nxp.mcuxpresso.tools.win32_11.6.1.202207200623/tools/bin/../lib/gcc/arm-none-eabi/10.3.1/../../../../arm-none-eabi/lib/thumb/v7e-m+fp/hard\libcr_c.a(ungetc.o)
                0x0000611c                ungetc
 .text._Csys_read_
                0x0000614e       0x22 c:/nxp/mcuxpressoide_11.6.1_8255/ide/plugins/com.nxp.mcuxpresso.tools.win32_11.6.1.202207200623/tools/bin/../lib/gcc/arm-none-eabi/10.3.1/../../../../arm-none-eabi/lib/thumb/v7e-m+fp/hard\libcr_c.a(__fillbuf.o)
                0x0000614e                _Csys_read_
 .text._deferredlazyseek
                0x00006170       0x40 c:/nxp/mcuxpressoide_11.6.1_8255/ide/plugins/com.nxp.mcuxpresso.tools.win32_11.6.1.202207200623/tools/bin/../lib/gcc/arm-none-eabi/10.3.1/../../../../arm-none-eabi/lib/thumb/v7e-m+fp/hard\libcr_c.a(_deferredlazyseek.o)
                0x00006170                _deferredlazyseek
 .text.__flsbuf
                0x000061b0      0x140 c:/nxp/mcuxpressoide_11.6.1_8255/ide/plugins/com.nxp.mcuxpresso.tools.win32_11.6.1.202207200623/tools/bin/../lib/gcc/arm-none-eabi/10.3.1/../../../../arm-none-eabi/lib/thumb/v7e-m+fp/hard\libcr_c.a(_deferredlazyseek.o)
                0x000061b0                __flsbuf
 .text._fdopen  0x000062f0       0x68 c:/nxp/mcuxpressoide_11.6.1_8255/ide/plugins/com.nxp.mcuxpresso.tools.win32_11.6.1.202207200623/tools/bin/../lib/gcc/arm-none-eabi/10.3.1/../../../../arm-none-eabi/lib/thumb/v7e-m+fp/hard\libcr_c.a(_fdopen.o)
                0x000062f0                _fdopen
 .text._fflush  0x00006358       0x52 c:/nxp/mcuxpressoide_11.6.1_8255/ide/plugins/com.nxp.mcuxpresso.tools.win32_11.6.1.202207200623/tools/bin/../lib/gcc/arm-none-eabi/10.3.1/../../../../arm-none-eabi/lib/thumb/v7e-m+fp/hard\libcr_c.a(_fflush.o)
                0x00006358                _fflush
 .text.fclose   0x000063aa       0x58 c:/nxp/mcuxpressoide_11.6.1_8255/ide/plugins/com.nxp.mcuxpresso.tools.win32_11.6.1.202207200623/tools/bin/../lib/gcc/arm-none-eabi/10.3.1/../../../../arm-none-eabi/lib/thumb/v7e-m+fp/hard\libcr_c.a(fclose.o)
                0x000063aa                fclose
 .text.remove   0x00006402       0x14 c:/nxp/mcuxpressoide_11.6.1_8255/ide/plugins/com.nxp.mcuxpresso.tools.win32_11.6.1.202207200623/tools/bin/../lib/gcc/arm-none-eabi/10.3.1/../../../../arm-none-eabi/lib/thumb/v7e-m+fp/hard\libcr_c.a(remove.o)
                0x00006402                remove
 .text._do_fflush
                0x00006416       0x40 c:/nxp/mcuxpressoide_11.6.1_8255/ide/plugins/com.nxp.mcuxpresso.tools.win32_11.6.1.202207200623/tools/bin/../lib/gcc/arm-none-eabi/10.3.1/../../../../arm-none-eabi/lib/thumb/v7e-m+fp/hard\libcr_c.a(_do_fflush.o)
                0x00006416                _do_fflush
 .text.__bhs_ui2d
                0x00006456       0x46 c:/nxp/mcuxpressoide_11.6.1_8255/ide/plugins/com.nxp.mcuxpresso.tools.win32_11.6.1.202207200623/tools/bin/../lib/gcc/arm-none-eabi/10.3.1/thumb/v7e-m+fp/hard\libcr_eabihelpers.a(double.o)
                0x00006456                __bhs_ui2d
 .text.__aeabi_i2d
                0x0000649c       0x12 c:/nxp/mcuxpressoide_11.6.1_8255/ide/plugins/com.nxp.mcuxpresso.tools.win32_11.6.1.202207200623/tools/bin/../lib/gcc/arm-none-eabi/10.3.1/thumb/v7e-m+fp/hard\libcr_eabihelpers.a(double.o)
                0x0000649c                __aeabi_i2d
 .text.__aeabi_dcmpeq
                0x000064ae       0x30 c:/nxp/mcuxpressoide_11.6.1_8255/ide/plugins/com.nxp.mcuxpresso.tools.win32_11.6.1.202207200623/tools/bin/../lib/gcc/arm-none-eabi/10.3.1/thumb/v7e-m+fp/hard\libcr_eabihelpers.a(double.o)
                0x000064ae                __aeabi_dcmpeq
 .text.__aeabi_dcmpge
                0x000064de       0x56 c:/nxp/mcuxpressoide_11.6.1_8255/ide/plugins/com.nxp.mcuxpresso.tools.win32_11.6.1.202207200623/tools/bin/../lib/gcc/arm-none-eabi/10.3.1/thumb/v7e-m+fp/hard\libcr_eabihelpers.a(double.o)
                0x000064de                __aeabi_dcmpge
 .text.__aeabi_memcpy
                0x00006534       0x34 c:/nxp/mcuxpressoide_11.6.1_8255/ide/plugins/com.nxp.mcuxpresso.tools.win32_11.6.1.202207200623/tools/bin/../lib/gcc/arm-none-eabi/10.3.1/thumb/v7e-m+fp/hard\libcr_eabihelpers.a(memcpy.o)
                0x00006534                __aeabi_memcpy
                0x0000653e                __aeabi_memcpy8
                0x0000653e                __aeabi_memcpy4
 .text.__aeabi_memset_lowlevel
                0x00006568       0x32 c:/nxp/mcuxpressoide_11.6.1_8255/ide/plugins/com.nxp.mcuxpresso.tools.win32_11.6.1.202207200623/tools/bin/../lib/gcc/arm-none-eabi/10.3.1/thumb/v7e-m+fp/hard\libcr_eabihelpers.a(memcpy.o)
                0x00006568                __aeabi_lowlevel_memset
 .text.__sys_close
                0x0000659a        0xc c:/nxp/mcuxpressoide_11.6.1_8255/ide/plugins/com.nxp.mcuxpresso.tools.win32_11.6.1.202207200623/tools/bin/../lib/gcc/arm-none-eabi/10.3.1/../../../../arm-none-eabi/lib/thumb/v7e-m+fp/hard\libcr_semihost_nf.a(__sys_close.o)
                0x0000659a                __sys_close
 .text.__sys_flen
                0x000065a6        0xc c:/nxp/mcuxpressoide_11.6.1_8255/ide/plugins/com.nxp.mcuxpresso.tools.win32_11.6.1.202207200623/tools/bin/../lib/gcc/arm-none-eabi/10.3.1/../../../../arm-none-eabi/lib/thumb/v7e-m+fp/hard\libcr_semihost_nf.a(__sys_flen.o)
                0x000065a6                __sys_flen
 .text.__sys_istty
                0x000065b2        0xc c:/nxp/mcuxpressoide_11.6.1_8255/ide/plugins/com.nxp.mcuxpresso.tools.win32_11.6.1.202207200623/tools/bin/../lib/gcc/arm-none-eabi/10.3.1/../../../../arm-none-eabi/lib/thumb/v7e-m+fp/hard\libcr_semihost_nf.a(__sys_istty.o)
                0x000065b2                __sys_istty
 .text.__sys_read
                0x000065be        0xc c:/nxp/mcuxpressoide_11.6.1_8255/ide/plugins/com.nxp.mcuxpresso.tools.win32_11.6.1.202207200623/tools/bin/../lib/gcc/arm-none-eabi/10.3.1/../../../../arm-none-eabi/lib/thumb/v7e-m+fp/hard\libcr_semihost_nf.a(__sys_read.o)
                0x000065be                __sys_read
 .text.__sys_readc
                0x000065ca        0x8 c:/nxp/mcuxpressoide_11.6.1_8255/ide/plugins/com.nxp.mcuxpresso.tools.win32_11.6.1.202207200623/tools/bin/../lib/gcc/arm-none-eabi/10.3.1/../../../../arm-none-eabi/lib/thumb/v7e-m+fp/hard\libcr_semihost_nf.a(__sys_readc.o)
                0x000065ca                __sys_readc
                0x000065ca                __readc
 .text.__sys_remove
                0x000065d2        0xc c:/nxp/mcuxpressoide_11.6.1_8255/ide/plugins/com.nxp.mcuxpresso.tools.win32_11.6.1.202207200623/tools/bin/../lib/gcc/arm-none-eabi/10.3.1/../../../../arm-none-eabi/lib/thumb/v7e-m+fp/hard\libcr_semihost_nf.a(__sys_remove.o)
                0x000065d2                __sys_remove
 .text.__sys_seek
                0x000065de        0xc c:/nxp/mcuxpressoide_11.6.1_8255/ide/plugins/com.nxp.mcuxpresso.tools.win32_11.6.1.202207200623/tools/bin/../lib/gcc/arm-none-eabi/10.3.1/../../../../arm-none-eabi/lib/thumb/v7e-m+fp/hard\libcr_semihost_nf.a(__sys_seek.o)
                0x000065de                __sys_seek
 .text.__sys_tmpnam
                0x000065ea        0xc c:/nxp/mcuxpressoide_11.6.1_8255/ide/plugins/com.nxp.mcuxpresso.tools.win32_11.6.1.202207200623/tools/bin/../lib/gcc/arm-none-eabi/10.3.1/../../../../arm-none-eabi/lib/thumb/v7e-m+fp/hard\libcr_semihost_nf.a(__sys_tmpnam.o)
                0x000065ea                __sys_tmpnam
 .text.__sys_write
                0x000065f6        0xc c:/nxp/mcuxpressoide_11.6.1_8255/ide/plugins/com.nxp.mcuxpresso.tools.win32_11.6.1.202207200623/tools/bin/../lib/gcc/arm-none-eabi/10.3.1/../../../../arm-none-eabi/lib/thumb/v7e-m+fp/hard\libcr_semihost_nf.a(__sys_write.o)
                0x000065f6                __sys_write
 *freertos*/tasks.o(SORT_BY_ALIGNMENT(.rodata*))
 *fill*         0x00006602        0x2 ff
 .rodata.vTaskStartScheduler.str1.4
                0x00006604        0x5 ./freertos/freertos_kernel/tasks.o
 *fill*         0x00006609        0x3 ff
 .rodata        0x0000660c       0x1c ./freertos/freertos_kernel/tasks.o
                0x0000660c                portArch_Name
                0x00006610                FreeRTOSDebugConfig
 *(SORT_BY_ALIGNMENT(.rodata) SORT_BY_ALIGNMENT(.rodata.*) SORT_BY_ALIGNMENT(.constdata) SORT_BY_ALIGNMENT(.constdata.*))
 .rodata.__assertion_failed.str1.4
                0x00006628       0x14 ./utilities/fsl_assert.o
 .rodata.str1.4
                0x0000663c        0x4 ./source/freertos_hello.o
 .rodata.hello_task.str1.4
                0x00006640       0x13 ./source/freertos_hello.o
 *fill*         0x00006653        0x1 ff
 .rodata.hello_task2.str1.4
                0x00006654        0xc ./source/freertos_hello.o
 .rodata.main.str1.4
                0x00006660       0x33 ./source/freertos_hello.o
 *fill*         0x00006693        0x1 ff
 .rodata.xTimerCreateTimerTask.str1.4
                0x00006694        0x8 ./freertos/freertos_kernel/timers.o
 .rodata.prvCheckForValidListAndQueue.str1.4
                0x0000669c        0x5 ./freertos/freertos_kernel/timers.o
 *fill*         0x000066a1        0x3 ff
 .rodata.CLOCK_GetMcgExtClkFreq.str1.4
                0x000066a4       0x49 ./drivers/fsl_clock.o
 *fill*         0x000066ed        0x3 ff
 .rodata.CLOCK_GetPll0Freq.str1.4
                0x000066f0       0x1d ./drivers/fsl_clock.o
 *fill*         0x0000670d        0x3 ff
 .rodata.CLOCK_EnablePll0.str1.4
                0x00006710       0x1a ./drivers/fsl_clock.o
 *fill*         0x0000672a        0x2 ff
 .rodata.CLOCK_SetPbeMode.str1.4
                0x0000672c       0x1a ./drivers/fsl_clock.o
 *fill*         0x00006746        0x2 ff
 .rodata.CLOCK_BootToPeeMode.str1.4
                0x00006748       0x1a ./drivers/fsl_clock.o
 *fill*         0x00006762        0x2 ff
 .rodata.fllFactorTable.1
                0x00006764       0x10 ./drivers/fsl_clock.o
 .rodata.mcgConfig_BOARD_BootClockRUN
                0x00006774        0xc ./board/clock_config.o
                0x00006774                mcgConfig_BOARD_BootClockRUN
 .rodata.simConfig_BOARD_BootClockRUN
                0x00006780        0x8 ./board/clock_config.o
                0x00006780                simConfig_BOARD_BootClockRUN
 .rodata.oscConfig_BOARD_BootClockRUN
                0x00006788        0x8 ./board/clock_config.o
                0x00006788                oscConfig_BOARD_BootClockRUN
 .rodata.__num_Ciob_streams
                0x00006790        0x4 c:/nxp/mcuxpressoide_11.6.1_8255/ide/plugins/com.nxp.mcuxpresso.tools.win32_11.6.1.202207200623/tools/bin/../lib/gcc/arm-none-eabi/10.3.1/../../../../arm-none-eabi/lib/thumb/v7e-m+fp/hard\libcr_semihost_nf.a(__ciob.o)
                0x00006790                __num_Ciob_streams
 .rodata._Csys_alloc.str1.1
                0x00006794       0x18 c:/nxp/mcuxpressoide_11.6.1_8255/ide/plugins/com.nxp.mcuxpresso.tools.win32_11.6.1.202207200623/tools/bin/../lib/gcc/arm-none-eabi/10.3.1/../../../../arm-none-eabi/lib/thumb/v7e-m+fp/hard\libcr_c.a(alloc.o)
 .rodata._initio.str1.1
                0x000067ac        0x4 c:/nxp/mcuxpressoide_11.6.1_8255/ide/plugins/com.nxp.mcuxpresso.tools.win32_11.6.1.202207200623/tools/bin/../lib/gcc/arm-none-eabi/10.3.1/../../../../arm-none-eabi/lib/thumb/v7e-m+fp/hard\libcr_c.a(initio.o)
 .rodata.__vfprintf.str1.1
                0x000067b0       0x37 c:/nxp/mcuxpressoide_11.6.1_8255/ide/plugins/com.nxp.mcuxpresso.tools.win32_11.6.1.202207200623/tools/bin/../lib/gcc/arm-none-eabi/10.3.1/../../../../arm-none-eabi/lib/thumb/v7e-m+fp/hard\libcr_c.a(printf.o)
                                 0x38 (size before relaxing)
 .rodata.__ctype
                0x000067e7      0x180 c:/nxp/mcuxpressoide_11.6.1_8255/ide/plugins/com.nxp.mcuxpresso.tools.win32_11.6.1.202207200623/tools/bin/../lib/gcc/arm-none-eabi/10.3.1/../../../../arm-none-eabi/lib/thumb/v7e-m+fp/hard\libcr_c.a(ctype.o)
                0x000067e7                __ctype
                0x00006968                . = ALIGN (0x8)
 *fill*         0x00006967        0x1 ff
                0x00006968                _etext = .

.glue_7         0x00006968        0x0
 .glue_7        0x00006968        0x0 linker stubs

.glue_7t        0x00006968        0x0
 .glue_7t       0x00006968        0x0 linker stubs

.vfp11_veneer   0x00006968        0x0
 .vfp11_veneer  0x00006968        0x0 linker stubs

.v4_bx          0x00006968        0x0
 .v4_bx         0x00006968        0x0 linker stubs

.iplt           0x00006968        0x0
 .iplt          0x00006968        0x0 ./utilities/fsl_assert.o

.rel.dyn        0x00006968        0x0
 .rel.iplt      0x00006968        0x0 ./utilities/fsl_assert.o

.m_usb_data
 *(SORT_BY_ALIGNMENT(m_usb_bdt))

.data_RAM2      0x1fff0000        0x0 load address 0x00006968
 FILL mask 0xff
                [!provide]                PROVIDE (__start_data_RAM2 = .)
                [!provide]                PROVIDE (__start_data_SRAM_LOWER = .)
 *(SORT_BY_ALIGNMENT(.ramfunc.$RAM2))
 *(SORT_BY_ALIGNMENT(.ramfunc.$SRAM_LOWER))
 *(SORT_BY_ALIGNMENT(NonCacheable.init))
 *(SORT_BY_ALIGNMENT(.data.$RAM2))
 *(SORT_BY_ALIGNMENT(.data.$SRAM_LOWER))
 *(SORT_BY_ALIGNMENT(.data.$RAM2.*))
 *(SORT_BY_ALIGNMENT(.data.$SRAM_LOWER.*))
                0x1fff0000                . = ALIGN (0x8)
                [!provide]                PROVIDE (__end_data_RAM2 = .)
                [!provide]                PROVIDE (__end_data_SRAM_LOWER = .)

.data_RAM3      0x14000000        0x0 load address 0x00006968
 FILL mask 0xff
                [!provide]                PROVIDE (__start_data_RAM3 = .)
                [!provide]                PROVIDE (__start_data_FLEX_RAM = .)
 *(SORT_BY_ALIGNMENT(.ramfunc.$RAM3))
 *(SORT_BY_ALIGNMENT(.ramfunc.$FLEX_RAM))
 *(SORT_BY_ALIGNMENT(.data.$RAM3))
 *(SORT_BY_ALIGNMENT(.data.$FLEX_RAM))
 *(SORT_BY_ALIGNMENT(.data.$RAM3.*))
 *(SORT_BY_ALIGNMENT(.data.$FLEX_RAM.*))
                0x14000000                . = ALIGN (0x8)
                [!provide]                PROVIDE (__end_data_RAM3 = .)
                [!provide]                PROVIDE (__end_data_FLEX_RAM = .)

.uninit_RESERVED
                0x20000000        0x0
                0x20000000                _start_uninit_RESERVED = .
 *(SORT_BY_ALIGNMENT(.bss.$RESERVED*))
                0x20000000                . = ALIGN (0x8)
                0x20000000                _end_uninit_RESERVED = .

.data           0x20000000       0x20 load address 0x00006968
 FILL mask 0xff
                0x20000000                _data = .
                [!provide]                PROVIDE (__start_data_RAM = .)
                [!provide]                PROVIDE (__start_data_SRAM_UPPER = .)
 *(SORT_BY_ALIGNMENT(vtable))
 *(SORT_BY_ALIGNMENT(.ramfunc*))
 *(SORT_BY_ALIGNMENT(CodeQuickAccess))
 *(SORT_BY_ALIGNMENT(DataQuickAccess))
 *(SORT_BY_ALIGNMENT(RamFunction))
 *(SORT_BY_ALIGNMENT(.data*))
 .data.str      0x20000000        0x4 ./source/freertos_hello.o
                0x20000000                str
 .data.uxCriticalNesting
                0x20000004        0x4 ./freertos/freertos_kernel/portable/GCC/ARM_CM4F/port.o
 .data.uxTopUsedPriority
                0x20000008        0x4 ./freertos/freertos_kernel/tasks.o
                0x20000008                uxTopUsedPriority
 .data.s_slowIrcFreq
                0x2000000c        0x4 ./drivers/fsl_clock.o
 .data.s_fastIrcFreq
                0x20000010        0x4 ./drivers/fsl_clock.o
 .data.SystemCoreClock
                0x20000014        0x4 ./device/system_MK66F18.o
                0x20000014                SystemCoreClock
 .data.neginf.0
                0x20000018        0x4 c:/nxp/mcuxpressoide_11.6.1_8255/ide/plugins/com.nxp.mcuxpresso.tools.win32_11.6.1.202207200623/tools/bin/../lib/gcc/arm-none-eabi/10.3.1/../../../../arm-none-eabi/lib/thumb/v7e-m+fp/hard\libcr_c.a(scanf.o)
 .data.posinf.1
                0x2000001c        0x4 c:/nxp/mcuxpressoide_11.6.1_8255/ide/plugins/com.nxp.mcuxpresso.tools.win32_11.6.1.202207200623/tools/bin/../lib/gcc/arm-none-eabi/10.3.1/../../../../arm-none-eabi/lib/thumb/v7e-m+fp/hard\libcr_c.a(scanf.o)
                0x20000020                . = ALIGN (0x8)
                0x20000020                _edata = .
                [!provide]                PROVIDE (__end_data_RAM = .)
                [!provide]                PROVIDE (__end_data_SRAM_UPPER = .)

.igot.plt       0x20000020        0x0 load address 0x00006988
 .igot.plt      0x20000020        0x0 ./utilities/fsl_assert.o

.bss_RAM2       0x1fff0000        0x0
                [!provide]                PROVIDE (__start_bss_RAM2 = .)
                [!provide]                PROVIDE (__start_bss_SRAM_LOWER = .)
 *(SORT_BY_ALIGNMENT(NonCacheable))
 *(SORT_BY_ALIGNMENT(.bss.$RAM2))
 *(SORT_BY_ALIGNMENT(.bss.$SRAM_LOWER))
 *(SORT_BY_ALIGNMENT(.bss.$RAM2.*))
 *(SORT_BY_ALIGNMENT(.bss.$SRAM_LOWER.*))
                0x1fff0000                . = ALIGN ((. != 0x0)?0x8:0x1)
                [!provide]                PROVIDE (__end_bss_RAM2 = .)
                [!provide]                PROVIDE (__end_bss_SRAM_LOWER = .)

.bss_RAM3       0x14000000        0x0
                [!provide]                PROVIDE (__start_bss_RAM3 = .)
                [!provide]                PROVIDE (__start_bss_FLEX_RAM = .)
 *(SORT_BY_ALIGNMENT(.bss.$RAM3))
 *(SORT_BY_ALIGNMENT(.bss.$FLEX_RAM))
 *(SORT_BY_ALIGNMENT(.bss.$RAM3.*))
 *(SORT_BY_ALIGNMENT(.bss.$FLEX_RAM.*))
                0x14000000                . = ALIGN ((. != 0x0)?0x8:0x1)
                [!provide]                PROVIDE (__end_bss_RAM3 = .)
                [!provide]                PROVIDE (__end_bss_FLEX_RAM = .)

.bss            0x20000020     0x2a98
                0x20000020                _bss = .
                [!provide]                PROVIDE (__start_bss_RAM = .)
                [!provide]                PROVIDE (__start_bss_SRAM_UPPER = .)
 *(SORT_BY_ALIGNMENT(.bss*))
 .bss.ucHeap    0x20000020     0x2800 ./freertos/freertos_kernel/portable/MemMang/heap_4.o
 .bss.xStart    0x20002820        0x8 ./freertos/freertos_kernel/portable/MemMang/heap_4.o
 .bss.pxEnd     0x20002828        0x4 ./freertos/freertos_kernel/portable/MemMang/heap_4.o
 .bss.xFreeBytesRemaining
                0x2000282c        0x4 ./freertos/freertos_kernel/portable/MemMang/heap_4.o
 .bss.xMinimumEverFreeBytesRemaining
                0x20002830        0x4 ./freertos/freertos_kernel/portable/MemMang/heap_4.o
 .bss.xNumberOfSuccessfulAllocations
                0x20002834        0x4 ./freertos/freertos_kernel/portable/MemMang/heap_4.o
 .bss.xNumberOfSuccessfulFrees
                0x20002838        0x4 ./freertos/freertos_kernel/portable/MemMang/heap_4.o
 .bss.xBlockAllocatedBit
                0x2000283c        0x4 ./freertos/freertos_kernel/portable/MemMang/heap_4.o
 .bss.ulMaxPRIGROUPValue
                0x20002840        0x4 ./freertos/freertos_kernel/portable/GCC/ARM_CM4F/port.o
 .bss.xQueueRegistry
                0x20002844       0x40 ./freertos/freertos_kernel/queue.o
                0x20002844                xQueueRegistry
 .bss.pxCurrentTCB
                0x20002884        0x4 ./freertos/freertos_kernel/tasks.o
                0x20002884                pxCurrentTCB
 .bss.pxReadyTasksLists
                0x20002888       0x64 ./freertos/freertos_kernel/tasks.o
 .bss.xDelayedTaskList1
                0x200028ec       0x14 ./freertos/freertos_kernel/tasks.o
 .bss.xDelayedTaskList2
                0x20002900       0x14 ./freertos/freertos_kernel/tasks.o
 .bss.pxDelayedTaskList
                0x20002914        0x4 ./freertos/freertos_kernel/tasks.o
 .bss.pxOverflowDelayedTaskList
                0x20002918        0x4 ./freertos/freertos_kernel/tasks.o
 .bss.xPendingReadyList
                0x2000291c       0x14 ./freertos/freertos_kernel/tasks.o
 .bss.xTasksWaitingTermination
                0x20002930       0x14 ./freertos/freertos_kernel/tasks.o
 .bss.uxDeletedTasksWaitingCleanUp
                0x20002944        0x4 ./freertos/freertos_kernel/tasks.o
 .bss.xSuspendedTaskList
                0x20002948       0x14 ./freertos/freertos_kernel/tasks.o
 .bss.uxCurrentNumberOfTasks
                0x2000295c        0x4 ./freertos/freertos_kernel/tasks.o
 .bss.xTickCount
                0x20002960        0x4 ./freertos/freertos_kernel/tasks.o
 .bss.uxTopReadyPriority
                0x20002964        0x4 ./freertos/freertos_kernel/tasks.o
 .bss.xSchedulerRunning
                0x20002968        0x4 ./freertos/freertos_kernel/tasks.o
 .bss.xPendedTicks
                0x2000296c        0x4 ./freertos/freertos_kernel/tasks.o
 .bss.xYieldPending
                0x20002970        0x4 ./freertos/freertos_kernel/tasks.o
 .bss.xNumOfOverflows
                0x20002974        0x4 ./freertos/freertos_kernel/tasks.o
 .bss.uxTaskNumber
                0x20002978        0x4 ./freertos/freertos_kernel/tasks.o
 .bss.xNextTaskUnblockTime
                0x2000297c        0x4 ./freertos/freertos_kernel/tasks.o
 .bss.xIdleTaskHandle
                0x20002980        0x4 ./freertos/freertos_kernel/tasks.o
 .bss.uxSchedulerSuspended
                0x20002984        0x4 ./freertos/freertos_kernel/tasks.o
 .bss.xActiveTimerList1
                0x20002988       0x14 ./freertos/freertos_kernel/timers.o
 .bss.xActiveTimerList2
                0x2000299c       0x14 ./freertos/freertos_kernel/timers.o
 .bss.pxCurrentTimerList
                0x200029b0        0x4 ./freertos/freertos_kernel/timers.o
 .bss.pxOverflowTimerList
                0x200029b4        0x4 ./freertos/freertos_kernel/timers.o
 .bss.xTimerQueue
                0x200029b8        0x4 ./freertos/freertos_kernel/timers.o
 .bss.xTimerTaskHandle
                0x200029bc        0x4 ./freertos/freertos_kernel/timers.o
 .bss.xLastTime.0
                0x200029c0        0x4 ./freertos/freertos_kernel/timers.o
 .bss.s_extPllFreq
                0x200029c4        0x4 ./drivers/fsl_clock.o
 .bss.g_xtal0Freq
                0x200029c8        0x4 ./drivers/fsl_clock.o
                0x200029c8                g_xtal0Freq
 .bss.g_xtal32Freq
                0x200029cc        0x4 ./drivers/fsl_clock.o
                0x200029cc                g_xtal32Freq
 .bss.s_lpuartHandle
                0x200029d0        0x4 ./drivers/fsl_lpuart.o
                0x200029d0                s_lpuartHandle
 .bss.s_lpuartIsr
                0x200029d4        0x4 ./drivers/fsl_lpuart.o
                0x200029d4                s_lpuartIsr
 .bss.s_uartHandle
                0x200029d8       0x14 ./drivers/fsl_uart.o
                0x200029d8                s_uartHandle
 .bss.s_uartIsr
                0x200029ec        0x4 ./drivers/fsl_uart.o
                0x200029ec                s_uartIsr
 .bss.errno     0x200029f0        0x4 c:/nxp/mcuxpressoide_11.6.1_8255/ide/plugins/com.nxp.mcuxpresso.tools.win32_11.6.1.202207200623/tools/bin/../lib/gcc/arm-none-eabi/10.3.1/../../../../arm-none-eabi/lib/thumb/v7e-m+fp/hard\libcr_c.a(errno.o)
                0x200029f0                errno
 .bss.__end_of_heap
                0x200029f4        0x4 c:/nxp/mcuxpressoide_11.6.1_8255/ide/plugins/com.nxp.mcuxpresso.tools.win32_11.6.1.202207200623/tools/bin/../lib/gcc/arm-none-eabi/10.3.1/../../../../arm-none-eabi/lib/thumb/v7e-m+fp/hard\libcr_c.a(__init_alloc.o)
                0x200029f4                __end_of_heap
 .bss.__heaps   0x200029f8        0x4 c:/nxp/mcuxpressoide_11.6.1_8255/ide/plugins/com.nxp.mcuxpresso.tools.win32_11.6.1.202207200623/tools/bin/../lib/gcc/arm-none-eabi/10.3.1/../../../../arm-none-eabi/lib/thumb/v7e-m+fp/hard\libcr_c.a(__init_alloc.o)
                0x200029f8                __heaps
 .bss.__Ciob    0x200029fc       0xb4 c:/nxp/mcuxpressoide_11.6.1_8255/ide/plugins/com.nxp.mcuxpresso.tools.win32_11.6.1.202207200623/tools/bin/../lib/gcc/arm-none-eabi/10.3.1/../../../../arm-none-eabi/lib/thumb/v7e-m+fp/hard\libcr_semihost_nf.a(__ciob.o)
                0x200029fc                __Ciob
 .bss.ucMaxSysCallPriority
                0x20002ab0        0x1 ./freertos/freertos_kernel/portable/GCC/ARM_CM4F/port.o
 *(SORT_BY_ALIGNMENT(COMMON))
                0x20002ab8                . = ALIGN (0x8)
 *fill*         0x20002ab1        0x7 
                0x20002ab8                _ebss = .
                [!provide]                PROVIDE (__end_bss_RAM = .)
                [!provide]                PROVIDE (__end_bss_SRAM_UPPER = .)
                [!provide]                PROVIDE (end = .)

.noinit_RAM2    0x1fff0000        0x0
                [!provide]                PROVIDE (__start_noinit_RAM2 = .)
                [!provide]                PROVIDE (__start_noinit_SRAM_LOWER = .)
 *(SORT_BY_ALIGNMENT(.noinit.$RAM2))
 *(SORT_BY_ALIGNMENT(.noinit.$SRAM_LOWER))
 *(SORT_BY_ALIGNMENT(.noinit.$RAM2.*))
 *(SORT_BY_ALIGNMENT(.noinit.$SRAM_LOWER.*))
                0x1fff0000                . = ALIGN (0x8)
                [!provide]                PROVIDE (__end_noinit_RAM2 = .)
                [!provide]                PROVIDE (__end_noinit_SRAM_LOWER = .)

.noinit_RAM3    0x14000000        0x0
                [!provide]                PROVIDE (__start_noinit_RAM3 = .)
                [!provide]                PROVIDE (__start_noinit_FLEX_RAM = .)
 *(SORT_BY_ALIGNMENT(.noinit.$RAM3))
 *(SORT_BY_ALIGNMENT(.noinit.$FLEX_RAM))
 *(SORT_BY_ALIGNMENT(.noinit.$RAM3.*))
 *(SORT_BY_ALIGNMENT(.noinit.$FLEX_RAM.*))
                0x14000000                . = ALIGN (0x8)
                [!provide]                PROVIDE (__end_noinit_RAM3 = .)
                [!provide]                PROVIDE (__end_noinit_FLEX_RAM = .)

.noinit         0x20002ab8        0x0
                0x20002ab8                _noinit = .
                [!provide]                PROVIDE (__start_noinit_RAM = .)
                [!provide]                PROVIDE (__start_noinit_SRAM_UPPER = .)
 *(SORT_BY_ALIGNMENT(.noinit*))
                0x20002ab8                . = ALIGN (0x8)
                0x20002ab8                _end_noinit = .
                [!provide]                PROVIDE (__end_noinit_RAM = .)
                [!provide]                PROVIDE (__end_noinit_SRAM_UPPER = .)

.ARM.extab
 *(SORT_BY_ALIGNMENT(.ARM.extab*) SORT_BY_ALIGNMENT(.gnu.linkonce.armextab.*))

.ARM.exidx      0x00006988        0x0
                0x00006988                __exidx_start = .
 *(SORT_BY_ALIGNMENT(.ARM.exidx*) SORT_BY_ALIGNMENT(.gnu.linkonce.armexidx.*))
                0x00006988                __exidx_end = .
                0x00001000                _HeapSize = 0x1000

.heap           0x20002ab8     0x1000
                0x20002ab8                _pvHeapStart = .
                0x20003ab8                . = (. + _HeapSize)
 *fill*         0x20002ab8     0x1000 
                0x20003ab8                . = ALIGN (0x8)
                0x20003ab8                _pvHeapLimit = .
                0x00001000                _StackSize = 0x1000

.heap2stackfill
                0x20003ab8     0x1000
                0x20004ab8                . = (. + _StackSize)
 *fill*         0x20003ab8     0x1000 

.stack          0x2002f000        0x0
                0x2002f000                _vStackBase = .
                0x2002f000                . = ALIGN (0x8)
                0x20030000                _vStackTop = (. + _StackSize)
                0x00000000                _image_start = LOADADDR (.text)
                0x00006988                _image_end = (LOADADDR (.data) + SIZEOF (.data))
                0x00006988                _image_size = (_image_end - _image_start)
OUTPUT(frdmk66f_freertos_hello.axf elf32-littlearm)
LOAD linker stubs

.debug_info     0x00000000     0xeb30
 .debug_info    0x00000000       0xaa ./utilities/fsl_assert.o
 .debug_info    0x000000aa      0xa44 ./startup/startup_mk66f18.o
 .debug_info    0x00000aee      0x420 ./source/freertos_hello.o
 .debug_info    0x00000f0e       0x3c ./source/semihost_hardfault.o
 .debug_info    0x00000f4a      0x4c1 ./freertos/freertos_kernel/portable/MemMang/heap_4.o
 .debug_info    0x0000140b      0x4d9 ./freertos/freertos_kernel/portable/GCC/ARM_CM4F/port.o
 .debug_info    0x000018e4      0x2be ./freertos/freertos_kernel/list.o
 .debug_info    0x00001ba2     0x1725 ./freertos/freertos_kernel/queue.o
 .debug_info    0x000032c7     0x220f ./freertos/freertos_kernel/tasks.o
 .debug_info    0x000054d6      0xe72 ./freertos/freertos_kernel/timers.o
 .debug_info    0x00006348     0x2950 ./drivers/fsl_clock.o
 .debug_info    0x00008c98     0x1e47 ./drivers/fsl_lpuart.o
 .debug_info    0x0000aadf     0x209e ./drivers/fsl_uart.o
 .debug_info    0x0000cb7d      0xa4e ./device/system_MK66F18.o
 .debug_info    0x0000d5cb      0x1bc ./board/board.o
 .debug_info    0x0000d787      0xcfe ./board/clock_config.o
 .debug_info    0x0000e485      0x6ab ./board/pin_mux.o

.debug_abbrev   0x00000000     0x2149
 .debug_abbrev  0x00000000       0x66 ./utilities/fsl_assert.o
 .debug_abbrev  0x00000066      0x185 ./startup/startup_mk66f18.o
 .debug_abbrev  0x000001eb      0x106 ./source/freertos_hello.o
 .debug_abbrev  0x000002f1       0x31 ./source/semihost_hardfault.o
 .debug_abbrev  0x00000322      0x1d7 ./freertos/freertos_kernel/portable/MemMang/heap_4.o
 .debug_abbrev  0x000004f9      0x231 ./freertos/freertos_kernel/portable/GCC/ARM_CM4F/port.o
 .debug_abbrev  0x0000072a       0xf2 ./freertos/freertos_kernel/list.o
 .debug_abbrev  0x0000081c      0x278 ./freertos/freertos_kernel/queue.o
 .debug_abbrev  0x00000a94      0x311 ./freertos/freertos_kernel/tasks.o
 .debug_abbrev  0x00000da5      0x24b ./freertos/freertos_kernel/timers.o
 .debug_abbrev  0x00000ff0      0x362 ./drivers/fsl_clock.o
 .debug_abbrev  0x00001352      0x410 ./drivers/fsl_lpuart.o
 .debug_abbrev  0x00001762      0x42e ./drivers/fsl_uart.o
 .debug_abbrev  0x00001b90      0x148 ./device/system_MK66F18.o
 .debug_abbrev  0x00001cd8       0xd4 ./board/board.o
 .debug_abbrev  0x00001dac      0x214 ./board/clock_config.o
 .debug_abbrev  0x00001fc0      0x189 ./board/pin_mux.o

.debug_aranges  0x00000000      0xf70
 .debug_aranges
                0x00000000       0x20 ./utilities/fsl_assert.o
 .debug_aranges
                0x00000020      0x3a0 ./startup/startup_mk66f18.o
 .debug_aranges
                0x000003c0       0x30 ./source/freertos_hello.o
 .debug_aranges
                0x000003f0       0x20 ./source/semihost_hardfault.o
 .debug_aranges
                0x00000410       0x58 ./freertos/freertos_kernel/portable/MemMang/heap_4.o
 .debug_aranges
                0x00000468       0x80 ./freertos/freertos_kernel/portable/GCC/ARM_CM4F/port.o
 .debug_aranges
                0x000004e8       0x40 ./freertos/freertos_kernel/list.o
 .debug_aranges
                0x00000528      0x130 ./freertos/freertos_kernel/queue.o
 .debug_aranges
                0x00000658      0x208 ./freertos/freertos_kernel/tasks.o
 .debug_aranges
                0x00000860       0xe8 ./freertos/freertos_kernel/timers.o
 .debug_aranges
                0x00000948      0x258 ./drivers/fsl_clock.o
 .debug_aranges
                0x00000ba0      0x138 ./drivers/fsl_lpuart.o
 .debug_aranges
                0x00000cd8      0x1a8 ./drivers/fsl_uart.o
 .debug_aranges
                0x00000e80       0x30 ./device/system_MK66F18.o
 .debug_aranges
                0x00000eb0       0x28 ./board/board.o
 .debug_aranges
                0x00000ed8       0x60 ./board/clock_config.o
 .debug_aranges
                0x00000f38       0x38 ./board/pin_mux.o

.debug_ranges   0x00000000      0xe60
 .debug_ranges  0x00000000       0x10 ./utilities/fsl_assert.o
 .debug_ranges  0x00000010      0x390 ./startup/startup_mk66f18.o
 .debug_ranges  0x000003a0       0x20 ./source/freertos_hello.o
 .debug_ranges  0x000003c0       0x10 ./source/semihost_hardfault.o
 .debug_ranges  0x000003d0       0x48 ./freertos/freertos_kernel/portable/MemMang/heap_4.o
 .debug_ranges  0x00000418       0x70 ./freertos/freertos_kernel/portable/GCC/ARM_CM4F/port.o
 .debug_ranges  0x00000488       0x30 ./freertos/freertos_kernel/list.o
 .debug_ranges  0x000004b8      0x120 ./freertos/freertos_kernel/queue.o
 .debug_ranges  0x000005d8      0x1f8 ./freertos/freertos_kernel/tasks.o
 .debug_ranges  0x000007d0       0xd8 ./freertos/freertos_kernel/timers.o
 .debug_ranges  0x000008a8      0x248 ./drivers/fsl_clock.o
 .debug_ranges  0x00000af0      0x128 ./drivers/fsl_lpuart.o
 .debug_ranges  0x00000c18      0x198 ./drivers/fsl_uart.o
 .debug_ranges  0x00000db0       0x20 ./device/system_MK66F18.o
 .debug_ranges  0x00000dd0       0x18 ./board/board.o
 .debug_ranges  0x00000de8       0x50 ./board/clock_config.o
 .debug_ranges  0x00000e38       0x28 ./board/pin_mux.o

.debug_macro    0x00000000    0x1be7a
 .debug_macro   0x00000000      0x1ac ./utilities/fsl_assert.o
 .debug_macro   0x000001ac      0xac0 ./utilities/fsl_assert.o
 .debug_macro   0x00000c6c       0x10 ./utilities/fsl_assert.o
 .debug_macro   0x00000c7c       0x1c ./utilities/fsl_assert.o
 .debug_macro   0x00000c98       0x22 ./utilities/fsl_assert.o
 .debug_macro   0x00000cba      0x12e ./utilities/fsl_assert.o
 .debug_macro   0x00000de8      0x5b3 ./utilities/fsl_assert.o
 .debug_macro   0x0000139b       0x22 ./utilities/fsl_assert.o
 .debug_macro   0x000013bd       0x10 ./utilities/fsl_assert.o
 .debug_macro   0x000013cd       0x56 ./utilities/fsl_assert.o
 .debug_macro   0x00001423       0x1c ./utilities/fsl_assert.o
 .debug_macro   0x0000143f       0x22 ./utilities/fsl_assert.o
 .debug_macro   0x00001461       0xfb ./utilities/fsl_assert.o
 .debug_macro   0x0000155c      0xeeb ./utilities/fsl_assert.o
 .debug_macro   0x00002447       0x40 ./utilities/fsl_assert.o
 .debug_macro   0x00002487    0x1626f ./utilities/fsl_assert.o
 .debug_macro   0x000186f6     0x14b0 ./utilities/fsl_assert.o
 .debug_macro   0x00019ba6       0x7a ./utilities/fsl_assert.o
 .debug_macro   0x00019c20       0xaf ./utilities/fsl_assert.o
 .debug_macro   0x00019ccf      0x190 ./utilities/fsl_assert.o
 .debug_macro   0x00019e5f       0x70 ./utilities/fsl_assert.o
 .debug_macro   0x00019ecf      0x198 ./utilities/fsl_assert.o
 .debug_macro   0x0001a067      0x15a ./utilities/fsl_assert.o
 .debug_macro   0x0001a1c1       0xea ./utilities/fsl_assert.o
 .debug_macro   0x0001a2ab       0x1c ./utilities/fsl_assert.o
 .debug_macro   0x0001a2c7       0x26 ./utilities/fsl_assert.o
 .debug_macro   0x0001a2ed      0x3ae ./utilities/fsl_assert.o
 .debug_macro   0x0001a69b       0x40 ./utilities/fsl_assert.o
 .debug_macro   0x0001a6db       0x16 ./utilities/fsl_assert.o
 .debug_macro   0x0001a6f1       0x66 ./utilities/fsl_assert.o
 .debug_macro   0x0001a757       0x16 ./utilities/fsl_assert.o
 .debug_macro   0x0001a76d       0xd2 ./utilities/fsl_assert.o
 .debug_macro   0x0001a83f       0x1c ./utilities/fsl_assert.o
 .debug_macro   0x0001a85b       0x29 ./startup/startup_mk66f18.o
 .debug_macro   0x0001a884      0x210 ./source/freertos_hello.o
 .debug_macro   0x0001aa94       0x16 ./source/freertos_hello.o
 .debug_macro   0x0001aaaa       0x97 ./source/freertos_hello.o
 .debug_macro   0x0001ab41       0x1c ./source/freertos_hello.o
 .debug_macro   0x0001ab5d       0x10 ./source/freertos_hello.o
 .debug_macro   0x0001ab6d       0x22 ./source/freertos_hello.o
 .debug_macro   0x0001ab8f       0x16 ./source/freertos_hello.o
 .debug_macro   0x0001aba5       0x16 ./source/freertos_hello.o
 .debug_macro   0x0001abbb      0x24f ./source/freertos_hello.o
 .debug_macro   0x0001ae0a       0x11 ./source/semihost_hardfault.o
 .debug_macro   0x0001ae1b       0xdf ./freertos/freertos_kernel/portable/MemMang/heap_4.o
 .debug_macro   0x0001aefa      0x179 ./freertos/freertos_kernel/portable/GCC/ARM_CM4F/port.o
 .debug_macro   0x0001b073       0xc4 ./freertos/freertos_kernel/list.o
 .debug_macro   0x0001b137      0x12b ./freertos/freertos_kernel/queue.o
 .debug_macro   0x0001b262      0x192 ./freertos/freertos_kernel/tasks.o
 .debug_macro   0x0001b3f4       0x10 ./freertos/freertos_kernel/tasks.o
 .debug_macro   0x0001b404       0x16 ./freertos/freertos_kernel/tasks.o
 .debug_macro   0x0001b41a      0x10d ./freertos/freertos_kernel/timers.o
 .debug_macro   0x0001b527      0x1e4 ./drivers/fsl_clock.o
 .debug_macro   0x0001b70b      0x121 ./drivers/fsl_lpuart.o
 .debug_macro   0x0001b82c       0x10 ./drivers/fsl_lpuart.o
 .debug_macro   0x0001b83c      0x127 ./drivers/fsl_uart.o
 .debug_macro   0x0001b963       0x10 ./drivers/fsl_uart.o
 .debug_macro   0x0001b973       0x98 ./device/system_MK66F18.o
 .debug_macro   0x0001ba0b      0x1e2 ./board/board.o
 .debug_macro   0x0001bbed       0x1c ./board/board.o
 .debug_macro   0x0001bc09      0x153 ./board/clock_config.o
 .debug_macro   0x0001bd5c      0x11e ./board/pin_mux.o

.debug_line     0x00000000     0xafc6
 .debug_line    0x00000000      0x607 ./utilities/fsl_assert.o
 .debug_line    0x00000607      0xa61 ./startup/startup_mk66f18.o
 .debug_line    0x00001068      0x761 ./source/freertos_hello.o
 .debug_line    0x000017c9       0x59 ./source/semihost_hardfault.o
 .debug_line    0x00001822      0x687 ./freertos/freertos_kernel/portable/MemMang/heap_4.o
 .debug_line    0x00001ea9      0x665 ./freertos/freertos_kernel/portable/GCC/ARM_CM4F/port.o
 .debug_line    0x0000250e      0x43c ./freertos/freertos_kernel/list.o
 .debug_line    0x0000294a     0x12c2 ./freertos/freertos_kernel/queue.o
 .debug_line    0x00003c0c     0x1a15 ./freertos/freertos_kernel/tasks.o
 .debug_line    0x00005621      0xa26 ./freertos/freertos_kernel/timers.o
 .debug_line    0x00006047     0x182c ./drivers/fsl_clock.o
 .debug_line    0x00007873      0xfcb ./drivers/fsl_lpuart.o
 .debug_line    0x0000883e     0x1458 ./drivers/fsl_uart.o
 .debug_line    0x00009c96      0x425 ./device/system_MK66F18.o
 .debug_line    0x0000a0bb      0x698 ./board/board.o
 .debug_line    0x0000a753      0x494 ./board/clock_config.o
 .debug_line    0x0000abe7      0x3df ./board/pin_mux.o

.debug_str      0x00000000    0xc52d6
 .debug_str     0x00000000    0xb88e3 ./utilities/fsl_assert.o
                              0xb8980 (size before relaxing)
 .debug_str     0x000b88e3      0x92e ./startup/startup_mk66f18.o
                               0x37e3 (size before relaxing)
 .debug_str     0x000b9211     0x426f ./source/freertos_hello.o
                              0xbcbaa (size before relaxing)
 .debug_str     0x000bd480       0x1f ./source/semihost_hardfault.o
                               0x2dff (size before relaxing)
 .debug_str     0x000bd49f      0x3b0 ./freertos/freertos_kernel/portable/MemMang/heap_4.o
                               0x91c0 (size before relaxing)
 .debug_str     0x000bd84f      0x84f ./freertos/freertos_kernel/portable/GCC/ARM_CM4F/port.o
                               0x965a (size before relaxing)
 .debug_str     0x000be09e      0x135 ./freertos/freertos_kernel/list.o
                               0x7d3f (size before relaxing)
 .debug_str     0x000be1d3      0x8db ./freertos/freertos_kernel/queue.o
                               0x9fa1 (size before relaxing)
 .debug_str     0x000beaae     0x154b ./freertos/freertos_kernel/tasks.o
                               0xadd4 (size before relaxing)
 .debug_str     0x000bfff9      0x608 ./freertos/freertos_kernel/timers.o
                               0xa4a8 (size before relaxing)
 .debug_str     0x000c0601     0x24ec ./drivers/fsl_clock.o
                              0xb7cab (size before relaxing)
 .debug_str     0x000c2aed     0x1622 ./drivers/fsl_lpuart.o
                              0xb718c (size before relaxing)
 .debug_str     0x000c410f      0x9d7 ./drivers/fsl_uart.o
                              0xb70fd (size before relaxing)
 .debug_str     0x000c4ae6      0x117 ./device/system_MK66F18.o
                              0xb35ab (size before relaxing)
 .debug_str     0x000c4bfd      0x120 ./board/board.o
                              0xb9ae3 (size before relaxing)
 .debug_str     0x000c4d1d      0x442 ./board/clock_config.o
                              0xb6055 (size before relaxing)
 .debug_str     0x000c515f      0x177 ./board/pin_mux.o
                              0xb53b6 (size before relaxing)

.comment        0x00000000       0x49
 .comment       0x00000000       0x49 ./utilities/fsl_assert.o
                                 0x4a (size before relaxing)
 .comment       0x00000049       0x4a ./startup/startup_mk66f18.o
 .comment       0x00000049       0x4a ./source/freertos_hello.o
 .comment       0x00000049       0x4a ./source/semihost_hardfault.o
 .comment       0x00000049       0x4a ./freertos/freertos_kernel/portable/MemMang/heap_4.o
 .comment       0x00000049       0x4a ./freertos/freertos_kernel/portable/GCC/ARM_CM4F/port.o